Microchip MPLAB XC8 Compiler V1.41 ()

Linker command line:

-W-3 --edf=C:\Program Files (x86)\Microchip\xc8\v1.41\dat\en_msgs.txt -cs \
  -h+dist/default/production\injector.X.production.sym \
  --cmf=dist/default/production\injector.X.production.cmf -z -Q18F4520 \
  -oC:\Users\ADMINI~1\AppData\Local\Temp\s1tp8.2 \
  -Mdist/default/production/injector.X.production.map -E1 -ver=XC8 \
  -ASTACK=0300h-05ffh -pstack=STACK -ACODE=00h-07FFFh -ACONST=00h-07FFFh \
  -ASMALLCONST=0600h-06FFhx122 -AMEDIUMCONST=0600h-07FFFh -ACOMRAM=01h-07Fh \
  -AABS1=00h-05FFh -ABIGRAM=01h-05FFh -ARAM=080h-0FFh,0100h-01FFhx5 \
  -ABANK0=080h-0FFh -ABANK1=0100h-01FFh -ABANK2=0200h-02FFh \
  -ABANK3=0300h-03FFh -ABANK4=0400h-04FFh -ABANK5=0500h-05FFh \
  -ASFR=0F80h-0FFFh -preset_vec=00h,intcode=08h,intcodelo,powerup,init \
  -pramtop=0600h -psmallconst=SMALLCONST -pmediumconst=MEDIUMCONST \
  -pconst=CONST -AFARRAM=00h-00h -ACONFIG=0300000h-030000Dh -pconfig=CONFIG \
  -AIDLOC=0200000h-0200007h -pidloc=IDLOC -AEEDATA=0F00000h-0F000FFh \
  -peeprom_data=EEDATA \
  -prdata=COMRAM,nvrram=COMRAM,nvbit=COMRAM,rbss=COMRAM,rbit=COMRAM \
  -pfarbss=FARRAM,fardata=FARRAM,nvFARRAM=FARRAM \
  -pintsave_regs=BIGRAM,bigbss=BIGRAM,bigdata=BIGRAM -pbss=RAM \
  -pidata=CODE,irdata=CODE,ibigdata=CODE,ifardata=CODE -prparam=COMRAM \
  C:\Users\ADMINI~1\AppData\Local\Temp\s1tp8.obj \
  dist/default/production\injector.X.production.obj 

Object code version is 3.11

Machine type is 18F4520

Call graph: (short form)




                Name                               Link     Load   Length Selector   Space Scale
C:\Users\ADMINI~1\AppData\Local\Temp\s1tp8.obj
                init                                  E        E        4        4       0
                reset_vec                             0        0        4        0       0
                idloc                            200000   200000        8   200000       0
                config                           300000   300000        E   300000       0
dist/default/production\injector.X.production.obj
                intcode                               8        8        6        4       0
                temp                                 6B       6B        1        1       1
                mediumconst                        7A3A     7A3A      5C6     3D1D       0
                text10                              1B4      1B4       36        4       0
                text9                               25A      25A       12        4       0
                intcode_body                         12       12       B4        4       0
                text7                               280      280        6        4       0
                text6                               26C      26C        E        4       0
                text5                               16A      16A       4A        4       0
                text4                               246      246       14        4       0
                text3                               27A      27A        6        4       0
                text2                               21E      21E       28        4       0
                text1                               11A      11A       50        4       0
                text0                               1EA      1EA       34        4       0
                cstackCOMRAM                         55       55       15        1       1
                cstackBANK0                          80       80        6       80       1
                bssBANK2                            200      200      100      200       1
                bssBANK1                            100      100      100      100       1
                dataCOMRAM                           6A       6A        1        1       1
                bssCOMRAM                             1        1       54        1       1
                cinit                                C6       C6       54        4       0
                idataCOMRAM                         286      286        1        4       0

TOTAL           Name                               Link     Load   Length     Space
        CLASS   STACK          

        CLASS   CODE           
                intcode                               8        8        6         0
                init                                  E        E        4         0
                reset_vec                             0        0        4         0
                text10                              1B4      1B4       36         0
                text9                               25A      25A       12         0
                intcode_body                         12       12       B4         0
                text7                               280      280        6         0
                text6                               26C      26C        E         0
                text5                               16A      16A       4A         0
                text4                               246      246       14         0
                text3                               27A      27A        6         0
                text2                               21E      21E       28         0
                text1                               11A      11A       50         0
                text0                               1EA      1EA       34         0
                cinit                                C6       C6       54         0
                idataCOMRAM                         286      286        1         0

        CLASS   CONST          

        CLASS   SMALLCONST     

        CLASS   MEDIUMCONST    
                mediumconst                        7A3A     7A3A      5C6         0

        CLASS   COMRAM         
                temp                                 6B       6B        1         1
                cstackCOMRAM                         55       55       15         1
                dataCOMRAM                           6A       6A        1         1
                bssCOMRAM                             1        1       54         1

        CLASS   ABS1           

        CLASS   BIGRAM         

        CLASS   RAM            

        CLASS   BANK0          
                cstackBANK0                          80       80        6         1

        CLASS   BANK1          
                bssBANK1                            100      100      100         1

        CLASS   BANK2          
                bssBANK2                            200      200      100         1

        CLASS   BANK3          

        CLASS   BANK4          

        CLASS   BANK5          

        CLASS   SFR            

        CLASS   FARRAM         

        CLASS   CONFIG         
                config                           300000   300000        E         0

        CLASS   IDLOC          
                idloc                            200000   200000        8         0

        CLASS   EEDATA         



SEGMENTS        Name                           Load    Length   Top    Selector   Space  Class

                reset_vec                      000000  000004  000004         0       0  CODE    
                bssCOMRAM                      000001  00006B  00006C         1       1  COMRAM  
                intcode                        000008  00027F  000287         4       0  CODE    
                cstackBANK0                    000080  000006  000086        80       1  BANK0   
                bssBANK1                       000100  000100  000200       100       1  BANK1   
                bssBANK2                       000200  000100  000300       200       1  BANK2   
                mediumconst                    007A3A  0005C6  008000      3D1D       0  MEDIUMCO
                idloc                          200000  000008  200008    200000       0  IDLOC   
                config                         300000  00000E  30000E    300000       0  CONFIG  


UNUSED ADDRESS RANGES

        Name                Unused          Largest block    Delta
        BANK0            000086-0000FF               7A
        BANK3            000300-0003FF              100
        BANK4            000400-0004FF              100
        BANK5            000500-0005FF              100
        BIGRAM           00006C-00007F               14
                         000086-0000FF               7A
                         000300-0005FF              300
        CODE             000004-000007                4
                         000287-007A39             77B3
        COMRAM           00006C-00007F               14
        CONST            000004-000007                4
                         000287-007A39             77B3
        EEDATA           F00000-F000FF              100
        MEDIUMCONST      000600-007A39             743A
        RAM              000086-0000FF               7A
                         000300-0005FF              100
        SFR              000F80-000FFF               80
        SMALLCONST       000600-007A39              100
        STACK            000300-0005FF              300

                                  Symbol Table

ISR@temp                           cstackCOMRAM 000069
_BeepInit                          text7        000280
_ConfirmKey                        bssCOMRAM    000007
_ContinueWorkState                 bssCOMRAM    000044
_ContinueWorkTimeCount             bssCOMRAM    000025
_ContinueWorkTimePeriod            bssCOMRAM    000027
_CurrentWorkPara                   bssCOMRAM    000050
_DDRAbits                          (abs)        000F92
_DDRBbits                          (abs)        000F93
_DDRCbits                          (abs)        000F94
_DDRDbits                          (abs)        000F95
_DownKey                           bssCOMRAM    00000D
_GIE                               (abs)        007F97
_INTCON2bits                       (abs)        000FF1
_INTCON3bits                       (abs)        000FF0
_INTCONbits                        (abs)        000FF2
_ISR                               intcode      000008
_InjectAmountNeedPulseNum          bssCOMRAM    000029
_InjectDepthNeedPulseNum           bssCOMRAM    00002B
_InjectionMotorAimPosition         bssCOMRAM    000033
_InjectionMotorCurrent             bssCOMRAM    00003B
_InjectionMotorCurrentPosition     bssCOMRAM    000035
_InjectionStepMotorStepPulseMaxNum bssCOMRAM    000021
_InjectionStepMotorStepPulseNum    bssCOMRAM    000023
_KEY_Init                          text6        00026C
_KeyScanPeriod                     bssCOMRAM    00004E
_LATCbits                          (abs)        000F8B
_LATDbits                          (abs)        000F8C
_LATEbits                          (abs)        000F8D
_LCD_Blink                         text4        000246
_LCD_backlight_init                text3        00027A
_LastInjectionFeedback             bssCOMRAM    000042
_LastNeedleFeedback                bssCOMRAM    000043
_MotorDriveInit                    text2        00021E
_NeedleInitPosition                bssCOMRAM    00002D
_NeedleMotorAimPosition            bssCOMRAM    00002F
_NeedleMotorCurrent                bssCOMRAM    000039
_NeedleMotorCurrentPosition        bssCOMRAM    000031
_NeedleMotorFindZeroPosFlag        bssCOMRAM    000046
_NeedleRunDir                      bssCOMRAM    000045
_OnOffKey                          bssCOMRAM    000019
_PORTAbits                         (abs)        000F80
_PORTB                             (abs)        000F81
_PORTBbits                         (abs)        000F81
_PORTC                             (abs)        000F82
_PORTCbits                         (abs)        000F82
_PORTDbits                         (abs)        000F83
_PORTEbits                         (abs)        000F84
_PSA                               (abs)        007EAB
_StartInjectKey                    bssCOMRAM    000001
_StartWorkFlag                     bssCOMRAM    00004F
_T08BIT                            (abs)        007EAE
_T0CS                              (abs)        007EAD
_T0IE                              (abs)        007F95
_T0IF                              (abs)        007F92
_T0PS0                             (abs)        007EA8
_T0PS1                             (abs)        007EA9
_T0PS2                             (abs)        007EAA
_TMR0                              (abs)        000FD6
_TRISAbits                         (abs)        000F92
_TRISBbits                         (abs)        000F93
_TRISCbits                         (abs)        000F94
_TRISDbits                         (abs)        000F95
_TRISEbits                         (abs)        000F96
_UpKey                             bssCOMRAM    000013
__CFG_BOREN$OFF                    (abs)        000000
__CFG_BORV$0                       (abs)        000000
__CFG_CCP2MX$PORTC                 (abs)        000000
__CFG_CP0$OFF                      (abs)        000000
__CFG_CP1$OFF                      (abs)        000000
__CFG_CP2$OFF                      (abs)        000000
__CFG_CP3$OFF                      (abs)        000000
__CFG_CPB$OFF                      (abs)        000000
__CFG_CPD$OFF                      (abs)        000000
__CFG_EBTR0$OFF                    (abs)        000000
__CFG_EBTR1$OFF                    (abs)        000000
__CFG_EBTR2$OFF                    (abs)        000000
__CFG_EBTR3$OFF                    (abs)        000000
__CFG_EBTRB$OFF                    (abs)        000000
__CFG_FCMEN$OFF                    (abs)        000000
__CFG_IESO$OFF                     (abs)        000000
__CFG_LPT1OSC$OFF                  (abs)        000000
__CFG_LVP$OFF                      (abs)        000000
__CFG_MCLRE$ON                     (abs)        000000
__CFG_OSC$HS                       (abs)        000000
__CFG_PBADEN$OFF                   (abs)        000000
__CFG_PWRT$OFF                     (abs)        000000
__CFG_STVREN$OFF                   (abs)        000000
__CFG_WDT$OFF                      (abs)        000000
__CFG_WDTPS$64                     (abs)        000000
__CFG_WRT0$OFF                     (abs)        000000
__CFG_WRT1$OFF                     (abs)        000000
__CFG_WRT2$OFF                     (abs)        000000
__CFG_WRT3$OFF                     (abs)        000000
__CFG_WRTB$OFF                     (abs)        000000
__CFG_WRTC$OFF                     (abs)        000000
__CFG_WRTD$OFF                     (abs)        000000
__CFG_XINST$OFF                    (abs)        000000
__HRAM                             (abs)        000000
__Habs1                            abs1         000000
__Hbank0                           bank0        000000
__Hbank1                           bank1        000000
__Hbank2                           bank2        000000
__Hbank3                           bank3        000000
__Hbank4                           bank4        000000
__Hbank5                           bank5        000000
__Hbigbss                          bigbss       000000
__Hbigdata                         bigdata      000000
__Hbigram                          bigram       000000
__Hbss                             bss          000000
__HbssBANK1                        bssBANK1     000000
__HbssBANK2                        bssBANK2     000000
__HbssCOMRAM                       bssCOMRAM    000000
__Hcinit                           cinit        000000
__Hclrtext                         clrtext      000000
__Hcomram                          comram       000000
__Hconfig                          config       30000E
__Hconst                           const        000000
__HcstackBANK0                     cstackBANK0  000000
__HcstackCOMRAM                    cstackCOMRAM 000000
__Hdata                            data         000000
__HdataCOMRAM                      dataCOMRAM   000000
__Heeprom_data                     eeprom_data  000000
__Hfarbss                          farbss       000000
__Hfardata                         fardata      000000
__Hibigdata                        ibigdata     000000
__Hidata                           idata        000000
__HidataCOMRAM                     idataCOMRAM  000000
__Hidloc                           idloc        200008
__Hifardata                        ifardata     000000
__Hinit                            init         000012
__Hintcode                         intcode      00000E
__Hintcode_body                    intcode_body 000000
__Hintcodelo                       intcodelo    00000E
__Hintentry                        intentry     000000
__Hintret                          intret       000000
__Hintsave_regs                    intsave_regs 000000
__Hirdata                          irdata       000000
__Hmediumconst                     mediumconst  008000
__HnvFARRAM                        nvFARRAM     000000
__Hnvbit                           nvbit        000000
__Hnvrram                          nvrram       000000
__Hparam                           rparam       000000
__Hpowerup                         powerup      00000E
__Hram                             ram          000000
__Hramtop                          ramtop       000600
__Hrbit                            rbit         000000
__Hrbss                            rbss         000000
__Hrdata                           rdata        000000
__Hreset_vec                       reset_vec    000004
__Hrparam                          rparam       000000
__Hsfr                             sfr          000000
__Hsmallconst                      smallconst   000000
__Hspace_0                         (abs)        30000E
__Hspace_1                         (abs)        000300
__Hspace_2                         (abs)        000000
__Hstack                           stack        000000
__Hstruct                          struct       000000
__Htemp                            temp         00006C
__Htext                            text         000000
__Htext0                           text0        000000
__Htext1                           text1        000000
__Htext10                          text10       000000
__Htext2                           text2        000000
__Htext3                           text3        000000
__Htext4                           text4        000000
__Htext5                           text5        000000
__Htext6                           text6        000000
__Htext7                           text7        000000
__Htext9                           text9        000000
__LRAM                             (abs)        000001
__Labs1                            abs1         000000
__Lbank0                           bank0        000000
__Lbank1                           bank1        000000
__Lbank2                           bank2        000000
__Lbank3                           bank3        000000
__Lbank4                           bank4        000000
__Lbank5                           bank5        000000
__Lbigbss                          bigbss       000000
__Lbigdata                         bigdata      000000
__Lbigram                          bigram       000000
__Lbss                             bss          000000
__LbssBANK1                        bssBANK1     000000
__LbssBANK2                        bssBANK2     000000
__LbssCOMRAM                       bssCOMRAM    000000
__Lcinit                           cinit        000000
__Lclrtext                         clrtext      000000
__Lcomram                          comram       000000
__Lconfig                          config       300000
__Lconst                           const        000000
__LcstackBANK0                     cstackBANK0  000000
__LcstackCOMRAM                    cstackCOMRAM 000000
__Ldata                            data         000000
__LdataCOMRAM                      dataCOMRAM   000000
__Leeprom_data                     eeprom_data  000000
__Lfarbss                          farbss       000000
__Lfardata                         fardata      000000
__Libigdata                        ibigdata     000000
__Lidata                           idata        000000
__LidataCOMRAM                     idataCOMRAM  000000
__Lidloc                           idloc        200000
__Lifardata                        ifardata     000000
__Linit                            init         00000E
__Lintcode                         intcode      000008
__Lintcode_body                    intcode_body 000000
__Lintcodelo                       intcodelo    00000E
__Lintentry                        intentry     000000
__Lintret                          intret       000000
__Lintsave_regs                    intsave_regs 000000
__Lirdata                          irdata       000000
__Lmediumconst                     mediumconst  007A3A
__LnvFARRAM                        nvFARRAM     000000
__Lnvbit                           nvbit        000000
__Lnvrram                          nvrram       000000
__Lparam                           rparam       000000
__Lpowerup                         powerup      00000E
__Lram                             ram          000000
__Lramtop                          ramtop       000600
__Lrbit                            rbit         000000
__Lrbss                            rbss         000000
__Lrdata                           rdata        000000
__Lreset_vec                       reset_vec    000000
__Lrparam                          rparam       000000
__Lsfr                             sfr          000000
__Lsmallconst                      smallconst   000000
__Lspace_0                         (abs)        000000
__Lspace_1                         (abs)        000000
__Lspace_2                         (abs)        000000
__Lstack                           stack        000000
__Lstruct                          struct       000000
__Ltemp                            temp         00006B
__Ltext                            text         000000
__Ltext0                           text0        000000
__Ltext1                           text1        000000
__Ltext10                          text10       000000
__Ltext2                           text2        000000
__Ltext3                           text3        000000
__Ltext4                           text4        000000
__Ltext5                           text5        000000
__Ltext6                           text6        000000
__Ltext7                           text7        000000
__Ltext9                           text9        000000
__S0                               (abs)        30000E
__S1                               (abs)        000300
__S2                               (abs)        000000
___inthi_sp                        stack        000000
___intlo_sp                        stack        000000
___param_bank                      (abs)        000000
___rparam_used                     (abs)        000001
___sp                              stack        000000
__accesstop                        (abs)        000080
__activetblptr                     (abs)        000002
__end_of_BeepInit                  text7        000286
__end_of_ISR                       intcode_body 0000C6
__end_of_KEY_Init                  text6        00027A
__end_of_LCD_Blink                 text4        00025A
__end_of_LCD_backlight_init        text3        000280
__end_of_MotorDriveInit            text2        000246
__end_of__initialization           cinit        00010C
__end_of_buzz                      text1        00016A
__end_of_delay                     text5        0001B4
__end_of_main                      text0        00021E
__end_of_pata                      mediumconst  007FFF
__end_of_patb                      mediumconst  007F93
__end_of_patc                      mediumconst  007F27
__end_of_patd                      mediumconst  007EBB
__end_of_pate                      mediumconst  007D9B
__end_of_patf                      mediumconst  007C7B
__end_of_patg                      mediumconst  007B5B
__end_ofi2_LCD_Blink               text9        00026C
__end_ofi2_delay                   text10       0001EA
__initialization                   cinit        0000C6
__mediumconst                      mediumconst  007A3A
__pbssBANK1                        bssBANK1     000100
__pbssBANK2                        bssBANK2     000200
__pbssCOMRAM                       bssCOMRAM    000001
__pcinit                           cinit        0000C6
__pcstackBANK0                     cstackBANK0  000080
__pcstackCOMRAM                    cstackCOMRAM 000055
__pdataCOMRAM                      dataCOMRAM   00006A
__pidataCOMRAM                     idataCOMRAM  000286
__pintcode                         intcode      000008
__pintcode_body                    intcode_body 000012
__pmediumconst                     mediumconst  007A3A
__ptext0                           text0        0001EA
__ptext1                           text1        00011A
__ptext10                          text10       0001B4
__ptext2                           text2        00021E
__ptext3                           text3        00027A
__ptext4                           text4        000246
__ptext5                           text5        00016A
__ptext6                           text6        00026C
__ptext7                           text7        000280
__ptext9                           text9        00025A
__ramtop                           ramtop       000600
__size_of_BeepInit                 (abs)        000000
__size_of_ISR                      (abs)        000000
__size_of_KEY_Init                 (abs)        000000
__size_of_LCD_Blink                (abs)        000000
__size_of_LCD_backlight_init       (abs)        000000
__size_of_MotorDriveInit           (abs)        000000
__size_of_buzz                     (abs)        000000
__size_of_delay                    (abs)        000000
__size_of_main                     (abs)        000000
__size_ofi2_LCD_Blink              (abs)        000000
__size_ofi2_delay                  (abs)        000000
__smallconst                       smallconst   000000
_ann                               bssCOMRAM    00003D
_buzz                              text1        00011A
_css                               bssCOMRAM    000049
_cur_edge                          bssCOMRAM    00004B
_delay                             text5        00016A
_flag                              bssCOMRAM    000041
_main                              text0        0001EA
_mbcnt                             bssCOMRAM    00001F
_ms                                dataCOMRAM   00006A
_page                              bssCOMRAM    000047
_pata                              mediumconst  007F93
_patb                              mediumconst  007F27
_patc                              mediumconst  007EBB
_patd                              mediumconst  007D9B
_pate                              mediumconst  007C7B
_patf                              mediumconst  007B5B
_patg                              mediumconst  007A3B
_prev_edge                         bssCOMRAM    00004C
_rcnt                              bssCOMRAM    000048
_read_buf                          bssBANK2     000200
_ss                                bssCOMRAM    00004A
_write_buf                         bssBANK1     000100
_xn                                bssCOMRAM    00003F
_xtt                               bssCOMRAM    000037
btemp                              temp         00006B
buzz@i                             cstackBANK0  000080
buzz@j                             cstackBANK0  000082
delay@i                            cstackBANK0  000082
delay@j                            cstackBANK0  000084
delay@x                            cstackBANK0  000080
end_of_initialization              cinit        00010C
i2_LCD_Blink                       text9        00025A
i2_delay                           text10       0001B4
i2delay@i                          cstackCOMRAM 000057
i2delay@j                          cstackCOMRAM 000059
i2delay@x                          cstackCOMRAM 000055
int$flags                          temp         00006B
int_func                           intcode_body 000012
intlevel0                          text         000000
intlevel1                          text         000000
intlevel2                          text         000000
intlevel3                          text         000000
stackhi                            (abs)        0005FF
stacklo                            (abs)        000300
start                              init         00000E
start_initialization               cinit        0000C6


FUNCTION INFORMATION:

 *************** function _main *****************
 Defined at:
		line 66 in file "../Main.c"
 Parameters:    Size  Location     Type
		None
 Auto vars:     Size  Location     Type
		None
 Return value:  Size  Location     Type
                  1    wreg      void 
 Registers used:
		wreg, status,2, status,0, cstack
 Tracked objects:
		On entry : 
		On exit  : 
		Unchanged: 
 Data sizes:     COMRAM   BANK0   BANK1   BANK2   BANK3   BANK4   BANK5
      Params:         0       0       0       0       0       0       0
      Locals:         0       0       0       0       0       0       0
      Temps:          0       0       0       0       0       0       0
      Totals:         0       0       0       0       0       0       0
Total ram usage:        0 bytes
 Hardware stack levels required when called:    5
 This function calls:
		_BeepInit
		_KEY_Init
		_LCD_Blink
		_LCD_backlight_init
		_MotorDriveInit
		_buzz
		_delay
 This function is called by:
		Startup code after reset
 This function uses a non-reentrant model


 *************** function _buzz *****************
 Defined at:
		line 38 in file "../Beep.c"
 Parameters:    Size  Location     Type
		None
 Auto vars:     Size  Location     Type
  j               2    2[BANK0 ] unsigned int 
  i               2    0[BANK0 ] unsigned int 
 Return value:  Size  Location     Type
                  1    wreg      void 
 Registers used:
		wreg, status,2, status,0
 Tracked objects:
		On entry : 
		On exit  : 
		Unchanged: 
 Data sizes:     COMRAM   BANK0   BANK1   BANK2   BANK3   BANK4   BANK5
      Params:         0       0       0       0       0       0       0
      Locals:         0       4       0       0       0       0       0
      Temps:          0       0       0       0       0       0       0
      Totals:         0       4       0       0       0       0       0
Total ram usage:        4 bytes
 Hardware stack levels used:    1
 Hardware stack levels required when called:    3
 This function calls:
		Nothing
 This function is called by:
		_main
 This function uses a non-reentrant model


 *************** function _MotorDriveInit *****************
 Defined at:
		line 111 in file "../MotorDrive.c"
 Parameters:    Size  Location     Type
		None
 Auto vars:     Size  Location     Type
		None
 Return value:  Size  Location     Type
                  1    wreg      void 
 Registers used:
		None
 Tracked objects:
		On entry : 
		On exit  : 
		Unchanged: 
 Data sizes:     COMRAM   BANK0   BANK1   BANK2   BANK3   BANK4   BANK5
      Params:         0       0       0       0       0       0       0
      Locals:         0       0       0       0       0       0       0
      Temps:          0       0       0       0       0       0       0
      Totals:         0       0       0       0       0       0       0
Total ram usage:        0 bytes
 Hardware stack levels used:    1
 Hardware stack levels required when called:    3
 This function calls:
		Nothing
 This function is called by:
		_main
 This function uses a non-reentrant model


 *************** function _LCD_backlight_init *****************
 Defined at:
		line 457 in file "../Oled.c"
 Parameters:    Size  Location     Type
		None
 Auto vars:     Size  Location     Type
		None
 Return value:  Size  Location     Type
                  1    wreg      void 
 Registers used:
		None
 Tracked objects:
		On entry : 
		On exit  : 
		Unchanged: 
 Data sizes:     COMRAM   BANK0   BANK1   BANK2   BANK3   BANK4   BANK5
      Params:         0       0       0       0       0       0       0
      Locals:         0       0       0       0       0       0       0
      Temps:          0       0       0       0       0       0       0
      Totals:         0       0       0       0       0       0       0
Total ram usage:        0 bytes
 Hardware stack levels used:    1
 Hardware stack levels required when called:    3
 This function calls:
		Nothing
 This function is called by:
		_main
 This function uses a non-reentrant model


 *************** function _LCD_Blink *****************
 Defined at:
		line 489 in file "../Oled.c"
 Parameters:    Size  Location     Type
		None
 Auto vars:     Size  Location     Type
		None
 Return value:  Size  Location     Type
                  1    wreg      void 
 Registers used:
		wreg, status,2, status,0, cstack
 Tracked objects:
		On entry : 
		On exit  : 
		Unchanged: 
 Data sizes:     COMRAM   BANK0   BANK1   BANK2   BANK3   BANK4   BANK5
      Params:         0       0       0       0       0       0       0
      Locals:         0       0       0       0       0       0       0
      Temps:          0       0       0       0       0       0       0
      Totals:         0       0       0       0       0       0       0
Total ram usage:        0 bytes
 Hardware stack levels used:    1
 Hardware stack levels required when called:    4
 This function calls:
		_delay
 This function is called by:
		_main
 This function uses a non-reentrant model


 *************** function _delay *****************
 Defined at:
		line 7 in file "../Oled.c"
 Parameters:    Size  Location     Type
  x               2    0[BANK0 ] unsigned int 
 Auto vars:     Size  Location     Type
  j               2    4[BANK0 ] unsigned int 
  i               2    2[BANK0 ] unsigned int 
 Return value:  Size  Location     Type
                  1    wreg      void 
 Registers used:
		wreg, status,2, status,0
 Tracked objects:
		On entry : 
		On exit  : 
		Unchanged: 
 Data sizes:     COMRAM   BANK0   BANK1   BANK2   BANK3   BANK4   BANK5
      Params:         0       2       0       0       0       0       0
      Locals:         0       4       0       0       0       0       0
      Temps:          0       0       0       0       0       0       0
      Totals:         0       6       0       0       0       0       0
Total ram usage:        6 bytes
 Hardware stack levels used:    1
 Hardware stack levels required when called:    3
 This function calls:
		Nothing
 This function is called by:
		_main
		_LCD_Blink
		_Initial_LY096BG30
 This function uses a non-reentrant model


 *************** function _KEY_Init *****************
 Defined at:
		line 12 in file "../Key.c"
 Parameters:    Size  Location     Type
		None
 Auto vars:     Size  Location     Type
		None
 Return value:  Size  Location     Type
                  1    wreg      void 
 Registers used:
		None
 Tracked objects:
		On entry : 
		On exit  : 
		Unchanged: 
 Data sizes:     COMRAM   BANK0   BANK1   BANK2   BANK3   BANK4   BANK5
      Params:         0       0       0       0       0       0       0
      Locals:         0       0       0       0       0       0       0
      Temps:          0       0       0       0       0       0       0
      Totals:         0       0       0       0       0       0       0
Total ram usage:        0 bytes
 Hardware stack levels used:    1
 Hardware stack levels required when called:    3
 This function calls:
		Nothing
 This function is called by:
		_main
 This function uses a non-reentrant model


 *************** function _BeepInit *****************
 Defined at:
		line 5 in file "../Beep.c"
 Parameters:    Size  Location     Type
		None
 Auto vars:     Size  Location     Type
		None
 Return value:  Size  Location     Type
                  1    wreg      void 
 Registers used:
		None
 Tracked objects:
		On entry : 
		On exit  : 
		Unchanged: 
 Data sizes:     COMRAM   BANK0   BANK1   BANK2   BANK3   BANK4   BANK5
      Params:         0       0       0       0       0       0       0
      Locals:         0       0       0       0       0       0       0
      Temps:          0       0       0       0       0       0       0
      Totals:         0       0       0       0       0       0       0
Total ram usage:        0 bytes
 Hardware stack levels used:    1
 Hardware stack levels required when called:    3
 This function calls:
		Nothing
 This function is called by:
		_main
 This function uses a non-reentrant model


 *************** function _ISR *****************
 Defined at:
		line 20 in file "../Timer.c"
 Parameters:    Size  Location     Type
		None
 Auto vars:     Size  Location     Type
  temp            1   20[COMRAM] unsigned char 
 Return value:  Size  Location     Type
                  1    wreg      void 
 Registers used:
		wreg, status,2, status,0, cstack
 Tracked objects:
		On entry : 
		On exit  : 
		Unchanged: 
 Data sizes:     COMRAM   BANK0   BANK1   BANK2   BANK3   BANK4   BANK5
      Params:         0       0       0       0       0       0       0
      Locals:         1       0       0       0       0       0       0
      Temps:         14       0       0       0       0       0       0
      Totals:        15       0       0       0       0       0       0
Total ram usage:       15 bytes
 Hardware stack levels used:    1
 Hardware stack levels required when called:    2
 This function calls:
		i2_LCD_Blink
 This function is called by:
		Interrupt level 2
 This function uses a non-reentrant model


 *************** function i2_LCD_Blink *****************
 Defined at:
		line 489 in file "../Oled.c"
 Parameters:    Size  Location     Type
		None
 Auto vars:     Size  Location     Type
		None
 Return value:  Size  Location     Type
                  1    wreg      void 
 Registers used:
		wreg, status,2, status,0, cstack
 Tracked objects:
		On entry : 
		On exit  : 
		Unchanged: 
 Data sizes:     COMRAM   BANK0   BANK1   BANK2   BANK3   BANK4   BANK5
      Params:         0       0       0       0       0       0       0
      Locals:         0       0       0       0       0       0       0
      Temps:          0       0       0       0       0       0       0
      Totals:         0       0       0       0       0       0       0
Total ram usage:        0 bytes
 Hardware stack levels used:    1
 Hardware stack levels required when called:    1
 This function calls:
		i2_delay
 This function is called by:
		_ISR
 This function uses a non-reentrant model


 *************** function i2_delay *****************
 Defined at:
		line 7 in file "../Oled.c"
 Parameters:    Size  Location     Type
  x               2    0[COMRAM] unsigned int 
 Auto vars:     Size  Location     Type
  delay           2    4[COMRAM] unsigned int 
  delay           2    2[COMRAM] unsigned int 
 Return value:  Size  Location     Type
                  1    wreg      void 
 Registers used:
		wreg, status,2, status,0
 Tracked objects:
		On entry : 
		On exit  : 
		Unchanged: 
 Data sizes:     COMRAM   BANK0   BANK1   BANK2   BANK3   BANK4   BANK5
      Params:         2       0       0       0       0       0       0
      Locals:         4       0       0       0       0       0       0
      Temps:          0       0       0       0       0       0       0
      Totals:         6       0       0       0       0       0       0
Total ram usage:        6 bytes
 Hardware stack levels used:    1
 This function calls:
		Nothing
 This function is called by:
		i2_LCD_Blink
 This function uses a non-reentrant model



MODULE INFORMATION

Module		Function		Class		Link	Load	Size
../Key.c
		_KEY_Init      		CODE           	026C	0000	15

../Key.c estimated size: 15

../Timer.c
		_ISR           		CODE           	0008	0000	187

../Timer.c estimated size: 187

../Oled.c
		_delay         		CODE           	016A	0000	75
		_LCD_Blink     		CODE           	0246	0000	21
		_LCD_backlight_init		CODE           	027A	0000	7

../Oled.c estimated size: 103

../Main.c
		_main          		CODE           	01EA	0000	53

../Main.c estimated size: 53

shared
		_pate          		MEDIUMCONST    	7C7B	0000	289
		_patf          		MEDIUMCONST    	7B5B	0000	289
		_patg          		MEDIUMCONST    	7A3B	0000	289
		__initialization		CODE           	00C6	0000	71
		i2_LCD_Blink   		CODE           	025A	0000	19
		_pata          		MEDIUMCONST    	7F93	0000	109
		_patb          		MEDIUMCONST    	7F27	0000	109
		_patc          		MEDIUMCONST    	7EBB	0000	109
		i2_delay       		CODE           	01B4	0000	55
		_patd          		MEDIUMCONST    	7D9B	0000	289

shared estimated size: 1628

../Beep.c
		_buzz          		CODE           	011A	0000	81
		_BeepInit      		CODE           	0280	0000	7

../Beep.c estimated size: 88

../MotorDrive.c
		_MotorDriveInit		CODE           	021E	0000	41

../MotorDrive.c estimated size: 41

