Microchip MPLAB XC8 Compiler V1.41 ()

Linker command line:

-W-3 --edf=C:\Program Files (x86)\Microchip\xc8\v1.41\dat\en_msgs.txt -cs \
  -h+dist/default/production\injector.X.production.sym \
  --cmf=dist/default/production\injector.X.production.cmf -z -Q18F4520 \
  -oC:\Users\ADMINI~1\AppData\Local\Temp\s114g.2 \
  -Mdist/default/production/injector.X.production.map -E1 -ver=XC8 \
  -ASTACK=0300h-05ffh -pstack=STACK -ACODE=00h-07FFFh -ACONST=00h-07FFFh \
  -ASMALLCONST=0600h-06FFhx122 -AMEDIUMCONST=0600h-07FFFh -ACOMRAM=01h-07Fh \
  -AABS1=00h-05FFh -ABIGRAM=01h-05FFh -ARAM=080h-0FFh,0100h-01FFhx5 \
  -ABANK0=080h-0FFh -ABANK1=0100h-01FFh -ABANK2=0200h-02FFh \
  -ABANK3=0300h-03FFh -ABANK4=0400h-04FFh -ABANK5=0500h-05FFh \
  -ASFR=0F80h-0FFFh -preset_vec=00h,intcode=08h,intcodelo,powerup,init \
  -pramtop=0600h -psmallconst=SMALLCONST -pmediumconst=MEDIUMCONST \
  -pconst=CONST -AFARRAM=00h-00h -ACONFIG=0300000h-030000Dh -pconfig=CONFIG \
  -AIDLOC=0200000h-0200007h -pidloc=IDLOC -AEEDATA=0F00000h-0F000FFh \
  -peeprom_data=EEDATA \
  -prdata=COMRAM,nvrram=COMRAM,nvbit=COMRAM,rbss=COMRAM,rbit=COMRAM \
  -pfarbss=FARRAM,fardata=FARRAM,nvFARRAM=FARRAM \
  -pintsave_regs=BIGRAM,bigbss=BIGRAM,bigdata=BIGRAM -pbss=RAM \
  -pidata=CODE,irdata=CODE,ibigdata=CODE,ifardata=CODE -prparam=COMRAM \
  C:\Users\ADMINI~1\AppData\Local\Temp\s114g.obj \
  dist/default/production\injector.X.production.obj 

Object code version is 3.11

Machine type is 18F4520

Call graph: (short form)




                Name                               Link     Load   Length Selector   Space Scale
C:\Users\ADMINI~1\AppData\Local\Temp\s114g.obj
                init                                  E        E        4        4       0
                reset_vec                             0        0        4        0       0
                idloc                            200000   200000        8   200000       0
                config                           300000   300000        E   300000       0
dist/default/production\injector.X.production.obj
                intcode                               8        8        6        4       0
                temp                                 6D       6D        1        1       1
                mediumconst                        7974     7974      68C     3CBA       0
                text22                              CCE      CCE       36        4       0
                text21                              D82      D82       12        4       0
                intcode_body                        97E      97E       B4        4       0
                text19                              DCC      DCC        6      6E3       0
                text18                              DD6      DD6        2      6E3       0
                text17                              C88      C88       46        4       0
                text16                              D58      D58       16        4       0
                text15                              DB2      DB2        C        4       0
                text14                              D2E      D2E       2A        4       0
                text13                              BA8      BA8       4E        4       0
                text12                              AFE      AFE       5A        4       0
                text11                              A9E      A9E       60        4       0
                text10                              BF6      BF6       4A        4       0
                text9                                12       12      7BA        4       0
                text8                               DA4      DA4        E        4       0
                text7                               7CC      7CC      1B2        4       0
                text6                               D94      D94       10        4       0
                text5                               D6E      D6E       14        4       0
                text4                               DD2      DD2        4      6E3       0
                text3                               DC6      DC6        6      6E3       0
                text2                               C40      C40       48        4       0
                text1                               B58      B58       50        4       0
                text0                               D04      D04       2A        4       0
                cstackCOMRAM                         51       51       15        1       1
                cstackBANK0                          80       80       11       80       1
                bssBANK2                            200      200      100      200       1
                bssBANK1                            100      100      100      100       1
                bssBANK0                             91       91        4       80       1
                dataCOMRAM                           66       66        7        1       1
                bssCOMRAM                             1        1       50        1       1
                cinit                               A32      A32       6C        4       0
                idataCOMRAM                         DBE      DBE        7        4       0

TOTAL           Name                               Link     Load   Length     Space
        CLASS   STACK          

        CLASS   CODE           
                intcode                               8        8        6         0
                init                                  E        E        4         0
                reset_vec                             0        0        4         0
                text22                              CCE      CCE       36         0
                text21                              D82      D82       12         0
                intcode_body                        97E      97E       B4         0
                text19                              DCC      DCC        6         0
                text18                              DD6      DD6        2         0
                text17                              C88      C88       46         0
                text16                              D58      D58       16         0
                text15                              DB2      DB2        C         0
                text14                              D2E      D2E       2A         0
                text13                              BA8      BA8       4E         0
                text12                              AFE      AFE       5A         0
                text11                              A9E      A9E       60         0
                text10                              BF6      BF6       4A         0
                text9                                12       12      7BA         0
                text8                               DA4      DA4        E         0
                text7                               7CC      7CC      1B2         0
                text6                               D94      D94       10         0
                text5                               D6E      D6E       14         0
                text4                               DD2      DD2        4         0
                text3                               DC6      DC6        6         0
                text2                               C40      C40       48         0
                text1                               B58      B58       50         0
                text0                               D04      D04       2A         0
                cinit                               A32      A32       6C         0
                idataCOMRAM                         DBE      DBE        7         0

        CLASS   CONST          

        CLASS   SMALLCONST     

        CLASS   MEDIUMCONST    
                mediumconst                        7974     7974      68C         0

        CLASS   COMRAM         
                temp                                 6D       6D        1         1
                cstackCOMRAM                         51       51       15         1
                dataCOMRAM                           66       66        7         1
                bssCOMRAM                             1        1       50         1

        CLASS   ABS1           

        CLASS   BIGRAM         

        CLASS   RAM            

        CLASS   BANK0          
                cstackBANK0                          80       80       11         1
                bssBANK0                             91       91        4         1

        CLASS   BANK1          
                bssBANK1                            100      100      100         1

        CLASS   BANK2          
                bssBANK2                            200      200      100         1

        CLASS   BANK3          

        CLASS   BANK4          

        CLASS   BANK5          

        CLASS   SFR            

        CLASS   FARRAM         

        CLASS   CONFIG         
                config                           300000   300000        E         0

        CLASS   IDLOC          
                idloc                            200000   200000        8         0

        CLASS   EEDATA         



SEGMENTS        Name                           Load    Length   Top    Selector   Space  Class

                reset_vec                      000000  000004  000004         0       0  CODE    
                bssCOMRAM                      000001  00006D  00006E         1       1  COMRAM  
                intcode                        000008  000DBD  000DC5         4       0  CODE    
                cstackBANK0                    000080  000015  000095        80       1  BANK0   
                bssBANK1                       000100  000100  000200       100       1  BANK1   
                bssBANK2                       000200  000100  000300       200       1  BANK2   
                text3                          000DC6  000012  000DD8       6E3       0  CODE    
                mediumconst                    007974  00068C  008000      3CBA       0  MEDIUMCO
                idloc                          200000  000008  200008    200000       0  IDLOC   
                config                         300000  00000E  30000E    300000       0  CONFIG  


UNUSED ADDRESS RANGES

        Name                Unused          Largest block    Delta
        BANK0            000095-0000FF               6B
        BANK3            000300-0003FF              100
        BANK4            000400-0004FF              100
        BANK5            000500-0005FF              100
        BIGRAM           00006E-00007F               12
                         000095-0000FF               6B
                         000300-0005FF              300
        CODE             000004-000007                4
                         000DC5-000DC5                1
                         000DD8-007973             6B9C
        COMRAM           00006E-00007F               12
        CONST            000004-000007                4
                         000DC5-000DC5                1
                         000DD8-007973             6B9C
        EEDATA           F00000-F000FF              100
        MEDIUMCONST      000DC5-000DC5                1
                         000DD8-007973             6B9C
        RAM              000095-0000FF               6B
                         000300-0005FF              100
        SFR              000F80-000FFF               80
        SMALLCONST       000DC5-000DC5                1
                         000DD8-007973              100
        STACK            000300-0005FF              300

                                  Symbol Table

ISR@temp                           cstackCOMRAM 000065
_ADCON0                            (abs)        000FC2
_ADCON0bits                        (abs)        000FC2
_ADRESH                            (abs)        000FC4
_ADRESL                            (abs)        000FC3
_BeepInit                          text19       000DCC
_CCP1CONbits                       (abs)        000FBD
_CCPR1L                            (abs)        000FBE
_ConfirmKey                        bssCOMRAM    000007
_ContinueWorkState                 bssCOMRAM    000040
_ContinueWorkTimeCount             bssCOMRAM    000021
_ContinueWorkTimePeriod            bssCOMRAM    000023
_CurrentWorkPara                   bssCOMRAM    00004C
_DDRAbits                          (abs)        000F92
_DDRBbits                          (abs)        000F93
_DDRCbits                          (abs)        000F94
_DDRDbits                          (abs)        000F95
_DownKey                           bssCOMRAM    00000D
_GIE                               (abs)        007F97
_INTCON2bits                       (abs)        000FF1
_INTCON3bits                       (abs)        000FF0
_INTCONbits                        (abs)        000FF2
_ISR                               intcode      000008
_Initial_LY096BG30                 text7        0007CC
_InjectAmountNeedPulseNum          bssCOMRAM    000025
_InjectDepthNeedPulseNum           bssCOMRAM    000027
_InjectionMotorAimPosition         bssCOMRAM    00002F
_InjectionMotorCurrent             bssCOMRAM    000037
_InjectionMotorCurrentPosition     bssCOMRAM    000031
_InjectionStepMotorStepPulseMaxNum bssBANK0     000091
_InjectionStepMotorStepPulseNum    bssBANK0     000093
_KEY_Init                          text6        000D94
_KeyScanPeriod                     bssCOMRAM    00004A
_LATCbits                          (abs)        000F8B
_LATDbits                          (abs)        000F8C
_LATEbits                          (abs)        000F8D
_LCD_Blink                         text5        000D6E
_LCD_On                            text4        000DD2
_LCD_backlight_init                text3        000DC6
_LastInjectionFeedback             bssCOMRAM    00003E
_LastNeedleFeedback                bssCOMRAM    00003F
_MotorDriveInit                    text2        000C40
_NeedleInitPosition                bssCOMRAM    000029
_NeedleMotorAimPosition            bssCOMRAM    00002B
_NeedleMotorCurrent                bssCOMRAM    000035
_NeedleMotorCurrentPosition        bssCOMRAM    00002D
_NeedleMotorFindZeroPosFlag        bssCOMRAM    000042
_NeedleRunDir                      bssCOMRAM    000041
_OnOffKey                          bssCOMRAM    000019
_PORTAbits                         (abs)        000F80
_PORTB                             (abs)        000F81
_PORTBbits                         (abs)        000F81
_PORTC                             (abs)        000F82
_PORTCbits                         (abs)        000F82
_PORTDbits                         (abs)        000F83
_PORTEbits                         (abs)        000F84
_PR2                               (abs)        000FCB
_PSA                               (abs)        007EAB
_StartInjectKey                    bssCOMRAM    000001
_StartWorkFlag                     bssCOMRAM    00004B
_T08BIT                            (abs)        007EAE
_T0CS                              (abs)        007EAD
_T0IE                              (abs)        007F95
_T0IF                              (abs)        007F92
_T0PS0                             (abs)        007EA8
_T0PS1                             (abs)        007EA9
_T0PS2                             (abs)        007EAA
_T2CONbits                         (abs)        000FCA
_TMR0                              (abs)        000FD6
_TMR2                              (abs)        000FCC
_TRISAbits                         (abs)        000F92
_TRISBbits                         (abs)        000F93
_TRISCbits                         (abs)        000F94
_TRISDbits                         (abs)        000F95
_TRISEbits                         (abs)        000F96
_UpKey                             bssCOMRAM    000013
__CFG_BOREN$OFF                    (abs)        000000
__CFG_BORV$0                       (abs)        000000
__CFG_CCP2MX$PORTC                 (abs)        000000
__CFG_CP0$OFF                      (abs)        000000
__CFG_CP1$OFF                      (abs)        000000
__CFG_CP2$OFF                      (abs)        000000
__CFG_CP3$OFF                      (abs)        000000
__CFG_CPB$OFF                      (abs)        000000
__CFG_CPD$OFF                      (abs)        000000
__CFG_EBTR0$OFF                    (abs)        000000
__CFG_EBTR1$OFF                    (abs)        000000
__CFG_EBTR2$OFF                    (abs)        000000
__CFG_EBTR3$OFF                    (abs)        000000
__CFG_EBTRB$OFF                    (abs)        000000
__CFG_FCMEN$OFF                    (abs)        000000
__CFG_IESO$OFF                     (abs)        000000
__CFG_LPT1OSC$OFF                  (abs)        000000
__CFG_LVP$OFF                      (abs)        000000
__CFG_MCLRE$ON                     (abs)        000000
__CFG_OSC$HS                       (abs)        000000
__CFG_PBADEN$OFF                   (abs)        000000
__CFG_PWRT$OFF                     (abs)        000000
__CFG_STVREN$OFF                   (abs)        000000
__CFG_WDT$OFF                      (abs)        000000
__CFG_WDTPS$64                     (abs)        000000
__CFG_WRT0$OFF                     (abs)        000000
__CFG_WRT1$OFF                     (abs)        000000
__CFG_WRT2$OFF                     (abs)        000000
__CFG_WRT3$OFF                     (abs)        000000
__CFG_WRTB$OFF                     (abs)        000000
__CFG_WRTC$OFF                     (abs)        000000
__CFG_WRTD$OFF                     (abs)        000000
__CFG_XINST$OFF                    (abs)        000000
__HRAM                             (abs)        000000
__Habs1                            abs1         000000
__Hbank0                           bank0        000000
__Hbank1                           bank1        000000
__Hbank2                           bank2        000000
__Hbank3                           bank3        000000
__Hbank4                           bank4        000000
__Hbank5                           bank5        000000
__Hbigbss                          bigbss       000000
__Hbigdata                         bigdata      000000
__Hbigram                          bigram       000000
__Hbss                             bss          000000
__HbssBANK0                        bssBANK0     000000
__HbssBANK1                        bssBANK1     000000
__HbssBANK2                        bssBANK2     000000
__HbssCOMRAM                       bssCOMRAM    000000
__Hcinit                           cinit        000000
__Hclrtext                         clrtext      000000
__Hcomram                          comram       000000
__Hconfig                          config       30000E
__Hconst                           const        000000
__HcstackBANK0                     cstackBANK0  000000
__HcstackCOMRAM                    cstackCOMRAM 000000
__Hdata                            data         000000
__HdataCOMRAM                      dataCOMRAM   000000
__Heeprom_data                     eeprom_data  000000
__Hfarbss                          farbss       000000
__Hfardata                         fardata      000000
__Hibigdata                        ibigdata     000000
__Hidata                           idata        000000
__HidataCOMRAM                     idataCOMRAM  000000
__Hidloc                           idloc        200008
__Hifardata                        ifardata     000000
__Hinit                            init         000012
__Hintcode                         intcode      00000E
__Hintcode_body                    intcode_body 000000
__Hintcodelo                       intcodelo    00000E
__Hintentry                        intentry     000000
__Hintret                          intret       000000
__Hintsave_regs                    intsave_regs 000000
__Hirdata                          irdata       000000
__Hmediumconst                     mediumconst  008000
__HnvFARRAM                        nvFARRAM     000000
__Hnvbit                           nvbit        000000
__Hnvrram                          nvrram       000000
__Hparam                           rparam       000000
__Hpowerup                         powerup      00000E
__Hram                             ram          000000
__Hramtop                          ramtop       000600
__Hrbit                            rbit         000000
__Hrbss                            rbss         000000
__Hrdata                           rdata        000000
__Hreset_vec                       reset_vec    000004
__Hrparam                          rparam       000000
__Hsfr                             sfr          000000
__Hsmallconst                      smallconst   000000
__Hspace_0                         (abs)        30000E
__Hspace_1                         (abs)        000300
__Hspace_2                         (abs)        000000
__Hstack                           stack        000000
__Hstruct                          struct       000000
__Htemp                            temp         00006E
__Htext                            text         000000
__Htext0                           text0        000000
__Htext1                           text1        000000
__Htext10                          text10       000000
__Htext11                          text11       000000
__Htext12                          text12       000000
__Htext13                          text13       000000
__Htext14                          text14       000000
__Htext15                          text15       000000
__Htext16                          text16       000000
__Htext17                          text17       000000
__Htext18                          text18       000000
__Htext19                          text19       000000
__Htext2                           text2        000000
__Htext21                          text21       000000
__Htext22                          text22       000000
__Htext3                           text3        000000
__Htext4                           text4        000000
__Htext5                           text5        000000
__Htext6                           text6        000000
__Htext7                           text7        000000
__Htext8                           text8        000000
__Htext9                           text9        000000
__LRAM                             (abs)        000001
__Labs1                            abs1         000000
__Lbank0                           bank0        000000
__Lbank1                           bank1        000000
__Lbank2                           bank2        000000
__Lbank3                           bank3        000000
__Lbank4                           bank4        000000
__Lbank5                           bank5        000000
__Lbigbss                          bigbss       000000
__Lbigdata                         bigdata      000000
__Lbigram                          bigram       000000
__Lbss                             bss          000000
__LbssBANK0                        bssBANK0     000000
__LbssBANK1                        bssBANK1     000000
__LbssBANK2                        bssBANK2     000000
__LbssCOMRAM                       bssCOMRAM    000000
__Lcinit                           cinit        000000
__Lclrtext                         clrtext      000000
__Lcomram                          comram       000000
__Lconfig                          config       300000
__Lconst                           const        000000
__LcstackBANK0                     cstackBANK0  000000
__LcstackCOMRAM                    cstackCOMRAM 000000
__Ldata                            data         000000
__LdataCOMRAM                      dataCOMRAM   000000
__Leeprom_data                     eeprom_data  000000
__Lfarbss                          farbss       000000
__Lfardata                         fardata      000000
__Libigdata                        ibigdata     000000
__Lidata                           idata        000000
__LidataCOMRAM                     idataCOMRAM  000000
__Lidloc                           idloc        200000
__Lifardata                        ifardata     000000
__Linit                            init         00000E
__Lintcode                         intcode      000008
__Lintcode_body                    intcode_body 000000
__Lintcodelo                       intcodelo    00000E
__Lintentry                        intentry     000000
__Lintret                          intret       000000
__Lintsave_regs                    intsave_regs 000000
__Lirdata                          irdata       000000
__Lmediumconst                     mediumconst  007974
__LnvFARRAM                        nvFARRAM     000000
__Lnvbit                           nvbit        000000
__Lnvrram                          nvrram       000000
__Lparam                           rparam       000000
__Lpowerup                         powerup      00000E
__Lram                             ram          000000
__Lramtop                          ramtop       000600
__Lrbit                            rbit         000000
__Lrbss                            rbss         000000
__Lrdata                           rdata        000000
__Lreset_vec                       reset_vec    000000
__Lrparam                          rparam       000000
__Lsfr                             sfr          000000
__Lsmallconst                      smallconst   000000
__Lspace_0                         (abs)        000000
__Lspace_1                         (abs)        000000
__Lspace_2                         (abs)        000000
__Lstack                           stack        000000
__Lstruct                          struct       000000
__Ltemp                            temp         00006D
__Ltext                            text         000000
__Ltext0                           text0        000000
__Ltext1                           text1        000000
__Ltext10                          text10       000000
__Ltext11                          text11       000000
__Ltext12                          text12       000000
__Ltext13                          text13       000000
__Ltext14                          text14       000000
__Ltext15                          text15       000000
__Ltext16                          text16       000000
__Ltext17                          text17       000000
__Ltext18                          text18       000000
__Ltext19                          text19       000000
__Ltext2                           text2        000000
__Ltext21                          text21       000000
__Ltext22                          text22       000000
__Ltext3                           text3        000000
__Ltext4                           text4        000000
__Ltext5                           text5        000000
__Ltext6                           text6        000000
__Ltext7                           text7        000000
__Ltext8                           text8        000000
__Ltext9                           text9        000000
__S0                               (abs)        30000E
__S1                               (abs)        000300
__S2                               (abs)        000000
___inthi_sp                        stack        000000
___intlo_sp                        stack        000000
___param_bank                      (abs)        000000
___rparam_used                     (abs)        000001
___sp                              stack        000000
__accesstop                        (abs)        000080
__activetblptr                     (abs)        000002
__end_of_BeepInit                  text19       000DD2
__end_of_ISR                       intcode_body 000A32
__end_of_Initial_LY096BG30         text7        00097E
__end_of_KEY_Init                  text6        000DA4
__end_of_LCD_Blink                 text5        000D82
__end_of_LCD_On                    text4        000DD6
__end_of_LCD_backlight_init        text3        000DCC
__end_of_MotorDriveInit            text2        000C88
__end_of__initialization           cinit        000A90
__end_of_buzz                      text1        000BA8
__end_of_clear_device              text11       000AFE
__end_of_delay                     text10       000C40
__end_of_display_pattern           text9        0007CC
__end_of_ee_WriteBytes             text13       000BF6
__end_of_i2c_CfgGpio               text8        000DB2
__end_of_i2c_Delay                 text18       000DD8
__end_of_i2c_SendByte              text17       000CCE
__end_of_i2c_Start                 text16       000D6E
__end_of_i2c_Stop                  text15       000DBE
__end_of_i2c_WaitAck               text14       000D58
__end_of_main                      text0        000D2E
__end_of_pata                      mediumconst  007F27
__end_of_patb                      mediumconst  007FFF
__end_of_patc                      mediumconst  007F93
__end_of_patd                      mediumconst  007E85
__end_of_pate                      mediumconst  007D65
__end_of_patf                      mediumconst  007C45
__end_of_patg                      mediumconst  007B25
__end_of_setYX_LCD                 text12       000B58
__end_ofi2_LCD_Blink               text21       000D94
__end_ofi2_delay                   text22       000D04
__initialization                   cinit        000A32
__mediumconst                      mediumconst  007974
__pbssBANK0                        bssBANK0     000091
__pbssBANK1                        bssBANK1     000100
__pbssBANK2                        bssBANK2     000200
__pbssCOMRAM                       bssCOMRAM    000001
__pcinit                           cinit        000A32
__pcstackBANK0                     cstackBANK0  000080
__pcstackCOMRAM                    cstackCOMRAM 000051
__pdataCOMRAM                      dataCOMRAM   000066
__pidataCOMRAM                     idataCOMRAM  000DBE
__pintcode                         intcode      000008
__pintcode_body                    intcode_body 00097E
__pmediumconst                     mediumconst  007974
__ptext0                           text0        000D04
__ptext1                           text1        000B58
__ptext10                          text10       000BF6
__ptext11                          text11       000A9E
__ptext12                          text12       000AFE
__ptext13                          text13       000BA8
__ptext14                          text14       000D2E
__ptext15                          text15       000DB2
__ptext16                          text16       000D58
__ptext17                          text17       000C88
__ptext18                          text18       000DD6
__ptext19                          text19       000DCC
__ptext2                           text2        000C40
__ptext21                          text21       000D82
__ptext22                          text22       000CCE
__ptext3                           text3        000DC6
__ptext4                           text4        000DD2
__ptext5                           text5        000D6E
__ptext6                           text6        000D94
__ptext7                           text7        0007CC
__ptext8                           text8        000DA4
__ptext9                           text9        000012
__ramtop                           ramtop       000600
__size_of_BeepInit                 (abs)        000000
__size_of_ISR                      (abs)        000000
__size_of_Initial_LY096BG30        (abs)        000000
__size_of_KEY_Init                 (abs)        000000
__size_of_LCD_Blink                (abs)        000000
__size_of_LCD_On                   (abs)        000000
__size_of_LCD_backlight_init       (abs)        000000
__size_of_MotorDriveInit           (abs)        000000
__size_of_buzz                     (abs)        000000
__size_of_clear_device             (abs)        000000
__size_of_delay                    (abs)        000000
__size_of_display_pattern          (abs)        000000
__size_of_ee_WriteBytes            (abs)        000000
__size_of_i2c_CfgGpio              (abs)        000000
__size_of_i2c_Delay                (abs)        000000
__size_of_i2c_SendByte             (abs)        000000
__size_of_i2c_Start                (abs)        000000
__size_of_i2c_Stop                 (abs)        000000
__size_of_i2c_WaitAck              (abs)        000000
__size_of_main                     (abs)        000000
__size_of_setYX_LCD                (abs)        000000
__size_ofi2_LCD_Blink              (abs)        000000
__size_ofi2_delay                  (abs)        000000
__smallconst                       smallconst   000000
_ann                               bssCOMRAM    000039
_buzz                              text1        000B58
_bv                                dataCOMRAM   00006A
_clear_device                      text11       000A9E
_css                               bssCOMRAM    000045
_cur_edge                          bssCOMRAM    000047
_cv                                dataCOMRAM   000068
_delay                             text10       000BF6
_display_pattern                   text9        000012
_dv                                dataCOMRAM   000066
_ee_WriteBytes                     text13       000BA8
_flag                              bssCOMRAM    00003D
_i2c_CfgGpio                       text8        000DA4
_i2c_Delay                         text18       000DD6
_i2c_SendByte                      text17       000C88
_i2c_Start                         text16       000D58
_i2c_Stop                          text15       000DB2
_i2c_WaitAck                       text14       000D2E
_main                              text0        000D04
_mbcnt                             bssCOMRAM    00001F
_ms                                dataCOMRAM   00006C
_page                              bssCOMRAM    000043
_pata                              mediumconst  007E85
_patb                              mediumconst  007F93
_patc                              mediumconst  007F27
_patd                              mediumconst  007D65
_pate                              mediumconst  007C45
_patf                              mediumconst  007B25
_patg                              mediumconst  007975
_prev_edge                         bssCOMRAM    000048
_rcnt                              bssCOMRAM    000044
_read_buf                          bssBANK2     000200
_setYX_LCD                         text12       000AFE
_ss                                bssCOMRAM    000046
_write_buf                         bssBANK1     000100
_xn                                bssCOMRAM    00003B
_xtt                               bssCOMRAM    000033
btemp                              temp         00006D
buzz@i                             cstackBANK0  000080
buzz@j                             cstackBANK0  000082
clear_device@col                   cstackBANK0  00008C
clear_device@page                  cstackBANK0  00008D
delay@i                            cstackBANK0  000082
delay@j                            cstackBANK0  000084
delay@x                            cstackBANK0  000080
display_pattern@mode               cstackBANK0  00008D
display_pattern@num                cstackBANK0  000090
display_pattern@sub                cstackBANK0  00008C
ee_WriteBytes@_pWriteBuf           cstackBANK0  000082
ee_WriteBytes@_usAddress           cstackBANK0  000084
ee_WriteBytes@_usSize              cstackBANK0  000085
ee_WriteBytes@m                    cstackBANK0  000087
ee_WriteBytes@usAddr               cstackBANK0  000089
end_of_initialization              cinit        000A90
i2_LCD_Blink                       text21       000D82
i2_delay                           text22       000CCE
i2c_SendByte@_ucByte               cstackBANK0  000080
i2c_SendByte@i                     cstackBANK0  000081
i2c_WaitAck@re                     cstackBANK0  000080
i2delay@i                          cstackCOMRAM 000053
i2delay@j                          cstackCOMRAM 000055
i2delay@x                          cstackCOMRAM 000051
int$flags                          temp         00006D
int_func                           intcode_body 00097E
intlevel0                          text         000000
intlevel1                          text         000000
intlevel2                          text         000000
intlevel3                          text         000000
setYX_LCD@px                       cstackBANK0  00008A
setYX_LCD@py                       cstackBANK0  00008B
stackhi                            (abs)        0005FF
stacklo                            (abs)        000300
start                              init         00000E
start_initialization               cinit        000A32


FUNCTION INFORMATION:

 *************** function _main *****************
 Defined at:
		line 72 in file "../Main.c"
 Parameters:    Size  Location     Type
		None
 Auto vars:     Size  Location     Type
		None
 Return value:  Size  Location     Type
                  1    wreg      void 
 Registers used:
		wreg, fsr0l, fsr0h, status,2, status,0, tblptrl, tblptrh, tblptru, prodl, prodh, cstack
 Tracked objects:
		On entry : 
		On exit  : 
		Unchanged: 
 Data sizes:     COMRAM   BANK0   BANK1   BANK2   BANK3   BANK4   BANK5
      Params:         0       0       0       0       0       0       0
      Locals:         0       0       0       0       0       0       0
      Temps:          0       0       0       0       0       0       0
      Totals:         0       0       0       0       0       0       0
Total ram usage:        0 bytes
 Hardware stack levels required when called:    9
 This function calls:
		_BeepInit
		_Initial_LY096BG30
		_KEY_Init
		_LCD_Blink
		_LCD_On
		_LCD_backlight_init
		_MotorDriveInit
		_buzz
		_delay
 This function is called by:
		Startup code after reset
 This function uses a non-reentrant model


 *************** function _buzz *****************
 Defined at:
		line 38 in file "../Beep.c"
 Parameters:    Size  Location     Type
		None
 Auto vars:     Size  Location     Type
  j               2    2[BANK0 ] unsigned int 
  i               2    0[BANK0 ] unsigned int 
 Return value:  Size  Location     Type
                  1    wreg      void 
 Registers used:
		wreg, status,2, status,0
 Tracked objects:
		On entry : 
		On exit  : 
		Unchanged: 
 Data sizes:     COMRAM   BANK0   BANK1   BANK2   BANK3   BANK4   BANK5
      Params:         0       0       0       0       0       0       0
      Locals:         0       4       0       0       0       0       0
      Temps:          0       0       0       0       0       0       0
      Totals:         0       4       0       0       0       0       0
Total ram usage:        4 bytes
 Hardware stack levels used:    1
 Hardware stack levels required when called:    3
 This function calls:
		Nothing
 This function is called by:
		_main
 This function uses a non-reentrant model


 *************** function _MotorDriveInit *****************
 Defined at:
		line 111 in file "../MotorDrive.c"
 Parameters:    Size  Location     Type
		None
 Auto vars:     Size  Location     Type
		None
 Return value:  Size  Location     Type
                  1    wreg      void 
 Registers used:
		wreg, status,2
 Tracked objects:
		On entry : 
		On exit  : 
		Unchanged: 
 Data sizes:     COMRAM   BANK0   BANK1   BANK2   BANK3   BANK4   BANK5
      Params:         0       0       0       0       0       0       0
      Locals:         0       0       0       0       0       0       0
      Temps:          0       0       0       0       0       0       0
      Totals:         0       0       0       0       0       0       0
Total ram usage:        0 bytes
 Hardware stack levels used:    1
 Hardware stack levels required when called:    3
 This function calls:
		Nothing
 This function is called by:
		_main
 This function uses a non-reentrant model


 *************** function _LCD_backlight_init *****************
 Defined at:
		line 581 in file "../Oled.c"
 Parameters:    Size  Location     Type
		None
 Auto vars:     Size  Location     Type
		None
 Return value:  Size  Location     Type
                  1    wreg      void 
 Registers used:
		None
 Tracked objects:
		On entry : 
		On exit  : 
		Unchanged: 
 Data sizes:     COMRAM   BANK0   BANK1   BANK2   BANK3   BANK4   BANK5
      Params:         0       0       0       0       0       0       0
      Locals:         0       0       0       0       0       0       0
      Temps:          0       0       0       0       0       0       0
      Totals:         0       0       0       0       0       0       0
Total ram usage:        0 bytes
 Hardware stack levels used:    1
 Hardware stack levels required when called:    3
 This function calls:
		Nothing
 This function is called by:
		_main
 This function uses a non-reentrant model


 *************** function _LCD_On *****************
 Defined at:
		line 594 in file "../Oled.c"
 Parameters:    Size  Location     Type
		None
 Auto vars:     Size  Location     Type
		None
 Return value:  Size  Location     Type
                  1    wreg      void 
 Registers used:
		None
 Tracked objects:
		On entry : 
		On exit  : 
		Unchanged: 
 Data sizes:     COMRAM   BANK0   BANK1   BANK2   BANK3   BANK4   BANK5
      Params:         0       0       0       0       0       0       0
      Locals:         0       0       0       0       0       0       0
      Temps:          0       0       0       0       0       0       0
      Totals:         0       0       0       0       0       0       0
Total ram usage:        0 bytes
 Hardware stack levels used:    1
 Hardware stack levels required when called:    3
 This function calls:
		Nothing
 This function is called by:
		_main
 This function uses a non-reentrant model


 *************** function _LCD_Blink *****************
 Defined at:
		line 613 in file "../Oled.c"
 Parameters:    Size  Location     Type
		None
 Auto vars:     Size  Location     Type
		None
 Return value:  Size  Location     Type
                  1    wreg      void 
 Registers used:
		wreg, status,2, status,0, cstack
 Tracked objects:
		On entry : 
		On exit  : 
		Unchanged: 
 Data sizes:     COMRAM   BANK0   BANK1   BANK2   BANK3   BANK4   BANK5
      Params:         0       0       0       0       0       0       0
      Locals:         0       0       0       0       0       0       0
      Temps:          0       0       0       0       0       0       0
      Totals:         0       0       0       0       0       0       0
Total ram usage:        0 bytes
 Hardware stack levels used:    1
 Hardware stack levels required when called:    4
 This function calls:
		_delay
 This function is called by:
		_main
 This function uses a non-reentrant model


 *************** function _KEY_Init *****************
 Defined at:
		line 12 in file "../Key.c"
 Parameters:    Size  Location     Type
		None
 Auto vars:     Size  Location     Type
		None
 Return value:  Size  Location     Type
                  1    wreg      void 
 Registers used:
		None
 Tracked objects:
		On entry : 
		On exit  : 
		Unchanged: 
 Data sizes:     COMRAM   BANK0   BANK1   BANK2   BANK3   BANK4   BANK5
      Params:         0       0       0       0       0       0       0
      Locals:         0       0       0       0       0       0       0
      Temps:          0       0       0       0       0       0       0
      Totals:         0       0       0       0       0       0       0
Total ram usage:        0 bytes
 Hardware stack levels used:    1
 Hardware stack levels required when called:    3
 This function calls:
		Nothing
 This function is called by:
		_main
 This function uses a non-reentrant model


 *************** function _Initial_LY096BG30 *****************
 Defined at:
		line 1276 in file "../Oled.c"
 Parameters:    Size  Location     Type
		None
 Auto vars:     Size  Location     Type
		None
 Return value:  Size  Location     Type
                  1    wreg      void 
 Registers used:
		wreg, fsr0l, fsr0h, status,2, status,0, tblptrl, tblptrh, tblptru, prodl, prodh, cstack
 Tracked objects:
		On entry : 
		On exit  : 
		Unchanged: 
 Data sizes:     COMRAM   BANK0   BANK1   BANK2   BANK3   BANK4   BANK5
      Params:         0       0       0       0       0       0       0
      Locals:         0       0       0       0       0       0       0
      Temps:          0       0       0       0       0       0       0
      Totals:         0       0       0       0       0       0       0
Total ram usage:        0 bytes
 Hardware stack levels used:    1
 Hardware stack levels required when called:    8
 This function calls:
		_clear_device
		_delay
		_display_pattern
		_ee_WriteBytes
		_i2c_CfgGpio
 This function is called by:
		_main
 This function uses a non-reentrant model


 *************** function _i2c_CfgGpio *****************
 Defined at:
		line 160 in file "../Oled.c"
 Parameters:    Size  Location     Type
		None
 Auto vars:     Size  Location     Type
		None
 Return value:  Size  Location     Type
                  1    wreg      void 
 Registers used:
		None
 Tracked objects:
		On entry : 
		On exit  : 
		Unchanged: 
 Data sizes:     COMRAM   BANK0   BANK1   BANK2   BANK3   BANK4   BANK5
      Params:         0       0       0       0       0       0       0
      Locals:         0       0       0       0       0       0       0
      Temps:          0       0       0       0       0       0       0
      Totals:         0       0       0       0       0       0       0
Total ram usage:        0 bytes
 Hardware stack levels used:    1
 Hardware stack levels required when called:    3
 This function calls:
		Nothing
 This function is called by:
		_Initial_LY096BG30
 This function uses a non-reentrant model


 *************** function _display_pattern *****************
 Defined at:
		line 1113 in file "../Oled.c"
 Parameters:    Size  Location     Type
  num             1    wreg     unsigned char 
  sub             1   12[BANK0 ] unsigned char 
  mode            1   13[BANK0 ] unsigned char 
 Auto vars:     Size  Location     Type
  num             1   16[BANK0 ] unsigned char 
 Return value:  Size  Location     Type
                  1    wreg      unsigned char 
 Registers used:
		wreg, fsr0l, fsr0h, status,2, status,0, tblptrl, tblptrh, tblptru, prodl, prodh, cstack
 Tracked objects:
		On entry : 
		On exit  : 
		Unchanged: 
 Data sizes:     COMRAM   BANK0   BANK1   BANK2   BANK3   BANK4   BANK5
      Params:         0       2       0       0       0       0       0
      Locals:         0       1       0       0       0       0       0
      Temps:          0       2       0       0       0       0       0
      Totals:         0       5       0       0       0       0       0
Total ram usage:        5 bytes
 Hardware stack levels used:    1
 Hardware stack levels required when called:    7
 This function calls:
		_ee_WriteBytes
		_setYX_LCD
 This function is called by:
		_Initial_LY096BG30
 This function uses a non-reentrant model


 *************** function _delay *****************
 Defined at:
		line 7 in file "../Oled.c"
 Parameters:    Size  Location     Type
  x               2    0[BANK0 ] unsigned int 
 Auto vars:     Size  Location     Type
  j               2    4[BANK0 ] unsigned int 
  i               2    2[BANK0 ] unsigned int 
 Return value:  Size  Location     Type
                  1    wreg      void 
 Registers used:
		wreg, status,2, status,0
 Tracked objects:
		On entry : 
		On exit  : 
		Unchanged: 
 Data sizes:     COMRAM   BANK0   BANK1   BANK2   BANK3   BANK4   BANK5
      Params:         0       2       0       0       0       0       0
      Locals:         0       4       0       0       0       0       0
      Temps:          0       0       0       0       0       0       0
      Totals:         0       6       0       0       0       0       0
Total ram usage:        6 bytes
 Hardware stack levels used:    1
 Hardware stack levels required when called:    3
 This function calls:
		Nothing
 This function is called by:
		_main
		_LCD_Blink
		_Initial_LY096BG30
 This function uses a non-reentrant model


 *************** function _clear_device *****************
 Defined at:
		line 1257 in file "../Oled.c"
 Parameters:    Size  Location     Type
		None
 Auto vars:     Size  Location     Type
  page            1   13[BANK0 ] unsigned char 
  col             1   12[BANK0 ] unsigned char 
 Return value:  Size  Location     Type
                  1    wreg      unsigned char 
 Registers used:
		wreg, fsr0l, fsr0h, status,2, status,0, tblptrl, tblptrh, tblptru, cstack
 Tracked objects:
		On entry : 
		On exit  : 
		Unchanged: 
 Data sizes:     COMRAM   BANK0   BANK1   BANK2   BANK3   BANK4   BANK5
      Params:         0       0       0       0       0       0       0
      Locals:         0       2       0       0       0       0       0
      Temps:          0       0       0       0       0       0       0
      Totals:         0       2       0       0       0       0       0
Total ram usage:        2 bytes
 Hardware stack levels used:    1
 Hardware stack levels required when called:    7
 This function calls:
		_ee_WriteBytes
		_setYX_LCD
 This function is called by:
		_Initial_LY096BG30
 This function uses a non-reentrant model


 *************** function _setYX_LCD *****************
 Defined at:
		line 625 in file "../Oled.c"
 Parameters:    Size  Location     Type
  py              1    wreg     unsigned char 
  px              1   10[BANK0 ] unsigned char 
 Auto vars:     Size  Location     Type
  py              1   11[BANK0 ] unsigned char 
 Return value:  Size  Location     Type
                  1    wreg      unsigned char 
 Registers used:
		wreg, fsr0l, fsr0h, status,2, status,0, tblptrl, tblptrh, tblptru, cstack
 Tracked objects:
		On entry : 
		On exit  : 
		Unchanged: 
 Data sizes:     COMRAM   BANK0   BANK1   BANK2   BANK3   BANK4   BANK5
      Params:         0       1       0       0       0       0       0
      Locals:         0       1       0       0       0       0       0
      Temps:          0       0       0       0       0       0       0
      Totals:         0       2       0       0       0       0       0
Total ram usage:        2 bytes
 Hardware stack levels used:    1
 Hardware stack levels required when called:    6
 This function calls:
		_ee_WriteBytes
 This function is called by:
		_display_pattern
		_clear_device
 This function uses a non-reentrant model


 *************** function _ee_WriteBytes *****************
 Defined at:
		line 439 in file "../Oled.c"
 Parameters:    Size  Location     Type
  _pWriteBuf      2    2[BANK0 ] PTR unsigned char 
		 -> patg(432), patf(288), pate(288), patd(288), 
		 -> patc(108), patb(108), pata(162), write_buf(256), 
  _usAddress      1    4[BANK0 ] unsigned char 
  _usSize         2    5[BANK0 ] unsigned int 
 Auto vars:     Size  Location     Type
  m               2    7[BANK0 ] unsigned int 
  i               2    0        unsigned int 
  usAddr          1    9[BANK0 ] unsigned char 
 Return value:  Size  Location     Type
                  1    wreg      unsigned char 
 Registers used:
		wreg, fsr0l, fsr0h, status,2, status,0, tblptrl, tblptrh, tblptru, cstack
 Tracked objects:
		On entry : 
		On exit  : 
		Unchanged: 
 Data sizes:     COMRAM   BANK0   BANK1   BANK2   BANK3   BANK4   BANK5
      Params:         0       5       0       0       0       0       0
      Locals:         0       3       0       0       0       0       0
      Temps:          0       0       0       0       0       0       0
      Totals:         0       8       0       0       0       0       0
Total ram usage:        8 bytes
 Hardware stack levels used:    1
 Hardware stack levels required when called:    5
 This function calls:
		_i2c_SendByte
		_i2c_Start
		_i2c_Stop
		_i2c_WaitAck
 This function is called by:
		_setYX_LCD
		_display_pattern
		_clear_device
		_Initial_LY096BG30
		_ee_Test
 This function uses a non-reentrant model


 *************** function _i2c_WaitAck *****************
 Defined at:
		line 109 in file "../Oled.c"
 Parameters:    Size  Location     Type
		None
 Auto vars:     Size  Location     Type
  re              1    0[BANK0 ] unsigned char 
 Return value:  Size  Location     Type
                  1    wreg      unsigned char 
 Registers used:
		wreg, status,2, cstack
 Tracked objects:
		On entry : 
		On exit  : 
		Unchanged: 
 Data sizes:     COMRAM   BANK0   BANK1   BANK2   BANK3   BANK4   BANK5
      Params:         0       0       0       0       0       0       0
      Locals:         0       1       0       0       0       0       0
      Temps:          0       0       0       0       0       0       0
      Totals:         0       1       0       0       0       0       0
Total ram usage:        1 bytes
 Hardware stack levels used:    1
 Hardware stack levels required when called:    4
 This function calls:
		_i2c_Delay
 This function is called by:
		_ee_WriteBytes
		_ee_CheckDevice
		_ee_ReadBytes
 This function uses a non-reentrant model


 *************** function _i2c_Stop *****************
 Defined at:
		line 43 in file "../Oled.c"
 Parameters:    Size  Location     Type
		None
 Auto vars:     Size  Location     Type
		None
 Return value:  Size  Location     Type
                  1    wreg      void 
 Registers used:
		cstack
 Tracked objects:
		On entry : 
		On exit  : 
		Unchanged: 
 Data sizes:     COMRAM   BANK0   BANK1   BANK2   BANK3   BANK4   BANK5
      Params:         0       0       0       0       0       0       0
      Locals:         0       0       0       0       0       0       0
      Temps:          0       0       0       0       0       0       0
      Totals:         0       0       0       0       0       0       0
Total ram usage:        0 bytes
 Hardware stack levels used:    1
 Hardware stack levels required when called:    4
 This function calls:
		_i2c_Delay
 This function is called by:
		_ee_WriteBytes
		_ee_CheckDevice
		_ee_ReadBytes
 This function uses a non-reentrant model


 *************** function _i2c_Start *****************
 Defined at:
		line 30 in file "../Oled.c"
 Parameters:    Size  Location     Type
		None
 Auto vars:     Size  Location     Type
		None
 Return value:  Size  Location     Type
                  1    wreg      void 
 Registers used:
		cstack
 Tracked objects:
		On entry : 
		On exit  : 
		Unchanged: 
 Data sizes:     COMRAM   BANK0   BANK1   BANK2   BANK3   BANK4   BANK5
      Params:         0       0       0       0       0       0       0
      Locals:         0       0       0       0       0       0       0
      Temps:          0       0       0       0       0       0       0
      Totals:         0       0       0       0       0       0       0
Total ram usage:        0 bytes
 Hardware stack levels used:    1
 Hardware stack levels required when called:    4
 This function calls:
		_i2c_Delay
 This function is called by:
		_ee_WriteBytes
		_ee_CheckDevice
		_ee_ReadBytes
 This function uses a non-reentrant model


 *************** function _i2c_SendByte *****************
 Defined at:
		line 53 in file "../Oled.c"
 Parameters:    Size  Location     Type
  _ucByte         1    wreg     unsigned char 
 Auto vars:     Size  Location     Type
  _ucByte         1    0[BANK0 ] unsigned char 
  i               1    1[BANK0 ] unsigned char 
 Return value:  Size  Location     Type
                  1    wreg      void 
 Registers used:
		wreg, status,2, status,0, cstack
 Tracked objects:
		On entry : 
		On exit  : 
		Unchanged: 
 Data sizes:     COMRAM   BANK0   BANK1   BANK2   BANK3   BANK4   BANK5
      Params:         0       0       0       0       0       0       0
      Locals:         0       2       0       0       0       0       0
      Temps:          0       0       0       0       0       0       0
      Totals:         0       2       0       0       0       0       0
Total ram usage:        2 bytes
 Hardware stack levels used:    1
 Hardware stack levels required when called:    4
 This function calls:
		_i2c_Delay
 This function is called by:
		_ee_WriteBytes
		_ee_CheckDevice
		_ee_ReadBytes
 This function uses a non-reentrant model


 *************** function _i2c_Delay *****************
 Defined at:
		line 14 in file "../Oled.c"
 Parameters:    Size  Location     Type
		None
 Auto vars:     Size  Location     Type
  i               4    0        unsigned long 
 Return value:  Size  Location     Type
                  1    wreg      void 
 Registers used:
		None
 Tracked objects:
		On entry : 
		On exit  : 
		Unchanged: 
 Data sizes:     COMRAM   BANK0   BANK1   BANK2   BANK3   BANK4   BANK5
      Params:         0       0       0       0       0       0       0
      Locals:         0       0       0       0       0       0       0
      Temps:          0       0       0       0       0       0       0
      Totals:         0       0       0       0       0       0       0
Total ram usage:        0 bytes
 Hardware stack levels used:    1
 Hardware stack levels required when called:    3
 This function calls:
		Nothing
 This function is called by:
		_i2c_Start
		_i2c_Stop
		_i2c_SendByte
		_i2c_WaitAck
		_i2c_ReadByte
		_i2c_Ack
		_i2c_NAck
 This function uses a non-reentrant model


 *************** function _BeepInit *****************
 Defined at:
		line 5 in file "../Beep.c"
 Parameters:    Size  Location     Type
		None
 Auto vars:     Size  Location     Type
		None
 Return value:  Size  Location     Type
                  1    wreg      void 
 Registers used:
		None
 Tracked objects:
		On entry : 
		On exit  : 
		Unchanged: 
 Data sizes:     COMRAM   BANK0   BANK1   BANK2   BANK3   BANK4   BANK5
      Params:         0       0       0       0       0       0       0
      Locals:         0       0       0       0       0       0       0
      Temps:          0       0       0       0       0       0       0
      Totals:         0       0       0       0       0       0       0
Total ram usage:        0 bytes
 Hardware stack levels used:    1
 Hardware stack levels required when called:    3
 This function calls:
		Nothing
 This function is called by:
		_main
 This function uses a non-reentrant model


 *************** function _ISR *****************
 Defined at:
		line 20 in file "../Timer.c"
 Parameters:    Size  Location     Type
		None
 Auto vars:     Size  Location     Type
  temp            1   20[COMRAM] unsigned char 
 Return value:  Size  Location     Type
                  1    wreg      void 
 Registers used:
		wreg, status,2, status,0, cstack
 Tracked objects:
		On entry : 
		On exit  : 
		Unchanged: 
 Data sizes:     COMRAM   BANK0   BANK1   BANK2   BANK3   BANK4   BANK5
      Params:         0       0       0       0       0       0       0
      Locals:         1       0       0       0       0       0       0
      Temps:         14       0       0       0       0       0       0
      Totals:        15       0       0       0       0       0       0
Total ram usage:       15 bytes
 Hardware stack levels used:    1
 Hardware stack levels required when called:    2
 This function calls:
		i2_LCD_Blink
 This function is called by:
		Interrupt level 2
 This function uses a non-reentrant model


 *************** function i2_LCD_Blink *****************
 Defined at:
		line 613 in file "../Oled.c"
 Parameters:    Size  Location     Type
		None
 Auto vars:     Size  Location     Type
		None
 Return value:  Size  Location     Type
                  1    wreg      void 
 Registers used:
		wreg, status,2, status,0, cstack
 Tracked objects:
		On entry : 
		On exit  : 
		Unchanged: 
 Data sizes:     COMRAM   BANK0   BANK1   BANK2   BANK3   BANK4   BANK5
      Params:         0       0       0       0       0       0       0
      Locals:         0       0       0       0       0       0       0
      Temps:          0       0       0       0       0       0       0
      Totals:         0       0       0       0       0       0       0
Total ram usage:        0 bytes
 Hardware stack levels used:    1
 Hardware stack levels required when called:    1
 This function calls:
		i2_delay
 This function is called by:
		_ISR
 This function uses a non-reentrant model


 *************** function i2_delay *****************
 Defined at:
		line 7 in file "../Oled.c"
 Parameters:    Size  Location     Type
  x               2    0[COMRAM] unsigned int 
 Auto vars:     Size  Location     Type
  delay           2    4[COMRAM] unsigned int 
  delay           2    2[COMRAM] unsigned int 
 Return value:  Size  Location     Type
                  1    wreg      void 
 Registers used:
		wreg, status,2, status,0
 Tracked objects:
		On entry : 
		On exit  : 
		Unchanged: 
 Data sizes:     COMRAM   BANK0   BANK1   BANK2   BANK3   BANK4   BANK5
      Params:         2       0       0       0       0       0       0
      Locals:         4       0       0       0       0       0       0
      Temps:          0       0       0       0       0       0       0
      Totals:         6       0       0       0       0       0       0
Total ram usage:        6 bytes
 Hardware stack levels used:    1
 This function calls:
		Nothing
 This function is called by:
		i2_LCD_Blink
 This function uses a non-reentrant model



MODULE INFORMATION

Module		Function		Class		Link	Load	Size
../Key.c
		_KEY_Init      		CODE           	0D94	0000	17

../Key.c estimated size: 17

../Timer.c
		_ISR           		CODE           	0008	0000	187

../Timer.c estimated size: 187

../Oled.c
		_delay         		CODE           	0BF6	0000	75
		_LCD_Blink     		CODE           	0D6E	0000	21
		_i2c_CfgGpio   		CODE           	0DA4	0000	15
		_setYX_LCD     		CODE           	0AFE	0000	91
		_i2c_Stop      		CODE           	0DB2	0000	13
		_clear_device  		CODE           	0A9E	0000	97
		_i2c_WaitAck   		CODE           	0D2E	0000	43
		_i2c_Delay     		CODE           	0DD6	0000	3
		_i2c_SendByte  		CODE           	0C88	0000	71
		_LCD_backlight_init		CODE           	0DC6	0000	7
		_ee_WriteBytes 		CODE           	0BA8	0000	79
		_Initial_LY096BG30		CODE           	07CC	0000	435
		_i2c_Start     		CODE           	0D58	0000	23
		_display_pattern		CODE           	0012	0000	1979
		_LCD_On        		CODE           	0DD2	0000	5

../Oled.c estimated size: 2957

../Main.c
		_main          		CODE           	0D04	0000	43

../Main.c estimated size: 43

shared
		_pate          		MEDIUMCONST    	7C45	0000	289
		_patf          		MEDIUMCONST    	7B25	0000	289
		_patg          		MEDIUMCONST    	7975	0000	433
		__initialization		CODE           	0A32	0000	95
		i2_LCD_Blink   		CODE           	0D82	0000	19
		_pata          		MEDIUMCONST    	7E85	0000	163
		_patb          		MEDIUMCONST    	7F93	0000	109
		_patc          		MEDIUMCONST    	7F27	0000	109
		i2_delay       		CODE           	0CCE	0000	55
		_patd          		MEDIUMCONST    	7D65	0000	289

shared estimated size: 1850

../Beep.c
		_buzz          		CODE           	0B58	0000	81
		_BeepInit      		CODE           	0DCC	0000	7

../Beep.c estimated size: 88

../MotorDrive.c
		_MotorDriveInit		CODE           	0C40	0000	73

../MotorDrive.c estimated size: 73

