Microchip MPLAB XC8 Compiler V1.41 ()

Linker command line:

-W-3 --edf=C:\Program Files (x86)\Microchip\xc8\v1.41\dat\en_msgs.txt -cs \
  -h+dist/default/production\injector.X.production.sym \
  --cmf=dist/default/production\injector.X.production.cmf -z -Q18F4520 \
  -oC:\Users\ADMINI~1\AppData\Local\Temp\ssk8.2 \
  -Mdist/default/production/injector.X.production.map -E1 -ver=XC8 \
  -ASTACK=0300h-05ffh -pstack=STACK -ACODE=00h-07FFFh -ACONST=00h-07FFFh \
  -ASMALLCONST=0600h-06FFhx122 -AMEDIUMCONST=0600h-07FFFh -ACOMRAM=01h-07Fh \
  -AABS1=00h-05FFh -ABIGRAM=01h-05FFh -ARAM=080h-0FFh,0100h-01FFhx5 \
  -ABANK0=080h-0FFh -ABANK1=0100h-01FFh -ABANK2=0200h-02FFh \
  -ABANK3=0300h-03FFh -ABANK4=0400h-04FFh -ABANK5=0500h-05FFh \
  -ASFR=0F80h-0FFFh -preset_vec=00h,intcode=08h,intcodelo,powerup,init \
  -pramtop=0600h -psmallconst=SMALLCONST -pmediumconst=MEDIUMCONST \
  -pconst=CONST -AFARRAM=00h-00h -ACONFIG=0300000h-030000Dh -pconfig=CONFIG \
  -AIDLOC=0200000h-0200007h -pidloc=IDLOC -AEEDATA=0F00000h-0F000FFh \
  -peeprom_data=EEDATA \
  -prdata=COMRAM,nvrram=COMRAM,nvbit=COMRAM,rbss=COMRAM,rbit=COMRAM \
  -pfarbss=FARRAM,fardata=FARRAM,nvFARRAM=FARRAM \
  -pintsave_regs=BIGRAM,bigbss=BIGRAM,bigdata=BIGRAM -pbss=RAM \
  -pidata=CODE,irdata=CODE,ibigdata=CODE,ifardata=CODE -prparam=COMRAM \
  C:\Users\ADMINI~1\AppData\Local\Temp\ssk8.obj \
  dist/default/production\injector.X.production.obj 

Object code version is 3.11

Machine type is 18F4520

Call graph: (short form)




                Name                               Link     Load   Length Selector   Space Scale
C:\Users\ADMINI~1\AppData\Local\Temp\ssk8.obj
                init                                  E        E        4        4       0
                reset_vec                             0        0        4        0       0
                idloc                            200000   200000        8   200000       0
                config                           300000   300000        E   300000       0
dist/default/production\injector.X.production.obj
                intcode                               8        8        6        4       0
                temp                                 6A       6A        1        1       1
                mediumconst                        140A     140A     6BF6      A05       0
                intcode_body                         12       12      264        4       0
                text12                              66E      66E        6        4       0
                text11                              582      582       36        4       0
                text10                              5B8      5B8       30        4       0
                text9                               514      514       38        4       0
                text8                               638      638       16        4       0
                text7                               65C      65C        C        4       0
                text6                               612      612       26        4       0
                text5                               54C      54C       36        4       0
                text4                               64E      64E        E        4       0
                text3                               276      276      24A        4       0
                text2                               674      674        4        4       0
                text1                               668      668        6        4       0
                text0                               5E8      5E8       2A        4       0
                cstackCOMRAM                         4B       4B       1E        1       1
                bssBANK2                            200      200      100      200       1
                bssBANK1                            100      100      100      100       1
                dataCOMRAM                           69       69        1        1       1
                bssCOMRAM                             1        1       4A        1       1
                cinit                               4C0      4C0       54        4       0
                idataCOMRAM                         678      678        1        4       0

TOTAL           Name                               Link     Load   Length     Space
        CLASS   STACK          

        CLASS   CODE           
                intcode                               8        8        6         0
                init                                  E        E        4         0
                reset_vec                             0        0        4         0
                intcode_body                         12       12      264         0
                text12                              66E      66E        6         0
                text11                              582      582       36         0
                text10                              5B8      5B8       30         0
                text9                               514      514       38         0
                text8                               638      638       16         0
                text7                               65C      65C        C         0
                text6                               612      612       26         0
                text5                               54C      54C       36         0
                text4                               64E      64E        E         0
                text3                               276      276      24A         0
                text2                               674      674        4         0
                text1                               668      668        6         0
                text0                               5E8      5E8       2A         0
                cinit                               4C0      4C0       54         0
                idataCOMRAM                         678      678        1         0

        CLASS   CONST          

        CLASS   SMALLCONST     

        CLASS   MEDIUMCONST    
                mediumconst                        140A     140A     6BF6         0

        CLASS   COMRAM         
                temp                                 6A       6A        1         1
                cstackCOMRAM                         4B       4B       1E         1
                dataCOMRAM                           69       69        1         1
                bssCOMRAM                             1        1       4A         1

        CLASS   ABS1           

        CLASS   BIGRAM         

        CLASS   RAM            

        CLASS   BANK0          

        CLASS   BANK1          
                bssBANK1                            100      100      100         1

        CLASS   BANK2          
                bssBANK2                            200      200      100         1

        CLASS   BANK3          

        CLASS   BANK4          

        CLASS   BANK5          

        CLASS   SFR            

        CLASS   FARRAM         

        CLASS   CONFIG         
                config                           300000   300000        E         0

        CLASS   IDLOC          
                idloc                            200000   200000        8         0

        CLASS   EEDATA         



SEGMENTS        Name                           Load    Length   Top    Selector   Space  Class

                reset_vec                      000000  000004  000004         0       0  CODE    
                bssCOMRAM                      000001  00006A  00006B         1       1  COMRAM  
                intcode                        000008  000671  000679         4       0  CODE    
                bssBANK1                       000100  000100  000200       100       1  BANK1   
                bssBANK2                       000200  000100  000300       200       1  BANK2   
                mediumconst                    00140A  006BF6  008000       A05       0  MEDIUMCO
                idloc                          200000  000008  200008    200000       0  IDLOC   
                config                         300000  00000E  30000E    300000       0  CONFIG  


UNUSED ADDRESS RANGES

        Name                Unused          Largest block    Delta
        BANK0            000080-0000FF               80
        BANK3            000300-0003FF              100
        BANK4            000400-0004FF              100
        BANK5            000500-0005FF              100
        BIGRAM           00006B-0000FF               95
                         000300-0005FF              300
        CODE             000004-000007                4
                         000679-001409              D91
        COMRAM           00006B-00007F               15
        CONST            000004-000007                4
                         000679-001409              D91
        EEDATA           F00000-F000FF              100
        MEDIUMCONST      000679-001409              D91
        RAM              000080-0000FF               80
                         000300-0005FF              100
        SFR              000F80-000FFF               80
        SMALLCONST       000679-001409              100
        STACK            000300-0005FF              300

                                  Symbol Table

ISR@i                              cstackCOMRAM 00005A
_ASCII_16_Dot                      mediumconst  007FEF
_BMP1                              mediumconst  00340B
_BMP2                              mediumconst  00140B
_BeepInit                          text12       00066E
_ConfirmKey                        bssCOMRAM    000007
_ContinueWorkState                 bssCOMRAM    00003E
_ContinueWorkTimeCount             bssCOMRAM    000023
_ContinueWorkTimePeriod            bssCOMRAM    000025
_CurrentWorkPara                   bssCOMRAM    000046
_DDRAbits                          (abs)        000F92
_DDRBbits                          (abs)        000F93
_DDRCbits                          (abs)        000F94
_DDRDbits                          (abs)        000F95
_DDREbits                          (abs)        000F96
_DownKey                           bssCOMRAM    00000D
_F12X24                            mediumconst  0063CB
_F16X32                            mediumconst  004C0B
_F8X16                             mediumconst  007127
_GIE                               (abs)        007F97
_Hzk16x16                          mediumconst  007F4F
_Hzk24x24                          mediumconst  007DE7
_Hzk32x32                          mediumconst  007B17
_ISR                               intcode      000008
_Initial_LY096BG30                 text3        000276
_InjectAmountNeedPulseNum          bssCOMRAM    000027
_InjectDepthNeedPulseNum           bssCOMRAM    000029
_InjectionMotorAimPosition         bssCOMRAM    000031
_InjectionMotorCurrent             bssCOMRAM    000037
_InjectionMotorCurrentPosition     bssCOMRAM    000033
_InjectionStepMotorStepPulseMaxNum bssCOMRAM    00001F
_InjectionStepMotorStepPulseNum    bssCOMRAM    000021
_KeyScanPeriod                     bssCOMRAM    000044
_LATCbits                          (abs)        000F8B
_LATEbits                          (abs)        000F8D
_LCD_On                            text2        000674
_LCD_backlight_init                text1        000668
_LastInjectionFeedback             bssCOMRAM    00003C
_LastNeedleFeedback                bssCOMRAM    00003D
_NeedleInitPosition                bssCOMRAM    00002B
_NeedleMotorAimPosition            bssCOMRAM    00002D
_NeedleMotorCurrent                bssCOMRAM    000035
_NeedleMotorCurrentPosition        bssCOMRAM    00002F
_NeedleMotorFindZeroPosFlag        bssCOMRAM    000040
_NeedleRunDir                      bssCOMRAM    00003F
_OnOffKey                          bssCOMRAM    000019
_PORTAbits                         (abs)        000F80
_PORTBbits                         (abs)        000F81
_PORTC                             (abs)        000F82
_PORTCbits                         (abs)        000F82
_PORTDbits                         (abs)        000F83
_PORTEbits                         (abs)        000F84
_PSA                               (abs)        007EAB
_StartInjectKey                    bssCOMRAM    000001
_StartWorkFlag                     bssCOMRAM    000045
_T08BIT                            (abs)        007EAE
_T0CS                              (abs)        007EAD
_T0IE                              (abs)        007F95
_T0IF                              (abs)        007F92
_T0PS0                             (abs)        007EA8
_T0PS1                             (abs)        007EA9
_T0PS2                             (abs)        007EAA
_TMR0                              (abs)        000FD6
_TRISCbits                         (abs)        000F94
_TRISEbits                         (abs)        000F96
_UpKey                             bssCOMRAM    000013
__CFG_BOREN$OFF                    (abs)        000000
__CFG_BORV$0                       (abs)        000000
__CFG_CCP2MX$PORTC                 (abs)        000000
__CFG_CP0$OFF                      (abs)        000000
__CFG_CP1$OFF                      (abs)        000000
__CFG_CP2$OFF                      (abs)        000000
__CFG_CP3$OFF                      (abs)        000000
__CFG_CPB$OFF                      (abs)        000000
__CFG_CPD$OFF                      (abs)        000000
__CFG_EBTR0$OFF                    (abs)        000000
__CFG_EBTR1$OFF                    (abs)        000000
__CFG_EBTR2$OFF                    (abs)        000000
__CFG_EBTR3$OFF                    (abs)        000000
__CFG_EBTRB$OFF                    (abs)        000000
__CFG_FCMEN$OFF                    (abs)        000000
__CFG_IESO$OFF                     (abs)        000000
__CFG_LPT1OSC$OFF                  (abs)        000000
__CFG_LVP$OFF                      (abs)        000000
__CFG_MCLRE$ON                     (abs)        000000
__CFG_OSC$HS                       (abs)        000000
__CFG_PBADEN$OFF                   (abs)        000000
__CFG_PWRT$OFF                     (abs)        000000
__CFG_STVREN$OFF                   (abs)        000000
__CFG_WDT$OFF                      (abs)        000000
__CFG_WDTPS$64                     (abs)        000000
__CFG_WRT0$OFF                     (abs)        000000
__CFG_WRT1$OFF                     (abs)        000000
__CFG_WRT2$OFF                     (abs)        000000
__CFG_WRT3$OFF                     (abs)        000000
__CFG_WRTB$OFF                     (abs)        000000
__CFG_WRTC$OFF                     (abs)        000000
__CFG_WRTD$OFF                     (abs)        000000
__CFG_XINST$OFF                    (abs)        000000
__HRAM                             (abs)        000000
__Habs1                            abs1         000000
__Hbank0                           bank0        000000
__Hbank1                           bank1        000000
__Hbank2                           bank2        000000
__Hbank3                           bank3        000000
__Hbank4                           bank4        000000
__Hbank5                           bank5        000000
__Hbigbss                          bigbss       000000
__Hbigdata                         bigdata      000000
__Hbigram                          bigram       000000
__Hbss                             bss          000000
__HbssBANK1                        bssBANK1     000000
__HbssBANK2                        bssBANK2     000000
__HbssCOMRAM                       bssCOMRAM    000000
__Hcinit                           cinit        000000
__Hclrtext                         clrtext      000000
__Hcomram                          comram       000000
__Hconfig                          config       30000E
__Hconst                           const        000000
__HcstackCOMRAM                    cstackCOMRAM 000000
__Hdata                            data         000000
__HdataCOMRAM                      dataCOMRAM   000000
__Heeprom_data                     eeprom_data  000000
__Hfarbss                          farbss       000000
__Hfardata                         fardata      000000
__Hibigdata                        ibigdata     000000
__Hidata                           idata        000000
__HidataCOMRAM                     idataCOMRAM  000000
__Hidloc                           idloc        200008
__Hifardata                        ifardata     000000
__Hinit                            init         000012
__Hintcode                         intcode      00000E
__Hintcode_body                    intcode_body 000000
__Hintcodelo                       intcodelo    00000E
__Hintentry                        intentry     000000
__Hintret                          intret       000000
__Hintsave_regs                    intsave_regs 000000
__Hirdata                          irdata       000000
__Hmediumconst                     mediumconst  008000
__HnvFARRAM                        nvFARRAM     000000
__Hnvbit                           nvbit        000000
__Hnvrram                          nvrram       000000
__Hparam                           rparam       000000
__Hpowerup                         powerup      00000E
__Hram                             ram          000000
__Hramtop                          ramtop       000600
__Hrbit                            rbit         000000
__Hrbss                            rbss         000000
__Hrdata                           rdata        000000
__Hreset_vec                       reset_vec    000004
__Hrparam                          rparam       000000
__Hsfr                             sfr          000000
__Hsmallconst                      smallconst   000000
__Hspace_0                         (abs)        30000E
__Hspace_1                         (abs)        000300
__Hspace_2                         (abs)        000000
__Hstack                           stack        000000
__Hstruct                          struct       000000
__Htemp                            temp         00006B
__Htext                            text         000000
__Htext0                           text0        000000
__Htext1                           text1        000000
__Htext10                          text10       000000
__Htext11                          text11       000000
__Htext12                          text12       000000
__Htext2                           text2        000000
__Htext3                           text3        000000
__Htext4                           text4        000000
__Htext5                           text5        000000
__Htext6                           text6        000000
__Htext7                           text7        000000
__Htext8                           text8        000000
__Htext9                           text9        000000
__LRAM                             (abs)        000001
__Labs1                            abs1         000000
__Lbank0                           bank0        000000
__Lbank1                           bank1        000000
__Lbank2                           bank2        000000
__Lbank3                           bank3        000000
__Lbank4                           bank4        000000
__Lbank5                           bank5        000000
__Lbigbss                          bigbss       000000
__Lbigdata                         bigdata      000000
__Lbigram                          bigram       000000
__Lbss                             bss          000000
__LbssBANK1                        bssBANK1     000000
__LbssBANK2                        bssBANK2     000000
__LbssCOMRAM                       bssCOMRAM    000000
__Lcinit                           cinit        000000
__Lclrtext                         clrtext      000000
__Lcomram                          comram       000000
__Lconfig                          config       300000
__Lconst                           const        000000
__LcstackCOMRAM                    cstackCOMRAM 000000
__Ldata                            data         000000
__LdataCOMRAM                      dataCOMRAM   000000
__Leeprom_data                     eeprom_data  000000
__Lfarbss                          farbss       000000
__Lfardata                         fardata      000000
__Libigdata                        ibigdata     000000
__Lidata                           idata        000000
__LidataCOMRAM                     idataCOMRAM  000000
__Lidloc                           idloc        200000
__Lifardata                        ifardata     000000
__Linit                            init         00000E
__Lintcode                         intcode      000008
__Lintcode_body                    intcode_body 000000
__Lintcodelo                       intcodelo    00000E
__Lintentry                        intentry     000000
__Lintret                          intret       000000
__Lintsave_regs                    intsave_regs 000000
__Lirdata                          irdata       000000
__Lmediumconst                     mediumconst  00140A
__LnvFARRAM                        nvFARRAM     000000
__Lnvbit                           nvbit        000000
__Lnvrram                          nvrram       000000
__Lparam                           rparam       000000
__Lpowerup                         powerup      00000E
__Lram                             ram          000000
__Lramtop                          ramtop       000600
__Lrbit                            rbit         000000
__Lrbss                            rbss         000000
__Lrdata                           rdata        000000
__Lreset_vec                       reset_vec    000000
__Lrparam                          rparam       000000
__Lsfr                             sfr          000000
__Lsmallconst                      smallconst   000000
__Lspace_0                         (abs)        000000
__Lspace_1                         (abs)        000000
__Lspace_2                         (abs)        000000
__Lstack                           stack        000000
__Lstruct                          struct       000000
__Ltemp                            temp         00006A
__Ltext                            text         000000
__Ltext0                           text0        000000
__Ltext1                           text1        000000
__Ltext10                          text10       000000
__Ltext11                          text11       000000
__Ltext12                          text12       000000
__Ltext2                           text2        000000
__Ltext3                           text3        000000
__Ltext4                           text4        000000
__Ltext5                           text5        000000
__Ltext6                           text6        000000
__Ltext7                           text7        000000
__Ltext8                           text8        000000
__Ltext9                           text9        000000
__S0                               (abs)        30000E
__S1                               (abs)        000300
__S2                               (abs)        000000
___inthi_sp                        stack        000000
___intlo_sp                        stack        000000
___param_bank                      (abs)        000000
___rparam_used                     (abs)        000001
___sp                              stack        000000
__accesstop                        (abs)        000080
__activetblptr                     (abs)        000002
__end_of_ASCII_16_Dot              mediumconst  007FFF
__end_of_BMP1                      mediumconst  004C0B
__end_of_BMP2                      mediumconst  00340B
__end_of_BeepInit                  text12       000674
__end_of_F12X24                    mediumconst  007127
__end_of_F16X32                    mediumconst  0063CB
__end_of_F8X16                     mediumconst  007717
__end_of_Hzk16x16                  mediumconst  007FEF
__end_of_Hzk24x24                  mediumconst  007F4F
__end_of_Hzk32x32                  mediumconst  007DE7
__end_of_ISR                       intcode_body 000276
__end_of_Initial_LY096BG30         text3        0004C0
__end_of_LCD_On                    text2        000678
__end_of_LCD_backlight_init        text1        00066E
__end_of__initialization           cinit        000506
__end_of_delay                     text11       0005B8
__end_of_ee_WriteBytes             text5        000582
__end_of_i2c_CfgGpio               text4        00065C
__end_of_i2c_Delay                 text10       0005E8
__end_of_i2c_SendByte              text9        00054C
__end_of_i2c_Start                 text8        00064E
__end_of_i2c_Stop                  text7        000668
__end_of_i2c_WaitAck               text6        000638
__end_of_main                      text0        000612
__end_of_show1                     mediumconst  007B17
__initialization                   cinit        0004C0
__mediumconst                      mediumconst  00140A
__pbssBANK1                        bssBANK1     000100
__pbssBANK2                        bssBANK2     000200
__pbssCOMRAM                       bssCOMRAM    000001
__pcinit                           cinit        0004C0
__pcstackCOMRAM                    cstackCOMRAM 00004B
__pdataCOMRAM                      dataCOMRAM   000069
__pidataCOMRAM                     idataCOMRAM  000678
__pintcode                         intcode      000008
__pintcode_body                    intcode_body 000012
__pmediumconst                     mediumconst  00140A
__ptext0                           text0        0005E8
__ptext1                           text1        000668
__ptext10                          text10       0005B8
__ptext11                          text11       000582
__ptext12                          text12       00066E
__ptext2                           text2        000674
__ptext3                           text3        000276
__ptext4                           text4        00064E
__ptext5                           text5        00054C
__ptext6                           text6        000612
__ptext7                           text7        00065C
__ptext8                           text8        000638
__ptext9                           text9        000514
__ramtop                           ramtop       000600
__size_of_BeepInit                 (abs)        000000
__size_of_ISR                      (abs)        000000
__size_of_Initial_LY096BG30        (abs)        000000
__size_of_LCD_On                   (abs)        000000
__size_of_LCD_backlight_init       (abs)        000000
__size_of_delay                    (abs)        000000
__size_of_ee_WriteBytes            (abs)        000000
__size_of_i2c_CfgGpio              (abs)        000000
__size_of_i2c_Delay                (abs)        000000
__size_of_i2c_SendByte             (abs)        000000
__size_of_i2c_Start                (abs)        000000
__size_of_i2c_Stop                 (abs)        000000
__size_of_i2c_WaitAck              (abs)        000000
__size_of_main                     (abs)        000000
__smallconst                       smallconst   000000
_css                               bssCOMRAM    000041
_delay                             text11       000582
_ee_WriteBytes                     text5        00054C
_flag                              bssCOMRAM    00003B
_i2c_CfgGpio                       text4        00064E
_i2c_Delay                         text10       0005B8
_i2c_SendByte                      text9        000514
_i2c_Start                         text8        000638
_i2c_Stop                          text7        00065C
_i2c_WaitAck                       text6        000612
_main                              text0        0005E8
_ms                                dataCOMRAM   000069
_read_buf                          bssBANK2     000200
_show1                             mediumconst  007717
_ss                                bssCOMRAM    000042
_write_buf                         bssBANK1     000100
_xn                                bssCOMRAM    000039
btemp                              temp         00006A
delay@i                            cstackCOMRAM 00005D
delay@j                            cstackCOMRAM 00005F
delay@x                            cstackCOMRAM 00005B
ee_WriteBytes@_pWriteBuf           cstackCOMRAM 000061
ee_WriteBytes@_usAddress           cstackCOMRAM 000063
ee_WriteBytes@_usSize              cstackCOMRAM 000064
ee_WriteBytes@m                    cstackCOMRAM 000066
ee_WriteBytes@usAddr               cstackCOMRAM 000068
end_of_initialization              cinit        000506
i2c_Delay@i                        cstackCOMRAM 00005B
i2c_SendByte@_ucByte               cstackCOMRAM 00005F
i2c_SendByte@i                     cstackCOMRAM 000060
i2c_WaitAck@re                     cstackCOMRAM 00005F
int$flags                          temp         00006A
int_func                           intcode_body 000012
intlevel0                          text         000000
intlevel1                          text         000000
intlevel2                          text         000000
intlevel3                          text         000000
stackhi                            (abs)        0005FF
stacklo                            (abs)        000300
start                              init         00000E
start_initialization               cinit        0004C0


FUNCTION INFORMATION:

 *************** function _main *****************
 Defined at:
		line 63 in file "../Main.c"
 Parameters:    Size  Location     Type
		None
 Auto vars:     Size  Location     Type
		None
 Return value:  Size  Location     Type
                  1    wreg      void 
 Registers used:
		wreg, fsr2l, fsr2h, status,2, status,0, cstack
 Tracked objects:
		On entry : 
		On exit  : 
		Unchanged: 
 Data sizes:     COMRAM   BANK0   BANK1   BANK2   BANK3   BANK4   BANK5
      Params:         0       0       0       0       0       0       0
      Locals:         0       0       0       0       0       0       0
      Temps:          0       0       0       0       0       0       0
      Totals:         0       0       0       0       0       0       0
Total ram usage:        0 bytes
 Hardware stack levels required when called:    5
 This function calls:
		_BeepInit
		_Initial_LY096BG30
		_LCD_On
		_LCD_backlight_init
		_delay
 This function is called by:
		Startup code after reset
 This function uses a non-reentrant model


 *************** function _LCD_backlight_init *****************
 Defined at:
		line 885 in file "../Oled.c"
 Parameters:    Size  Location     Type
		None
 Auto vars:     Size  Location     Type
		None
 Return value:  Size  Location     Type
                  1    wreg      void 
 Registers used:
		None
 Tracked objects:
		On entry : 
		On exit  : 
		Unchanged: 
 Data sizes:     COMRAM   BANK0   BANK1   BANK2   BANK3   BANK4   BANK5
      Params:         0       0       0       0       0       0       0
      Locals:         0       0       0       0       0       0       0
      Temps:          0       0       0       0       0       0       0
      Totals:         0       0       0       0       0       0       0
Total ram usage:        0 bytes
 Hardware stack levels used:    1
 Hardware stack levels required when called:    1
 This function calls:
		Nothing
 This function is called by:
		_main
 This function uses a non-reentrant model


 *************** function _LCD_On *****************
 Defined at:
		line 898 in file "../Oled.c"
 Parameters:    Size  Location     Type
		None
 Auto vars:     Size  Location     Type
		None
 Return value:  Size  Location     Type
                  1    wreg      void 
 Registers used:
		None
 Tracked objects:
		On entry : 
		On exit  : 
		Unchanged: 
 Data sizes:     COMRAM   BANK0   BANK1   BANK2   BANK3   BANK4   BANK5
      Params:         0       0       0       0       0       0       0
      Locals:         0       0       0       0       0       0       0
      Temps:          0       0       0       0       0       0       0
      Totals:         0       0       0       0       0       0       0
Total ram usage:        0 bytes
 Hardware stack levels used:    1
 Hardware stack levels required when called:    1
 This function calls:
		Nothing
 This function is called by:
		_main
 This function uses a non-reentrant model


 *************** function _Initial_LY096BG30 *****************
 Defined at:
		line 919 in file "../Oled.c"
 Parameters:    Size  Location     Type
		None
 Auto vars:     Size  Location     Type
		None
 Return value:  Size  Location     Type
                  1    wreg      void 
 Registers used:
		wreg, fsr2l, fsr2h, status,2, status,0, cstack
 Tracked objects:
		On entry : 
		On exit  : 
		Unchanged: 
 Data sizes:     COMRAM   BANK0   BANK1   BANK2   BANK3   BANK4   BANK5
      Params:         0       0       0       0       0       0       0
      Locals:         0       0       0       0       0       0       0
      Temps:          0       0       0       0       0       0       0
      Totals:         0       0       0       0       0       0       0
Total ram usage:        0 bytes
 Hardware stack levels used:    1
 Hardware stack levels required when called:    4
 This function calls:
		_delay
		_ee_WriteBytes
		_i2c_CfgGpio
 This function is called by:
		_main
 This function uses a non-reentrant model


 *************** function _i2c_CfgGpio *****************
 Defined at:
		line 163 in file "../Oled.c"
 Parameters:    Size  Location     Type
		None
 Auto vars:     Size  Location     Type
		None
 Return value:  Size  Location     Type
                  1    wreg      void 
 Registers used:
		None
 Tracked objects:
		On entry : 
		On exit  : 
		Unchanged: 
 Data sizes:     COMRAM   BANK0   BANK1   BANK2   BANK3   BANK4   BANK5
      Params:         0       0       0       0       0       0       0
      Locals:         0       0       0       0       0       0       0
      Temps:          0       0       0       0       0       0       0
      Totals:         0       0       0       0       0       0       0
Total ram usage:        0 bytes
 Hardware stack levels used:    1
 Hardware stack levels required when called:    1
 This function calls:
		Nothing
 This function is called by:
		_Initial_LY096BG30
 This function uses a non-reentrant model


 *************** function _ee_WriteBytes *****************
 Defined at:
		line 667 in file "../Oled.c"
 Parameters:    Size  Location     Type
  _pWriteBuf      2   22[COMRAM] PTR unsigned char 
		 -> write_buf(256), ee_Erase@buf(256), 
  _usAddress      1   24[COMRAM] unsigned char 
  _usSize         2   25[COMRAM] unsigned int 
 Auto vars:     Size  Location     Type
  m               2   27[COMRAM] unsigned int 
  i               2    0        unsigned int 
  usAddr          1   29[COMRAM] unsigned char 
 Return value:  Size  Location     Type
                  1    wreg      unsigned char 
 Registers used:
		wreg, fsr2l, fsr2h, status,2, status,0, cstack
 Tracked objects:
		On entry : 
		On exit  : 
		Unchanged: 
 Data sizes:     COMRAM   BANK0   BANK1   BANK2   BANK3   BANK4   BANK5
      Params:         5       0       0       0       0       0       0
      Locals:         3       0       0       0       0       0       0
      Temps:          0       0       0       0       0       0       0
      Totals:         8       0       0       0       0       0       0
Total ram usage:        8 bytes
 Hardware stack levels used:    1
 Hardware stack levels required when called:    3
 This function calls:
		_i2c_SendByte
		_i2c_Start
		_i2c_Stop
		_i2c_WaitAck
 This function is called by:
		_Initial_LY096BG30
		_ee_Erase
		_ee_Test
		_fill_picture
		_picture_1
		_oled_096_print
 This function uses a non-reentrant model


 *************** function _i2c_WaitAck *****************
 Defined at:
		line 112 in file "../Oled.c"
 Parameters:    Size  Location     Type
		None
 Auto vars:     Size  Location     Type
  re              1   20[COMRAM] unsigned char 
 Return value:  Size  Location     Type
                  1    wreg      unsigned char 
 Registers used:
		wreg, status,2, status,0, cstack
 Tracked objects:
		On entry : 
		On exit  : 
		Unchanged: 
 Data sizes:     COMRAM   BANK0   BANK1   BANK2   BANK3   BANK4   BANK5
      Params:         0       0       0       0       0       0       0
      Locals:         1       0       0       0       0       0       0
      Temps:          0       0       0       0       0       0       0
      Totals:         1       0       0       0       0       0       0
Total ram usage:        1 bytes
 Hardware stack levels used:    1
 Hardware stack levels required when called:    2
 This function calls:
		_i2c_Delay
 This function is called by:
		_ee_WriteBytes
		_ee_CheckDevice
		_ee_ReadBytes
 This function uses a non-reentrant model


 *************** function _i2c_Stop *****************
 Defined at:
		line 46 in file "../Oled.c"
 Parameters:    Size  Location     Type
		None
 Auto vars:     Size  Location     Type
		None
 Return value:  Size  Location     Type
                  1    wreg      void 
 Registers used:
		wreg, status,2, status,0, cstack
 Tracked objects:
		On entry : 
		On exit  : 
		Unchanged: 
 Data sizes:     COMRAM   BANK0   BANK1   BANK2   BANK3   BANK4   BANK5
      Params:         0       0       0       0       0       0       0
      Locals:         0       0       0       0       0       0       0
      Temps:          0       0       0       0       0       0       0
      Totals:         0       0       0       0       0       0       0
Total ram usage:        0 bytes
 Hardware stack levels used:    1
 Hardware stack levels required when called:    2
 This function calls:
		_i2c_Delay
 This function is called by:
		_ee_WriteBytes
		_ee_CheckDevice
		_ee_ReadBytes
 This function uses a non-reentrant model


 *************** function _i2c_Start *****************
 Defined at:
		line 33 in file "../Oled.c"
 Parameters:    Size  Location     Type
		None
 Auto vars:     Size  Location     Type
		None
 Return value:  Size  Location     Type
                  1    wreg      void 
 Registers used:
		wreg, status,2, status,0, cstack
 Tracked objects:
		On entry : 
		On exit  : 
		Unchanged: 
 Data sizes:     COMRAM   BANK0   BANK1   BANK2   BANK3   BANK4   BANK5
      Params:         0       0       0       0       0       0       0
      Locals:         0       0       0       0       0       0       0
      Temps:          0       0       0       0       0       0       0
      Totals:         0       0       0       0       0       0       0
Total ram usage:        0 bytes
 Hardware stack levels used:    1
 Hardware stack levels required when called:    2
 This function calls:
		_i2c_Delay
 This function is called by:
		_ee_WriteBytes
		_ee_CheckDevice
		_ee_ReadBytes
 This function uses a non-reentrant model


 *************** function _i2c_SendByte *****************
 Defined at:
		line 56 in file "../Oled.c"
 Parameters:    Size  Location     Type
  _ucByte         1    wreg     unsigned char 
 Auto vars:     Size  Location     Type
  _ucByte         1   20[COMRAM] unsigned char 
  i               1   21[COMRAM] unsigned char 
 Return value:  Size  Location     Type
                  1    wreg      void 
 Registers used:
		wreg, status,2, status,0, cstack
 Tracked objects:
		On entry : 
		On exit  : 
		Unchanged: 
 Data sizes:     COMRAM   BANK0   BANK1   BANK2   BANK3   BANK4   BANK5
      Params:         0       0       0       0       0       0       0
      Locals:         2       0       0       0       0       0       0
      Temps:          0       0       0       0       0       0       0
      Totals:         2       0       0       0       0       0       0
Total ram usage:        2 bytes
 Hardware stack levels used:    1
 Hardware stack levels required when called:    2
 This function calls:
		_i2c_Delay
 This function is called by:
		_ee_WriteBytes
		_ee_CheckDevice
		_ee_ReadBytes
 This function uses a non-reentrant model


 *************** function _i2c_Delay *****************
 Defined at:
		line 17 in file "../Oled.c"
 Parameters:    Size  Location     Type
		None
 Auto vars:     Size  Location     Type
  i               4   16[COMRAM] unsigned long 
 Return value:  Size  Location     Type
                  1    wreg      void 
 Registers used:
		wreg, status,2, status,0
 Tracked objects:
		On entry : 
		On exit  : 
		Unchanged: 
 Data sizes:     COMRAM   BANK0   BANK1   BANK2   BANK3   BANK4   BANK5
      Params:         0       0       0       0       0       0       0
      Locals:         4       0       0       0       0       0       0
      Temps:          0       0       0       0       0       0       0
      Totals:         4       0       0       0       0       0       0
Total ram usage:        4 bytes
 Hardware stack levels used:    1
 Hardware stack levels required when called:    1
 This function calls:
		Nothing
 This function is called by:
		_i2c_Start
		_i2c_Stop
		_i2c_SendByte
		_i2c_WaitAck
		_i2c_ReadByte
		_i2c_Ack
		_i2c_NAck
 This function uses a non-reentrant model


 *************** function _delay *****************
 Defined at:
		line 10 in file "../Oled.c"
 Parameters:    Size  Location     Type
  x               2   16[COMRAM] unsigned int 
 Auto vars:     Size  Location     Type
  j               2   20[COMRAM] unsigned int 
  i               2   18[COMRAM] unsigned int 
 Return value:  Size  Location     Type
                  1    wreg      void 
 Registers used:
		wreg, status,2, status,0
 Tracked objects:
		On entry : 
		On exit  : 
		Unchanged: 
 Data sizes:     COMRAM   BANK0   BANK1   BANK2   BANK3   BANK4   BANK5
      Params:         2       0       0       0       0       0       0
      Locals:         4       0       0       0       0       0       0
      Temps:          0       0       0       0       0       0       0
      Totals:         6       0       0       0       0       0       0
Total ram usage:        6 bytes
 Hardware stack levels used:    1
 Hardware stack levels required when called:    1
 This function calls:
		Nothing
 This function is called by:
		_main
		_Initial_LY096BG30
 This function uses a non-reentrant model


 *************** function _BeepInit *****************
 Defined at:
		line 4 in file "../Beep.c"
 Parameters:    Size  Location     Type
		None
 Auto vars:     Size  Location     Type
		None
 Return value:  Size  Location     Type
                  1    wreg      void 
 Registers used:
		None
 Tracked objects:
		On entry : 
		On exit  : 
		Unchanged: 
 Data sizes:     COMRAM   BANK0   BANK1   BANK2   BANK3   BANK4   BANK5
      Params:         0       0       0       0       0       0       0
      Locals:         0       0       0       0       0       0       0
      Temps:          0       0       0       0       0       0       0
      Totals:         0       0       0       0       0       0       0
Total ram usage:        0 bytes
 Hardware stack levels used:    1
 Hardware stack levels required when called:    1
 This function calls:
		Nothing
 This function is called by:
		_main
 This function uses a non-reentrant model


 *************** function _ISR *****************
 Defined at:
		line 17 in file "../Timer.c"
 Parameters:    Size  Location     Type
		None
 Auto vars:     Size  Location     Type
  i               1   15[COMRAM] unsigned char 
 Return value:  Size  Location     Type
                  1    wreg      void 
 Registers used:
		wreg, status,2, status,0
 Tracked objects:
		On entry : 
		On exit  : 
		Unchanged: 
 Data sizes:     COMRAM   BANK0   BANK1   BANK2   BANK3   BANK4   BANK5
      Params:         0       0       0       0       0       0       0
      Locals:         1       0       0       0       0       0       0
      Temps:         15       0       0       0       0       0       0
      Totals:        16       0       0       0       0       0       0
Total ram usage:       16 bytes
 Hardware stack levels used:    1
 This function calls:
		Nothing
 This function is called by:
		Interrupt level 2
 This function uses a non-reentrant model



MODULE INFORMATION

Module		Function		Class		Link	Load	Size
../Timer.c
		_ISR           		CODE           	0008	0000	619

../Timer.c estimated size: 619

../Oled.c
		_delay         		CODE           	0582	0000	55
		_i2c_CfgGpio   		CODE           	064E	0000	15
		_i2c_Stop      		CODE           	065C	0000	13
		_i2c_WaitAck   		CODE           	0612	0000	39
		_i2c_Delay     		CODE           	05B8	0000	49
		_i2c_SendByte  		CODE           	0514	0000	57
		_LCD_backlight_init		CODE           	0668	0000	7
		_ee_WriteBytes 		CODE           	054C	0000	55
		_Initial_LY096BG30		CODE           	0276	0000	587
		_i2c_Start     		CODE           	0638	0000	23
		_LCD_On        		CODE           	0674	0000	5

../Oled.c estimated size: 905

../Main.c
		_main          		CODE           	05E8	0000	43

../Main.c estimated size: 43

shared
		_F12X24        		MEDIUMCONST    	63CB	0000	3421
		_BMP1          		MEDIUMCONST    	340B	0000	6145
		_BMP2          		MEDIUMCONST    	140B	0000	8193
		_F8X16         		MEDIUMCONST    	7127	0000	1521
		_Hzk32x32      		MEDIUMCONST    	7B17	0000	721
		__initialization		CODE           	04C0	0000	71
		_Hzk16x16      		MEDIUMCONST    	7F4F	0000	161
		_ASCII_16_Dot  		MEDIUMCONST    	7FEF	0000	17
		_F16X32        		MEDIUMCONST    	4C0B	0000	6081
		_show1         		MEDIUMCONST    	7717	0000	1025
		_Hzk24x24      		MEDIUMCONST    	7DE7	0000	361

shared estimated size: 27717

../Beep.c
		_BeepInit      		CODE           	066E	0000	7

../Beep.c estimated size: 7

