Microchip MPLAB XC8 Compiler V1.41 ()

Linker command line:

-W-3 --edf=C:\Program Files (x86)\Microchip\xc8\v1.41\dat\en_msgs.txt -cs \
  -h+dist/default/production\injector.X.production.sym \
  --cmf=dist/default/production\injector.X.production.cmf -z -Q18F4520 \
  -oC:\Users\ADMINI~1\AppData\Local\Temp\s10sk.2 \
  -Mdist/default/production/injector.X.production.map -E1 -ver=XC8 \
  -ASTACK=083h-0ffh -pstack=STACK -ACODE=00h-07FFFh -ACONST=00h-07FFFh \
  -ASMALLCONST=0600h-06FFhx122 -AMEDIUMCONST=0600h-07FFFh -ACOMRAM=01h-07Fh \
  -AABS1=00h-05FFh -ABIGRAM=01h-05FFh -ARAM=080h-0FFh,0100h-01FFhx5 \
  -ABANK0=080h-0FFh -ABANK1=0100h-01FFh -ABANK2=0200h-02FFh \
  -ABANK3=0300h-03FFh -ABANK4=0400h-04FFh -ABANK5=0500h-05FFh \
  -ASFR=0F80h-0FFFh -preset_vec=00h,intcode=08h,intcodelo,powerup,init \
  -pramtop=0600h -psmallconst=SMALLCONST -pmediumconst=MEDIUMCONST \
  -pconst=CONST -AFARRAM=00h-00h -ACONFIG=0300000h-030000Dh -pconfig=CONFIG \
  -AIDLOC=0200000h-0200007h -pidloc=IDLOC -AEEDATA=0F00000h-0F000FFh \
  -peeprom_data=EEDATA \
  -prdata=COMRAM,nvrram=COMRAM,nvbit=COMRAM,rbss=COMRAM,rbit=COMRAM \
  -pfarbss=FARRAM,fardata=FARRAM,nvFARRAM=FARRAM \
  -pintsave_regs=BIGRAM,bigbss=BIGRAM,bigdata=BIGRAM -pbss=RAM \
  -pidata=CODE,irdata=CODE,ibigdata=CODE,ifardata=CODE -prparam=COMRAM \
  C:\Users\ADMINI~1\AppData\Local\Temp\s10sk.obj \
  dist/default/production\injector.X.production.obj 

Object code version is 3.11

Machine type is 18F4520

Call graph: (short form)




                Name                               Link     Load   Length Selector   Space Scale
C:\Users\ADMINI~1\AppData\Local\Temp\s10sk.obj
                init                                  E        E        4        4       0
                reset_vec                             0        0        4        0       0
                idloc                            200000   200000        8   200000       0
                config                           300000   300000        E   300000       0
dist/default/production\injector.X.production.obj
                intcode                               8        8        6        4       0
                temp                                 6F       6F        1        1       1
                mediumconst                        3F6E     3F6E     4092     1FB7       0
                intcode_body                        6F4      6F4      264        4       0
                text15                              F12      F12        6        4       0
                text14                              F1E      F1E        2        4       0
                text13                              E2A      E2A       38        4       0
                text12                              EDC      EDC       16        4       0
                text11                              F00      F00        C        4       0
                text10                              E98      E98       26        4       0
                text9                               D52      D52       4C        4       0
                text8                               DE6      DE6       44        4       0
                text7                               D9E      D9E       48        4       0
                text6                               E62      E62       36        4       0
                text5                                12       12      6E2        4       0
                text4                               EF2      EF2        E        4       0
                text3                               958      958      15A        4       0
                text2                               F18      F18        4        4       0
                text1                               F0C      F0C        6        4       0
                text0                               EBE      EBE       1E        4       0
                cstackCOMRAM                         4F       4F       1E        1       1
                cstackBANK0                          80       80        3       80       1
                bssBANK5                            500      500      100      500       1
                dataBANK4                           400      400       A2      400       1
                dataBANK3                           300      300       A2      300       1
                dataBANK2                           200      200       A2      200       1
                bssBANK1                            100      100      100      100       1
                dataCOMRAM                           6D       6D        2        1       1
                bssCOMRAM                             1        1       4E        1       1
                cinit                               AB2      AB2       BA        4       0
                idataBANK4                          CB0      CB0       A2        4       0
                idataBANK3                          C0E      C0E       A2        4       0
                idataBANK2                          B6C      B6C       A2        4       0
                idataCOMRAM                         F1C      F1C        2        4       0

TOTAL           Name                               Link     Load   Length     Space
        CLASS   STACK          

        CLASS   CODE           
                intcode                               8        8        6         0
                init                                  E        E        4         0
                reset_vec                             0        0        4         0
                intcode_body                        6F4      6F4      264         0
                text15                              F12      F12        6         0
                text14                              F1E      F1E        2         0
                text13                              E2A      E2A       38         0
                text12                              EDC      EDC       16         0
                text11                              F00      F00        C         0
                text10                              E98      E98       26         0
                text9                               D52      D52       4C         0
                text8                               DE6      DE6       44         0
                text7                               D9E      D9E       48         0
                text6                               E62      E62       36         0
                text5                                12       12      6E2         0
                text4                               EF2      EF2        E         0
                text3                               958      958      15A         0
                text2                               F18      F18        4         0
                text1                               F0C      F0C        6         0
                text0                               EBE      EBE       1E         0
                cinit                               AB2      AB2       BA         0
                idataBANK4                          CB0      CB0       A2         0
                idataBANK3                          C0E      C0E       A2         0
                idataBANK2                          B6C      B6C       A2         0
                idataCOMRAM                         F1C      F1C        2         0

        CLASS   CONST          

        CLASS   SMALLCONST     

        CLASS   MEDIUMCONST    
                mediumconst                        3F6E     3F6E     4092         0

        CLASS   COMRAM         
                temp                                 6F       6F        1         1
                cstackCOMRAM                         4F       4F       1E         1
                dataCOMRAM                           6D       6D        2         1
                bssCOMRAM                             1        1       4E         1

        CLASS   ABS1           

        CLASS   BIGRAM         

        CLASS   RAM            

        CLASS   BANK0          
                cstackBANK0                          80       80        3         1

        CLASS   BANK1          
                bssBANK1                            100      100      100         1

        CLASS   BANK2          
                dataBANK2                           200      200       A2         1

        CLASS   BANK3          
                dataBANK3                           300      300       A2         1

        CLASS   BANK4          
                dataBANK4                           400      400       A2         1

        CLASS   BANK5          
                bssBANK5                            500      500      100         1

        CLASS   SFR            

        CLASS   FARRAM         

        CLASS   CONFIG         
                config                           300000   300000        E         0

        CLASS   IDLOC          
                idloc                            200000   200000        8         0

        CLASS   EEDATA         



SEGMENTS        Name                           Load    Length   Top    Selector   Space  Class

                reset_vec                      000000  000004  000004         0       0  CODE    
                bssCOMRAM                      000001  00006F  000070         1       1  COMRAM  
                intcode                        000008  000F18  000F20         4       0  CODE    
                cstackBANK0                    000080  000003  000083        80       1  BANK0   
                bssBANK1                       000100  000100  000200       100       1  BANK1   
                dataBANK2                      000200  0000A2  0002A2       200       1  BANK2   
                dataBANK3                      000300  0000A2  0003A2       300       1  BANK3   
                dataBANK4                      000400  0000A2  0004A2       400       1  BANK4   
                bssBANK5                       000500  000100  000600       500       1  BANK5   
                mediumconst                    003F6E  004092  008000      1FB7       0  MEDIUMCO
                idloc                          200000  000008  200008    200000       0  IDLOC   
                config                         300000  00000E  30000E    300000       0  CONFIG  


UNUSED ADDRESS RANGES

        Name                Unused          Largest block    Delta
        BANK0            000083-0000FF               7D
        BANK2            0002A2-0002FF               5E
        BANK3            0003A2-0003FF               5E
        BANK4            0004A2-0004FF               5E
        BIGRAM           000070-00007F               10
                         000083-0000FF               7D
                         0002A2-0002FF               5E
                         0003A2-0003FF               5E
                         0004A2-0004FF               5E
        CODE             000004-000007                4
                         000F20-003F6D             304E
        COMRAM           000070-00007F               10
        CONST            000004-000007                4
                         000F20-003F6D             304E
        EEDATA           F00000-F000FF              100
        MEDIUMCONST      000F20-003F6D             304E
        RAM              000083-0000FF               7D
                         0002A2-0002FF               5E
                         0003A2-0003FF               5E
                         0004A2-0004FF               5E
        SFR              000F80-000FFF               80
        SMALLCONST       000F20-003F6D              100
        STACK            000083-0000FF               7D

                                  Symbol Table

ISR@i                              cstackCOMRAM 00005E
_ASCII_16_Dot                      mediumconst  007B6F
_BMP1                              mediumconst  005F6F
_BMP2                              mediumconst  003F6F
_BeepInit                          text15       000F12
_ConfirmKey                        bssCOMRAM    000007
_ContinueWorkState                 bssCOMRAM    000040
_ContinueWorkTimeCount             bssCOMRAM    000023
_ContinueWorkTimePeriod            bssCOMRAM    000025
_CurrentWorkPara                   bssCOMRAM    00004A
_DDRAbits                          (abs)        000F92
_DDRBbits                          (abs)        000F93
_DDRCbits                          (abs)        000F94
_DDRDbits                          (abs)        000F95
_DDREbits                          (abs)        000F96
_DownKey                           bssCOMRAM    00000D
_GIE                               (abs)        007F97
_ISR                               intcode      000008
_Initial_LY096BG30                 text3        000958
_InjectAmountNeedPulseNum          bssCOMRAM    000027
_InjectDepthNeedPulseNum           bssCOMRAM    000029
_InjectionMotorAimPosition         bssCOMRAM    000031
_InjectionMotorCurrent             bssCOMRAM    000039
_InjectionMotorCurrentPosition     bssCOMRAM    000033
_InjectionStepMotorStepPulseMaxNum bssCOMRAM    00001F
_InjectionStepMotorStepPulseNum    bssCOMRAM    000021
_KeyScanPeriod                     bssCOMRAM    000048
_LATCbits                          (abs)        000F8B
_LATEbits                          (abs)        000F8D
_LCD_On                            text2        000F18
_LCD_backlight_init                text1        000F0C
_LastInjectionFeedback             bssCOMRAM    00003E
_LastNeedleFeedback                bssCOMRAM    00003F
_NeedleInitPosition                bssCOMRAM    00002B
_NeedleMotorAimPosition            bssCOMRAM    00002D
_NeedleMotorCurrent                bssCOMRAM    000037
_NeedleMotorCurrentPosition        bssCOMRAM    00002F
_NeedleMotorFindZeroPosFlag        bssCOMRAM    000042
_NeedleRunDir                      bssCOMRAM    000041
_OnOffKey                          bssCOMRAM    000019
_PORTAbits                         (abs)        000F80
_PORTBbits                         (abs)        000F81
_PORTC                             (abs)        000F82
_PORTCbits                         (abs)        000F82
_PORTDbits                         (abs)        000F83
_PORTEbits                         (abs)        000F84
_PSA                               (abs)        007EAB
_StartInjectKey                    bssCOMRAM    000001
_StartWorkFlag                     bssCOMRAM    000049
_T08BIT                            (abs)        007EAE
_T0CS                              (abs)        007EAD
_T0IE                              (abs)        007F95
_T0IF                              (abs)        007F92
_T0PS0                             (abs)        007EA8
_T0PS1                             (abs)        007EA9
_T0PS2                             (abs)        007EAA
_TMR0                              (abs)        000FD6
_TRISCbits                         (abs)        000F94
_TRISEbits                         (abs)        000F96
_UpKey                             bssCOMRAM    000013
__CFG_BOREN$OFF                    (abs)        000000
__CFG_BORV$0                       (abs)        000000
__CFG_CCP2MX$PORTC                 (abs)        000000
__CFG_CP0$OFF                      (abs)        000000
__CFG_CP1$OFF                      (abs)        000000
__CFG_CP2$OFF                      (abs)        000000
__CFG_CP3$OFF                      (abs)        000000
__CFG_CPB$OFF                      (abs)        000000
__CFG_CPD$OFF                      (abs)        000000
__CFG_EBTR0$OFF                    (abs)        000000
__CFG_EBTR1$OFF                    (abs)        000000
__CFG_EBTR2$OFF                    (abs)        000000
__CFG_EBTR3$OFF                    (abs)        000000
__CFG_EBTRB$OFF                    (abs)        000000
__CFG_FCMEN$OFF                    (abs)        000000
__CFG_IESO$OFF                     (abs)        000000
__CFG_LPT1OSC$OFF                  (abs)        000000
__CFG_LVP$OFF                      (abs)        000000
__CFG_MCLRE$ON                     (abs)        000000
__CFG_OSC$HS                       (abs)        000000
__CFG_PBADEN$OFF                   (abs)        000000
__CFG_PWRT$OFF                     (abs)        000000
__CFG_STVREN$OFF                   (abs)        000000
__CFG_WDT$OFF                      (abs)        000000
__CFG_WDTPS$64                     (abs)        000000
__CFG_WRT0$OFF                     (abs)        000000
__CFG_WRT1$OFF                     (abs)        000000
__CFG_WRT2$OFF                     (abs)        000000
__CFG_WRT3$OFF                     (abs)        000000
__CFG_WRTB$OFF                     (abs)        000000
__CFG_WRTC$OFF                     (abs)        000000
__CFG_WRTD$OFF                     (abs)        000000
__CFG_XINST$OFF                    (abs)        000000
__HRAM                             (abs)        000000
__Habs1                            abs1         000000
__Hbank0                           bank0        000000
__Hbank1                           bank1        000000
__Hbank2                           bank2        000000
__Hbank3                           bank3        000000
__Hbank4                           bank4        000000
__Hbank5                           bank5        000000
__Hbigbss                          bigbss       000000
__Hbigdata                         bigdata      000000
__Hbigram                          bigram       000000
__Hbss                             bss          000000
__HbssBANK1                        bssBANK1     000000
__HbssBANK5                        bssBANK5     000000
__HbssCOMRAM                       bssCOMRAM    000000
__Hcinit                           cinit        000000
__Hclrtext                         clrtext      000000
__Hcomram                          comram       000000
__Hconfig                          config       30000E
__Hconst                           const        000000
__HcstackBANK0                     cstackBANK0  000000
__HcstackCOMRAM                    cstackCOMRAM 000000
__Hdata                            data         000000
__HdataBANK2                       dataBANK2    000000
__HdataBANK3                       dataBANK3    000000
__HdataBANK4                       dataBANK4    000000
__HdataCOMRAM                      dataCOMRAM   000000
__Heeprom_data                     eeprom_data  000000
__Hfarbss                          farbss       000000
__Hfardata                         fardata      000000
__Hibigdata                        ibigdata     000000
__Hidata                           idata        000000
__HidataBANK2                      idataBANK2   000000
__HidataBANK3                      idataBANK3   000000
__HidataBANK4                      idataBANK4   000000
__HidataCOMRAM                     idataCOMRAM  000000
__Hidloc                           idloc        200008
__Hifardata                        ifardata     000000
__Hinit                            init         000012
__Hintcode                         intcode      00000E
__Hintcode_body                    intcode_body 000000
__Hintcodelo                       intcodelo    00000E
__Hintentry                        intentry     000000
__Hintret                          intret       000000
__Hintsave_regs                    intsave_regs 000000
__Hirdata                          irdata       000000
__Hmediumconst                     mediumconst  008000
__HnvFARRAM                        nvFARRAM     000000
__Hnvbit                           nvbit        000000
__Hnvrram                          nvrram       000000
__Hparam                           rparam       000000
__Hpowerup                         powerup      00000E
__Hram                             ram          000000
__Hramtop                          ramtop       000600
__Hrbit                            rbit         000000
__Hrbss                            rbss         000000
__Hrdata                           rdata        000000
__Hreset_vec                       reset_vec    000004
__Hrparam                          rparam       000000
__Hsfr                             sfr          000000
__Hsmallconst                      smallconst   000000
__Hspace_0                         (abs)        30000E
__Hspace_1                         (abs)        000600
__Hspace_2                         (abs)        000000
__Hstack                           stack        000000
__Hstruct                          struct       000000
__Htemp                            temp         000070
__Htext                            text         000000
__Htext0                           text0        000000
__Htext1                           text1        000000
__Htext10                          text10       000000
__Htext11                          text11       000000
__Htext12                          text12       000000
__Htext13                          text13       000000
__Htext14                          text14       000000
__Htext15                          text15       000000
__Htext2                           text2        000000
__Htext3                           text3        000000
__Htext4                           text4        000000
__Htext5                           text5        000000
__Htext6                           text6        000000
__Htext7                           text7        000000
__Htext8                           text8        000000
__Htext9                           text9        000000
__LRAM                             (abs)        000001
__Labs1                            abs1         000000
__Lbank0                           bank0        000000
__Lbank1                           bank1        000000
__Lbank2                           bank2        000000
__Lbank3                           bank3        000000
__Lbank4                           bank4        000000
__Lbank5                           bank5        000000
__Lbigbss                          bigbss       000000
__Lbigdata                         bigdata      000000
__Lbigram                          bigram       000000
__Lbss                             bss          000000
__LbssBANK1                        bssBANK1     000000
__LbssBANK5                        bssBANK5     000000
__LbssCOMRAM                       bssCOMRAM    000000
__Lcinit                           cinit        000000
__Lclrtext                         clrtext      000000
__Lcomram                          comram       000000
__Lconfig                          config       300000
__Lconst                           const        000000
__LcstackBANK0                     cstackBANK0  000000
__LcstackCOMRAM                    cstackCOMRAM 000000
__Ldata                            data         000000
__LdataBANK2                       dataBANK2    000000
__LdataBANK3                       dataBANK3    000000
__LdataBANK4                       dataBANK4    000000
__LdataCOMRAM                      dataCOMRAM   000000
__Leeprom_data                     eeprom_data  000000
__Lfarbss                          farbss       000000
__Lfardata                         fardata      000000
__Libigdata                        ibigdata     000000
__Lidata                           idata        000000
__LidataBANK2                      idataBANK2   000000
__LidataBANK3                      idataBANK3   000000
__LidataBANK4                      idataBANK4   000000
__LidataCOMRAM                     idataCOMRAM  000000
__Lidloc                           idloc        200000
__Lifardata                        ifardata     000000
__Linit                            init         00000E
__Lintcode                         intcode      000008
__Lintcode_body                    intcode_body 000000
__Lintcodelo                       intcodelo    00000E
__Lintentry                        intentry     000000
__Lintret                          intret       000000
__Lintsave_regs                    intsave_regs 000000
__Lirdata                          irdata       000000
__Lmediumconst                     mediumconst  003F6E
__LnvFARRAM                        nvFARRAM     000000
__Lnvbit                           nvbit        000000
__Lnvrram                          nvrram       000000
__Lparam                           rparam       000000
__Lpowerup                         powerup      00000E
__Lram                             ram          000000
__Lramtop                          ramtop       000600
__Lrbit                            rbit         000000
__Lrbss                            rbss         000000
__Lrdata                           rdata        000000
__Lreset_vec                       reset_vec    000000
__Lrparam                          rparam       000000
__Lsfr                             sfr          000000
__Lsmallconst                      smallconst   000000
__Lspace_0                         (abs)        000000
__Lspace_1                         (abs)        000000
__Lspace_2                         (abs)        000000
__Lstack                           stack        000000
__Lstruct                          struct       000000
__Ltemp                            temp         00006F
__Ltext                            text         000000
__Ltext0                           text0        000000
__Ltext1                           text1        000000
__Ltext10                          text10       000000
__Ltext11                          text11       000000
__Ltext12                          text12       000000
__Ltext13                          text13       000000
__Ltext14                          text14       000000
__Ltext15                          text15       000000
__Ltext2                           text2        000000
__Ltext3                           text3        000000
__Ltext4                           text4        000000
__Ltext5                           text5        000000
__Ltext6                           text6        000000
__Ltext7                           text7        000000
__Ltext8                           text8        000000
__Ltext9                           text9        000000
__S0                               (abs)        30000E
__S1                               (abs)        000600
__S2                               (abs)        000000
___inthi_sp                        stack        000000
___intlo_sp                        stack        000000
___param_bank                      (abs)        000000
___rparam_used                     (abs)        000001
___sp                              stack        000000
__accesstop                        (abs)        000080
__activetblptr                     (abs)        000002
__end_of_ASCII_16_Dot              mediumconst  007B7F
__end_of_BMP1                      mediumconst  00776F
__end_of_BMP2                      mediumconst  005F6F
__end_of_BeepInit                  text15       000F18
__end_of_ISR                       intcode_body 000958
__end_of_Initial_LY096BG30         text3        000AB2
__end_of_LCD_On                    text2        000F1C
__end_of_LCD_backlight_init        text1        000F12
__end_of__initialization           cinit        000B5E
__end_of_clear_device              text7        000DE6
__end_of_delay                     text6        000E98
__end_of_display_pattern           text5        0006F4
__end_of_ee_WriteBytes             text9        000D9E
__end_of_i2c_CfgGpio               text4        000F00
__end_of_i2c_Delay                 text14       000F20
__end_of_i2c_SendByte              text13       000E62
__end_of_i2c_Start                 text12       000EF2
__end_of_i2c_Stop                  text11       000F0C
__end_of_i2c_WaitAck               text10       000EBE
__end_of_main                      text0        000EDC
__end_of_minject                   mediumconst  007B6F
__end_of_patd                      mediumconst  007FFF
__end_of_pate                      mediumconst  007EDF
__end_of_patf                      mediumconst  007DBF
__end_of_patg                      mediumconst  007C9F
__end_of_setYX_LCD                 text8        000E2A
__initialization                   cinit        000AB2
__mediumconst                      mediumconst  003F6E
__pbssBANK1                        bssBANK1     000100
__pbssBANK5                        bssBANK5     000500
__pbssCOMRAM                       bssCOMRAM    000001
__pcinit                           cinit        000AB2
__pcstackBANK0                     cstackBANK0  000080
__pcstackCOMRAM                    cstackCOMRAM 00004F
__pdataBANK2                       dataBANK2    000200
__pdataBANK3                       dataBANK3    000300
__pdataBANK4                       dataBANK4    000400
__pdataCOMRAM                      dataCOMRAM   00006D
__pidataBANK2                      idataBANK2   000B6C
__pidataBANK3                      idataBANK3   000C0E
__pidataBANK4                      idataBANK4   000CB0
__pidataCOMRAM                     idataCOMRAM  000F1C
__pintcode                         intcode      000008
__pintcode_body                    intcode_body 0006F4
__pmediumconst                     mediumconst  003F6E
__ptext0                           text0        000EBE
__ptext1                           text1        000F0C
__ptext10                          text10       000E98
__ptext11                          text11       000F00
__ptext12                          text12       000EDC
__ptext13                          text13       000E2A
__ptext14                          text14       000F1E
__ptext15                          text15       000F12
__ptext2                           text2        000F18
__ptext3                           text3        000958
__ptext4                           text4        000EF2
__ptext5                           text5        000012
__ptext6                           text6        000E62
__ptext7                           text7        000D9E
__ptext8                           text8        000DE6
__ptext9                           text9        000D52
__ramtop                           ramtop       000600
__size_of_BeepInit                 (abs)        000000
__size_of_ISR                      (abs)        000000
__size_of_Initial_LY096BG30        (abs)        000000
__size_of_LCD_On                   (abs)        000000
__size_of_LCD_backlight_init       (abs)        000000
__size_of_clear_device             (abs)        000000
__size_of_delay                    (abs)        000000
__size_of_display_pattern          (abs)        000000
__size_of_ee_WriteBytes            (abs)        000000
__size_of_i2c_CfgGpio              (abs)        000000
__size_of_i2c_Delay                (abs)        000000
__size_of_i2c_SendByte             (abs)        000000
__size_of_i2c_Start                (abs)        000000
__size_of_i2c_Stop                 (abs)        000000
__size_of_i2c_WaitAck              (abs)        000000
__size_of_main                     (abs)        000000
__size_of_setYX_LCD                (abs)        000000
__smallconst                       smallconst   000000
_clear_device                      text7        000D9E
_css                               bssCOMRAM    000045
_delay                             text6        000E62
_display_pattern                   text5        000012
_ee_WriteBytes                     text9        000D52
_flag                              bssCOMRAM    00003D
_i2c_CfgGpio                       text4        000EF2
_i2c_Delay                         text14       000F1E
_i2c_SendByte                      text13       000E2A
_i2c_Start                         text12       000EDC
_i2c_Stop                          text11       000F00
_i2c_WaitAck                       text10       000E98
_main                              text0        000EBE
_minject                           mediumconst  00776F
_ms                                dataCOMRAM   00006E
_page                              bssCOMRAM    000043
_pata                              dataBANK2    000200
_patb                              dataBANK3    000300
_patc                              dataBANK4    000400
_patd                              mediumconst  007EDF
_pate                              mediumconst  007DBF
_patf                              mediumconst  007C9F
_patg                              mediumconst  007B7F
_rcnt                              bssCOMRAM    000044
_read_buf                          bssBANK5     000500
_setYX_LCD                         text8        000DE6
_show1                             dataCOMRAM   00006D
_ss                                bssCOMRAM    000046
_write_buf                         bssBANK1     000100
_xn                                bssCOMRAM    00003B
_xtt                               bssCOMRAM    000035
btemp                              temp         00006F
clear_device@col                   cstackCOMRAM 00006B
clear_device@page                  cstackCOMRAM 00006C
delay@i                            cstackCOMRAM 000061
delay@j                            cstackCOMRAM 000063
delay@x                            cstackCOMRAM 00005F
display_pattern@mode               cstackCOMRAM 00006C
display_pattern@num                cstackBANK0  000082
display_pattern@sub                cstackCOMRAM 00006B
ee_WriteBytes@_pWriteBuf           cstackCOMRAM 000061
ee_WriteBytes@_usAddress           cstackCOMRAM 000063
ee_WriteBytes@_usSize              cstackCOMRAM 000064
ee_WriteBytes@m                    cstackCOMRAM 000066
ee_WriteBytes@usAddr               cstackCOMRAM 000068
end_of_initialization              cinit        000B5E
i2c_SendByte@_ucByte               cstackCOMRAM 00005F
i2c_SendByte@i                     cstackCOMRAM 000060
i2c_WaitAck@re                     cstackCOMRAM 00005F
int$flags                          temp         00006F
int_func                           intcode_body 0006F4
intlevel0                          text         000000
intlevel1                          text         000000
intlevel2                          text         000000
intlevel3                          text         000000
setYX_LCD@px                       cstackCOMRAM 000069
setYX_LCD@py                       cstackCOMRAM 00006A
stackhi                            (abs)        0000FF
stacklo                            (abs)        000083
start                              init         00000E
start_initialization               cinit        000AB2


FUNCTION INFORMATION:

 *************** function _main *****************
 Defined at:
		line 63 in file "../Main.c"
 Parameters:    Size  Location     Type
		None
 Auto vars:     Size  Location     Type
		None
 Return value:  Size  Location     Type
                  1    wreg      void 
 Registers used:
		wreg, fsr0l, fsr0h, status,2, status,0, tblptrl, tblptrh, tblptru, prodl, prodh, cstack
 Tracked objects:
		On entry : 
		On exit  : 
		Unchanged: 
 Data sizes:     COMRAM   BANK0   BANK1   BANK2   BANK3   BANK4   BANK5
      Params:         0       0       0       0       0       0       0
      Locals:         0       0       0       0       0       0       0
      Temps:          0       0       0       0       0       0       0
      Totals:         0       0       0       0       0       0       0
Total ram usage:        0 bytes
 Hardware stack levels required when called:    7
 This function calls:
		_BeepInit
		_Initial_LY096BG30
		_LCD_On
		_LCD_backlight_init
		_delay
 This function is called by:
		Startup code after reset
 This function uses a non-reentrant model


 *************** function _LCD_backlight_init *****************
 Defined at:
		line 782 in file "../Oled.c"
 Parameters:    Size  Location     Type
		None
 Auto vars:     Size  Location     Type
		None
 Return value:  Size  Location     Type
                  1    wreg      void 
 Registers used:
		None
 Tracked objects:
		On entry : 
		On exit  : 
		Unchanged: 
 Data sizes:     COMRAM   BANK0   BANK1   BANK2   BANK3   BANK4   BANK5
      Params:         0       0       0       0       0       0       0
      Locals:         0       0       0       0       0       0       0
      Temps:          0       0       0       0       0       0       0
      Totals:         0       0       0       0       0       0       0
Total ram usage:        0 bytes
 Hardware stack levels used:    1
 Hardware stack levels required when called:    1
 This function calls:
		Nothing
 This function is called by:
		_main
 This function uses a non-reentrant model


 *************** function _LCD_On *****************
 Defined at:
		line 795 in file "../Oled.c"
 Parameters:    Size  Location     Type
		None
 Auto vars:     Size  Location     Type
		None
 Return value:  Size  Location     Type
                  1    wreg      void 
 Registers used:
		None
 Tracked objects:
		On entry : 
		On exit  : 
		Unchanged: 
 Data sizes:     COMRAM   BANK0   BANK1   BANK2   BANK3   BANK4   BANK5
      Params:         0       0       0       0       0       0       0
      Locals:         0       0       0       0       0       0       0
      Temps:          0       0       0       0       0       0       0
      Totals:         0       0       0       0       0       0       0
Total ram usage:        0 bytes
 Hardware stack levels used:    1
 Hardware stack levels required when called:    1
 This function calls:
		Nothing
 This function is called by:
		_main
 This function uses a non-reentrant model


 *************** function _Initial_LY096BG30 *****************
 Defined at:
		line 1284 in file "../Oled.c"
 Parameters:    Size  Location     Type
		None
 Auto vars:     Size  Location     Type
		None
 Return value:  Size  Location     Type
                  1    wreg      void 
 Registers used:
		wreg, fsr0l, fsr0h, status,2, status,0, tblptrl, tblptrh, tblptru, prodl, prodh, cstack
 Tracked objects:
		On entry : 
		On exit  : 
		Unchanged: 
 Data sizes:     COMRAM   BANK0   BANK1   BANK2   BANK3   BANK4   BANK5
      Params:         0       0       0       0       0       0       0
      Locals:         0       0       0       0       0       0       0
      Temps:          0       0       0       0       0       0       0
      Totals:         0       0       0       0       0       0       0
Total ram usage:        0 bytes
 Hardware stack levels used:    1
 Hardware stack levels required when called:    6
 This function calls:
		_clear_device
		_delay
		_display_pattern
		_ee_WriteBytes
		_i2c_CfgGpio
 This function is called by:
		_main
 This function uses a non-reentrant model


 *************** function _i2c_CfgGpio *****************
 Defined at:
		line 301 in file "../Oled.c"
 Parameters:    Size  Location     Type
		None
 Auto vars:     Size  Location     Type
		None
 Return value:  Size  Location     Type
                  1    wreg      void 
 Registers used:
		None
 Tracked objects:
		On entry : 
		On exit  : 
		Unchanged: 
 Data sizes:     COMRAM   BANK0   BANK1   BANK2   BANK3   BANK4   BANK5
      Params:         0       0       0       0       0       0       0
      Locals:         0       0       0       0       0       0       0
      Temps:          0       0       0       0       0       0       0
      Totals:         0       0       0       0       0       0       0
Total ram usage:        0 bytes
 Hardware stack levels used:    1
 Hardware stack levels required when called:    1
 This function calls:
		Nothing
 This function is called by:
		_Initial_LY096BG30
 This function uses a non-reentrant model


 *************** function _display_pattern *****************
 Defined at:
		line 1119 in file "../Oled.c"
 Parameters:    Size  Location     Type
  num             1    wreg     unsigned char 
  sub             1   28[COMRAM] unsigned char 
  mode            1   29[COMRAM] unsigned char 
 Auto vars:     Size  Location     Type
  num             1    2[BANK0 ] unsigned char 
 Return value:  Size  Location     Type
                  1    wreg      unsigned char 
 Registers used:
		wreg, fsr0l, fsr0h, status,2, status,0, tblptrl, tblptrh, tblptru, prodl, prodh, cstack
 Tracked objects:
		On entry : 
		On exit  : 
		Unchanged: 
 Data sizes:     COMRAM   BANK0   BANK1   BANK2   BANK3   BANK4   BANK5
      Params:         2       0       0       0       0       0       0
      Locals:         0       1       0       0       0       0       0
      Temps:          0       2       0       0       0       0       0
      Totals:         2       3       0       0       0       0       0
Total ram usage:        5 bytes
 Hardware stack levels used:    1
 Hardware stack levels required when called:    5
 This function calls:
		_ee_WriteBytes
		_setYX_LCD
 This function is called by:
		_Initial_LY096BG30
 This function uses a non-reentrant model


 *************** function _delay *****************
 Defined at:
		line 148 in file "../Oled.c"
 Parameters:    Size  Location     Type
  x               2   16[COMRAM] unsigned int 
 Auto vars:     Size  Location     Type
  j               2   20[COMRAM] unsigned int 
  i               2   18[COMRAM] unsigned int 
 Return value:  Size  Location     Type
                  1    wreg      void 
 Registers used:
		wreg, status,2, status,0
 Tracked objects:
		On entry : 
		On exit  : 
		Unchanged: 
 Data sizes:     COMRAM   BANK0   BANK1   BANK2   BANK3   BANK4   BANK5
      Params:         2       0       0       0       0       0       0
      Locals:         4       0       0       0       0       0       0
      Temps:          0       0       0       0       0       0       0
      Totals:         6       0       0       0       0       0       0
Total ram usage:        6 bytes
 Hardware stack levels used:    1
 Hardware stack levels required when called:    1
 This function calls:
		Nothing
 This function is called by:
		_main
		_Initial_LY096BG30
 This function uses a non-reentrant model


 *************** function _clear_device *****************
 Defined at:
		line 1265 in file "../Oled.c"
 Parameters:    Size  Location     Type
		None
 Auto vars:     Size  Location     Type
  page            1   29[COMRAM] unsigned char 
  col             1   28[COMRAM] unsigned char 
 Return value:  Size  Location     Type
                  1    wreg      unsigned char 
 Registers used:
		wreg, fsr0l, fsr0h, status,2, status,0, tblptrl, tblptrh, tblptru, cstack
 Tracked objects:
		On entry : 
		On exit  : 
		Unchanged: 
 Data sizes:     COMRAM   BANK0   BANK1   BANK2   BANK3   BANK4   BANK5
      Params:         0       0       0       0       0       0       0
      Locals:         2       0       0       0       0       0       0
      Temps:          0       0       0       0       0       0       0
      Totals:         2       0       0       0       0       0       0
Total ram usage:        2 bytes
 Hardware stack levels used:    1
 Hardware stack levels required when called:    5
 This function calls:
		_ee_WriteBytes
		_setYX_LCD
 This function is called by:
		_Initial_LY096BG30
 This function uses a non-reentrant model


 *************** function _setYX_LCD *****************
 Defined at:
		line 816 in file "../Oled.c"
 Parameters:    Size  Location     Type
  py              1    wreg     unsigned char 
  px              1   26[COMRAM] unsigned char 
 Auto vars:     Size  Location     Type
  py              1   27[COMRAM] unsigned char 
 Return value:  Size  Location     Type
                  1    wreg      unsigned char 
 Registers used:
		wreg, fsr0l, fsr0h, status,2, status,0, tblptrl, tblptrh, tblptru, cstack
 Tracked objects:
		On entry : 
		On exit  : 
		Unchanged: 
 Data sizes:     COMRAM   BANK0   BANK1   BANK2   BANK3   BANK4   BANK5
      Params:         1       0       0       0       0       0       0
      Locals:         1       0       0       0       0       0       0
      Temps:          0       0       0       0       0       0       0
      Totals:         2       0       0       0       0       0       0
Total ram usage:        2 bytes
 Hardware stack levels used:    1
 Hardware stack levels required when called:    4
 This function calls:
		_ee_WriteBytes
 This function is called by:
		_display_pattern
		_clear_device
 This function uses a non-reentrant model


 *************** function _ee_WriteBytes *****************
 Defined at:
		line 564 in file "../Oled.c"
 Parameters:    Size  Location     Type
  _pWriteBuf      2   18[COMRAM] PTR unsigned char 
		 -> patg(288), patf(288), pate(288), patd(288), 
		 -> patc(162), patb(162), pata(162), write_buf(256), 
		 -> ee_Erase@buf(256), 
  _usAddress      1   20[COMRAM] unsigned char 
  _usSize         2   21[COMRAM] unsigned int 
 Auto vars:     Size  Location     Type
  m               2   23[COMRAM] unsigned int 
  i               2    0        unsigned int 
  usAddr          1   25[COMRAM] unsigned char 
 Return value:  Size  Location     Type
                  1    wreg      unsigned char 
 Registers used:
		wreg, fsr0l, fsr0h, status,2, status,0, tblptrl, tblptrh, tblptru, cstack
 Tracked objects:
		On entry : 
		On exit  : 
		Unchanged: 
 Data sizes:     COMRAM   BANK0   BANK1   BANK2   BANK3   BANK4   BANK5
      Params:         5       0       0       0       0       0       0
      Locals:         3       0       0       0       0       0       0
      Temps:          0       0       0       0       0       0       0
      Totals:         8       0       0       0       0       0       0
Total ram usage:        8 bytes
 Hardware stack levels used:    1
 Hardware stack levels required when called:    3
 This function calls:
		_i2c_SendByte
		_i2c_Start
		_i2c_Stop
		_i2c_WaitAck
 This function is called by:
		_setYX_LCD
		_display_pattern
		_clear_device
		_Initial_LY096BG30
		_ee_Erase
		_ee_Test
 This function uses a non-reentrant model


 *************** function _i2c_WaitAck *****************
 Defined at:
		line 250 in file "../Oled.c"
 Parameters:    Size  Location     Type
		None
 Auto vars:     Size  Location     Type
  re              1   16[COMRAM] unsigned char 
 Return value:  Size  Location     Type
                  1    wreg      unsigned char 
 Registers used:
		wreg, status,2, cstack
 Tracked objects:
		On entry : 
		On exit  : 
		Unchanged: 
 Data sizes:     COMRAM   BANK0   BANK1   BANK2   BANK3   BANK4   BANK5
      Params:         0       0       0       0       0       0       0
      Locals:         1       0       0       0       0       0       0
      Temps:          0       0       0       0       0       0       0
      Totals:         1       0       0       0       0       0       0
Total ram usage:        1 bytes
 Hardware stack levels used:    1
 Hardware stack levels required when called:    2
 This function calls:
		_i2c_Delay
 This function is called by:
		_ee_WriteBytes
		_ee_CheckDevice
		_ee_ReadBytes
 This function uses a non-reentrant model


 *************** function _i2c_Stop *****************
 Defined at:
		line 184 in file "../Oled.c"
 Parameters:    Size  Location     Type
		None
 Auto vars:     Size  Location     Type
		None
 Return value:  Size  Location     Type
                  1    wreg      void 
 Registers used:
		cstack
 Tracked objects:
		On entry : 
		On exit  : 
		Unchanged: 
 Data sizes:     COMRAM   BANK0   BANK1   BANK2   BANK3   BANK4   BANK5
      Params:         0       0       0       0       0       0       0
      Locals:         0       0       0       0       0       0       0
      Temps:          0       0       0       0       0       0       0
      Totals:         0       0       0       0       0       0       0
Total ram usage:        0 bytes
 Hardware stack levels used:    1
 Hardware stack levels required when called:    2
 This function calls:
		_i2c_Delay
 This function is called by:
		_ee_WriteBytes
		_ee_CheckDevice
		_ee_ReadBytes
 This function uses a non-reentrant model


 *************** function _i2c_Start *****************
 Defined at:
		line 171 in file "../Oled.c"
 Parameters:    Size  Location     Type
		None
 Auto vars:     Size  Location     Type
		None
 Return value:  Size  Location     Type
                  1    wreg      void 
 Registers used:
		cstack
 Tracked objects:
		On entry : 
		On exit  : 
		Unchanged: 
 Data sizes:     COMRAM   BANK0   BANK1   BANK2   BANK3   BANK4   BANK5
      Params:         0       0       0       0       0       0       0
      Locals:         0       0       0       0       0       0       0
      Temps:          0       0       0       0       0       0       0
      Totals:         0       0       0       0       0       0       0
Total ram usage:        0 bytes
 Hardware stack levels used:    1
 Hardware stack levels required when called:    2
 This function calls:
		_i2c_Delay
 This function is called by:
		_ee_WriteBytes
		_ee_CheckDevice
		_ee_ReadBytes
 This function uses a non-reentrant model


 *************** function _i2c_SendByte *****************
 Defined at:
		line 194 in file "../Oled.c"
 Parameters:    Size  Location     Type
  _ucByte         1    wreg     unsigned char 
 Auto vars:     Size  Location     Type
  _ucByte         1   16[COMRAM] unsigned char 
  i               1   17[COMRAM] unsigned char 
 Return value:  Size  Location     Type
                  1    wreg      void 
 Registers used:
		wreg, status,2, status,0, cstack
 Tracked objects:
		On entry : 
		On exit  : 
		Unchanged: 
 Data sizes:     COMRAM   BANK0   BANK1   BANK2   BANK3   BANK4   BANK5
      Params:         0       0       0       0       0       0       0
      Locals:         2       0       0       0       0       0       0
      Temps:          0       0       0       0       0       0       0
      Totals:         2       0       0       0       0       0       0
Total ram usage:        2 bytes
 Hardware stack levels used:    1
 Hardware stack levels required when called:    2
 This function calls:
		_i2c_Delay
 This function is called by:
		_ee_WriteBytes
		_ee_CheckDevice
		_ee_ReadBytes
 This function uses a non-reentrant model


 *************** function _i2c_Delay *****************
 Defined at:
		line 155 in file "../Oled.c"
 Parameters:    Size  Location     Type
		None
 Auto vars:     Size  Location     Type
  i               4    0        unsigned long 
 Return value:  Size  Location     Type
                  1    wreg      void 
 Registers used:
		None
 Tracked objects:
		On entry : 
		On exit  : 
		Unchanged: 
 Data sizes:     COMRAM   BANK0   BANK1   BANK2   BANK3   BANK4   BANK5
      Params:         0       0       0       0       0       0       0
      Locals:         0       0       0       0       0       0       0
      Temps:          0       0       0       0       0       0       0
      Totals:         0       0       0       0       0       0       0
Total ram usage:        0 bytes
 Hardware stack levels used:    1
 Hardware stack levels required when called:    1
 This function calls:
		Nothing
 This function is called by:
		_i2c_Start
		_i2c_Stop
		_i2c_SendByte
		_i2c_WaitAck
		_i2c_ReadByte
		_i2c_Ack
		_i2c_NAck
 This function uses a non-reentrant model


 *************** function _BeepInit *****************
 Defined at:
		line 4 in file "../Beep.c"
 Parameters:    Size  Location     Type
		None
 Auto vars:     Size  Location     Type
		None
 Return value:  Size  Location     Type
                  1    wreg      void 
 Registers used:
		None
 Tracked objects:
		On entry : 
		On exit  : 
		Unchanged: 
 Data sizes:     COMRAM   BANK0   BANK1   BANK2   BANK3   BANK4   BANK5
      Params:         0       0       0       0       0       0       0
      Locals:         0       0       0       0       0       0       0
      Temps:          0       0       0       0       0       0       0
      Totals:         0       0       0       0       0       0       0
Total ram usage:        0 bytes
 Hardware stack levels used:    1
 Hardware stack levels required when called:    1
 This function calls:
		Nothing
 This function is called by:
		_main
 This function uses a non-reentrant model


 *************** function _ISR *****************
 Defined at:
		line 17 in file "../Timer.c"
 Parameters:    Size  Location     Type
		None
 Auto vars:     Size  Location     Type
  i               1   15[COMRAM] unsigned char 
 Return value:  Size  Location     Type
                  1    wreg      void 
 Registers used:
		wreg, status,2, status,0
 Tracked objects:
		On entry : 
		On exit  : 
		Unchanged: 
 Data sizes:     COMRAM   BANK0   BANK1   BANK2   BANK3   BANK4   BANK5
      Params:         0       0       0       0       0       0       0
      Locals:         1       0       0       0       0       0       0
      Temps:         15       0       0       0       0       0       0
      Totals:        16       0       0       0       0       0       0
Total ram usage:       16 bytes
 Hardware stack levels used:    1
 This function calls:
		Nothing
 This function is called by:
		Interrupt level 2
 This function uses a non-reentrant model



MODULE INFORMATION

Module		Function		Class		Link	Load	Size
../Timer.c
		_ISR           		CODE           	0008	0000	619

../Timer.c estimated size: 619

../Oled.c
		_delay         		CODE           	0E62	0000	55
		_i2c_CfgGpio   		CODE           	0EF2	0000	15
		_setYX_LCD     		CODE           	0DE6	0000	69
		_i2c_Stop      		CODE           	0F00	0000	13
		_clear_device  		CODE           	0D9E	0000	73
		_i2c_WaitAck   		CODE           	0E98	0000	39
		_i2c_Delay     		CODE           	0F1E	0000	3
		_i2c_SendByte  		CODE           	0E2A	0000	57
		_LCD_backlight_init		CODE           	0F0C	0000	7
		_ee_WriteBytes 		CODE           	0D52	0000	77
		_Initial_LY096BG30		CODE           	0958	0000	347
		_i2c_Start     		CODE           	0EDC	0000	23
		_display_pattern		CODE           	0012	0000	1763
		_LCD_On        		CODE           	0F18	0000	5

../Oled.c estimated size: 2546

../Main.c
		_main          		CODE           	0EBE	0000	31

../Main.c estimated size: 31

shared
		_pate          		MEDIUMCONST    	7DBF	0000	289
		_BMP1          		MEDIUMCONST    	5F6F	0000	6145
		_patf          		MEDIUMCONST    	7C9F	0000	289
		_BMP2          		MEDIUMCONST    	3F6F	0000	8193
		_patg          		MEDIUMCONST    	7B7F	0000	289
		__initialization		CODE           	0AB2	0000	173
		_minject       		MEDIUMCONST    	776F	0000	1025
		_ASCII_16_Dot  		MEDIUMCONST    	7B6F	0000	17
		_patd          		MEDIUMCONST    	7EDF	0000	289

shared estimated size: 16709

../Beep.c
		_BeepInit      		CODE           	0F12	0000	7

../Beep.c estimated size: 7

