stm32f4xx_hal_eth.c:2274:13:ETH_Delay.constprop	8	static,ignoring_inline_asm
stm32f4xx_hal_eth.c:2255:13:ETH_FlushTransmitFIFO	16	static
stm32f4xx_hal_eth.c:1837:13:ETH_MACDMAConfig	16	static
stm32f4xx_hal_eth.c:533:19:HAL_ETH_DMATxDescListInit	24	static
stm32f4xx_hal_eth.c:600:19:HAL_ETH_DMARxDescListInit	28	static
stm32f4xx_hal_eth.c:667:13:HAL_ETH_MspInit	0	static
stm32f4xx_hal_eth.c:682:13:HAL_ETH_MspDeInit	0	static
stm32f4xx_hal_eth.c:497:19:HAL_ETH_DeInit	8	static
stm32f4xx_hal_eth.c:892:19:HAL_ETH_TransmitFrame	20	static
stm32f4xx_hal_eth.c:1005:19:HAL_ETH_GetReceivedFrame	12	static
stm32f4xx_hal_eth.c:1085:19:HAL_ETH_GetReceivedFrame_IT	16	static
stm32f4xx_hal_eth.c:1244:13:HAL_ETH_TxCpltCallback	0	static
stm32f4xx_hal_eth.c:1259:13:HAL_ETH_RxCpltCallback	0	static
stm32f4xx_hal_eth.c:1274:13:HAL_ETH_ErrorCallback	0	static
stm32f4xx_hal_eth.c:1170:6:HAL_ETH_IRQHandler	16	static
stm32f4xx_hal_eth.c:1295:19:HAL_ETH_ReadPHYRegister	24	static
stm32f4xx_hal_eth.c:1367:19:HAL_ETH_WritePHYRegister	16	static
stm32f4xx_hal_eth.c:213:19:HAL_ETH_Init	32	static
stm32f4xx_hal_eth.c:1459:19:HAL_ETH_Start	24	static
stm32f4xx_hal_eth.c:1498:19:HAL_ETH_Stop	24	static
stm32f4xx_hal_eth.c:1538:19:HAL_ETH_ConfigMAC	24	static
stm32f4xx_hal_eth.c:1705:19:HAL_ETH_ConfigDMA	24	static
stm32f4xx_hal_eth.c:1812:22:HAL_ETH_GetState	0	static
