stm324xg_eval_lcd.c:919:13:SetDisplayWindow	4	static
stm324xg_eval_lcd.c:127:9:BSP_LCD_Init	24	static
stm324xg_eval_lcd.c:156:10:BSP_LCD_GetXSize	8	static
stm324xg_eval_lcd.c:165:10:BSP_LCD_GetYSize	8	static
stm324xg_eval_lcd.c:174:10:BSP_LCD_GetTextColor	0	static
stm324xg_eval_lcd.c:183:10:BSP_LCD_GetBackColor	0	static
stm324xg_eval_lcd.c:192:6:BSP_LCD_SetTextColor	0	static
stm324xg_eval_lcd.c:201:6:BSP_LCD_SetBackColor	0	static
stm324xg_eval_lcd.c:210:6:BSP_LCD_SetFont	0	static
stm324xg_eval_lcd.c:219:8:BSP_LCD_GetFont	0	static
stm324xg_eval_lcd.c:355:10:BSP_LCD_ReadPixel	0	static
stm324xg_eval_lcd.c:373:6:BSP_LCD_DrawPixel	0	static
stm324xg_eval_lcd.c:269:6:BSP_LCD_DisplayChar	56	static
stm324xg_eval_lcd.c:286:6:BSP_LCD_DisplayStringAt	32	static
stm324xg_eval_lcd.c:344:6:BSP_LCD_DisplayStringAtLine	0	static
stm324xg_eval_lcd.c:387:6:BSP_LCD_DrawHLine	24	static
stm324xg_eval_lcd.c:228:6:BSP_LCD_Clear	16	static
stm324xg_eval_lcd.c:410:6:BSP_LCD_DrawVLine	24	static
stm324xg_eval_lcd.c:434:6:BSP_LCD_DrawLine	56	static
stm324xg_eval_lcd.c:936:13:FillTriangle	64	static
stm324xg_eval_lcd.c:508:6:BSP_LCD_DrawRect	24	static
stm324xg_eval_lcd.c:525:6:BSP_LCD_DrawCircle	64	static
stm324xg_eval_lcd.c:574:6:BSP_LCD_DrawPolygon	16	static
stm324xg_eval_lcd.c:602:6:BSP_LCD_DrawEllipse	64	static
stm324xg_eval_lcd.c:634:6:BSP_LCD_DrawBitmap	24	static
stm324xg_eval_lcd.c:662:6:BSP_LCD_DrawRGBImage	40	static
stm324xg_eval_lcd.c:681:6:BSP_LCD_FillRect	24	static
stm324xg_eval_lcd.c:250:6:BSP_LCD_ClearStringLine	24	static
stm324xg_eval_lcd.c:697:6:BSP_LCD_FillCircle	48	static
stm324xg_eval_lcd.c:744:6:BSP_LCD_FillPolygon	64	static
stm324xg_eval_lcd.c:812:6:BSP_LCD_FillEllipse	48	static
stm324xg_eval_lcd.c:841:6:BSP_LCD_DisplayOn	0	static
stm324xg_eval_lcd.c:849:6:BSP_LCD_DisplayOff	0	static
