stm324xg_eval.c:524:13:I2Cx_Init	48	static
stm324xg_eval.c:679:13:I2Cx_Error.isra.0	8	static
stm324xg_eval.c:601:13:I2Cx_Write	32	static
stm324xg_eval.c:578:16:I2Cx_Read	32	static
stm324xg_eval.c:208:10:BSP_GetVersion	0	static
stm324xg_eval.c:222:6:BSP_LED_Init	48	static
stm324xg_eval.c:247:6:BSP_LED_On	0	static
stm324xg_eval.c:261:6:BSP_LED_Off	0	static
stm324xg_eval.c:275:6:BSP_LED_Toggle	0	static
stm324xg_eval.c:298:6:BSP_PB_Init	56	static
stm324xg_eval.c:354:10:BSP_PB_GetState	8	static
stm324xg_eval.c:368:6:BSP_COM_Init	56	static
stm324xg_eval.c:407:9:BSP_JOY_Init	16	static
stm324xg_eval.c:435:18:BSP_JOY_GetState	8	static
stm324xg_eval.c:815:6:IOE_Init	0	static
stm324xg_eval.c:823:6:IOE_ITConfig	40	static
stm324xg_eval.c:834:6:IOE_Write	0	static
stm324xg_eval.c:845:9:IOE_Read	0	static
stm324xg_eval.c:858:10:IOE_ReadMultiple	24	static
stm324xg_eval.c:867:6:IOE_Delay	0	static
stm324xg_eval.c:877:6:LCD_IO_Init	160	static
stm324xg_eval.c:890:6:LCD_IO_WriteData	0	static
stm324xg_eval.c:901:6:LCD_IO_WriteMultipleData	8	static
stm324xg_eval.c:918:6:LCD_IO_WriteReg	0	static
stm324xg_eval.c:929:10:LCD_IO_ReadData	0	static
stm324xg_eval.c:941:6:AUDIO_IO_Init	0	static
stm324xg_eval.c:950:6:AUDIO_IO_DeInit	0	static
stm324xg_eval.c:961:6:AUDIO_IO_Write	0	static
stm324xg_eval.c:972:9:AUDIO_IO_Read	0	static
stm324xg_eval.c:982:6:CAMERA_IO_Init	0	static
stm324xg_eval.c:993:6:CAMERA_IO_Write	0	static
stm324xg_eval.c:1004:9:CAMERA_IO_Read	0	static
stm324xg_eval.c:1013:6:CAMERA_Delay	0	static
stm324xg_eval.c:1023:6:EEPROM_IO_Init	0	static
stm324xg_eval.c:1036:19:EEPROM_IO_WriteData	24	static
stm324xg_eval.c:1049:19:EEPROM_IO_ReadData	24	static
stm324xg_eval.c:1061:19:EEPROM_IO_IsDeviceReady	0	static
