nd6.c:1422:1:nd6_find_neighbor_cache_entry	16	static
nd6.c:1581:1:nd6_find_destination_cache_entry	16	static
nd6.c:2195:1:nd6_free_q	24	static
nd6.c:1275:1:nd6_send_na	48	static
nd6.c:1350:1:nd6_send_rs	48	static
nd6.c:1202:1:nd6_send_ns	48	static
nd6.c:1691:1:nd6_select_router.isra.0	20	static
nd6.c:2216:1:nd6_send_q.part.0	48	static
nd6.c:147:1:nd6_duplicate_addr_detected	16	static
nd6.c:1550:1:nd6_free_neighbor_cache_entry	24	static
nd6.c:1443:1:nd6_new_neighbor_cache_entry	16	static
nd6.c:287:1:nd6_input	112	static
nd6.c:975:1:nd6_tmr	48	static
nd6.c:1634:1:nd6_clear_destination_cache	0	static
nd6.c:1763:1:nd6_find_route	16	static
nd6.c:2287:1:nd6_get_next_hop_addr_or_queue	48	static
nd6.c:2328:1:nd6_get_destination_mtu	8	static
nd6.c:2358:1:nd6_reachability_hint	24	static
nd6.c:2402:1:nd6_cleanup_netif	24	static
nd6.c:2439:1:nd6_adjust_mld_membership	4	static
nd6.c:2466:1:nd6_restart_netif	0	static
