stm32f4xx_ll_fsmc.c:129:20:FSMC_NORSRAM_Init	16	static
stm32f4xx_ll_fsmc.c:238:19:FSMC_NORSRAM_DeInit	8	static
stm32f4xx_ll_fsmc.c:275:19:FSMC_NORSRAM_Timing_Init	8	static
stm32f4xx_ll_fsmc.c:330:20:FSMC_NORSRAM_Extended_Timing_Init	12	static
stm32f4xx_ll_fsmc.c:396:19:FSMC_NORSRAM_WriteOperation_Enable	0	static
stm32f4xx_ll_fsmc.c:414:19:FSMC_NORSRAM_WriteOperation_Disable	0	static
stm32f4xx_ll_fsmc.c:483:19:FSMC_NAND_Init	12	static
stm32f4xx_ll_fsmc.c:543:19:FSMC_NAND_CommonSpace_Timing_Init	8	static
stm32f4xx_ll_fsmc.c:597:19:FSMC_NAND_AttributeSpace_Timing_Init	8	static
stm32f4xx_ll_fsmc.c:649:19:FSMC_NAND_DeInit	0	static
stm32f4xx_ll_fsmc.c:700:20:FSMC_NAND_ECC_Enable	0	static
stm32f4xx_ll_fsmc.c:721:19:FSMC_NAND_ECC_Disable	0	static
stm32f4xx_ll_fsmc.c:744:19:FSMC_NAND_GetECC	32	static
stm32f4xx_ll_fsmc.c:838:19:FSMC_PCCARD_Init	0	static
stm32f4xx_ll_fsmc.c:872:19:FSMC_PCCARD_CommonSpace_Timing_Init	0	static
stm32f4xx_ll_fsmc.c:906:19:FSMC_PCCARD_AttributeSpace_Timing_Init	0	static
stm32f4xx_ll_fsmc.c:940:19:FSMC_PCCARD_IOSpace_Timing_Init	0	static
stm32f4xx_ll_fsmc.c:973:19:FSMC_PCCARD_DeInit	0	static
