Microchip MPLAB XC8 Compiler V1.41 ()

Linker command line:

-W-3 --edf=C:\Program Files (x86)\Microchip\xc8\v1.41\dat\en_msgs.txt -cs \
  -h+dist/default/production\hgun.X.production.sym \
  --cmf=dist/default/production\hgun.X.production.cmf -z -Q18F4520 \
  -oC:\Users\ADMINI~1\AppData\Local\Temp\snq4.2 \
  -Mdist/default/production/hgun.X.production.map -E1 -ver=XC8 \
  -ASTACK=0400h-05ffh -pstack=STACK -ACODE=00h-07FFFh -ACONST=00h-07FFFh \
  -ASMALLCONST=0600h-06FFhx122 -AMEDIUMCONST=0600h-07FFFh -ACOMRAM=01h-07Fh \
  -AABS1=00h-05FFh -ABIGRAM=01h-05FFh -ARAM=080h-0FFh,0100h-01FFhx5 \
  -ABANK0=080h-0FFh -ABANK1=0100h-01FFh -ABANK2=0200h-02FFh \
  -ABANK3=0300h-03FFh -ABANK4=0400h-04FFh -ABANK5=0500h-05FFh \
  -ASFR=0F80h-0FFFh -preset_vec=00h,intcode=08h,intcodelo,powerup,init \
  -pramtop=0600h -psmallconst=SMALLCONST -pmediumconst=MEDIUMCONST \
  -pconst=CONST -AFARRAM=00h-00h -ACONFIG=0300000h-030000Dh -pconfig=CONFIG \
  -AIDLOC=0200000h-0200007h -pidloc=IDLOC -AEEDATA=0F00000h-0F000FFh \
  -peeprom_data=EEDATA \
  -prdata=COMRAM,nvrram=COMRAM,nvbit=COMRAM,rbss=COMRAM,rbit=COMRAM \
  -pfarbss=FARRAM,fardata=FARRAM,nvFARRAM=FARRAM \
  -pintsave_regs=BIGRAM,bigbss=BIGRAM,bigdata=BIGRAM -pbss=RAM \
  -pidata=CODE,irdata=CODE,ibigdata=CODE,ifardata=CODE -prparam=COMRAM \
  C:\Users\ADMINI~1\AppData\Local\Temp\snq4.obj \
  dist/default/production\hgun.X.production.obj 

Object code version is 3.11

Machine type is 18F4520

Call graph: (short form)




                Name                               Link     Load   Length Selector   Space Scale
C:\Users\ADMINI~1\AppData\Local\Temp\snq4.obj
                init                                  E        E        4        4       0
                reset_vec                             0        0        4        0       0
                idloc                            200000   200000        8   200000       0
                config                           300000   300000        E   300000       0
dist/default/production\hgun.X.production.obj
                intcode                               8        8        6        4       0
                temp                                 57       57        1        1       1
                mediumconst                        72EE     72EE      D12     3977       0
                text92                             6D1E     6D1E        4        4       0
                text91                             6372     6372       AE        4       0
                text90                             44D6     44D6      1AC        4       0
                text89                             69B0     69B0       40        4       0
                text88                             6D24     6D24        2        4       0
                text87                             6A66     6A66       38        4       0
                text86                             6C7C     6C7C       16        4       0
                text85                             6CF2     6CF2        C        4       0
                text84                             6B7A     6B7A       26        4       0
                text83                             67C2     67C2       4A        4       0
                text82                             5F98     5F98       D4        4       0
                text81                             692A     692A       44        4       0
                text80                             578C     578C      156        4       0
                text79                             20FC     20FC      404        4       0
                text78                             689C     689C       48        4       0
                text77                             65B0     65B0       64        4       0
                text76                             6C4C     6C4C       1A        4       0
                text75                             5636     5636      156        4       0
                text74                             54E0     54E0      156        4       0
                text73                             4314     4314      1C2        4       0
                text72                             1808     1808      4B0        4       0
                text71                             354C     354C      2DC        4       0
                text70                             538A     538A      156        4       0
                text69                             2C06     2C06      344        4       0
                text68                             5B78     5B78      120        4       0
                text67                             6D1A     6D1A        4        4       0
                text66                             69F0     69F0       3E        4       0
                text65                             6C32     6C32       1A        4       0
                text64                             5234     5234      156        4       0
                text63                             50DE     50DE      156        4       0
                text62                             6724     6724       52        4       0
                text61                             696E     696E       42        4       0
                text60                             6CE6     6CE6        C        4       0
                text59                             5C98     5C98      11E        4       0
                intcode_body                        C6A      C6A      654        4       0
                text57                             6C92     6C92       12        4       0
                text56                             6CFE     6CFE        A        4       0
                text55                             68E4     68E4       46        4       0
                text54                             6D22     6D22        2        4       0
                text53                             6A2E     6A2E       38        4       0
                text52                             6C66     6C66       16        4       0
                text51                             6CDA     6CDA        C        4       0
                text50                             6B54     6B54       26        4       0
                text49                             6776     6776       4C        4       0
                text48                             6CC0     6CC0        E        4       0
                text47                             6854     6854       48        4       0
                text46                             6BA0     6BA0       20        4       0
                text45                             6D16     6D16        4        4       0
                text44                             6D12     6D12        4        4       0
                text43                             6BDE     6BDE       1E        4       0
                text42                             4E02     4E02      17E        4       0
                text41                             6BC0     6BC0       1E        4       0
                text40                             680C     680C       48        4       0
                text39                             6BFC     6BFC       1C        4       0
                text38                             6C18     6C18       1A        4       0
                text37                             6538     6538       78        4       0
                text36                             6614     6614       5C        4       0
                text35                             6CCE     6CCE        C        4       0
                text34                             58E2     58E2      152        4       0
                text33                             606C     606C       D2        4       0
                text32                             66CA     66CA       5A        4       0
                text31                             4C82     4C82      180        4       0
                text30                             4B02     4B02      180        4       0
                text29                             4982     4982      180        4       0
                text28                             3F30     3F30      214        4       0
                text27                             28BA     28BA      34C        4       0
                text26                             2500     2500      3BA        4       0
                text25                             3260     3260      2EC        4       0
                text24                             4802     4802      180        4       0
                text23                             62BC     62BC       B6        4       0
                text22                             4682     4682      180        4       0
                text21                             6206     6206       B6        4       0
                text20                             12BE     12BE      54A        4       0
                text19                             3828     3828      26C        4       0
                text18                             4144     4144      1D0        4       0
                text17                             3CFC     3CFC      234        4       0
                text16                             1CB8     1CB8      444        4       0
                text15                             64BA     64BA       7E        4       0
                text14                             6670     6670       5A        4       0
                text13                             6B00     6B00       2E        4       0
                text12                             5DB6     5DB6      10C        4       0
                text11                             3A94     3A94      268        4       0
                text10                             613E     613E       C8        4       0
                text9                              4F80     4F80      15E        4       0
                text8                              6AD0     6AD0       30        4       0
                text7                              2F4A     2F4A      316        4       0
                text6                              5EC2     5EC2       D6        4       0
                text5                              6CB2     6CB2        E        4       0
                text4                              5A34     5A34      144        4       0
                text3                              6A9E     6A9E       32        4       0
                text2                              6B2E     6B2E       26        4       0
                text1                              6CA4     6CA4        E        4       0
                text0                                12       12      C58        4       0
                cstackCOMRAM                          1        1       2A        1       1
                cstackBANK0                          EA       EA       12       80       1
                cstackBANK1                         178      178       26      100       1
                bssBANK3                            300      300      100      300       1
                bssBANK2                            200      200      100      200       1
                bssBANK1                            100      100       78      100       1
                dataBANK0                            FC       FC        4       80       1
                bssBANK0                             80       80       6A       80       1
                dataCOMRAM                           50       50        6        1       1
                bssCOMRAM                            2B       2B       25        1       1
                cinit                              6420     6420       9A        4       0
                nvCOMRAM                             56       56        1        1       1
                idataBANK0                         6D0E     6D0E        4        4       0
                idataCOMRAM                        6D08     6D08        6        4       0

TOTAL           Name                               Link     Load   Length     Space
        CLASS   STACK          

        CLASS   CODE           
                intcode                               8        8        6         0
                init                                  E        E        4         0
                reset_vec                             0        0        4         0
                text92                             6D1E     6D1E        4         0
                text91                             6372     6372       AE         0
                text90                             44D6     44D6      1AC         0
                text89                             69B0     69B0       40         0
                text88                             6D24     6D24        2         0
                text87                             6A66     6A66       38         0
                text86                             6C7C     6C7C       16         0
                text85                             6CF2     6CF2        C         0
                text84                             6B7A     6B7A       26         0
                text83                             67C2     67C2       4A         0
                text82                             5F98     5F98       D4         0
                text81                             692A     692A       44         0
                text80                             578C     578C      156         0
                text79                             20FC     20FC      404         0
                text78                             689C     689C       48         0
                text77                             65B0     65B0       64         0
                text76                             6C4C     6C4C       1A         0
                text75                             5636     5636      156         0
                text74                             54E0     54E0      156         0
                text73                             4314     4314      1C2         0
                text72                             1808     1808      4B0         0
                text71                             354C     354C      2DC         0
                text70                             538A     538A      156         0
                text69                             2C06     2C06      344         0
                text68                             5B78     5B78      120         0
                text67                             6D1A     6D1A        4         0
                text66                             69F0     69F0       3E         0
                text65                             6C32     6C32       1A         0
                text64                             5234     5234      156         0
                text63                             50DE     50DE      156         0
                text62                             6724     6724       52         0
                text61                             696E     696E       42         0
                text60                             6CE6     6CE6        C         0
                text59                             5C98     5C98      11E         0
                intcode_body                        C6A      C6A      654         0
                text57                             6C92     6C92       12         0
                text56                             6CFE     6CFE        A         0
                text55                             68E4     68E4       46         0
                text54                             6D22     6D22        2         0
                text53                             6A2E     6A2E       38         0
                text52                             6C66     6C66       16         0
                text51                             6CDA     6CDA        C         0
                text50                             6B54     6B54       26         0
                text49                             6776     6776       4C         0
                text48                             6CC0     6CC0        E         0
                text47                             6854     6854       48         0
                text46                             6BA0     6BA0       20         0
                text45                             6D16     6D16        4         0
                text44                             6D12     6D12        4         0
                text43                             6BDE     6BDE       1E         0
                text42                             4E02     4E02      17E         0
                text41                             6BC0     6BC0       1E         0
                text40                             680C     680C       48         0
                text39                             6BFC     6BFC       1C         0
                text38                             6C18     6C18       1A         0
                text37                             6538     6538       78         0
                text36                             6614     6614       5C         0
                text35                             6CCE     6CCE        C         0
                text34                             58E2     58E2      152         0
                text33                             606C     606C       D2         0
                text32                             66CA     66CA       5A         0
                text31                             4C82     4C82      180         0
                text30                             4B02     4B02      180         0
                text29                             4982     4982      180         0
                text28                             3F30     3F30      214         0
                text27                             28BA     28BA      34C         0
                text26                             2500     2500      3BA         0
                text25                             3260     3260      2EC         0
                text24                             4802     4802      180         0
                text23                             62BC     62BC       B6         0
                text22                             4682     4682      180         0
                text21                             6206     6206       B6         0
                text20                             12BE     12BE      54A         0
                text19                             3828     3828      26C         0
                text18                             4144     4144      1D0         0
                text17                             3CFC     3CFC      234         0
                text16                             1CB8     1CB8      444         0
                text15                             64BA     64BA       7E         0
                text14                             6670     6670       5A         0
                text13                             6B00     6B00       2E         0
                text12                             5DB6     5DB6      10C         0
                text11                             3A94     3A94      268         0
                text10                             613E     613E       C8         0
                text9                              4F80     4F80      15E         0
                text8                              6AD0     6AD0       30         0
                text7                              2F4A     2F4A      316         0
                text6                              5EC2     5EC2       D6         0
                text5                              6CB2     6CB2        E         0
                text4                              5A34     5A34      144         0
                text3                              6A9E     6A9E       32         0
                text2                              6B2E     6B2E       26         0
                text1                              6CA4     6CA4        E         0
                text0                                12       12      C58         0
                cinit                              6420     6420       9A         0
                idataBANK0                         6D0E     6D0E        4         0
                idataCOMRAM                        6D08     6D08        6         0

        CLASS   CONST          

        CLASS   SMALLCONST     

        CLASS   MEDIUMCONST    
                mediumconst                        72EE     72EE      D12         0

        CLASS   COMRAM         
                temp                                 57       57        1         1
                cstackCOMRAM                          1        1       2A         1
                dataCOMRAM                           50       50        6         1
                bssCOMRAM                            2B       2B       25         1
                nvCOMRAM                             56       56        1         1

        CLASS   ABS1           

        CLASS   BIGRAM         

        CLASS   RAM            

        CLASS   BANK0          
                cstackBANK0                          EA       EA       12         1
                dataBANK0                            FC       FC        4         1
                bssBANK0                             80       80       6A         1

        CLASS   BANK1          
                cstackBANK1                         178      178       26         1
                bssBANK1                            100      100       78         1

        CLASS   BANK2          
                bssBANK2                            200      200      100         1

        CLASS   BANK3          
                bssBANK3                            300      300      100         1

        CLASS   BANK4          

        CLASS   BANK5          

        CLASS   SFR            

        CLASS   FARRAM         

        CLASS   CONFIG         
                config                           300000   300000        E         0

        CLASS   IDLOC          
                idloc                            200000   200000        8         0

        CLASS   EEDATA         



SEGMENTS        Name                           Load    Length   Top    Selector   Space  Class

                reset_vec                      000000  000004  000004         0       0  CODE    
                cstackCOMRAM                   000001  000057  000058         1       1  COMRAM  
                intcode                        000008  006D1E  006D26         4       0  CODE    
                bssBANK0                       000080  000080  000100        80       1  BANK0   
                bssBANK1                       000100  00009E  00019E       100       1  BANK1   
                bssBANK2                       000200  000100  000300       200       1  BANK2   
                bssBANK3                       000300  000100  000400       300       1  BANK3   
                mediumconst                    0072EE  000D12  008000      3977       0  MEDIUMCO
                idloc                          200000  000008  200008    200000       0  IDLOC   
                config                         300000  00000E  30000E    300000       0  CONFIG  


UNUSED ADDRESS RANGES

        Name                Unused          Largest block    Delta
        BANK1            00019E-0001FF               62
        BANK4            000400-0004FF              100
        BANK5            000500-0005FF              100
        BIGRAM           000058-00007F               28
                         00019E-0001FF               62
                         000400-0005FF              200
        CODE             000004-000007                4
                         006D26-0072ED              5C8
        COMRAM           000058-00007F               28
        CONST            000004-000007                4
                         006D26-0072ED              5C8
        EEDATA           F00000-F000FF              100
        MEDIUMCONST      006D26-0072ED              5C8
        RAM              00019E-0001FF               62
                         000400-0005FF              100
        SFR              000F80-000FFF               80
        SMALLCONST       006D26-0072ED              100
        STACK            000400-0005FF              200

                                  Symbol Table

?___ftadd                       cstackBANK1  000181
?___ftmul                       cstackBANK0  0000F2
?___ftneg                       cstackBANK1  00017E
?___ftpack                      cstackBANK0  0000EA
?___ftsub                       cstackCOMRAM 000015
?___fttol                       cstackBANK0  0000EA
?___lwdiv                       cstackBANK0  0000EA
?___lwmod                       cstackBANK0  0000F1
?___wmul                        cstackBANK0  0000EA
?_printf                        cstackBANK1  000178
?i2___ftadd                     cstackCOMRAM 000009
?i2___ftpack                    cstackCOMRAM 000001
?i2___lwdiv                     cstackCOMRAM 000001
?i2___lwmod                     cstackCOMRAM 000008
?i2_printf                      cstackCOMRAM 00000D
HG_interface@kv                 cstackBANK1  000185
ISR@tcnt                        bssBANK1     000154
KEY_Scan@tm_cnt                 cstackBANK0  0000F9
PID_Compute@dInput              cstackBANK1  00018D
PID_Compute@error               cstackBANK1  000193
PID_Compute@input               cstackBANK1  000196
PID_Compute@output              cstackBANK1  000199
PID_Compute@p                   cstackCOMRAM 000029
PID_SetTunings@p                cstackCOMRAM 000029
_ADCON0bits                     (abs)        000FC2
_ADCON1                         (abs)        000FC1
_ADCON2bits                     (abs)        000FC0
_ADRESH                         (abs)        000FC4
_ADRESL                         (abs)        000FC3
_AD_init                        text57       006C92
_BeepInit                       text56       006CFE
_GIE                            (abs)        007F97
_HG_init                        text41       006BC0
_HG_interface                   text14       006670
_INTCON2bits                    (abs)        000FF1
_INTCON3bits                    (abs)        000FF0
_INTCONbits                     (abs)        000FF2
_ISR                            intcode      000008
_Initial_LY096BG30              text47       006854
_KEY_Init                       text46       006BA0
_KEY_Scan                       text33       00606C
_LATAbits                       (abs)        000F89
_LATCbits                       (abs)        000F8B
_LATDbits                       (abs)        000F8C
_LATEbits                       (abs)        000F8D
_LCD_Off                        text45       006D16
_LCD_On                         text92       006D1E
_LCD_backlight_init             text44       006D12
_LastInjectionFeedback          bssCOMRAM    00003B
_LastNeedleFeedback             bssCOMRAM    00003C
_MotorDriveInit                 text13       006B00
_PID_Compute                    text7        002F4A
_PID_Compute$3403               cstackBANK1  000190
_PID_SetTunings                 text6        005EC2
_PIR1bits                       (abs)        000F9E
_PORTAbits                      (abs)        000F80
_PORTBbits                      (abs)        000F81
_PORTC                          (abs)        000F82
_PORTCbits                      (abs)        000F82
_PORTDbits                      (abs)        000F83
_PSA                            (abs)        007EAB
_RCSTAbits                      (abs)        000FAB
_SPBRG                          (abs)        000FAF
_T08BIT                         (abs)        007EAE
_T0CONbits                      (abs)        000FD5
_T0CS                           (abs)        007EAD
_T0IE                           (abs)        007F95
_T0IF                           (abs)        007F92
_T0PS0                          (abs)        007EA8
_T0PS1                          (abs)        007EA9
_T0PS2                          (abs)        007EAA
_T1CONbits                      (abs)        000FCD
_TMR0                           (abs)        000FD6
_TMR1                           (abs)        000FCE
_TRISAbits                      (abs)        000F92
_TRISBbits                      (abs)        000F93
_TRISCbits                      (abs)        000F94
_TRISDbits                      (abs)        000F95
_TRISEbits                      (abs)        000F96
_TXREG                          (abs)        000FAD
_TXSTAbits                      (abs)        000FAC
_Timer1Init                     text5        006CB2
_TimerInit                      text43       006BDE
__CFG_BOREN$OFF                 (abs)        000000
__CFG_BORV$0                    (abs)        000000
__CFG_CCP2MX$PORTC              (abs)        000000
__CFG_CP0$OFF                   (abs)        000000
__CFG_CP1$OFF                   (abs)        000000
__CFG_CP2$OFF                   (abs)        000000
__CFG_CP3$OFF                   (abs)        000000
__CFG_CPB$OFF                   (abs)        000000
__CFG_CPD$OFF                   (abs)        000000
__CFG_EBTR0$OFF                 (abs)        000000
__CFG_EBTR1$OFF                 (abs)        000000
__CFG_EBTR2$OFF                 (abs)        000000
__CFG_EBTR3$OFF                 (abs)        000000
__CFG_EBTRB$OFF                 (abs)        000000
__CFG_FCMEN$OFF                 (abs)        000000
__CFG_IESO$OFF                  (abs)        000000
__CFG_LPT1OSC$OFF               (abs)        000000
__CFG_LVP$OFF                   (abs)        000000
__CFG_MCLRE$ON                  (abs)        000000
__CFG_OSC$HS                    (abs)        000000
__CFG_PBADEN$OFF                (abs)        000000
__CFG_PWRT$OFF                  (abs)        000000
__CFG_STVREN$OFF                (abs)        000000
__CFG_WDT$OFF                   (abs)        000000
__CFG_WDTPS$64                  (abs)        000000
__CFG_WRT0$OFF                  (abs)        000000
__CFG_WRT1$OFF                  (abs)        000000
__CFG_WRT2$OFF                  (abs)        000000
__CFG_WRT3$OFF                  (abs)        000000
__CFG_WRTB$OFF                  (abs)        000000
__CFG_WRTC$OFF                  (abs)        000000
__CFG_WRTD$OFF                  (abs)        000000
__CFG_XINST$OFF                 (abs)        000000
__HRAM                          (abs)        000000
__Habs1                         abs1         000000
__Hbank0                        bank0        000000
__Hbank1                        bank1        000000
__Hbank2                        bank2        000000
__Hbank3                        bank3        000000
__Hbank4                        bank4        000000
__Hbank5                        bank5        000000
__Hbigbss                       bigbss       000000
__Hbigdata                      bigdata      000000
__Hbigram                       bigram       000000
__Hbss                          bss          000000
__HbssBANK0                     bssBANK0     000000
__HbssBANK1                     bssBANK1     000000
__HbssBANK2                     bssBANK2     000000
__HbssBANK3                     bssBANK3     000000
__HbssCOMRAM                    bssCOMRAM    000000
__Hcinit                        cinit        000000
__Hclrtext                      clrtext      000000
__Hcomram                       comram       000000
__Hconfig                       config       30000E
__Hconst                        const        000000
__HcstackBANK0                  cstackBANK0  000000
__HcstackBANK1                  cstackBANK1  000000
__HcstackCOMRAM                 cstackCOMRAM 000000
__Hdata                         data         000000
__HdataBANK0                    dataBANK0    000000
__HdataCOMRAM                   dataCOMRAM   000000
__Heeprom_data                  eeprom_data  000000
__Hfarbss                       farbss       000000
__Hfardata                      fardata      000000
__Hibigdata                     ibigdata     000000
__Hidata                        idata        000000
__HidataBANK0                   idataBANK0   000000
__HidataCOMRAM                  idataCOMRAM  000000
__Hidloc                        idloc        200008
__Hifardata                     ifardata     000000
__Hinit                         init         000012
__Hintcode                      intcode      00000E
__Hintcode_body                 intcode_body 000000
__Hintcodelo                    intcodelo    00000E
__Hintentry                     intentry     000000
__Hintret                       intret       000000
__Hintsave_regs                 intsave_regs 000000
__Hirdata                       irdata       000000
__Hmediumconst                  mediumconst  008000
__HnvCOMRAM                     nvCOMRAM     000000
__HnvFARRAM                     nvFARRAM     000000
__Hnvbit                        nvbit        000000
__Hnvrram                       nvrram       000000
__Hparam                        rparam       000000
__Hpowerup                      powerup      00000E
__Hram                          ram          000000
__Hramtop                       ramtop       000600
__Hrbit                         rbit         000000
__Hrbss                         rbss         000000
__Hrdata                        rdata        000000
__Hreset_vec                    reset_vec    000004
__Hrparam                       rparam       000000
__Hsfr                          sfr          000000
__Hsmallconst                   smallconst   000000
__Hspace_0                      (abs)        30000E
__Hspace_1                      (abs)        000400
__Hspace_2                      (abs)        000000
__Hstack                        stack        000000
__Hstruct                       struct       000000
__Htemp                         temp         000058
__Htext                         text         000000
__Htext0                        text0        000000
__Htext1                        text1        000000
__Htext10                       text10       000000
__Htext11                       text11       000000
__Htext12                       text12       000000
__Htext13                       text13       000000
__Htext14                       text14       000000
__Htext15                       text15       000000
__Htext16                       text16       000000
__Htext17                       text17       000000
__Htext18                       text18       000000
__Htext19                       text19       000000
__Htext2                        text2        000000
__Htext20                       text20       000000
__Htext21                       text21       000000
__Htext22                       text22       000000
__Htext23                       text23       000000
__Htext24                       text24       000000
__Htext25                       text25       000000
__Htext26                       text26       000000
__Htext27                       text27       000000
__Htext28                       text28       000000
__Htext29                       text29       000000
__Htext3                        text3        000000
__Htext30                       text30       000000
__Htext31                       text31       000000
__Htext32                       text32       000000
__Htext33                       text33       000000
__Htext34                       text34       000000
__Htext35                       text35       000000
__Htext36                       text36       000000
__Htext37                       text37       000000
__Htext38                       text38       000000
__Htext39                       text39       000000
__Htext4                        text4        000000
__Htext40                       text40       000000
__Htext41                       text41       000000
__Htext42                       text42       000000
__Htext43                       text43       000000
__Htext44                       text44       000000
__Htext45                       text45       000000
__Htext46                       text46       000000
__Htext47                       text47       000000
__Htext48                       text48       000000
__Htext49                       text49       000000
__Htext5                        text5        000000
__Htext50                       text50       000000
__Htext51                       text51       000000
__Htext52                       text52       000000
__Htext53                       text53       000000
__Htext54                       text54       000000
__Htext55                       text55       000000
__Htext56                       text56       000000
__Htext57                       text57       000000
__Htext59                       text59       000000
__Htext6                        text6        000000
__Htext60                       text60       000000
__Htext61                       text61       000000
__Htext62                       text62       000000
__Htext63                       text63       000000
__Htext64                       text64       000000
__Htext65                       text65       000000
__Htext66                       text66       000000
__Htext67                       text67       000000
__Htext68                       text68       000000
__Htext69                       text69       000000
__Htext7                        text7        000000
__Htext70                       text70       000000
__Htext71                       text71       000000
__Htext72                       text72       000000
__Htext73                       text73       000000
__Htext74                       text74       000000
__Htext75                       text75       000000
__Htext76                       text76       000000
__Htext77                       text77       000000
__Htext78                       text78       000000
__Htext79                       text79       000000
__Htext8                        text8        000000
__Htext80                       text80       000000
__Htext81                       text81       000000
__Htext82                       text82       000000
__Htext83                       text83       000000
__Htext84                       text84       000000
__Htext85                       text85       000000
__Htext86                       text86       000000
__Htext87                       text87       000000
__Htext88                       text88       000000
__Htext89                       text89       000000
__Htext9                        text9        000000
__Htext90                       text90       000000
__Htext91                       text91       000000
__Htext92                       text92       000000
__Htext93                       text93       000000
__LRAM                          (abs)        000001
__Labs1                         abs1         000000
__Lbank0                        bank0        000000
__Lbank1                        bank1        000000
__Lbank2                        bank2        000000
__Lbank3                        bank3        000000
__Lbank4                        bank4        000000
__Lbank5                        bank5        000000
__Lbigbss                       bigbss       000000
__Lbigdata                      bigdata      000000
__Lbigram                       bigram       000000
__Lbss                          bss          000000
__LbssBANK0                     bssBANK0     000000
__LbssBANK1                     bssBANK1     000000
__LbssBANK2                     bssBANK2     000000
__LbssBANK3                     bssBANK3     000000
__LbssCOMRAM                    bssCOMRAM    000000
__Lcinit                        cinit        000000
__Lclrtext                      clrtext      000000
__Lcomram                       comram       000000
__Lconfig                       config       300000
__Lconst                        const        000000
__LcstackBANK0                  cstackBANK0  000000
__LcstackBANK1                  cstackBANK1  000000
__LcstackCOMRAM                 cstackCOMRAM 000000
__Ldata                         data         000000
__LdataBANK0                    dataBANK0    000000
__LdataCOMRAM                   dataCOMRAM   000000
__Leeprom_data                  eeprom_data  000000
__Lfarbss                       farbss       000000
__Lfardata                      fardata      000000
__Libigdata                     ibigdata     000000
__Lidata                        idata        000000
__LidataBANK0                   idataBANK0   000000
__LidataCOMRAM                  idataCOMRAM  000000
__Lidloc                        idloc        200000
__Lifardata                     ifardata     000000
__Linit                         init         00000E
__Lintcode                      intcode      000008
__Lintcode_body                 intcode_body 000000
__Lintcodelo                    intcodelo    00000E
__Lintentry                     intentry     000000
__Lintret                       intret       000000
__Lintsave_regs                 intsave_regs 000000
__Lirdata                       irdata       000000
__Lmediumconst                  mediumconst  0072EE
__LnvCOMRAM                     nvCOMRAM     000000
__LnvFARRAM                     nvFARRAM     000000
__Lnvbit                        nvbit        000000
__Lnvrram                       nvrram       000000
__Lparam                        rparam       000000
__Lpowerup                      powerup      00000E
__Lram                          ram          000000
__Lramtop                       ramtop       000600
__Lrbit                         rbit         000000
__Lrbss                         rbss         000000
__Lrdata                        rdata        000000
__Lreset_vec                    reset_vec    000000
__Lrparam                       rparam       000000
__Lsfr                          sfr          000000
__Lsmallconst                   smallconst   000000
__Lspace_0                      (abs)        000000
__Lspace_1                      (abs)        000000
__Lspace_2                      (abs)        000000
__Lstack                        stack        000000
__Lstruct                       struct       000000
__Ltemp                         temp         000057
__Ltext                         text         000000
__Ltext0                        text0        000000
__Ltext1                        text1        000000
__Ltext10                       text10       000000
__Ltext11                       text11       000000
__Ltext12                       text12       000000
__Ltext13                       text13       000000
__Ltext14                       text14       000000
__Ltext15                       text15       000000
__Ltext16                       text16       000000
__Ltext17                       text17       000000
__Ltext18                       text18       000000
__Ltext19                       text19       000000
__Ltext2                        text2        000000
__Ltext20                       text20       000000
__Ltext21                       text21       000000
__Ltext22                       text22       000000
__Ltext23                       text23       000000
__Ltext24                       text24       000000
__Ltext25                       text25       000000
__Ltext26                       text26       000000
__Ltext27                       text27       000000
__Ltext28                       text28       000000
__Ltext29                       text29       000000
__Ltext3                        text3        000000
__Ltext30                       text30       000000
__Ltext31                       text31       000000
__Ltext32                       text32       000000
__Ltext33                       text33       000000
__Ltext34                       text34       000000
__Ltext35                       text35       000000
__Ltext36                       text36       000000
__Ltext37                       text37       000000
__Ltext38                       text38       000000
__Ltext39                       text39       000000
__Ltext4                        text4        000000
__Ltext40                       text40       000000
__Ltext41                       text41       000000
__Ltext42                       text42       000000
__Ltext43                       text43       000000
__Ltext44                       text44       000000
__Ltext45                       text45       000000
__Ltext46                       text46       000000
__Ltext47                       text47       000000
__Ltext48                       text48       000000
__Ltext49                       text49       000000
__Ltext5                        text5        000000
__Ltext50                       text50       000000
__Ltext51                       text51       000000
__Ltext52                       text52       000000
__Ltext53                       text53       000000
__Ltext54                       text54       000000
__Ltext55                       text55       000000
__Ltext56                       text56       000000
__Ltext57                       text57       000000
__Ltext59                       text59       000000
__Ltext6                        text6        000000
__Ltext60                       text60       000000
__Ltext61                       text61       000000
__Ltext62                       text62       000000
__Ltext63                       text63       000000
__Ltext64                       text64       000000
__Ltext65                       text65       000000
__Ltext66                       text66       000000
__Ltext67                       text67       000000
__Ltext68                       text68       000000
__Ltext69                       text69       000000
__Ltext7                        text7        000000
__Ltext70                       text70       000000
__Ltext71                       text71       000000
__Ltext72                       text72       000000
__Ltext73                       text73       000000
__Ltext74                       text74       000000
__Ltext75                       text75       000000
__Ltext76                       text76       000000
__Ltext77                       text77       000000
__Ltext78                       text78       000000
__Ltext79                       text79       000000
__Ltext8                        text8        000000
__Ltext80                       text80       000000
__Ltext81                       text81       000000
__Ltext82                       text82       000000
__Ltext83                       text83       000000
__Ltext84                       text84       000000
__Ltext85                       text85       000000
__Ltext86                       text86       000000
__Ltext87                       text87       000000
__Ltext88                       text88       000000
__Ltext89                       text89       000000
__Ltext9                        text9        000000
__Ltext90                       text90       000000
__Ltext91                       text91       000000
__Ltext92                       text92       000000
__Ltext93                       text93       000000
__S0                            (abs)        30000E
__S1                            (abs)        000400
__S2                            (abs)        000000
___ftadd                        text11       003A94
___ftadd@exp1                   cstackBANK1  00018C
___ftadd@exp2                   cstackBANK1  00018B
___ftadd@f1                     cstackBANK1  000181
___ftadd@f2                     cstackBANK1  000184
___ftadd@sign                   cstackBANK1  00018A
___ftge                         text10       00613E
___ftge@ff1                     cstackBANK0  0000EA
___ftge@ff2                     cstackBANK0  0000ED
___ftmul                        text9        004F80
___ftmul@cntr                   cstackBANK1  00017C
___ftmul@exp                    cstackBANK1  000178
___ftmul@f1                     cstackBANK0  0000F2
___ftmul@f2                     cstackBANK0  0000F5
___ftmul@f3_as_product          cstackBANK1  000179
___ftmul@sign                   cstackBANK1  00017D
___ftneg                        text8        006AD0
___ftneg@f1                     cstackBANK1  00017E
___ftpack                       text12       005DB6
___ftpack@arg                   cstackBANK0  0000EA
___ftpack@exp                   cstackBANK0  0000ED
___ftpack@sign                  cstackBANK0  0000EE
___ftsub                        text89       0069B0
___ftsub@f1                     cstackCOMRAM 000015
___ftsub@f2                     cstackCOMRAM 000018
___fttol                        text4        005A34
___fttol@exp1                   cstackBANK0  0000F8
___fttol@f1                     cstackBANK0  0000EA
___fttol@lval                   cstackBANK0  0000F4
___fttol@sign1                  cstackBANK0  0000F3
___inthi_sp                     stack        000000
___intlo_sp                     stack        000000
___lwdiv                        text37       006538
___lwdiv@counter                cstackBANK0  0000EE
___lwdiv@dividend               cstackBANK0  0000EA
___lwdiv@divisor                cstackBANK0  0000EC
___lwdiv@quotient               cstackBANK0  0000EF
___lwmod                        text36       006614
___lwmod@counter                cstackCOMRAM 000029
___lwmod@dividend               cstackBANK0  0000F1
___lwmod@divisor                cstackBANK0  0000F3
___param_bank                   (abs)        000000
___rparam_used                  (abs)        000001
___sp                           stack        000000
___wmul                         text3        006A9E
___wmul@multiplicand            cstackBANK0  0000EC
___wmul@multiplier              cstackBANK0  0000EA
___wmul@product                 cstackCOMRAM 000029
__accesstop                     (abs)        000080
__activetblptr                  (abs)        000002
__end_of_AD_init                text57       006CA4
__end_of_BeepInit               text56       006D08
__end_of_HG_init                text41       006BDE
__end_of_HG_interface           text14       0066CA
__end_of_ISR                    intcode_body 0012BE
__end_of_Initial_LY096BG30      text47       00689C
__end_of_KEY_Init               text46       006BC0
__end_of_KEY_Scan               text33       00613E
__end_of_LCD_Off                text45       006D1A
__end_of_LCD_On                 text92       006D22
__end_of_LCD_backlight_init     text44       006D16
__end_of_MotorDriveInit         text13       006B2E
__end_of_PID_Compute            text7        003260
__end_of_PID_SetTunings         text6        005F98
__end_of_Timer1Init             text5        006CC0
__end_of_TimerInit              text43       006BFC
__end_of___ftadd                text11       003CFC
__end_of___ftge                 text10       006206
__end_of___ftmul                text9        0050DE
__end_of___ftneg                text8        006B00
__end_of___ftpack               text12       005EC2
__end_of___ftsub                text89       0069F0
__end_of___fttol                text4        005B78
__end_of___lwdiv                text37       0065B0
__end_of___lwmod                text36       006670
__end_of___wmul                 text3        006AD0
__end_of__initialization        cinit        0064AC
__end_of_bat_m                  mediumconst  0074AC
__end_of_blank_m                mediumconst  007592
__end_of_buzz                   text39       006C18
__end_of_c_m                    mediumconst  007564
__end_of_clear_screen           text78       0068E4
__end_of_config_LCD             text82       00606C
__end_of_delay                  text55       00692A
__end_of_delay_nms              text40       006854
__end_of_delay_pwm              text2        006B54
__end_of_delaynus               text38       006C32
__end_of_display_bat            text22       004802
__end_of_display_blank_mode_pa  text80       0058E2
__end_of_display_cmode          text31       004E02
__end_of_display_drop           text30       004C82
__end_of_display_drops          text29       004B02
__end_of_display_frame_abc      text28       004144
__end_of_display_frame_de       text20       001808
__end_of_display_frame_fghi     text27       002C06
__end_of_display_logo           text77       006614
__end_of_display_mem            text24       004982
__end_of_display_n_blank        text79       002500
__end_of_display_num            text26       0028BA
__end_of_dpowers                mediumconst  00759C
__end_of_drop_m                 mediumconst  007508
__end_of_drops_m                mediumconst  007536
__end_of_ee_WriteBytes          text49       0067C2
__end_of_i2c_CfgGpio            text48       006CCE
__end_of_i2c_Delay              text54       006D24
__end_of_i2c_SendByte           text53       006A66
__end_of_i2c_Start              text52       006C7C
__end_of_i2c_Stop               text51       006CE6
__end_of_i2c_WaitAck            text50       006B7A
__end_of_init_menu              text42       004F80
__end_of_initial_ui_setting     text68       005C98
__end_of_logo_eme               mediumconst  0078AC
__end_of_main                   text0        000C6A
__end_of_mem_m                  mediumconst  0074DA
__end_of_menu0_MsgHandlle       text25       00354C
__end_of_menu1_MsgHandlle       text23       006372
__end_of_menu2_MsgHandlle       text21       0062BC
__end_of_menu3_MsgHandlle       text19       003A94
__end_of_menu4_MsgHandlle       text18       004314
__end_of_menu5_MsgHandlle       text17       003F30
__end_of_menu6_MsgHandlle       text16       0020FC
__end_of_n_0_m                  mediumconst  007E7C
__end_of_n_100_m                mediumconst  007C09
__end_of_n_10_m                 mediumconst  007C7B
__end_of_n_13_m                 mediumconst  007C42
__end_of_n_150_m                mediumconst  007B97
__end_of_n_1P5_m                mediumconst  007E0A
__end_of_n_1_m                  mediumconst  007E43
__end_of_n_200_m                mediumconst  007BD0
__end_of_n_250_m                mediumconst  007B25
__end_of_n_2P5_m                mediumconst  007DD1
__end_of_n_2_m                  mediumconst  007D98
__end_of_n_300_m                mediumconst  007B5E
__end_of_n_3_m                  mediumconst  007D5F
__end_of_n_4_m                  mediumconst  007D26
__end_of_n_5_m                  mediumconst  007CB4
__end_of_n_6_m                  mediumconst  007CED
__end_of_n_blank_m              mediumconst  007448
__end_of_printf                 text34       005A34
__end_of_ptna_frame             mediumconst  00747E
__end_of_ptnd_frame             mediumconst  00740F
__end_of_ptne_frame             mediumconst  00737F
__end_of_ptnf_frame             mediumconst  007AEC
__end_of_ptng_frame             mediumconst  007A5C
__end_of_ptnh_frame             mediumconst  0079CC
__end_of_ptni_frame             mediumconst  00793C
__end_of_putch                  text35       006CDA
__end_of_setYX_LCD              text32       006724
__end_of_uart_init              text1        006CB2
__end_of_update_focus           text15       006538
__end_ofi2_LCD_Off              text67       006D1E
__end_ofi2___ftadd              text90       004682
__end_ofi2___ftpack             text91       006420
__end_ofi2___lwdiv              text62       006776
__end_ofi2___lwmod              text61       0069B0
__end_ofi2_buzz                 text65       006C4C
__end_ofi2_delay_nms            text66       006A2E
__end_ofi2_delaynus             text76       006C66
__end_ofi2_display_bat          text75       00578C
__end_ofi2_display_cmode        text74       005636
__end_ofi2_display_drop         text64       00538A
__end_ofi2_display_drops        text63       005234
__end_ofi2_display_frame_abc    text73       0044D6
__end_ofi2_display_frame_de     text72       001CB8
__end_ofi2_display_frame_fghi   text71       003828
__end_ofi2_display_mem          text70       0054E0
__end_ofi2_display_num          text69       002F4A
__end_ofi2_ee_WriteBytes        text83       00680C
__end_ofi2_i2c_Delay            text88       006D26
__end_ofi2_i2c_SendByte         text87       006A9E
__end_ofi2_i2c_Start            text86       006C92
__end_ofi2_i2c_Stop             text85       006CFE
__end_ofi2_i2c_WaitAck          text84       006BA0
__end_ofi2_printf               text59       005DB6
__end_ofi2_putch                text60       006CF2
__end_ofi2_setYX_LCD            text81       00696E
__initialization                cinit        006420
__mediumconst                   mediumconst  0072EE
__pbssBANK0                     bssBANK0     000080
__pbssBANK1                     bssBANK1     000100
__pbssBANK2                     bssBANK2     000200
__pbssBANK3                     bssBANK3     000300
__pbssCOMRAM                    bssCOMRAM    00002B
__pcinit                        cinit        006420
__pcstackBANK0                  cstackBANK0  0000EA
__pcstackBANK1                  cstackBANK1  000178
__pcstackCOMRAM                 cstackCOMRAM 000001
__pdataBANK0                    dataBANK0    0000FC
__pdataCOMRAM                   dataCOMRAM   000050
__pidataBANK0                   idataBANK0   006D0E
__pidataCOMRAM                  idataCOMRAM  006D08
__pintcode                      intcode      000008
__pintcode_body                 intcode_body 000C6A
__pmediumconst                  mediumconst  0072EE
__pnvCOMRAM                     nvCOMRAM     000056
__ptext0                        text0        000012
__ptext1                        text1        006CA4
__ptext10                       text10       00613E
__ptext11                       text11       003A94
__ptext12                       text12       005DB6
__ptext13                       text13       006B00
__ptext14                       text14       006670
__ptext15                       text15       0064BA
__ptext16                       text16       001CB8
__ptext17                       text17       003CFC
__ptext18                       text18       004144
__ptext19                       text19       003828
__ptext2                        text2        006B2E
__ptext20                       text20       0012BE
__ptext21                       text21       006206
__ptext22                       text22       004682
__ptext23                       text23       0062BC
__ptext24                       text24       004802
__ptext25                       text25       003260
__ptext26                       text26       002500
__ptext27                       text27       0028BA
__ptext28                       text28       003F30
__ptext29                       text29       004982
__ptext3                        text3        006A9E
__ptext30                       text30       004B02
__ptext31                       text31       004C82
__ptext32                       text32       0066CA
__ptext33                       text33       00606C
__ptext34                       text34       0058E2
__ptext35                       text35       006CCE
__ptext36                       text36       006614
__ptext37                       text37       006538
__ptext38                       text38       006C18
__ptext39                       text39       006BFC
__ptext4                        text4        005A34
__ptext40                       text40       00680C
__ptext41                       text41       006BC0
__ptext42                       text42       004E02
__ptext43                       text43       006BDE
__ptext44                       text44       006D12
__ptext45                       text45       006D16
__ptext46                       text46       006BA0
__ptext47                       text47       006854
__ptext48                       text48       006CC0
__ptext49                       text49       006776
__ptext5                        text5        006CB2
__ptext50                       text50       006B54
__ptext51                       text51       006CDA
__ptext52                       text52       006C66
__ptext53                       text53       006A2E
__ptext54                       text54       006D22
__ptext55                       text55       0068E4
__ptext56                       text56       006CFE
__ptext57                       text57       006C92
__ptext59                       text59       005C98
__ptext6                        text6        005EC2
__ptext60                       text60       006CE6
__ptext61                       text61       00696E
__ptext62                       text62       006724
__ptext63                       text63       0050DE
__ptext64                       text64       005234
__ptext65                       text65       006C32
__ptext66                       text66       0069F0
__ptext67                       text67       006D1A
__ptext68                       text68       005B78
__ptext69                       text69       002C06
__ptext7                        text7        002F4A
__ptext70                       text70       00538A
__ptext71                       text71       00354C
__ptext72                       text72       001808
__ptext73                       text73       004314
__ptext74                       text74       0054E0
__ptext75                       text75       005636
__ptext76                       text76       006C4C
__ptext77                       text77       0065B0
__ptext78                       text78       00689C
__ptext79                       text79       0020FC
__ptext8                        text8        006AD0
__ptext80                       text80       00578C
__ptext81                       text81       00692A
__ptext82                       text82       005F98
__ptext83                       text83       0067C2
__ptext84                       text84       006B7A
__ptext85                       text85       006CF2
__ptext86                       text86       006C7C
__ptext87                       text87       006A66
__ptext88                       text88       006D24
__ptext89                       text89       0069B0
__ptext9                        text9        004F80
__ptext90                       text90       0044D6
__ptext91                       text91       006372
__ptext92                       text92       006D1E
__ptext93                       text93       000000
__ramtop                        ramtop       000600
__size_of_AD_init               (abs)        000000
__size_of_BeepInit              (abs)        000000
__size_of_HG_init               (abs)        000000
__size_of_HG_interface          (abs)        000000
__size_of_ISR                   (abs)        000000
__size_of_Initial_LY096BG30     (abs)        000000
__size_of_KEY_Init              (abs)        000000
__size_of_KEY_Scan              (abs)        000000
__size_of_LCD_Off               (abs)        000000
__size_of_LCD_On                (abs)        000000
__size_of_LCD_backlight_init    (abs)        000000
__size_of_MotorDriveInit        (abs)        000000
__size_of_PID_Compute           (abs)        000000
__size_of_PID_SetTunings        (abs)        000000
__size_of_Timer1Init            (abs)        000000
__size_of_TimerInit             (abs)        000000
__size_of___ftadd               (abs)        000000
__size_of___ftge                (abs)        000000
__size_of___ftmul               (abs)        000000
__size_of___ftneg               (abs)        000000
__size_of___ftpack              (abs)        000000
__size_of___ftsub               (abs)        000000
__size_of___fttol               (abs)        000000
__size_of___lwdiv               (abs)        000000
__size_of___lwmod               (abs)        000000
__size_of___wmul                (abs)        000000
__size_of_buzz                  (abs)        000000
__size_of_clear_screen          (abs)        000000
__size_of_config_LCD            (abs)        000000
__size_of_delay                 (abs)        000000
__size_of_delay_nms             (abs)        000000
__size_of_delay_pwm             (abs)        000000
__size_of_delaynus              (abs)        000000
__size_of_display_bat           (abs)        000000
__size_of_display_blank_mode_pa (abs)        000000
__size_of_display_cmode         (abs)        000000
__size_of_display_drop          (abs)        000000
__size_of_display_drops         (abs)        000000
__size_of_display_frame_abc     (abs)        000000
__size_of_display_frame_de      (abs)        000000
__size_of_display_frame_fghi    (abs)        000000
__size_of_display_logo          (abs)        000000
__size_of_display_mem           (abs)        000000
__size_of_display_n_blank       (abs)        000000
__size_of_display_num           (abs)        000000
__size_of_ee_WriteBytes         (abs)        000000
__size_of_i2c_CfgGpio           (abs)        000000
__size_of_i2c_Delay             (abs)        000000
__size_of_i2c_SendByte          (abs)        000000
__size_of_i2c_Start             (abs)        000000
__size_of_i2c_Stop              (abs)        000000
__size_of_i2c_WaitAck           (abs)        000000
__size_of_init_menu             (abs)        000000
__size_of_initial_ui_setting    (abs)        000000
__size_of_main                  (abs)        000000
__size_of_menu0_MsgHandlle      (abs)        000000
__size_of_menu1_MsgHandlle      (abs)        000000
__size_of_menu2_MsgHandlle      (abs)        000000
__size_of_menu3_MsgHandlle      (abs)        000000
__size_of_menu4_MsgHandlle      (abs)        000000
__size_of_menu5_MsgHandlle      (abs)        000000
__size_of_menu6_MsgHandlle      (abs)        000000
__size_of_printf                (abs)        000000
__size_of_putch                 (abs)        000000
__size_of_setYX_LCD             (abs)        000000
__size_of_uart_init             (abs)        000000
__size_of_update_focus          (abs)        000000
__size_ofi2_LCD_Off             (abs)        000000
__size_ofi2___ftadd             (abs)        000000
__size_ofi2___ftpack            (abs)        000000
__size_ofi2___lwdiv             (abs)        000000
__size_ofi2___lwmod             (abs)        000000
__size_ofi2_buzz                (abs)        000000
__size_ofi2_delay_nms           (abs)        000000
__size_ofi2_delaynus            (abs)        000000
__size_ofi2_display_bat         (abs)        000000
__size_ofi2_display_cmode       (abs)        000000
__size_ofi2_display_drop        (abs)        000000
__size_ofi2_display_drops       (abs)        000000
__size_ofi2_display_frame_abc   (abs)        000000
__size_ofi2_display_frame_de    (abs)        000000
__size_ofi2_display_frame_fghi  (abs)        000000
__size_ofi2_display_mem         (abs)        000000
__size_ofi2_display_num         (abs)        000000
__size_ofi2_ee_WriteBytes       (abs)        000000
__size_ofi2_i2c_Delay           (abs)        000000
__size_ofi2_i2c_SendByte        (abs)        000000
__size_ofi2_i2c_Start           (abs)        000000
__size_ofi2_i2c_Stop            (abs)        000000
__size_ofi2_i2c_WaitAck         (abs)        000000
__size_ofi2_printf              (abs)        000000
__size_ofi2_putch               (abs)        000000
__size_ofi2_setYX_LCD           (abs)        000000
__smallconst                    smallconst   000000
_action_btn_cnt                 bssCOMRAM    000033
_ann                            bssBANK0     0000CA
_bat_m                          mediumconst  00747E
_blank_m                        mediumconst  007564
_buzz                           text39       006BFC
_bv                             bssBANK0     0000C8
_c_m                            mediumconst  007536
_clear_screen                   text78       00689C
_cnt_ma                         bssBANK1     000174
_cnt_mb                         bssBANK1     000170
_cnt_mb_sa                      bssBANK1     000168
_cnt_mb_sb                      bssBANK1     000164
_cnt_push                       bssCOMRAM    00002F
_cnta_mb                        bssBANK0     0000C6
_cntb_mb                        bssBANK0     0000C4
_config_LCD                     text82       005F98
_css                            bssCOMRAM    000041
_cur_edge                       bssCOMRAM    00004B
_cur_state_phb_ma               bssCOMRAM    00004E
_cv                             dataBANK0    0000FE
_delay                          text55       0068E4
_delay_nms                      text40       00680C
_delay_pwm                      text2        006B2E
_delaynus                       text38       006C18
_display_bat                    text22       004682
_display_blank_mode_pa          text80       00578C
_display_cmode                  text31       004C82
_display_drop                   text30       004B02
_display_drops                  text29       004982
_display_frame_abc              text28       003F30
_display_frame_de               text20       0012BE
_display_frame_fghi             text27       0028BA
_display_logo                   text77       0065B0
_display_mem                    text24       004802
_display_n_blank                text79       0020FC
_display_num                    text26       002500
_dpowers                        mediumconst  007592
_drop_m                         mediumconst  0074DA
_drops_m                        mediumconst  007508
_dv                             dataBANK0    0000FC
_ee_WriteBytes                  text49       006776
_f_motor                        bssBANK1     000136
_flag                           bssCOMRAM    00003A
_flag_action                    bssCOMRAM    000045
_flag_action_button             bssCOMRAM    000044
_flag_do_reset_in_drops_mode    bssCOMRAM    000043
_flag_go_to_sleep               dataCOMRAM   000054
_flag_inject                    bssCOMRAM    000049
_flag_inject_sa                 bssCOMRAM    000048
_flag_inject_sb                 bssCOMRAM    000047
_flag_mreset                    dataCOMRAM   000055
_flag_mreset_hit_lp             bssCOMRAM    00004A
_flag_power_up                  nvCOMRAM     000056
_flag_push                      bssCOMRAM    000046
_flag_test_mode_break           bssCOMRAM    000035
_flag_wake_up                   dataCOMRAM   000053
_flip                           bssCOMRAM    00003E
_focus                          bssCOMRAM    000037
_hg_op                          bssBANK1     000100
_i2c_CfgGpio                    text48       006CC0
_i2c_Delay                      text54       006D22
_i2c_SendByte                   text53       006A2E
_i2c_Start                      text52       006C66
_i2c_Stop                       text51       006CDA
_i2c_WaitAck                    text50       006B54
_init_menu                      text42       004E02
_initial_ui_setting             text68       005B78
_logo_eme                       mediumconst  00759C
_main                           text0        000012
_mbcnt                          bssBANK0     0000C0
_mem_m                          mediumconst  0074AC
_menu                           bssBANK0     000080
_menu0_MsgHandlle               text25       003260
_menu1_MsgHandlle               text23       0062BC
_menu2_MsgHandlle               text21       006206
_menu3_MsgHandlle               text19       003828
_menu4_MsgHandlle               text18       004144
_menu5_MsgHandlle               text17       003CFC
_menu6_MsgHandlle               text16       001CB8
_menu7_MsgHandlle               (abs)        000000
_ms                             dataCOMRAM   000052
_msleep                         bssBANK1     00016C
_n_0_m                          mediumconst  007E43
_n_100_m                        mediumconst  007BD0
_n_10_m                         mediumconst  007C42
_n_13_m                         mediumconst  007C09
_n_150_m                        mediumconst  007B5E
_n_1P5_m                        mediumconst  007DD1
_n_1_m                          mediumconst  007E0A
_n_200_m                        mediumconst  007B97
_n_250_m                        mediumconst  007AEC
_n_2P5_m                        mediumconst  007D98
_n_2_m                          mediumconst  007D5F
_n_300_m                        mediumconst  007B25
_n_3_m                          mediumconst  007D26
_n_4_m                          mediumconst  007CED
_n_5_m                          mediumconst  007C7B
_n_6_m                          mediumconst  007CB4
_n_blank_m                      mediumconst  00740F
_n_x_m                          bssCOMRAM    00002D
_needle_len                     dataCOMRAM   000050
_page                           bssCOMRAM    00003F
_prev_edge                      bssCOMRAM    00004C
_prev_state_phb_ma              bssCOMRAM    00004D
_printf                         text34       0058E2
_ptna_frame                     mediumconst  007448
_ptnd_frame                     mediumconst  00737F
_ptne_frame                     mediumconst  0072EF
_ptnf_frame                     mediumconst  007A5C
_ptng_frame                     mediumconst  0079CC
_ptnh_frame                     mediumconst  00793C
_ptni_frame                     mediumconst  0078AC
_ptnx_frame                     bssCOMRAM    00002B
_putch                          text35       006CCE
_r_motor                        bssBANK0     0000CC
_rcnt                           bssCOMRAM    000040
_read_buf                       bssBANK3     000300
_setYX_LCD                      text32       0066CA
_ss                             bssCOMRAM    000042
_test_mode                      bssCOMRAM    00004F
_tflag                          dataCOMRAM   000051
_tmcnt                          bssBANK1     000160
_ttte                           bssCOMRAM    000039
_uart_init                      text1        006CA4
_update_focus                   text15       0064BA
_work_mode                      bssCOMRAM    00003D
_work_mode_choice               bssCOMRAM    000036
_write_buf                      bssBANK2     000200
_xn                             bssCOMRAM    000031
_xtt                            bssBANK0     0000C2
btemp                           temp         000057
clear_screen@col                cstackCOMRAM 00000D
clear_screen@page               cstackCOMRAM 00000E
delay@i                         cstackBANK0  0000EA
delay@j                         cstackBANK0  0000EC
delay@x                         cstackCOMRAM 000029
delay_nms@i                     cstackCOMRAM 000029
delay_nms@n                     cstackBANK0  0000EA
delay_pwm@n                     cstackBANK0  0000EE
delaynus@n                      cstackCOMRAM 000029
display_bat@mode                cstackBANK0  0000F5
display_bat@temp                cstackBANK0  0000F7
display_bat@tori                cstackBANK0  0000F6
display_bat@x                   cstackBANK0  0000F4
display_blank_mode_pa@mode      cstackCOMRAM 00000E
display_blank_mode_pa@temp      cstackCOMRAM 000010
display_blank_mode_pa@tori      cstackCOMRAM 00000F
display_blank_mode_pa@x         cstackCOMRAM 00000D
display_cmode@mode              cstackBANK0  0000F5
display_cmode@temp              cstackBANK0  0000F7
display_cmode@tori              cstackBANK0  0000F6
display_cmode@x                 cstackBANK0  0000F4
display_drop@mode               cstackBANK0  0000F5
display_drop@temp               cstackBANK0  0000F7
display_drop@tori               cstackBANK0  0000F6
display_drop@x                  cstackBANK0  0000F4
display_drops@mode              cstackBANK0  0000F5
display_drops@temp              cstackBANK0  0000F7
display_drops@tori              cstackBANK0  0000F6
display_drops@x                 cstackBANK0  0000F4
display_frame_abc@mode          cstackBANK0  0000F5
display_frame_abc@temp          cstackBANK0  0000F7
display_frame_abc@tori          cstackBANK0  0000F6
display_frame_abc@x             cstackBANK0  0000F4
display_frame_de@mode           cstackBANK0  0000F5
display_frame_de@temp           cstackBANK0  0000F8
display_frame_de@tori           cstackBANK0  0000F6
display_frame_de@x              cstackBANK0  0000F4
display_frame_de@y              cstackBANK0  0000F7
display_frame_fghi@mode         cstackBANK0  0000F5
display_frame_fghi@temp         cstackBANK0  0000FA
display_frame_fghi@tori         cstackBANK0  0000F8
display_frame_fghi@x            cstackBANK0  0000F4
display_frame_fghi@y            cstackBANK0  0000F9
display_logo@col                cstackCOMRAM 00000F
display_logo@page               cstackCOMRAM 000010
display_mem@mode                cstackBANK0  0000F5
display_mem@temp                cstackBANK0  0000F7
display_mem@tori                cstackBANK0  0000F6
display_mem@x                   cstackBANK0  0000F4
display_n_blank@mode            cstackCOMRAM 00000E
display_n_blank@temp            cstackCOMRAM 000011
display_n_blank@tori            cstackCOMRAM 000010
display_n_blank@x               cstackCOMRAM 00000D
display_n_blank@y               cstackCOMRAM 00000F
display_num@mode                cstackBANK0  0000F5
display_num@temp                cstackBANK0  0000FA
display_num@tori                cstackBANK0  0000F8
display_num@x                   cstackBANK0  0000F4
display_num@y                   cstackBANK0  0000F9
ee_WriteBytes@_pWriteBuf        cstackBANK0  0000EA
ee_WriteBytes@_usAddress        cstackBANK0  0000EC
ee_WriteBytes@_usSize           cstackBANK0  0000ED
ee_WriteBytes@m                 cstackBANK0  0000EF
ee_WriteBytes@usAddr            cstackBANK0  0000F1
end_of_initialization           cinit        0064AC
i2_LCD_Off                      text67       006D1A
i2___ftadd                      text90       0044D6
i2___ftadd@exp1                 cstackCOMRAM 000014
i2___ftadd@exp2                 cstackCOMRAM 000013
i2___ftadd@f1                   cstackCOMRAM 000009
i2___ftadd@f2                   cstackCOMRAM 00000C
i2___ftadd@sign                 cstackCOMRAM 000012
i2___ftpack                     text91       006372
i2___ftpack@arg                 cstackCOMRAM 000001
i2___ftpack@exp                 cstackCOMRAM 000004
i2___ftpack@sign                cstackCOMRAM 000005
i2___lwdiv                      text62       006724
i2___lwdiv@counter              cstackCOMRAM 000007
i2___lwdiv@dividend             cstackCOMRAM 000001
i2___lwdiv@divisor              cstackCOMRAM 000003
i2___lwdiv@quotient             cstackCOMRAM 000005
i2___lwmod                      text61       00696E
i2___lwmod@counter              cstackCOMRAM 00000C
i2___lwmod@dividend             cstackCOMRAM 000008
i2___lwmod@divisor              cstackCOMRAM 00000A
i2_buzz                         text65       006C32
i2_delay_nms                    text66       0069F0
i2_delaynus                     text76       006C4C
i2_display_bat                  text75       005636
i2_display_cmode                text74       0054E0
i2_display_drop                 text64       005234
i2_display_drops                text63       0050DE
i2_display_frame_abc            text73       004314
i2_display_frame_de             text72       001808
i2_display_frame_fghi           text71       00354C
i2_display_mem                  text70       00538A
i2_display_num                  text69       002C06
i2_ee_WriteBytes                text83       0067C2
i2_i2c_Delay                    text88       006D24
i2_i2c_SendByte                 text87       006A66
i2_i2c_Start                    text86       006C7C
i2_i2c_Stop                     text85       006CF2
i2_i2c_WaitAck                  text84       006B7A
i2_printf                       text59       005C98
i2_putch                        text60       006CE6
i2_setYX_LCD                    text81       00692A
i2c_SendByte@_ucByte            cstackCOMRAM 000029
i2c_SendByte@i                  cstackCOMRAM 00002A
i2c_WaitAck@re                  cstackCOMRAM 000029
i2delay_nms@i                   cstackCOMRAM 000005
[...]
      Totals:         0       0       0       0       0       0       0
Total ram usage:        0 bytes
 Hardware stack levels used:    1
 Hardware stack levels required when called:    3
 This function calls:
		i2_ee_WriteBytes
 This function is called by:
		_ISR
 This function uses a non-reentrant model


 *************** function i2_ee_WriteBytes *****************
 Defined at:
		line 496 in file "../Oled.c"
 Parameters:    Size  Location     Type
  _pWriteBuf      2    2[COMRAM] PTR unsigned char 
		 -> logo_eme(784), display_frame_fghi@temp(1), display_frame_de@temp(1), display_frame_abc@temp(1), 
		 -> display_drop@temp(1), display_drops@temp(1), display_cmode@temp(1), display_blank_mode_pa@temp(1), 
		 -> display_mem@temp(1), display_bat@temp(1), display_num@temp(1), display_n_blank@temp(1), 
		 -> write_buf(256), 
  _usAddress      1    4[COMRAM] unsigned char 
  _usSize         2    5[COMRAM] unsigned int 
 Auto vars:     Size  Location     Type
  ee_WriteByte    2    7[COMRAM] unsigned int 
  ee_WriteByte    2    0        unsigned int 
  ee_WriteByte    1    9[COMRAM] unsigned char 
 Return value:  Size  Location     Type
                  1    wreg      unsigned char 
 Registers used:
		wreg, fsr0l, fsr0h, status,2, status,0, tblptrl, tblptrh, tblptru, cstack
 Tracked objects:
		On entry : 
		On exit  : 
		Unchanged: 
 Data sizes:     COMRAM   BANK0   BANK1   BANK2   BANK3   BANK4   BANK5
      Params:         5       0       0       0       0       0       0
      Locals:         3       0       0       0       0       0       0
      Temps:          0       0       0       0       0       0       0
      Totals:         8       0       0       0       0       0       0
Total ram usage:        8 bytes
 Hardware stack levels used:    1
 Hardware stack levels required when called:    2
 This function calls:
		i2_i2c_SendByte
		i2_i2c_Start
		i2_i2c_Stop
		i2_i2c_WaitAck
 This function is called by:
		_display_n_blank
		_display_blank_mode_pa
		_display_logo
		_clear_screen
		_config_LCD
		_ISR
		i2_setYX_LCD
		i2_display_num
		i2_display_bat
		i2_display_mem
		i2_display_cmode
		i2_display_drops
		i2_display_drop
		i2_display_frame_abc
		i2_display_frame_de
		i2_display_frame_fghi
 This function uses a non-reentrant model


 *************** function i2_i2c_WaitAck *****************
 Defined at:
		line 159 in file "../Oled.c"
 Parameters:    Size  Location     Type
		None
 Auto vars:     Size  Location     Type
  i2c_WaitAck     1    0[COMRAM] unsigned char 
 Return value:  Size  Location     Type
                  1    wreg      unsigned char 
 Registers used:
		wreg, status,2, cstack
 Tracked objects:
		On entry : 
		On exit  : 
		Unchanged: 
 Data sizes:     COMRAM   BANK0   BANK1   BANK2   BANK3   BANK4   BANK5
      Params:         0       0       0       0       0       0       0
      Locals:         1       0       0       0       0       0       0
      Temps:          0       0       0       0       0       0       0
      Totals:         1       0       0       0       0       0       0
Total ram usage:        1 bytes
 Hardware stack levels used:    1
 Hardware stack levels required when called:    1
 This function calls:
		i2_i2c_Delay
 This function is called by:
		i2_ee_WriteBytes
 This function uses a non-reentrant model


 *************** function i2_i2c_Stop *****************
 Defined at:
		line 91 in file "../Oled.c"
 Parameters:    Size  Location     Type
		None
 Auto vars:     Size  Location     Type
		None
 Return value:  Size  Location     Type
                  1    wreg      void 
 Registers used:
		cstack
 Tracked objects:
		On entry : 
		On exit  : 
		Unchanged: 
 Data sizes:     COMRAM   BANK0   BANK1   BANK2   BANK3   BANK4   BANK5
      Params:         0       0       0       0       0       0       0
      Locals:         0       0       0       0       0       0       0
      Temps:          0       0       0       0       0       0       0
      Totals:         0       0       0       0       0       0       0
Total ram usage:        0 bytes
 Hardware stack levels used:    1
 Hardware stack levels required when called:    1
 This function calls:
		i2_i2c_Delay
 This function is called by:
		i2_ee_WriteBytes
 This function uses a non-reentrant model


 *************** function i2_i2c_Start *****************
 Defined at:
		line 78 in file "../Oled.c"
 Parameters:    Size  Location     Type
		None
 Auto vars:     Size  Location     Type
		None
 Return value:  Size  Location     Type
                  1    wreg      void 
 Registers used:
		cstack
 Tracked objects:
		On entry : 
		On exit  : 
		Unchanged: 
 Data sizes:     COMRAM   BANK0   BANK1   BANK2   BANK3   BANK4   BANK5
      Params:         0       0       0       0       0       0       0
      Locals:         0       0       0       0       0       0       0
      Temps:          0       0       0       0       0       0       0
      Totals:         0       0       0       0       0       0       0
Total ram usage:        0 bytes
 Hardware stack levels used:    1
 Hardware stack levels required when called:    1
 This function calls:
		i2_i2c_Delay
 This function is called by:
		i2_ee_WriteBytes
 This function uses a non-reentrant model


 *************** function i2_i2c_SendByte *****************
 Defined at:
		line 101 in file "../Oled.c"
 Parameters:    Size  Location     Type
  _ucByte         1    wreg     unsigned char 
 Auto vars:     Size  Location     Type
  _ucByte         1    0[COMRAM] unsigned char 
  i2c_SendByte    1    1[COMRAM] unsigned char 
 Return value:  Size  Location     Type
                  1    wreg      void 
 Registers used:
		wreg, status,2, status,0, cstack
 Tracked objects:
		On entry : 
		On exit  : 
		Unchanged: 
 Data sizes:     COMRAM   BANK0   BANK1   BANK2   BANK3   BANK4   BANK5
      Params:         0       0       0       0       0       0       0
      Locals:         2       0       0       0       0       0       0
      Temps:          0       0       0       0       0       0       0
      Totals:         2       0       0       0       0       0       0
Total ram usage:        2 bytes
 Hardware stack levels used:    1
 Hardware stack levels required when called:    1
 This function calls:
		i2_i2c_Delay
 This function is called by:
		i2_ee_WriteBytes
 This function uses a non-reentrant model


 *************** function i2_i2c_Delay *****************
 Defined at:
		line 62 in file "../Oled.c"
 Parameters:    Size  Location     Type
		None
 Auto vars:     Size  Location     Type
  i2c_Delay       4    0        unsigned long 
 Return value:  Size  Location     Type
                  1    wreg      void 
 Registers used:
		None
 Tracked objects:
		On entry : 
		On exit  : 
		Unchanged: 
 Data sizes:     COMRAM   BANK0   BANK1   BANK2   BANK3   BANK4   BANK5
      Params:         0       0       0       0       0       0       0
      Locals:         0       0       0       0       0       0       0
      Temps:          0       0       0       0       0       0       0
      Totals:         0       0       0       0       0       0       0
Total ram usage:        0 bytes
 Hardware stack levels used:    1
 This function calls:
		Nothing
 This function is called by:
		i2_i2c_Start
		i2_i2c_Stop
		i2_i2c_SendByte
		i2_i2c_WaitAck
 This function uses a non-reentrant model


 *************** function ___ftsub *****************
 Defined at:
		line 20 in file "C:\Program Files (x86)\Microchip\xc8\v1.41\sources\common\ftsub.c"
 Parameters:    Size  Location     Type
  f1              3   20[COMRAM] float 
  f2              3   23[COMRAM] float 
 Auto vars:     Size  Location     Type
		None
 Return value:  Size  Location     Type
                  3   20[COMRAM] float 
 Registers used:
		wreg, status,2, status,0, cstack
 Tracked objects:
		On entry : 
		On exit  : 
		Unchanged: 
 Data sizes:     COMRAM   BANK0   BANK1   BANK2   BANK3   BANK4   BANK5
      Params:         6       0       0       0       0       0       0
      Locals:         0       0       0       0       0       0       0
      Temps:          0       0       0       0       0       0       0
      Totals:         6       0       0       0       0       0       0
Total ram usage:        6 bytes
 Hardware stack levels used:    1
 Hardware stack levels required when called:    2
 This function calls:
		i2___ftadd
 This function is called by:
		_ISR
 This function uses a non-reentrant model


 *************** function i2___ftadd *****************
 Defined at:
		line 86 in file "C:\Program Files (x86)\Microchip\xc8\v1.41\sources\common\ftadd.c"
 Parameters:    Size  Location     Type
  f1              3    8[COMRAM] float 
  f2              3   11[COMRAM] float 
 Auto vars:     Size  Location     Type
  __ftadd         1   19[COMRAM] unsigned char 
  __ftadd         1   18[COMRAM] unsigned char 
  __ftadd         1   17[COMRAM] unsigned char 
 Return value:  Size  Location     Type
                  3    8[COMRAM] float 
 Registers used:
		wreg, status,2, status,0, cstack
 Tracked objects:
		On entry : 
		On exit  : 
		Unchanged: 
 Data sizes:     COMRAM   BANK0   BANK1   BANK2   BANK3   BANK4   BANK5
      Params:         6       0       0       0       0       0       0
      Locals:         3       0       0       0       0       0       0
      Temps:          3       0       0       0       0       0       0
      Totals:        12       0       0       0       0       0       0
Total ram usage:       12 bytes
 Hardware stack levels used:    1
 Hardware stack levels required when called:    1
 This function calls:
		i2___ftpack
 This function is called by:
		_ISR
		___ftsub
 This function uses a non-reentrant model


 *************** function i2___ftpack *****************
 Defined at:
		line 62 in file "C:\Program Files (x86)\Microchip\xc8\v1.41\sources\common\float.c"
 Parameters:    Size  Location     Type
  arg             3    0[COMRAM] unsigned um
  exp             1    3[COMRAM] unsigned char 
  sign            1    4[COMRAM] unsigned char 
 Auto vars:     Size  Location     Type
		None
 Return value:  Size  Location     Type
                  3    0[COMRAM] float 
 Registers used:
		wreg, status,2, status,0
 Tracked objects:
		On entry : 
		On exit  : 
		Unchanged: 
 Data sizes:     COMRAM   BANK0   BANK1   BANK2   BANK3   BANK4   BANK5
      Params:         5       0       0       0       0       0       0
      Locals:         0       0       0       0       0       0       0
      Temps:          3       0       0       0       0       0       0
      Totals:         8       0       0       0       0       0       0
Total ram usage:        8 bytes
 Hardware stack levels used:    1
 This function calls:
		Nothing
 This function is called by:
		i2___ftadd
 This function uses a non-reentrant model


 *************** function _LCD_On *****************
 Defined at:
		line 588 in file "../Oled.c"
 Parameters:    Size  Location     Type
		None
 Auto vars:     Size  Location     Type
		None
 Return value:  Size  Location     Type
                  1    wreg      void 
 Registers used:
		None
 Tracked objects:
		On entry : 
		On exit  : 
		Unchanged: 
 Data sizes:     COMRAM   BANK0   BANK1   BANK2   BANK3   BANK4   BANK5
      Params:         0       0       0       0       0       0       0
      Locals:         0       0       0       0       0       0       0
      Temps:          0       0       0       0       0       0       0
      Totals:         0       0       0       0       0       0       0
Total ram usage:        0 bytes
 Hardware stack levels used:    1
 This function calls:
		Nothing
 This function is called by:
		_ISR
 This function uses a non-reentrant model



MODULE INFORMATION

Module		Function		Class		Link	Load	Size
C:\Program Files (x86)\Microchip\xc8\v1.41\sources\common\lwdiv.c
		___lwdiv       		CODE           	6538	0000	121

C:\Program Files (x86)\Microchip\xc8\v1.41\sources\common\lwdiv.c estimated size: 121

../Key.c
		_KEY_Scan      		CODE           	606C	0000	211
		_KEY_Init      		CODE           	6BA0	0000	33

../Key.c estimated size: 244

C:\Program Files (x86)\Microchip\xc8\v1.41\sources\common\doprnt.c
		_printf        		CODE           	58E2	0000	339

C:\Program Files (x86)\Microchip\xc8\v1.41\sources\common\doprnt.c estimated size: 339

C:\Program Files (x86)\Microchip\xc8\v1.41\sources\common\fttol.c
		___fttol       		CODE           	5A34	0000	325

C:\Program Files (x86)\Microchip\xc8\v1.41\sources\common\fttol.c estimated size: 325

../gui.c
		_menu5_MsgHandlle		CODE           	3CFC	0000	565
		_menu0_MsgHandlle		CODE           	3260	0000	749
		_menu6_MsgHandlle		CODE           	1CB8	0000	1093
		_HG_init       		CODE           	6BC0	0000	31
		_init_menu     		CODE           	4E02	0000	383
		_menu1_MsgHandlle		CODE           	62BC	0000	183
		_update_focus  		CODE           	64BA	0000	127
		_menu2_MsgHandlle		CODE           	6206	0000	183
		_menu3_MsgHandlle		CODE           	3828	0000	621
		_HG_interface  		CODE           	6670	0000	91
		_menu4_MsgHandlle		CODE           	4144	0000	465

../gui.c estimated size: 4491

C:\Program Files (x86)\Microchip\xc8\v1.41\sources\common\Umul16.c
		___wmul        		CODE           	6A9E	0000	51

C:\Program Files (x86)\Microchip\xc8\v1.41\sources\common\Umul16.c estimated size: 51

../Timer.c
		_TimerInit     		CODE           	6BDE	0000	31
		_ISR           		CODE           	0008	0000	1627
		_Timer1Init    		CODE           	6CB2	0000	15
		_delaynus      		CODE           	6C18	0000	27

../Timer.c estimated size: 1700

C:\Program Files (x86)\Microchip\xc8\v1.41\sources\common\ftadd.c
		___ftadd       		CODE           	3A94	0000	617

C:\Program Files (x86)\Microchip\xc8\v1.41\sources\common\ftadd.c estimated size: 617

../Oled.c
		_delay         		CODE           	68E4	0000	71
		_AD_init       		CODE           	6C92	0000	19
		_display_mem   		CODE           	4802	0000	385
		_display_bat   		CODE           	4682	0000	385
		_display_num   		CODE           	2500	0000	955
		_i2c_CfgGpio   		CODE           	6CC0	0000	15
		_setYX_LCD     		CODE           	66CA	0000	91
		_display_logo  		CODE           	65B0	0000	101
		_display_drop  		CODE           	4B02	0000	385
		_display_frame_de		CODE           	12BE	0000	1355
		_i2c_Stop      		CODE           	6CDA	0000	13
		_LCD_Off       		CODE           	6D16	0000	5
		_display_frame_abc		CODE           	3F30	0000	533
		_i2c_WaitAck   		CODE           	6B54	0000	39
		_display_cmode 		CODE           	4C82	0000	385
		_display_drops 		CODE           	4982	0000	385
		_initial_ui_setting		CODE           	5B78	0000	289
		_i2c_Delay     		CODE           	6D22	0000	3
		_i2c_SendByte  		CODE           	6A2E	0000	57
		_delay_nms     		CODE           	680C	0000	73
		_LCD_backlight_init		CODE           	6D12	0000	5
		_ee_WriteBytes 		CODE           	6776	0000	77
		_Initial_LY096BG30		CODE           	6854	0000	73
		_clear_screen  		CODE           	689C	0000	73
		_i2c_Start     		CODE           	6C66	0000	23
		_display_frame_fghi		CODE           	28BA	0000	845
		_display_n_blank		CODE           	20FC	0000	1029
		_LCD_On        		CODE           	6D1E	0000	5
		_delay_pwm     		CODE           	6B2E	0000	39
		_config_LCD    		CODE           	5F98	0000	213
		_display_blank_mode_pa		CODE           	578C	0000	343

../Oled.c estimated size: 8269

C:\Program Files (x86)\Microchip\xc8\v1.41\sources\common\ftge.c
		___ftge        		CODE           	613E	0000	201

C:\Program Files (x86)\Microchip\xc8\v1.41\sources\common\ftge.c estimated size: 201

../Main.c
		_main          		CODE           	0012	0000	3161

../Main.c estimated size: 3161

C:\Program Files (x86)\Microchip\xc8\v1.41\sources\common\ftneg.c
		___ftneg       		CODE           	6AD0	0000	49

C:\Program Files (x86)\Microchip\xc8\v1.41\sources\common\ftneg.c estimated size: 49

C:\Program Files (x86)\Microchip\xc8\v1.41\sources\common\ftsub.c
		___ftsub       		CODE           	69B0	0000	65

C:\Program Files (x86)\Microchip\xc8\v1.41\sources\common\ftsub.c estimated size: 65

C:\Program Files (x86)\Microchip\xc8\v1.41\sources\common\float.c
		___ftpack      		CODE           	5DB6	0000	269

C:\Program Files (x86)\Microchip\xc8\v1.41\sources\common\float.c estimated size: 269

shared
		_mem_m         		MEDIUMCONST    	74AC	0000	47
		i2_ee_WriteBytes		CODE           	67C2	0000	75
		i2_printf      		CODE           	5C98	0000	287
		i2_i2c_Delay   		CODE           	6D24	0000	3
		_ptne_frame    		MEDIUMCONST    	72EF	0000	145
		_n_1P5_m       		MEDIUMCONST    	7DD1	0000	58
		_n_2P5_m       		MEDIUMCONST    	7D98	0000	58
		i2_display_frame_abc		CODE           	4314	0000	451
		_bat_m         		MEDIUMCONST    	747E	0000	47
		i2_putch       		CODE           	6CE6	0000	13
		_ptnf_frame    		MEDIUMCONST    	7A5C	0000	145
		i2___ftadd     		CODE           	44D6	0000	429
		_blank_m       		MEDIUMCONST    	7564	0000	47
		i2_display_cmode		CODE           	54E0	0000	343
		i2_i2c_WaitAck 		CODE           	6B7A	0000	39
		_ptng_frame    		MEDIUMCONST    	79CC	0000	145
		i2_display_drops		CODE           	50DE	0000	343
		_dpowers       		MEDIUMCONST    	7592	0000	11
		i2___lwdiv     		CODE           	6724	0000	83
		_n_0_m         		MEDIUMCONST    	7E43	0000	58
		_ptnh_frame    		MEDIUMCONST    	793C	0000	145
		_n_1_m         		MEDIUMCONST    	7E0A	0000	58
		i2_i2c_Stop    		CODE           	6CF2	0000	13
		_n_2_m         		MEDIUMCONST    	7D5F	0000	58
		i2_i2c_Start   		CODE           	6C7C	0000	23
		_n_10_m        		MEDIUMCONST    	7C42	0000	58
		_ptni_frame    		MEDIUMCONST    	78AC	0000	145
		_n_3_m         		MEDIUMCONST    	7D26	0000	58
		_n_4_m         		MEDIUMCONST    	7CED	0000	58
		_drops_m       		MEDIUMCONST    	7508	0000	47
		_n_100_m       		MEDIUMCONST    	7BD0	0000	58
		i2_LCD_Off     		CODE           	6D1A	0000	5
		i2___lwmod     		CODE           	696E	0000	67
		i2_setYX_LCD   		CODE           	692A	0000	69
		i2___ftpack    		CODE           	6372	0000	175
		_n_5_m         		MEDIUMCONST    	7C7B	0000	58
		_n_200_m       		MEDIUMCONST    	7B97	0000	58
		__initialization		CODE           	6420	0000	141
		i2_display_frame_fghi		CODE           	354C	0000	733
		_n_6_m         		MEDIUMCONST    	7CB4	0000	58
		_n_300_m       		MEDIUMCONST    	7B25	0000	58
		i2_i2c_SendByte		CODE           	6A66	0000	57
		_n_13_m        		MEDIUMCONST    	7C09	0000	58
		_logo_eme      		MEDIUMCONST    	759C	0000	785
		_ptna_frame    		MEDIUMCONST    	7448	0000	55
		i2_display_mem 		CODE           	538A	0000	343
		i2_display_bat 		CODE           	5636	0000	343
		i2_display_num 		CODE           	2C06	0000	837
		_drop_m        		MEDIUMCONST    	74DA	0000	47
		_c_m           		MEDIUMCONST    	7536	0000	47
		_n_150_m       		MEDIUMCONST    	7B5E	0000	58
		i2_delaynus    		CODE           	6C4C	0000	27
		i2_delay_nms   		CODE           	69F0	0000	63
		_n_250_m       		MEDIUMCONST    	7AEC	0000	58
		i2_buzz        		CODE           	6C32	0000	27
		i2_display_drop		CODE           	5234	0000	343
		_n_blank_m     		MEDIUMCONST    	740F	0000	58
		i2_display_frame_de		CODE           	1808	0000	1201
		_ptnd_frame    		MEDIUMCONST    	737F	0000	145

shared estimated size: 9522

C:\Program Files (x86)\Microchip\xc8\v1.41\sources\common\lwmod.c
		___lwmod       		CODE           	6614	0000	93

C:\Program Files (x86)\Microchip\xc8\v1.41\sources\common\lwmod.c estimated size: 93

../Beep.c
		_putch         		CODE           	6CCE	0000	13
		_buzz          		CODE           	6BFC	0000	29
		_uart_init     		CODE           	6CA4	0000	15
		_BeepInit      		CODE           	6CFE	0000	11

../Beep.c estimated size: 68

../MotorDrive.c
		_PID_Compute   		CODE           	2F4A	0000	791
		_MotorDriveInit		CODE           	6B00	0000	47
		_PID_SetTunings		CODE           	5EC2	0000	215

../MotorDrive.c estimated size: 1053

C:\Program Files (x86)\Microchip\xc8\v1.41\sources\common\ftmul.c
		___ftmul       		CODE           	4F80	0000	351

C:\Program Files (x86)\Microchip\xc8\v1.41\sources\common\ftmul.c estimated size: 351

