Microchip MPLAB XC8 Compiler V1.41 ()

Linker command line:

-W-3 --edf=C:\Program Files (x86)\Microchip\xc8\v1.41\dat\en_msgs.txt -cs \
  -h+dist/default/production\hgun.X.production.sym \
  --cmf=dist/default/production\hgun.X.production.cmf -z -Q18F4520 \
  -oC:\Users\ADMINI~1\AppData\Local\Temp\s1di8.2 \
  -Mdist/default/production/hgun.X.production.map -E1 -ver=XC8 \
  -ASTACK=0400h-05ffh -pstack=STACK -ACODE=00h-07FFFh -ACONST=00h-07FFFh \
  -ASMALLCONST=0600h-06FFhx122 -AMEDIUMCONST=0600h-07FFFh -ACOMRAM=01h-07Fh \
  -AABS1=00h-05FFh -ABIGRAM=01h-05FFh -ARAM=080h-0FFh,0100h-01FFhx5 \
  -ABANK0=080h-0FFh -ABANK1=0100h-01FFh -ABANK2=0200h-02FFh \
  -ABANK3=0300h-03FFh -ABANK4=0400h-04FFh -ABANK5=0500h-05FFh \
  -ASFR=0F80h-0FFFh -preset_vec=00h,intcode=08h,intcodelo,powerup,init \
  -pramtop=0600h -psmallconst=SMALLCONST -pmediumconst=MEDIUMCONST \
  -pconst=CONST -AFARRAM=00h-00h -ACONFIG=0300000h-030000Dh -pconfig=CONFIG \
  -AIDLOC=0200000h-0200007h -pidloc=IDLOC -AEEDATA=0F00000h-0F000FFh \
  -peeprom_data=EEDATA \
  -prdata=COMRAM,nvrram=COMRAM,nvbit=COMRAM,rbss=COMRAM,rbit=COMRAM \
  -pfarbss=FARRAM,fardata=FARRAM,nvFARRAM=FARRAM \
  -pintsave_regs=BIGRAM,bigbss=BIGRAM,bigdata=BIGRAM -pbss=RAM \
  -pidata=CODE,irdata=CODE,ibigdata=CODE,ifardata=CODE -prparam=COMRAM \
  C:\Users\ADMINI~1\AppData\Local\Temp\s1di8.obj \
  dist/default/production\hgun.X.production.obj 

Object code version is 3.11

Machine type is 18F4520

Call graph: (short form)




                Name                               Link     Load   Length Selector   Space Scale
C:\Users\ADMINI~1\AppData\Local\Temp\s1di8.obj
                init                                  E        E        4        4       0
                reset_vec                             0        0        4        0       0
                idloc                            200000   200000        8   200000       0
                config                           300000   300000        E   300000       0
dist/default/production\hgun.X.production.obj
                intcode                               8        8        6        4       0
                temp                                 6A       6A        1        1       1
                mediumconst                        734E     734E      CB2     39A7       0
                text88                             5ED4     5ED4        4        4       0
                text87                             5EDC     5EDC        2        4       0
                text86                             5BCE     5BCE       38        4       0
                text85                             5E30     5E30       16        4       0
                text84                             5EA8     5EA8        C        4       0
                text83                             5D48     5D48       26        4       0
                text82                             59F0     59F0       4A        4       0
                text81                             5154     5154       D4        4       0
                text80                             57AA     57AA       5E        4       0
                text79                             5AC8     5AC8       44        4       0
                text78                             5A3A     5A3A       48        4       0
                text77                             55CA     55CA       64        4       0
                text76                             4FFE     4FFE      156        4       0
                text75                             5E00     5E00       1A        4       0
                text74                             562E     562E       62        4       0
                text73                             3650     3650      23A        4       0
                text72                             4EA8     4EA8      156        4       0
                text71                             423C     423C      1C2        4       0
                text70                              55C      55C      4B0        4       0
                text69                             29AA     29AA      2DC        4       0
                text68                             1D40     1D40      344        4       0
                text67                             4D2E     4D2E      17A        4       0
                text66                             5ED0     5ED0        4        4       0
                text65                             5B90     5B90       3E        4       0
                text64                             5DE6     5DE6       1A        4       0
                text63                             5E9C     5E9C        C        4       0
                text62                             5CF8     5CF8       2A        4       0
                intcode_body                       26C6     26C6      2E4        4       0
                text60                             5E46     5E46       12        4       0
                text59                             5EBE     5EBE        A        4       0
                text58                             59A6     59A6       4A        4       0
                text57                             5EDA     5EDA        2        4       0
                text56                             5A82     5A82       46        4       0
                text55                             5E1A     5E1A       16        4       0
                text54                             5E90     5E90        C        4       0
                text53                             5CCE     5CCE       2A        4       0
                text52                             595A     595A       4C        4       0
                text51                             5E82     5E82        E        4       0
                text50                             590E     590E       4C        4       0
                text49                             5D6E     5D6E       20        4       0
                text48                             5ECC     5ECC        4        4       0
                text47                             5EC8     5EC8        4        4       0
                text46                             5C70     5C70       30        4       0
                text45                             5E74     5E74        E        4       0
                text44                             5DAC     5DAC       1E        4       0
                text43                             4BB0     4BB0      17E        4       0
                text42                             5E66     5E66        E        4       0
                text41                             5CA0     5CA0       2E        4       0
                text40                             58BC     58BC       52        4       0
                text39                             5DCA     5DCA       1C        4       0
                text38                             5D8E     5D8E       1E        4       0
                text37                             5E58     5E58        E        4       0
                text36                             5C3C     5C3C       34        4       0
                text35                             5228     5228       D2        4       0
                text34                             5862     5862       5A        4       0
                text33                             4A30     4A30      180        4       0
                text32                             48B0     48B0      180        4       0
                text31                             4730     4730      180        4       0
                text30                             3AA0     3AA0      214        4       0
                text29                             19F4     19F4      34C        4       0
                text28                             12EC     12EC      3BA        4       0
                text27                             23A8     23A8      31E        4       0
                text26                             574C     574C       5E        4       0
                text25                             56EE     56EE       5E        4       0
                text24                               12       12      54A        4       0
                text23                             31A4     31A4      270        4       0
                text22                             3CB4     3CB4      1EC        4       0
                text21                             3414     3414      23C        4       0
                text20                              E96      E96      456        4       0
                text19                             554C     554C       7E        4       0
                text18                             5808     5808       5A        4       0
                text17                             45B0     45B0      180        4       0
                text16                              A0C      A0C      48A        4       0
                text15                             2084     2084      324        4       0
                text14                             5C06     5C06       36        4       0
                text13                             5D22     5D22       26        4       0
                text12                             3EA0     3EA0      1D0        4       0
                text11                             5690     5690       5E        4       0
                text10                             54CC     54CC       80        4       0
                text9                              2F2C     2F2C      278        4       0
                text8                              4070     4070      1CC        4       0
                text7                              5B4E     5B4E       42        4       0
                text6                              16A6     16A6      34E        4       0
                text5                              2C86     2C86      2A6        4       0
                text4                              53A4     53A4       96        4       0
                text3                              43FE     43FE      1B2        4       0
                text2                              5B0C     5B0C       42        4       0
                text1                              388A     388A      216        4       0
                text0                              52FA     52FA       AA        4       0
                cstackCOMRAM                         46       46       22        1       1
                cstackBANK0                          FE       FE        2       80       1
                cstackBANK1                         12C      12C       13      100       1
                bssBANK3                            300      300      100      300       1
                bssBANK2                            200      200      100      200       1
                bssBANK1                            100      100       2C      100       1
                dataBANK0                            F4       F4        A       80       1
                bssBANK0                             80       80       74       80       1
                dataCOMRAM                           68       68        2        1       1
                bssCOMRAM                             1        1       45        1       1
                cinit                              543A     543A       92        4       0
                idataBANK0                         5EB4     5EB4        A        4       0
                idataCOMRAM                        5ED8     5ED8        2        4       0

TOTAL           Name                               Link     Load   Length     Space
        CLASS   STACK          

        CLASS   CODE           
                intcode                               8        8        6         0
                init                                  E        E        4         0
                reset_vec                             0        0        4         0
                text88                             5ED4     5ED4        4         0
                text87                             5EDC     5EDC        2         0
                text86                             5BCE     5BCE       38         0
                text85                             5E30     5E30       16         0
                text84                             5EA8     5EA8        C         0
                text83                             5D48     5D48       26         0
                text82                             59F0     59F0       4A         0
                text81                             5154     5154       D4         0
                text80                             57AA     57AA       5E         0
                text79                             5AC8     5AC8       44         0
                text78                             5A3A     5A3A       48         0
                text77                             55CA     55CA       64         0
                text76                             4FFE     4FFE      156         0
                text75                             5E00     5E00       1A         0
                text74                             562E     562E       62         0
                text73                             3650     3650      23A         0
                text72                             4EA8     4EA8      156         0
                text71                             423C     423C      1C2         0
                text70                              55C      55C      4B0         0
                text69                             29AA     29AA      2DC         0
                text68                             1D40     1D40      344         0
                text67                             4D2E     4D2E      17A         0
                text66                             5ED0     5ED0        4         0
                text65                             5B90     5B90       3E         0
                text64                             5DE6     5DE6       1A         0
                text63                             5E9C     5E9C        C         0
                text62                             5CF8     5CF8       2A         0
                intcode_body                       26C6     26C6      2E4         0
                text60                             5E46     5E46       12         0
                text59                             5EBE     5EBE        A         0
                text58                             59A6     59A6       4A         0
                text57                             5EDA     5EDA        2         0
                text56                             5A82     5A82       46         0
                text55                             5E1A     5E1A       16         0
                text54                             5E90     5E90        C         0
                text53                             5CCE     5CCE       2A         0
                text52                             595A     595A       4C         0
                text51                             5E82     5E82        E         0
                text50                             590E     590E       4C         0
                text49                             5D6E     5D6E       20         0
                text48                             5ECC     5ECC        4         0
                text47                             5EC8     5EC8        4         0
                text46                             5C70     5C70       30         0
                text45                             5E74     5E74        E         0
                text44                             5DAC     5DAC       1E         0
                text43                             4BB0     4BB0      17E         0
                text42                             5E66     5E66        E         0
                text41                             5CA0     5CA0       2E         0
                text40                             58BC     58BC       52         0
                text39                             5DCA     5DCA       1C         0
                text38                             5D8E     5D8E       1E         0
                text37                             5E58     5E58        E         0
                text36                             5C3C     5C3C       34         0
                text35                             5228     5228       D2         0
                text34                             5862     5862       5A         0
                text33                             4A30     4A30      180         0
                text32                             48B0     48B0      180         0
                text31                             4730     4730      180         0
                text30                             3AA0     3AA0      214         0
                text29                             19F4     19F4      34C         0
                text28                             12EC     12EC      3BA         0
                text27                             23A8     23A8      31E         0
                text26                             574C     574C       5E         0
                text25                             56EE     56EE       5E         0
                text24                               12       12      54A         0
                text23                             31A4     31A4      270         0
                text22                             3CB4     3CB4      1EC         0
                text21                             3414     3414      23C         0
                text20                              E96      E96      456         0
                text19                             554C     554C       7E         0
                text18                             5808     5808       5A         0
                text17                             45B0     45B0      180         0
                text16                              A0C      A0C      48A         0
                text15                             2084     2084      324         0
                text14                             5C06     5C06       36         0
                text13                             5D22     5D22       26         0
                text12                             3EA0     3EA0      1D0         0
                text11                             5690     5690       5E         0
                text10                             54CC     54CC       80         0
                text9                              2F2C     2F2C      278         0
                text8                              4070     4070      1CC         0
                text7                              5B4E     5B4E       42         0
                text6                              16A6     16A6      34E         0
                text5                              2C86     2C86      2A6         0
                text4                              53A4     53A4       96         0
                text3                              43FE     43FE      1B2         0
                text2                              5B0C     5B0C       42         0
                text1                              388A     388A      216         0
                text0                              52FA     52FA       AA         0
                cinit                              543A     543A       92         0
                idataBANK0                         5EB4     5EB4        A         0
                idataCOMRAM                        5ED8     5ED8        2         0

        CLASS   CONST          

        CLASS   SMALLCONST     

        CLASS   MEDIUMCONST    
                mediumconst                        734E     734E      CB2         0

        CLASS   COMRAM         
                temp                                 6A       6A        1         1
                cstackCOMRAM                         46       46       22         1
                dataCOMRAM                           68       68        2         1
                bssCOMRAM                             1        1       45         1

        CLASS   ABS1           

        CLASS   BIGRAM         

        CLASS   RAM            

        CLASS   BANK0          
                cstackBANK0                          FE       FE        2         1
                dataBANK0                            F4       F4        A         1
                bssBANK0                             80       80       74         1

        CLASS   BANK1          
                cstackBANK1                         12C      12C       13         1
                bssBANK1                            100      100       2C         1

        CLASS   BANK2          
                bssBANK2                            200      200      100         1

        CLASS   BANK3          
                bssBANK3                            300      300      100         1

        CLASS   BANK4          

        CLASS   BANK5          

        CLASS   SFR            

        CLASS   FARRAM         

        CLASS   CONFIG         
                config                           300000   300000        E         0

        CLASS   IDLOC          
                idloc                            200000   200000        8         0

        CLASS   EEDATA         



SEGMENTS        Name                           Load    Length   Top    Selector   Space  Class

                reset_vec                      000000  000004  000004         0       0  CODE    
                bssCOMRAM                      000001  00006A  00006B         1       1  COMRAM  
                intcode                        000008  005ED6  005EDE         4       0  CODE    
                bssBANK0                       000080  000080  000100        80       1  BANK0   
                bssBANK1                       000100  00003F  00013F       100       1  BANK1   
                bssBANK2                       000200  000100  000300       200       1  BANK2   
                bssBANK3                       000300  000100  000400       300       1  BANK3   
                mediumconst                    00734E  000CB2  008000      39A7       0  MEDIUMCO
                idloc                          200000  000008  200008    200000       0  IDLOC   
                config                         300000  00000E  30000E    300000       0  CONFIG  


UNUSED ADDRESS RANGES

        Name                Unused          Largest block    Delta
        BANK1            00013F-0001FF               C1
        BANK4            000400-0004FF              100
        BANK5            000500-0005FF              100
        BIGRAM           00006B-00007F               15
                         00013F-0001FF               C1
                         000400-0005FF              200
        CODE             000004-000007                4
                         005EDE-00734D             1470
        COMRAM           00006B-00007F               15
        CONST            000004-000007                4
                         005EDE-00734D             1470
        EEDATA           F00000-F000FF              100
        MEDIUMCONST      005EDE-00734D             1470
        RAM              00013F-0001FF               C1
                         000400-0005FF              100
        SFR              000F80-000FFF               80
        SMALLCONST       005EDE-00734D              100
        STACK            000400-0005FF              200

                                  Symbol Table

?___wmul                        cstackBANK1  00012C
?_get_AD_vaule                  cstackBANK0  0000FE
?_get_SenseA_AD_vaule           cstackCOMRAM 000046
?_printf                        cstackBANK1  00012C
?i2_get_AD_vaule                cstackCOMRAM 000046
?i2_printf                      cstackCOMRAM 000047
HG_interface@kv                 cstackBANK1  00013E
ISR@tcnt                        bssCOMRAM    000041
ISR@tcnt_bat                    bssBANK0     0000CA
KEY_Scan@tm_cnt                 cstackBANK1  000131
_ADCON0bits                     (abs)        000FC2
_ADCON1                         (abs)        000FC1
_ADCON2bits                     (abs)        000FC0
_ADRESH                         (abs)        000FC4
_ADRESL                         (abs)        000FC3
_AD_init                        text60       005E46
_BeepInit                       text59       005EBE
_GIE                            (abs)        007F97
_HG_device_init                 text41       005CA0
_HG_interface                   text18       005808
_INTCON2bits                    (abs)        000FF1
_INTCON3bits                    (abs)        000FF0
_INTCONbits                     (abs)        000FF2
_ISR                            intcode      000008
_Initial_LY096BG30              text50       00590E
_KEY_Init                       text49       005D6E
_KEY_Scan                       text35       005228
_LATAbits                       (abs)        000F89
_LATCbits                       (abs)        000F8B
_LATDbits                       (abs)        000F8C
_LATEbits                       (abs)        000F8D
_LCD_Off                        text48       005ECC
_LCD_On                         text88       005ED4
_LCD_backlight_init             text47       005EC8
_MotorDriveInit                 text46       005C70
_PIR1bits                       (abs)        000F9E
_PORTAbits                      (abs)        000F80
_PORTBbits                      (abs)        000F81
_PORTC                          (abs)        000F82
_PORTCbits                      (abs)        000F82
_PORTDbits                      (abs)        000F83
_PSA                            (abs)        007EAB
_RCSTAbits                      (abs)        000FAB
_SPBRG                          (abs)        000FAF
_T08BIT                         (abs)        007EAE
_T0CONbits                      (abs)        000FD5
_T0CS                           (abs)        007EAD
_T0IE                           (abs)        007F95
_T0IF                           (abs)        007F92
_T0PS0                          (abs)        007EA8
_T0PS1                          (abs)        007EA9
_T0PS2                          (abs)        007EAA
_T1CONbits                      (abs)        000FCD
_TMR0                           (abs)        000FD6
_TMR1                           (abs)        000FCE
_TRISAbits                      (abs)        000F92
_TRISBbits                      (abs)        000F93
_TRISCbits                      (abs)        000F94
_TRISDbits                      (abs)        000F95
_TRISEbits                      (abs)        000F96
_TXREG                          (abs)        000FAD
_TXSTAbits                      (abs)        000FAC
_Timer1Init                     text45       005E74
_TimerInit                      text44       005DAC
__CFG_BOREN$OFF                 (abs)        000000
__CFG_BORV$0                    (abs)        000000
__CFG_CCP2MX$PORTC              (abs)        000000
__CFG_CP0$OFF                   (abs)        000000
__CFG_CP1$OFF                   (abs)        000000
__CFG_CP2$OFF                   (abs)        000000
__CFG_CP3$OFF                   (abs)        000000
__CFG_CPB$OFF                   (abs)        000000
__CFG_CPD$OFF                   (abs)        000000
__CFG_EBTR0$OFF                 (abs)        000000
__CFG_EBTR1$OFF                 (abs)        000000
__CFG_EBTR2$OFF                 (abs)        000000
__CFG_EBTR3$OFF                 (abs)        000000
__CFG_EBTRB$OFF                 (abs)        000000
__CFG_FCMEN$OFF                 (abs)        000000
__CFG_IESO$OFF                  (abs)        000000
__CFG_LPT1OSC$OFF               (abs)        000000
__CFG_LVP$OFF                   (abs)        000000
__CFG_MCLRE$ON                  (abs)        000000
__CFG_OSC$HS                    (abs)        000000
__CFG_PBADEN$OFF                (abs)        000000
__CFG_PWRT$OFF                  (abs)        000000
__CFG_STVREN$OFF                (abs)        000000
__CFG_WDT$OFF                   (abs)        000000
__CFG_WDTPS$64                  (abs)        000000
__CFG_WRT0$OFF                  (abs)        000000
__CFG_WRT1$OFF                  (abs)        000000
__CFG_WRT2$OFF                  (abs)        000000
__CFG_WRT3$OFF                  (abs)        000000
__CFG_WRTB$OFF                  (abs)        000000
__CFG_WRTC$OFF                  (abs)        000000
__CFG_WRTD$OFF                  (abs)        000000
__CFG_XINST$OFF                 (abs)        000000
__HRAM                          (abs)        000000
__Habs1                         abs1         000000
__Hbank0                        bank0        000000
__Hbank1                        bank1        000000
__Hbank2                        bank2        000000
__Hbank3                        bank3        000000
__Hbank4                        bank4        000000
__Hbank5                        bank5        000000
__Hbigbss                       bigbss       000000
__Hbigdata                      bigdata      000000
__Hbigram                       bigram       000000
__Hbss                          bss          000000
__HbssBANK0                     bssBANK0     000000
__HbssBANK1                     bssBANK1     000000
__HbssBANK2                     bssBANK2     000000
__HbssBANK3                     bssBANK3     000000
__HbssCOMRAM                    bssCOMRAM    000000
__Hcinit                        cinit        000000
__Hclrtext                      clrtext      000000
__Hcomram                       comram       000000
__Hconfig                       config       30000E
__Hconst                        const        000000
__HcstackBANK0                  cstackBANK0  000000
__HcstackBANK1                  cstackBANK1  000000
__HcstackCOMRAM                 cstackCOMRAM 000000
__Hdata                         data         000000
__HdataBANK0                    dataBANK0    000000
__HdataCOMRAM                   dataCOMRAM   000000
__Heeprom_data                  eeprom_data  000000
__Hfarbss                       farbss       000000
__Hfardata                      fardata      000000
__Hibigdata                     ibigdata     000000
__Hidata                        idata        000000
__HidataBANK0                   idataBANK0   000000
__HidataCOMRAM                  idataCOMRAM  000000
__Hidloc                        idloc        200008
__Hifardata                     ifardata     000000
__Hinit                         init         000012
__Hintcode                      intcode      00000E
__Hintcode_body                 intcode_body 000000
__Hintcodelo                    intcodelo    00000E
__Hintentry                     intentry     000000
__Hintret                       intret       000000
__Hintsave_regs                 intsave_regs 000000
__Hirdata                       irdata       000000
__Hmediumconst                  mediumconst  008000
__HnvFARRAM                     nvFARRAM     000000
__Hnvbit                        nvbit        000000
__Hnvrram                       nvrram       000000
__Hparam                        rparam       000000
__Hpowerup                      powerup      00000E
__Hram                          ram          000000
__Hramtop                       ramtop       000600
__Hrbit                         rbit         000000
__Hrbss                         rbss         000000
__Hrdata                        rdata        000000
__Hreset_vec                    reset_vec    000004
__Hrparam                       rparam       000000
__Hsfr                          sfr          000000
__Hsmallconst                   smallconst   000000
__Hspace_0                      (abs)        30000E
__Hspace_1                      (abs)        000400
__Hspace_2                      (abs)        000000
__Hstack                        stack        000000
__Hstruct                       struct       000000
__Htemp                         temp         00006B
__Htext                         text         000000
__Htext0                        text0        000000
__Htext1                        text1        000000
__Htext10                       text10       000000
__Htext11                       text11       000000
__Htext12                       text12       000000
__Htext13                       text13       000000
__Htext14                       text14       000000
__Htext15                       text15       000000
__Htext16                       text16       000000
__Htext17                       text17       000000
__Htext18                       text18       000000
__Htext19                       text19       000000
__Htext2                        text2        000000
__Htext20                       text20       000000
__Htext21                       text21       000000
__Htext22                       text22       000000
__Htext23                       text23       000000
__Htext24                       text24       000000
__Htext25                       text25       000000
__Htext26                       text26       000000
__Htext27                       text27       000000
__Htext28                       text28       000000
__Htext29                       text29       000000
__Htext3                        text3        000000
__Htext30                       text30       000000
__Htext31                       text31       000000
__Htext32                       text32       000000
__Htext33                       text33       000000
__Htext34                       text34       000000
__Htext35                       text35       000000
__Htext36                       text36       000000
__Htext37                       text37       000000
__Htext38                       text38       000000
__Htext39                       text39       000000
__Htext4                        text4        000000
__Htext40                       text40       000000
__Htext41                       text41       000000
__Htext42                       text42       000000
__Htext43                       text43       000000
__Htext44                       text44       000000
__Htext45                       text45       000000
__Htext46                       text46       000000
__Htext47                       text47       000000
__Htext48                       text48       000000
__Htext49                       text49       000000
__Htext5                        text5        000000
__Htext50                       text50       000000
__Htext51                       text51       000000
__Htext52                       text52       000000
__Htext53                       text53       000000
__Htext54                       text54       000000
__Htext55                       text55       000000
__Htext56                       text56       000000
__Htext57                       text57       000000
__Htext58                       text58       000000
__Htext59                       text59       000000
__Htext6                        text6        000000
__Htext60                       text60       000000
__Htext62                       text62       000000
__Htext63                       text63       000000
__Htext64                       text64       000000
__Htext65                       text65       000000
__Htext66                       text66       000000
__Htext67                       text67       000000
__Htext68                       text68       000000
__Htext69                       text69       000000
__Htext7                        text7        000000
__Htext70                       text70       000000
__Htext71                       text71       000000
__Htext72                       text72       000000
__Htext73                       text73       000000
__Htext74                       text74       000000
__Htext75                       text75       000000
__Htext76                       text76       000000
__Htext77                       text77       000000
__Htext78                       text78       000000
__Htext79                       text79       000000
__Htext8                        text8        000000
__Htext80                       text80       000000
__Htext81                       text81       000000
__Htext82                       text82       000000
__Htext83                       text83       000000
__Htext84                       text84       000000
__Htext85                       text85       000000
__Htext86                       text86       000000
__Htext87                       text87       000000
__Htext88                       text88       000000
__Htext89                       text89       000000
__Htext9                        text9        000000
__LRAM                          (abs)        000001
__Labs1                         abs1         000000
__Lbank0                        bank0        000000
__Lbank1                        bank1        000000
__Lbank2                        bank2        000000
__Lbank3                        bank3        000000
__Lbank4                        bank4        000000
__Lbank5                        bank5        000000
__Lbigbss                       bigbss       000000
__Lbigdata                      bigdata      000000
__Lbigram                       bigram       000000
__Lbss                          bss          000000
__LbssBANK0                     bssBANK0     000000
__LbssBANK1                     bssBANK1     000000
__LbssBANK2                     bssBANK2     000000
__LbssBANK3                     bssBANK3     000000
__LbssCOMRAM                    bssCOMRAM    000000
__Lcinit                        cinit        000000
__Lclrtext                      clrtext      000000
__Lcomram                       comram       000000
__Lconfig                       config       300000
__Lconst                        const        000000
__LcstackBANK0                  cstackBANK0  000000
__LcstackBANK1                  cstackBANK1  000000
__LcstackCOMRAM                 cstackCOMRAM 000000
__Ldata                         data         000000
__LdataBANK0                    dataBANK0    000000
__LdataCOMRAM                   dataCOMRAM   000000
__Leeprom_data                  eeprom_data  000000
__Lfarbss                       farbss       000000
__Lfardata                      fardata      000000
__Libigdata                     ibigdata     000000
__Lidata                        idata        000000
__LidataBANK0                   idataBANK0   000000
__LidataCOMRAM                  idataCOMRAM  000000
__Lidloc                        idloc        200000
__Lifardata                     ifardata     000000
__Linit                         init         00000E
__Lintcode                      intcode      000008
__Lintcode_body                 intcode_body 000000
__Lintcodelo                    intcodelo    00000E
__Lintentry                     intentry     000000
__Lintret                       intret       000000
__Lintsave_regs                 intsave_regs 000000
__Lirdata                       irdata       000000
__Lmediumconst                  mediumconst  00734E
__LnvFARRAM                     nvFARRAM     000000
__Lnvbit                        nvbit        000000
__Lnvrram                       nvrram       000000
__Lparam                        rparam       000000
__Lpowerup                      powerup      00000E
__Lram                          ram          000000
__Lramtop                       ramtop       000600
__Lrbit                         rbit         000000
__Lrbss                         rbss         000000
__Lrdata                        rdata        000000
__Lreset_vec                    reset_vec    000000
__Lrparam                       rparam       000000
__Lsfr                          sfr          000000
__Lsmallconst                   smallconst   000000
__Lspace_0                      (abs)        000000
__Lspace_1                      (abs)        000000
__Lspace_2                      (abs)        000000
__Lstack                        stack        000000
__Lstruct                       struct       000000
__Ltemp                         temp         00006A
__Ltext                         text         000000
__Ltext0                        text0        000000
__Ltext1                        text1        000000
__Ltext10                       text10       000000
__Ltext11                       text11       000000
__Ltext12                       text12       000000
__Ltext13                       text13       000000
__Ltext14                       text14       000000
__Ltext15                       text15       000000
__Ltext16                       text16       000000
__Ltext17                       text17       000000
__Ltext18                       text18       000000
__Ltext19                       text19       000000
__Ltext2                        text2        000000
__Ltext20                       text20       000000
__Ltext21                       text21       000000
__Ltext22                       text22       000000
__Ltext23                       text23       000000
__Ltext24                       text24       000000
__Ltext25                       text25       000000
__Ltext26                       text26       000000
__Ltext27                       text27       000000
__Ltext28                       text28       000000
__Ltext29                       text29       000000
__Ltext3                        text3        000000
__Ltext30                       text30       000000
__Ltext31                       text31       000000
__Ltext32                       text32       000000
__Ltext33                       text33       000000
__Ltext34                       text34       000000
__Ltext35                       text35       000000
__Ltext36                       text36       000000
__Ltext37                       text37       000000
__Ltext38                       text38       000000
__Ltext39                       text39       000000
__Ltext4                        text4        000000
__Ltext40                       text40       000000
__Ltext41                       text41       000000
__Ltext42                       text42       000000
__Ltext43                       text43       000000
__Ltext44                       text44       000000
__Ltext45                       text45       000000
__Ltext46                       text46       000000
__Ltext47                       text47       000000
__Ltext48                       text48       000000
__Ltext49                       text49       000000
__Ltext5                        text5        000000
__Ltext50                       text50       000000
__Ltext51                       text51       000000
__Ltext52                       text52       000000
__Ltext53                       text53       000000
__Ltext54                       text54       000000
__Ltext55                       text55       000000
__Ltext56                       text56       000000
__Ltext57                       text57       000000
__Ltext58                       text58       000000
__Ltext59                       text59       000000
__Ltext6                        text6        000000
__Ltext60                       text60       000000
__Ltext62                       text62       000000
__Ltext63                       text63       000000
__Ltext64                       text64       000000
__Ltext65                       text65       000000
__Ltext66                       text66       000000
__Ltext67                       text67       000000
__Ltext68                       text68       000000
__Ltext69                       text69       000000
__Ltext7                        text7        000000
__Ltext70                       text70       000000
__Ltext71                       text71       000000
__Ltext72                       text72       000000
__Ltext73                       text73       000000
__Ltext74                       text74       000000
__Ltext75                       text75       000000
__Ltext76                       text76       000000
__Ltext77                       text77       000000
__Ltext78                       text78       000000
__Ltext79                       text79       000000
__Ltext8                        text8        000000
__Ltext80                       text80       000000
__Ltext81                       text81       000000
__Ltext82                       text82       000000
__Ltext83                       text83       000000
__Ltext84                       text84       000000
__Ltext85                       text85       000000
__Ltext86                       text86       000000
__Ltext87                       text87       000000
__Ltext88                       text88       000000
__Ltext89                       text89       000000
__Ltext9                        text9        000000
__S0                            (abs)        30000E
__S1                            (abs)        000400
__S2                            (abs)        000000
___inthi_sp                     stack        000000
___intlo_sp                     stack        000000
___param_bank                   (abs)        000000
___rparam_used                  (abs)        000001
___sp                           stack        000000
___wmul                         text14       005C06
___wmul@multiplicand            cstackBANK1  00012E
___wmul@multiplier              cstackBANK1  00012C
___wmul@product                 cstackBANK0  0000FE
__accesstop                     (abs)        000080
__activetblptr                  (abs)        000002
__end_of_AD_init                text60       005E58
__end_of_BeepInit               text59       005EC8
__end_of_HG_device_init         text41       005CCE
__end_of_HG_interface           text18       005862
__end_of_ISR                    intcode_body 0029AA
__end_of_Initial_LY096BG30      text50       00595A
__end_of_KEY_Init               text49       005D8E
__end_of_KEY_Scan               text35       0052FA
__end_of_LCD_Off                text48       005ED0
__end_of_LCD_On                 text88       005ED8
__end_of_LCD_backlight_init     text47       005ECC
__end_of_MotorDriveInit         text46       005CA0
__end_of_Timer1Init             text45       005E82
__end_of_TimerInit              text44       005DCA
__end_of___wmul                 text14       005C3C
__end_of__initialization        cinit        0054BE
__end_of_bat00_m                mediumconst  007FBA
__end_of_bat100_m               mediumconst  007ED4
__end_of_bat20_m                mediumconst  007F8C
__end_of_bat40_m                mediumconst  007F5E
__end_of_bat60_m                mediumconst  007F30
__end_of_bat80_m                mediumconst  007F02
__end_of_blank_m                mediumconst  0075C4
__end_of_blink_mode             text15       0023A8
__end_of_buzz                   text39       005DE6
__end_of_c_m                    mediumconst  007596
__end_of_c_routine              text12       004070
__end_of_check_acting           text11       0056EE
__end_of_check_bat              text7        005B90
__end_of_check_ui_status        text6        0019F4
__end_of_clear_screen           text78       005A82
__end_of_config_LCD             text81       005228
__end_of_delay                  text58       0059F0
__end_of_delay_nms              text40       00590E
__end_of_delay_pwm              text13       005D48
__end_of_delaynus               text38       005DAC
__end_of_display_bat            text9        0031A4
__end_of_display_bat_blank      text8        00423C
__end_of_display_blank_mode_pa  text17       004730
__end_of_display_cmode          text33       004BB0
__end_of_display_drop           text32       004A30
__end_of_display_drops          text31       0048B0
__end_of_display_frame_abc      text30       003CB4
__end_of_display_frame_de       text24       00055C
__end_of_display_frame_fghi     text29       001D40
__end_of_display_logo           text77       00562E
__end_of_display_mem            text76       005154
__end_of_display_n_blank        text16       000E96
__end_of_display_num            text28       0016A6
__end_of_drop_m                 mediumconst  00753A
__end_of_drops_m                mediumconst  007568
__end_of_drops_routine          text5        002F2C
__end_of_ee_WriteBytes          text52       0059A6
__end_of_enter_sleep            text4        00543A
__end_of_get_AD_vaule           text10       00554C
__end_of_get_SenseA_AD_vaule    text80       005808
__end_of_hg_reset               text3        0045B0
__end_of_i2c_CfgGpio            text51       005E90
__end_of_i2c_Delay              text57       005EDC
__end_of_i2c_SendByte           text56       005AC8
__end_of_i2c_Start              text55       005E30
__end_of_i2c_Stop               text54       005E9C
__end_of_i2c_WaitAck            text53       005CF8
__end_of_init_menu              text43       004D2E
__end_of_initial_para_setting   text2        005B4E
__end_of_initial_ui_setting     text67       004EA8
__end_of_logo_eme               mediumconst  0078D6
__end_of_main                   text0        0053A4
__end_of_mem_m                  mediumconst  00750C
__end_of_menu0_MsgHandlle       text27       0026C6
__end_of_menu1_MsgHandlle       text26       0057AA
__end_of_menu2_MsgHandlle       text25       00574C
__end_of_menu3_MsgHandlle       text23       003414
__end_of_menu4_MsgHandlle       text22       003EA0
__end_of_menu5_MsgHandlle       text21       003650
__end_of_menu6_MsgHandlle       text20       0012EC
__end_of_n_0_m                  mediumconst  007EA6
__end_of_n_100_m                mediumconst  007C33
__end_of_n_10_m                 mediumconst  007CA5
__end_of_n_13_m                 mediumconst  007C6C
__end_of_n_150_m                mediumconst  007BC1
__end_of_n_1P5_m                mediumconst  007E34
__end_of_n_1_m                  mediumconst  007E6D
__end_of_n_200_m                mediumconst  007BFA
__end_of_n_250_m                mediumconst  007B4F
__end_of_n_2P5_m                mediumconst  007DFB
__end_of_n_2_m                  mediumconst  007DC2
__end_of_n_300_m                mediumconst  007B88
__end_of_n_3_m                  mediumconst  007D89
__end_of_n_4_m                  mediumconst  007D50
__end_of_n_5_m                  mediumconst  007CDE
__end_of_n_6_m                  mediumconst  007D17
__end_of_n_blank_m              mediumconst  0074A8
__end_of_printf                 text36       005C70
__end_of_ptna_frame             mediumconst  0074DE
__end_of_ptnd_frame             mediumconst  00746F
__end_of_ptne_frame             mediumconst  0073DF
__end_of_ptnf_frame             mediumconst  007B16
__end_of_ptng_frame             mediumconst  007A86
__end_of_ptnh_frame             mediumconst  0079F6
__end_of_ptni_frame             mediumconst  007966
__end_of_putch                  text37       005E66
__end_of_setYX_LCD              text34       0058BC
__end_of_test_routine           text1        003AA0
__end_of_tss                    mediumconst  0075C6
__end_of_uart_init              text42       005E74
__end_of_update_focus           text19       0055CA
__end_ofi2_LCD_Off              text66       005ED4
__end_ofi2_buzz                 text64       005E00
__end_ofi2_delay_nms            text65       005BCE
__end_ofi2_delaynus             text75       005E1A
__end_ofi2_display_bat          text73       00388A
__end_ofi2_display_cmode        text72       004FFE
__end_ofi2_display_frame_abc    text71       0043FE
__end_ofi2_display_frame_de     text70       000A0C
__end_ofi2_display_frame_fghi   text69       002C86
__end_ofi2_display_num          text68       002084
__end_ofi2_ee_WriteBytes        text82       005A3A
__end_ofi2_get_AD_vaule         text74       005690
__end_ofi2_i2c_Delay            text87       005EDE
__end_ofi2_i2c_SendByte         text86       005C06
__end_ofi2_i2c_Start            text85       005E46
__end_ofi2_i2c_Stop             text84       005EB4
__end_ofi2_i2c_WaitAck          text83       005D6E
__end_ofi2_printf               text62       005D22
__end_ofi2_putch                text63       005EA8
__end_ofi2_setYX_LCD            text79       005B0C
__initialization                cinit        00543A
__mediumconst                   mediumconst  00734E
__pbssBANK0                     bssBANK0     000080
__pbssBANK1                     bssBANK1     000100
__pbssBANK2                     bssBANK2     000200
__pbssBANK3                     bssBANK3     000300
__pbssCOMRAM                    bssCOMRAM    000001
__pcinit                        cinit        00543A
__pcstackBANK0                  cstackBANK0  0000FE
__pcstackBANK1                  cstackBANK1  00012C
__pcstackCOMRAM                 cstackCOMRAM 000046
__pdataBANK0                    dataBANK0    0000F4
__pdataCOMRAM                   dataCOMRAM   000068
__pidataBANK0                   idataBANK0   005EB4
__pidataCOMRAM                  idataCOMRAM  005ED8
__pintcode                      intcode      000008
__pintcode_body                 intcode_body 0026C6
__pmediumconst                  mediumconst  00734E
__ptext0                        text0        0052FA
__ptext1                        text1        00388A
__ptext10                       text10       0054CC
__ptext11                       text11       005690
__ptext12                       text12       003EA0
__ptext13                       text13       005D22
__ptext14                       text14       005C06
__ptext15                       text15       002084
__ptext16                       text16       000A0C
__ptext17                       text17       0045B0
__ptext18                       text18       005808
__ptext19                       text19       00554C
__ptext2                        text2        005B0C
__ptext20                       text20       000E96
__ptext21                       text21       003414
__ptext22                       text22       003CB4
__ptext23                       text23       0031A4
__ptext24                       text24       000012
__ptext25                       text25       0056EE
__ptext26                       text26       00574C
__ptext27                       text27       0023A8
__ptext28                       text28       0012EC
__ptext29                       text29       0019F4
__ptext3                        text3        0043FE
__ptext30                       text30       003AA0
__ptext31                       text31       004730
__ptext32                       text32       0048B0
__ptext33                       text33       004A30
__ptext34                       text34       005862
__ptext35                       text35       005228
__ptext36                       text36       005C3C
__ptext37                       text37       005E58
__ptext38                       text38       005D8E
__ptext39                       text39       005DCA
__ptext4                        text4        0053A4
__ptext40                       text40       0058BC
__ptext41                       text41       005CA0
__ptext42                       text42       005E66
__ptext43                       text43       004BB0
__ptext44                       text44       005DAC
__ptext45                       text45       005E74
__ptext46                       text46       005C70
__ptext47                       text47       005EC8
__ptext48                       text48       005ECC
__ptext49                       text49       005D6E
__ptext5                        text5        002C86
__ptext50                       text50       00590E
__ptext51                       text51       005E82
__ptext52                       text52       00595A
__ptext53                       text53       005CCE
__ptext54                       text54       005E90
__ptext55                       text55       005E1A
__ptext56                       text56       005A82
__ptext57                       text57       005EDA
__ptext58                       text58       0059A6
__ptext59                       text59       005EBE
__ptext6                        text6        0016A6
__ptext60                       text60       005E46
__ptext62                       text62       005CF8
__ptext63                       text63       005E9C
__ptext64                       text64       005DE6
__ptext65                       text65       005B90
__ptext66                       text66       005ED0
__ptext67                       text67       004D2E
__ptext68                       text68       001D40
__ptext69                       text69       0029AA
__ptext7                        text7        005B4E
__ptext70                       text70       00055C
__ptext71                       text71       00423C
__ptext72                       text72       004EA8
__ptext73                       text73       003650
__ptext74                       text74       00562E
__ptext75                       text75       005E00
__ptext76                       text76       004FFE
__ptext77                       text77       0055CA
__ptext78                       text78       005A3A
__ptext79                       text79       005AC8
__ptext8                        text8        004070
__ptext80                       text80       0057AA
__ptext81                       text81       005154
__ptext82                       text82       0059F0
__ptext83                       text83       005D48
__ptext84                       text84       005EA8
__ptext85                       text85       005E30
__ptext86                       text86       005BCE
__ptext87                       text87       005EDC
__ptext88                       text88       005ED4
__ptext89                       text89       000000
__ptext9                        text9        002F2C
__ramtop                        ramtop       000600
__size_of_AD_init               (abs)        000000
__size_of_BeepInit              (abs)        000000
__size_of_HG_device_init        (abs)        000000
__size_of_HG_interface          (abs)        000000
__size_of_ISR                   (abs)        000000
__size_of_Initial_LY096BG30     (abs)        000000
__size_of_KEY_Init              (abs)        000000
__size_of_KEY_Scan              (abs)        000000
__size_of_LCD_Off               (abs)        000000
__size_of_LCD_On                (abs)        000000
__size_of_LCD_backlight_init    (abs)        000000
__size_of_MotorDriveInit        (abs)        000000
__size_of_Timer1Init            (abs)        000000
__size_of_TimerInit             (abs)        000000
__size_of___wmul                (abs)        000000
__size_of_blink_mode            (abs)        000000
__size_of_buzz                  (abs)        000000
__size_of_c_routine             (abs)        000000
__size_of_check_acting          (abs)        000000
__size_of_check_bat             (abs)        000000
__size_of_check_ui_status       (abs)        000000
__size_of_clear_screen          (abs)        000000
__size_of_config_LCD            (abs)        000000
__size_of_delay                 (abs)        000000
__size_of_delay_nms             (abs)        000000
__size_of_delay_pwm             (abs)        000000
__size_of_delaynus              (abs)        000000
__size_of_display_bat           (abs)        000000
__size_of_display_bat_blank     (abs)        000000
__size_of_display_blank_mode_pa (abs)        000000
__size_of_display_cmode         (abs)        000000
__size_of_display_drop          (abs)        000000
__size_of_display_drops         (abs)        000000
__size_of_display_frame_abc     (abs)        000000
__size_of_display_frame_de      (abs)        000000
__size_of_display_frame_fghi    (abs)        000000
__size_of_display_logo          (abs)        000000
__size_of_display_mem           (abs)        000000
__size_of_display_n_blank       (abs)        000000
__size_of_display_num           (abs)        000000
__size_of_drops_routine         (abs)        000000
__size_of_ee_WriteBytes         (abs)        000000
__size_of_enter_sleep           (abs)        000000
__size_of_get_AD_vaule          (abs)        000000
__size_of_get_SenseA_AD_vaule   (abs)        000000
__size_of_hg_reset              (abs)        000000
__size_of_i2c_CfgGpio           (abs)        000000
__size_of_i2c_Delay             (abs)        000000
__size_of_i2c_SendByte          (abs)        000000
__size_of_i2c_Start             (abs)        000000
__size_of_i2c_Stop              (abs)        000000
__size_of_i2c_WaitAck           (abs)        000000
__size_of_init_menu             (abs)        000000
__size_of_initial_para_setting  (abs)        000000
__size_of_initial_ui_setting    (abs)        000000
__size_of_main                  (abs)        000000
__size_of_menu0_MsgHandlle      (abs)        000000
__size_of_menu1_MsgHandlle      (abs)        000000
__size_of_menu2_MsgHandlle      (abs)        000000
__size_of_menu3_MsgHandlle      (abs)        000000
__size_of_menu4_MsgHandlle      (abs)        000000
__size_of_menu5_MsgHandlle      (abs)        000000
__size_of_menu6_MsgHandlle      (abs)        000000
__size_of_printf                (abs)        000000
__size_of_putch                 (abs)        000000
__size_of_setYX_LCD             (abs)        000000
__size_of_test_routine          (abs)        000000
__size_of_uart_init             (abs)        000000
__size_of_update_focus          (abs)        000000
__size_ofi2_LCD_Off             (abs)        000000
__size_ofi2_buzz                (abs)        000000
__size_ofi2_delay_nms           (abs)        000000
__size_ofi2_delaynus            (abs)        000000
__size_ofi2_display_bat         (abs)        000000
__size_ofi2_display_cmode       (abs)        000000
__size_ofi2_display_frame_abc   (abs)        000000
__size_ofi2_display_frame_de    (abs)        000000
__size_ofi2_display_frame_fghi  (abs)        000000
__size_ofi2_display_num         (abs)        000000
__size_ofi2_ee_WriteBytes       (abs)        000000
__size_ofi2_get_AD_vaule        (abs)        000000
__size_ofi2_i2c_Delay           (abs)        000000
__size_ofi2_i2c_SendByte        (abs)        000000
__size_ofi2_i2c_Start           (abs)        000000
__size_ofi2_i2c_Stop            (abs)        000000
__size_ofi2_i2c_WaitAck         (abs)        000000
__size_ofi2_printf              (abs)        000000
__size_ofi2_putch               (abs)        000000
__size_ofi2_setYX_LCD           (abs)        000000
__smallconst                    smallconst   000000
_action_btn_cnt                 bssBANK0     0000D4
_bat00_m                        mediumconst  007F8C
_bat100_m                       mediumconst  007EA6
_bat20_m                        mediumconst  007F5E
_bat40_m                        mediumconst  007F30
_bat60_m                        mediumconst  007F02
_bat80_m                        mediumconst  007ED4
_bat_vol                        bssCOMRAM    00003A
_bat_x_m                        bssCOMRAM    00003C
_blank_m                        mediumconst  007596
_blink_mode                     text15       002084
_buzz                           text39       005DCA
_bv                             bssBANK0     0000DA
_c_m                            mediumconst  007568
_c_routine                      text12       003EA0
_check_acting                   text11       005690
_check_bat                      text7        005B4E
_check_ui_status                text6        0016A6
_clear_screen                   text78       005A3A
_cnt_ma                         bssBANK0     0000C4
_cnt_mb                         bssBANK0     0000C0
_cnt_mb_sa                      bssBANK1     000124
_cnt_mb_sb                      bssBANK1     000120
_cnta_mb                        bssBANK0     0000D8
_cntb_mb                        bssBANK0     0000D6
_config_LCD                     text81       005154
_css                            bssBANK0     0000E5
_cur_edge                       bssBANK0     0000EF
_cur_state_phb_ma               bssBANK0     0000F3
_cv                             dataBANK0    0000F6
_delay                          text58       0059A6
_delay_nms                      text40       0058BC
_delay_pwm                      text13       005D22
_delaynus                       text38       005D8E
_display_bat                    text9        002F2C
_display_bat_blank              text8        004070
_display_blank_mode_pa          text17       0045B0
_display_cmode                  text33       004A30
_display_drop                   text32       0048B0
_display_drops                  text31       004730
_display_frame_abc              text30       003AA0
_display_frame_de               text24       000012
_display_frame_fghi             text29       0019F4
_display_logo                   text77       0055CA
_display_mem                    text76       004FFE
_display_n_blank                text16       000A0C
_display_num                    text28       0012EC
_drop_m                         mediumconst  00750C
_drops_m                        mediumconst  00753A
_drops_routine                  text5        002C86
_dv                             dataBANK0    0000F4
_ee_WriteBytes                  text52       00595A
_enter_sleep                    text4        0053A4
_flag                           bssBANK0     0000E2
_flag_action                    bssBANK0     0000E9
_flag_action_button             bssBANK0     0000E8
_flag_blink                     bssCOMRAM    000044
_flag_do_reset_in_drops_mode    bssBANK0     0000E7
_flag_go_to_sleep               dataBANK0    0000FC
_flag_inject                    bssBANK0     0000ED
_flag_inject_sa                 bssBANK0     0000EC
_flag_inject_sb                 bssBANK0     0000EB
_flag_mreset                    dataBANK0    0000FD
_flag_mreset_hit_lp             bssBANK0     0000EE
_flag_power_up                  bssBANK0     0000F1
_flag_push                      bssBANK0     0000EA
_flag_test_mode_break           bssBANK0     0000DC
_flag_tv                        dataBANK0    0000FA
_flag_wake_up                   dataBANK0    0000FB
_flip                           bssCOMRAM    000040
_focus                          bssCOMRAM    000043
_get_AD_vaule                   text10       0054CC
_get_SenseA_AD_vaule            text80       0057AA
_hg_op                          bssCOMRAM    000001
_hg_reset                       text3        0043FE
_i2c_CfgGpio                    text51       005E82
_i2c_Delay                      text57       005EDA
_i2c_SendByte                   text56       005A82
_i2c_Start                      text55       005E1A
_i2c_Stop                       text54       005E90
_i2c_WaitAck                    text53       005CCE
_init_menu                      text43       004BB0
_initial_para_setting           text2        005B0C
_initial_ui_setting             text67       004D2E
_logo_eme                       mediumconst  0075C6
_main                           text0        0052FA
_mbcnt                          bssBANK0     0000CC
_mem_m                          mediumconst  0074DE
_menu                           bssBANK0     000080
_menu0_MsgHandlle               text27       0023A8
_menu1_MsgHandlle               text26       00574C
_menu2_MsgHandlle               text25       0056EE
_menu3_MsgHandlle               text23       0031A4
_menu4_MsgHandlle               text22       003CB4
_menu5_MsgHandlle               text21       003414
_menu6_MsgHandlle               text20       000E96
_menu7_MsgHandlle               (abs)        000000
_ms                             dataCOMRAM   000069
_msleep                         bssBANK1     000128
_n_0_m                          mediumconst  007E6D
_n_100_m                        mediumconst  007BFA
_n_10_m                         mediumconst  007C6C
_n_13_m                         mediumconst  007C33
_n_150_m                        mediumconst  007B88
_n_1P5_m                        mediumconst  007DFB
_n_1_m                          mediumconst  007E34
_n_200_m                        mediumconst  007BC1
_n_250_m                        mediumconst  007B16
_n_2P5_m                        mediumconst  007DC2
_n_2_m                          mediumconst  007D89
_n_300_m                        mediumconst  007B4F
_n_3_m                          mediumconst  007D50
_n_4_m                          mediumconst  007D17
_n_5_m                          mediumconst  007CA5
_n_6_m                          mediumconst  007CDE
_n_blank_m                      mediumconst  00746F
_n_x_m                          bssCOMRAM    00003E
_needle_len                     dataBANK0    0000F8
_old_c                          bssBANK0     0000E0
_page                           bssBANK0     0000E3
_prev_edge                      bssBANK0     0000F0
_prev_state_phb_ma              bssBANK0     0000F2
_printf                         text36       005C3C
_ptna_frame                     mediumconst  0074A8
_ptnd_frame                     mediumconst  0073DF
_ptne_frame                     mediumconst  00734F
_ptnf_frame                     mediumconst  007A86
_ptng_frame                     mediumconst  0079F6
_ptnh_frame                     mediumconst  007966
_ptni_frame                     mediumconst  0078D6
_ptnx_frame                     bssCOMRAM    000038
_putch                          text37       005E58
_rcnt                           bssBANK0     0000E4
_read_buf                       bssBANK3     000300
_setYX_LCD                      text34       005862
_ss                             bssBANK0     0000E6
_test_mode                      bssCOMRAM    000045
_test_routine                   text1        00388A
_tflag                          dataBANK0    0000F9
_tmcnt                          bssBANK1     00011C
_tss                            mediumconst  0075C4
_ttte                           bssBANK0     0000DF
_tv_cnt                         bssBANK0     0000E1
_tv_s                           bssBANK1     000100
_tva                            bssBANK0     0000D0
_tvb                            bssBANK0     0000CE
_uart_init                      text42       005E66
_update_focus                   text19       00554C
_work_mode                      bssCOMRAM    000042
_work_mode_choice               bssBANK0     0000DD
_write_buf                      bssBANK2     000200
_xtt                            bssBANK0     0000D2
btemp                           temp         00006A
c_routine@cnt_push              cstackBANK1  000134
check_bat@bat_flip              dataCOMRAM   000068
check_ui_status@cnt_ui_check    bssCOMRAM    000034
clear_screen@col                cstackCOMRAM 000052
clear_screen@page               cstackCOMRAM 000053
delay@i                         cstackBANK1  00012C
delay@j                         cstackBANK1  00012E
delay@x                         cstackBANK0  0000FE
delay_nms@i                     cstackBANK0  0000FE
delay_nms@n                     cstackBANK1  00012C
delay_pwm@n                     cstackBANK1  000130
delaynus@n                      cstackBANK0  0000FE
display_bat@mode                cstackBANK1  000137
display_bat@temp                cstackBANK1  00013B
display_bat@tori                cstackBANK1  00013A
display_bat@x                   cstackBANK1  000136
display_bat_blank@mode          cstackBANK1  000137
display_bat_blank@temp          cstackBANK1  00013B
display_bat_blank@tori          cstackBANK1  00013A
display_bat_blank@x             cstackBANK1  000136
display_blank_mode_pa@mode      cstackBANK1  000137
display_blank_mode_pa@temp      cstackBANK1  000139
display_blank_mode_pa@tori      cstackBANK1  000138
display_blank_mode_pa@x         cstackBANK1  000136
display_cmode@mode              cstackBANK1  000137
display_cmode@temp              cstackBANK1  000139
display_cmode@tori              cstackBANK1  000138
display_cmode@x                 cstackBANK1  000136
display_drop@mode               cstackBANK1  000137
display_drop@temp               cstackBANK1  000139
display_drop@tori               cstackBANK1  000138
display_drop@x                  cstackBANK1  000136
display_drops@mode              cstackBANK1  000137
display_drops@temp              cstackBANK1  000139
display_drops@tori              cstackBANK1  000138
display_drops@x                 cstackBANK1  000136
display_frame_abc@mode          cstackBANK1  000137
display_frame_abc@temp          cstackBANK1  000139
display_frame_abc@tori          cstackBANK1  000138
display_frame_abc@x             cstackBANK1  000136
display_frame_de@mode           cstackBANK1  000137
display_frame_de@temp           cstackBANK1  00013A
display_frame_de@tori           cstackBANK1  000138
display_frame_de@x              cstackBANK1  000136
display_frame_de@y              cstackBANK1  000139
display_frame_fghi@mode         cstackBANK1  000137
display_frame_fghi@temp         cstackBANK1  00013C
display_frame_fghi@tori         cstackBANK1  00013A
display_frame_fghi@x            cstackBANK1  000136
display_frame_fghi@y            cstackBANK1  00013B
display_logo@col                cstackCOMRAM 000054
display_logo@page               cstackCOMRAM 000055
display_mem@mode                cstackCOMRAM 000053
display_mem@temp                cstackCOMRAM 000055
display_mem@tori                cstackCOMRAM 000054
display_mem@x                   cstackCOMRAM 000052
display_n_blank@mode            cstackBANK1  000137
display_n_blank@temp            cstackBANK1  00013A
display_n_blank@tori            cstackBANK1  000139
display_n_blank@x               cstackBANK1  000136
display_n_blank@y               cstackBANK1  000138
display_num@mode                cstackBANK1  000137
display_num@temp                cstackBANK1  00013C
display_num@tori                cstackBANK1  00013A
display_num@x                   cstackBANK1  000136
display_num@y                   cstackBANK1  00013B
drops_routine@cnt_push          cstackBANK1  000132
ee_WriteBytes@_pWriteBuf        cstackBANK1  00012C
ee_WriteBytes@_usAddress        cstackBANK1  00012E
ee_WriteBytes@_usSize           cstackBANK1  00012F
ee_WriteBytes@m                 cstackBANK1  000131
ee_WriteBytes@usAddr            cstackBANK1  000133
end_of_initialization           cinit        0054BE
enter_sleep@temp                cstackBANK1  000131
get_AD_vaule@hv                 cstackBANK1  000132
get_AD_vaule@lv                 cstackBANK1  000133
get_AD_vaule@rv                 cstackBANK1  000130
get_AD_vaule@ts                 cstackBANK1  00012F
get_SenseA_AD_vaule@hv          cstackCOMRAM 00004D
get_SenseA_AD_vaule@lv          cstackCOMRAM 00004E
get_SenseA_AD_vaule@rv          cstackCOMRAM 00004B
i2_LCD_Off                      text66       005ED0
i2_buzz                         text64       005DE6
i2_delay_nms                    text65       005B90
i2_delaynus                     text75       005E00
i2_display_bat                  text73       003650
i2_display_cmode                text72       004EA8
i2_display_frame_abc            text71       00423C
i2_display_frame_de             text70       00055C
i2_display_frame_fghi           text69       0029AA
i2_display_num                  text68       001D40
i2_ee_WriteBytes                text82       0059F0
i2_get_AD_vaule                 text74       00562E
i2_i2c_Delay                    text87       005EDC
i2_i2c_SendByte                 text86       005BCE
i2_i2c_Start                    text85       005E30
i2_i2c_Stop                     text84       005EA8
i2_i2c_WaitAck                  text83       005D48
i2_printf                       text62       005CF8
i2_putch                        text63       005E9C
i2_setYX_LCD                    text79       005AC8
i2c_SendByte@_ucByte            cstackBANK0  0000FE
i2c_SendByte@i                  cstackBANK0  0000FF
i2c_WaitAck@re                  cstackBANK0  0000FE
i2delay_nms@i                   cstackCOMRAM 00004A
i2delay_nms@n                   cstackCOMRAM 000046
i2delaynus@n                    cstackCOMRAM 000046
i2display_bat@mode              cstackCOMRAM 000053
i2display_bat@temp              cstackCOMRAM 000057
i2display_bat@tori              cstackCOMRAM 000056
i2display_bat@x                 cstackCOMRAM 000052
i2display_cmode@mode            cstackCOMRAM 000053
i2display_cmode@temp            cstackCOMRAM 000055
i2display_cmode@tori            cstackCOMRAM 000054
i2display_cmode@x               cstackCOMRAM 000052
i2display_frame_abc@mode        cstackCOMRAM 000053
i2display_frame_abc@temp        cstackCOMRAM 000055
i2display_frame_abc@tori        cstackCOMRAM 000054
i2display_frame_abc@x           cstackCOMRAM 000052
i2display_frame_de@mode         cstackCOMRAM 000053
i2display_frame_de@temp         cstackCOMRAM 000056
i2display_frame_de@tori         cstackCOMRAM 000054
i2display_frame_de@x            cstackCOMRAM 000052
i2display_frame_de@y            cstackCOMRAM 000055
i2display_frame_fghi@mode       cstackCOMRAM 000053
i2display_frame_fghi@temp       cstackCOMRAM 000058
i2display_frame_fghi@tori       cstackCOMRAM 000056
i2display_frame_fghi@x          cstackCOMRAM 000052
i2display_frame_fghi@y          cstackCOMRAM 000057
i2display_num@mode              cstackCOMRAM 000053
i2display_num@temp              cstackCOMRAM 000058
i2display_num@tori              cstackCOMRAM 000056
i2display_num@x                 cstackCOMRAM 000052
i2display_num@y                 cstackCOMRAM 000057
i2ee_WriteBytes@_pWriteBuf      cstackCOMRAM 000048
i2ee_WriteBytes@_usAddress      cstackCOMRAM 00004A
i2ee_WriteBytes@_usSize         cstackCOMRAM 00004B
i2ee_WriteBytes@m               cstackCOMRAM 00004D
i2ee_WriteBytes@usAddr          cstackCOMRAM 00004F
i2get_AD_vaule@hv               cstackCOMRAM 00004E
i2get_AD_vaule@lv               cstackCOMRAM 00004F
i2get_AD_vaule@rv               cstackCOMRAM 00004C
i2get_AD_vaule@ts               cstackCOMRAM 00004B
i2i2c_SendByte@_ucByte          cstackCOMRAM 000046
i2i2c_SendByte@i                cstackCOMRAM 000047
i2i2c_WaitAck@re                cstackCOMRAM 000046
i2printf@ap                     cstackCOMRAM 000049
i2printf@c                      cstackCOMRAM 00004B
i2printf@f                      cstackCOMRAM 000047
i2putch@c                       cstackCOMRAM 000046
i2setYX_LCD@px                  cstackCOMRAM 000050
i2setYX_LCD@py                  cstackCOMRAM 000051
initial_ui_setting@i            cstackCOMRAM 000059
int$flags                       temp         00006A
int_func                        intcode_body 0026C6
intlevel0                       text         000000
intlevel1                       text         000000
intlevel2                       text         000000
intlevel3                       text         000000
menu0_MsgHandlle@key            cstackBANK1  00013D
menu1_MsgHandlle@key            cstackBANK0  0000FE
menu2_MsgHandlle@key            cstackBANK0  0000FE
menu3_MsgHandlle@key            cstackBANK1  00013D
menu4_MsgHandlle@key            cstackBANK1  00013D
menu5_MsgHandlle@key            cstackBANK1  00013D
menu6_MsgHandlle@key            cstackBANK1  00013D
printf@ap                       cstackBANK1  00012E
printf@c                        cstackBANK1  000130
printf@f                        cstackBANK1  00012C
putch@c                         cstackBANK0  0000FE
setYX_LCD@px                    cstackBANK1  000134
setYX_LCD@py                    cstackBANK1  000135
stackhi                         (abs)        0005FF
stacklo                         (abs)        000400
start                           init         00000E
start_initialization            cinit        00543A
test_routine@cnt_push           cstackBANK1  000136
update_focus@i                  cstackBANK1  00012D
update_focus@key                cstackBANK1  00012C


FUNCTION INFORMATION:

 *************** function _main *****************
 Defined at:
		line 91 in file "../Main.c"
[...]
 Data sizes:     COMRAM   BANK0   BANK1   BANK2   BANK3   BANK4   BANK5
      Params:         0       0       0       0       0       0       0
      Locals:         2       0       0       0       0       0       0
      Temps:          2       0       0       0       0       0       0
      Totals:         4       0       0       0       0       0       0
Total ram usage:        4 bytes
 Hardware stack levels used:    1
 Hardware stack levels required when called:    4
 This function calls:
		i2_ee_WriteBytes
		i2_setYX_LCD
 This function is called by:
		_initial_ui_setting
 This function uses a non-reentrant model


 *************** function _clear_screen *****************
 Defined at:
		line 3174 in file "../Oled.c"
 Parameters:    Size  Location     Type
		None
 Auto vars:     Size  Location     Type
  page            1   13[COMRAM] unsigned char 
  col             1   12[COMRAM] unsigned char 
 Return value:  Size  Location     Type
                  1    wreg      unsigned char 
 Registers used:
		wreg, fsr0l, fsr0h, status,2, status,0, tblptrl, tblptrh, tblptru, cstack
 Tracked objects:
		On entry : 
		On exit  : 
		Unchanged: 
 Data sizes:     COMRAM   BANK0   BANK1   BANK2   BANK3   BANK4   BANK5
      Params:         0       0       0       0       0       0       0
      Locals:         2       0       0       0       0       0       0
      Temps:          0       0       0       0       0       0       0
      Totals:         2       0       0       0       0       0       0
Total ram usage:        2 bytes
 Hardware stack levels used:    1
 Hardware stack levels required when called:    4
 This function calls:
		i2_ee_WriteBytes
		i2_setYX_LCD
 This function is called by:
		_initial_ui_setting
 This function uses a non-reentrant model


 *************** function i2_setYX_LCD *****************
 Defined at:
		line 599 in file "../Oled.c"
 Parameters:    Size  Location     Type
  py              1    wreg     unsigned char 
  px              1   10[COMRAM] unsigned char 
 Auto vars:     Size  Location     Type
  py              1   11[COMRAM] unsigned char 
 Return value:  Size  Location     Type
                  1    wreg      unsigned char 
 Registers used:
		wreg, fsr0l, fsr0h, status,2, status,0, tblptrl, tblptrh, tblptru, cstack
 Tracked objects:
		On entry : 
		On exit  : 
		Unchanged: 
 Data sizes:     COMRAM   BANK0   BANK1   BANK2   BANK3   BANK4   BANK5
      Params:         1       0       0       0       0       0       0
      Locals:         1       0       0       0       0       0       0
      Temps:          0       0       0       0       0       0       0
      Totals:         2       0       0       0       0       0       0
Total ram usage:        2 bytes
 Hardware stack levels used:    1
 Hardware stack levels required when called:    3
 This function calls:
		i2_ee_WriteBytes
 This function is called by:
		_display_mem
		_display_logo
		_clear_screen
		i2_display_num
		i2_display_bat
		i2_display_cmode
		i2_display_frame_abc
		i2_display_frame_de
		i2_display_frame_fghi
 This function uses a non-reentrant model


 *************** function _get_SenseA_AD_vaule *****************
 Defined at:
		line 322 in file "../Oled.c"
 Parameters:    Size  Location     Type
		None
 Auto vars:     Size  Location     Type
  rv              2    5[COMRAM] unsigned int 
  lv              1    8[COMRAM] unsigned char 
  hv              1    7[COMRAM] unsigned char 
 Return value:  Size  Location     Type
                  2    0[COMRAM] unsigned int 
 Registers used:
		wreg, status,2, status,0
 Tracked objects:
		On entry : 
		On exit  : 
		Unchanged: 
 Data sizes:     COMRAM   BANK0   BANK1   BANK2   BANK3   BANK4   BANK5
      Params:         2       0       0       0       0       0       0
      Locals:         4       0       0       0       0       0       0
      Temps:          3       0       0       0       0       0       0
      Totals:         9       0       0       0       0       0       0
Total ram usage:        9 bytes
 Hardware stack levels used:    1
 This function calls:
		Nothing
 This function is called by:
		_ISR
 This function uses a non-reentrant model


 *************** function _config_LCD *****************
 Defined at:
		line 3305 in file "../Oled.c"
 Parameters:    Size  Location     Type
		None
 Auto vars:     Size  Location     Type
		None
 Return value:  Size  Location     Type
                  1    wreg      void 
 Registers used:
		wreg, fsr0l, fsr0h, status,2, status,0, tblptrl, tblptrh, tblptru, cstack
 Tracked objects:
		On entry : 
		On exit  : 
		Unchanged: 
 Data sizes:     COMRAM   BANK0   BANK1   BANK2   BANK3   BANK4   BANK5
      Params:         0       0       0       0       0       0       0
      Locals:         0       0       0       0       0       0       0
      Temps:          0       0       0       0       0       0       0
      Totals:         0       0       0       0       0       0       0
Total ram usage:        0 bytes
 Hardware stack levels used:    1
 Hardware stack levels required when called:    3
 This function calls:
		i2_ee_WriteBytes
 This function is called by:
		_ISR
 This function uses a non-reentrant model


 *************** function i2_ee_WriteBytes *****************
 Defined at:
		line 481 in file "../Oled.c"
 Parameters:    Size  Location     Type
  _pWriteBuf      2    2[COMRAM] PTR unsigned char 
		 -> logo_eme(784), display_frame_fghi@temp(1), display_frame_de@temp(1), display_frame_abc@temp(1), 
		 -> display_drop@temp(1), display_drops@temp(1), display_cmode@temp(1), display_blank_mode_pa@temp(1), 
		 -> display_mem@temp(1), display_bat@temp(1), display_bat_blank@temp(1), display_num@temp(1), 
		 -> display_n_blank@temp(1), write_buf(256), 
  _usAddress      1    4[COMRAM] unsigned char 
  _usSize         2    5[COMRAM] unsigned int 
 Auto vars:     Size  Location     Type
  ee_WriteByte    2    7[COMRAM] unsigned int 
  ee_WriteByte    2    0        unsigned int 
  ee_WriteByte    1    9[COMRAM] unsigned char 
 Return value:  Size  Location     Type
                  1    wreg      unsigned char 
 Registers used:
		wreg, fsr0l, fsr0h, status,2, status,0, tblptrl, tblptrh, tblptru, cstack
 Tracked objects:
		On entry : 
		On exit  : 
		Unchanged: 
 Data sizes:     COMRAM   BANK0   BANK1   BANK2   BANK3   BANK4   BANK5
      Params:         5       0       0       0       0       0       0
      Locals:         3       0       0       0       0       0       0
      Temps:          0       0       0       0       0       0       0
      Totals:         8       0       0       0       0       0       0
Total ram usage:        8 bytes
 Hardware stack levels used:    1
 Hardware stack levels required when called:    2
 This function calls:
		i2_i2c_SendByte
		i2_i2c_Start
		i2_i2c_Stop
		i2_i2c_WaitAck
 This function is called by:
		_display_mem
		_display_logo
		_clear_screen
		_config_LCD
		_ISR
		i2_setYX_LCD
		i2_display_num
		i2_display_bat
		i2_display_cmode
		i2_display_frame_abc
		i2_display_frame_de
		i2_display_frame_fghi
 This function uses a non-reentrant model


 *************** function i2_i2c_WaitAck *****************
 Defined at:
		line 155 in file "../Oled.c"
 Parameters:    Size  Location     Type
		None
 Auto vars:     Size  Location     Type
  i2c_WaitAck     1    0[COMRAM] unsigned char 
 Return value:  Size  Location     Type
                  1    wreg      unsigned char 
 Registers used:
		wreg, status,2, cstack
 Tracked objects:
		On entry : 
		On exit  : 
		Unchanged: 
 Data sizes:     COMRAM   BANK0   BANK1   BANK2   BANK3   BANK4   BANK5
      Params:         0       0       0       0       0       0       0
      Locals:         1       0       0       0       0       0       0
      Temps:          0       0       0       0       0       0       0
      Totals:         1       0       0       0       0       0       0
Total ram usage:        1 bytes
 Hardware stack levels used:    1
 Hardware stack levels required when called:    1
 This function calls:
		i2_i2c_Delay
 This function is called by:
		i2_ee_WriteBytes
 This function uses a non-reentrant model


 *************** function i2_i2c_Stop *****************
 Defined at:
		line 87 in file "../Oled.c"
 Parameters:    Size  Location     Type
		None
 Auto vars:     Size  Location     Type
		None
 Return value:  Size  Location     Type
                  1    wreg      void 
 Registers used:
		cstack
 Tracked objects:
		On entry : 
		On exit  : 
		Unchanged: 
 Data sizes:     COMRAM   BANK0   BANK1   BANK2   BANK3   BANK4   BANK5
      Params:         0       0       0       0       0       0       0
      Locals:         0       0       0       0       0       0       0
      Temps:          0       0       0       0       0       0       0
      Totals:         0       0       0       0       0       0       0
Total ram usage:        0 bytes
 Hardware stack levels used:    1
 Hardware stack levels required when called:    1
 This function calls:
		i2_i2c_Delay
 This function is called by:
		i2_ee_WriteBytes
 This function uses a non-reentrant model


 *************** function i2_i2c_Start *****************
 Defined at:
		line 74 in file "../Oled.c"
 Parameters:    Size  Location     Type
		None
 Auto vars:     Size  Location     Type
		None
 Return value:  Size  Location     Type
                  1    wreg      void 
 Registers used:
		cstack
 Tracked objects:
		On entry : 
		On exit  : 
		Unchanged: 
 Data sizes:     COMRAM   BANK0   BANK1   BANK2   BANK3   BANK4   BANK5
      Params:         0       0       0       0       0       0       0
      Locals:         0       0       0       0       0       0       0
      Temps:          0       0       0       0       0       0       0
      Totals:         0       0       0       0       0       0       0
Total ram usage:        0 bytes
 Hardware stack levels used:    1
 Hardware stack levels required when called:    1
 This function calls:
		i2_i2c_Delay
 This function is called by:
		i2_ee_WriteBytes
 This function uses a non-reentrant model


 *************** function i2_i2c_SendByte *****************
 Defined at:
		line 97 in file "../Oled.c"
 Parameters:    Size  Location     Type
  _ucByte         1    wreg     unsigned char 
 Auto vars:     Size  Location     Type
  _ucByte         1    0[COMRAM] unsigned char 
  i2c_SendByte    1    1[COMRAM] unsigned char 
 Return value:  Size  Location     Type
                  1    wreg      void 
 Registers used:
		wreg, status,2, status,0, cstack
 Tracked objects:
		On entry : 
		On exit  : 
		Unchanged: 
 Data sizes:     COMRAM   BANK0   BANK1   BANK2   BANK3   BANK4   BANK5
      Params:         0       0       0       0       0       0       0
      Locals:         2       0       0       0       0       0       0
      Temps:          0       0       0       0       0       0       0
      Totals:         2       0       0       0       0       0       0
Total ram usage:        2 bytes
 Hardware stack levels used:    1
 Hardware stack levels required when called:    1
 This function calls:
		i2_i2c_Delay
 This function is called by:
		i2_ee_WriteBytes
 This function uses a non-reentrant model


 *************** function i2_i2c_Delay *****************
 Defined at:
		line 62 in file "../Oled.c"
 Parameters:    Size  Location     Type
		None
 Auto vars:     Size  Location     Type
  i2c_Delay       4    0        unsigned long 
 Return value:  Size  Location     Type
                  1    wreg      void 
 Registers used:
		None
 Tracked objects:
		On entry : 
		On exit  : 
		Unchanged: 
 Data sizes:     COMRAM   BANK0   BANK1   BANK2   BANK3   BANK4   BANK5
      Params:         0       0       0       0       0       0       0
      Locals:         0       0       0       0       0       0       0
      Temps:          0       0       0       0       0       0       0
      Totals:         0       0       0       0       0       0       0
Total ram usage:        0 bytes
 Hardware stack levels used:    1
 This function calls:
		Nothing
 This function is called by:
		i2_i2c_Start
		i2_i2c_Stop
		i2_i2c_SendByte
		i2_i2c_WaitAck
 This function uses a non-reentrant model


 *************** function _LCD_On *****************
 Defined at:
		line 573 in file "../Oled.c"
 Parameters:    Size  Location     Type
		None
 Auto vars:     Size  Location     Type
		None
 Return value:  Size  Location     Type
                  1    wreg      void 
 Registers used:
		None
 Tracked objects:
		On entry : 
		On exit  : 
		Unchanged: 
 Data sizes:     COMRAM   BANK0   BANK1   BANK2   BANK3   BANK4   BANK5
      Params:         0       0       0       0       0       0       0
      Locals:         0       0       0       0       0       0       0
      Temps:          0       0       0       0       0       0       0
      Totals:         0       0       0       0       0       0       0
Total ram usage:        0 bytes
 Hardware stack levels used:    1
 This function calls:
		Nothing
 This function is called by:
		_ISR
 This function uses a non-reentrant model



MODULE INFORMATION

Module		Function		Class		Link	Load	Size
../Key.c
		_KEY_Scan      		CODE           	5228	0000	211
		_KEY_Init      		CODE           	5D6E	0000	33

../Key.c estimated size: 244

C:\Program Files (x86)\Microchip\xc8\v1.41\sources\common\doprnt.c
		_printf        		CODE           	5C3C	0000	53

C:\Program Files (x86)\Microchip\xc8\v1.41\sources\common\doprnt.c estimated size: 53

../gui.c
		_initial_para_setting		CODE           	5B0C	0000	67
		_menu5_MsgHandlle		CODE           	3414	0000	573
		_menu0_MsgHandlle		CODE           	23A8	0000	799
		_menu6_MsgHandlle		CODE           	0E96	0000	1111
		_init_menu     		CODE           	4BB0	0000	383
		_menu1_MsgHandlle		CODE           	574C	0000	95
		_check_ui_status		CODE           	16A6	0000	847
		_update_focus  		CODE           	554C	0000	127
		_blink_mode    		CODE           	2084	0000	805
		_HG_device_init		CODE           	5CA0	0000	47
		_menu2_MsgHandlle		CODE           	56EE	0000	95
		_enter_sleep   		CODE           	53A4	0000	151
		_menu3_MsgHandlle		CODE           	31A4	0000	625
		_HG_interface  		CODE           	5808	0000	91
		_menu4_MsgHandlle		CODE           	3CB4	0000	493

../gui.c estimated size: 6309

C:\Program Files (x86)\Microchip\xc8\v1.41\sources\common\Umul16.c
		___wmul        		CODE           	5C06	0000	55

C:\Program Files (x86)\Microchip\xc8\v1.41\sources\common\Umul16.c estimated size: 55

../Timer.c
		_TimerInit     		CODE           	5DAC	0000	31
		_ISR           		CODE           	0008	0000	747
		_Timer1Init    		CODE           	5E74	0000	15
		_delaynus      		CODE           	5D8E	0000	31

../Timer.c estimated size: 824

../Oled.c
		_delay         		CODE           	59A6	0000	75
		_get_SenseA_AD_vaule		CODE           	57AA	0000	95
		_AD_init       		CODE           	5E46	0000	19
		_display_mem   		CODE           	4FFE	0000	343
		_display_bat   		CODE           	2F2C	0000	633
		_display_num   		CODE           	12EC	0000	955
		_i2c_CfgGpio   		CODE           	5E82	0000	15
		_setYX_LCD     		CODE           	5862	0000	91
		_display_logo  		CODE           	55CA	0000	101
		_display_drop  		CODE           	48B0	0000	385
		_display_frame_de		CODE           	0012	0000	1355
		_i2c_Stop      		CODE           	5E90	0000	13
		_LCD_Off       		CODE           	5ECC	0000	5
		_display_frame_abc		CODE           	3AA0	0000	533
		_i2c_WaitAck   		CODE           	5CCE	0000	43
		_display_cmode 		CODE           	4A30	0000	385
		_display_drops 		CODE           	4730	0000	385
		_initial_ui_setting		CODE           	4D2E	0000	379
		_display_bat_blank		CODE           	4070	0000	461
		_i2c_Delay     		CODE           	5EDA	0000	3
		_i2c_SendByte  		CODE           	5A82	0000	71
		_delay_nms     		CODE           	58BC	0000	83
		_get_AD_vaule  		CODE           	54CC	0000	129
		_LCD_backlight_init		CODE           	5EC8	0000	5
		_ee_WriteBytes 		CODE           	595A	0000	77
		_Initial_LY096BG30		CODE           	590E	0000	77
		_clear_screen  		CODE           	5A3A	0000	73
		_i2c_Start     		CODE           	5E1A	0000	23
		_display_frame_fghi		CODE           	19F4	0000	845
		_display_n_blank		CODE           	0A0C	0000	1163
		_check_bat     		CODE           	5B4E	0000	67
		_LCD_On        		CODE           	5ED4	0000	5
		_delay_pwm     		CODE           	5D22	0000	39
		_config_LCD    		CODE           	5154	0000	213
		_display_blank_mode_pa		CODE           	45B0	0000	385

../Oled.c estimated size: 9529

../Main.c
		_main          		CODE           	52FA	0000	171

../Main.c estimated size: 171

shared
		_mem_m         		MEDIUMCONST    	74DE	0000	47
		i2_ee_WriteBytes		CODE           	59F0	0000	75
		i2_printf      		CODE           	5CF8	0000	43
		i2_i2c_Delay   		CODE           	5EDC	0000	3
		_ptne_frame    		MEDIUMCONST    	734F	0000	145
		_n_1P5_m       		MEDIUMCONST    	7DFB	0000	58
		_n_2P5_m       		MEDIUMCONST    	7DC2	0000	58
		i2_display_frame_abc		CODE           	423C	0000	451
		i2_putch       		CODE           	5E9C	0000	13
		_ptnf_frame    		MEDIUMCONST    	7A86	0000	145
		_blank_m       		MEDIUMCONST    	7596	0000	47
		i2_display_cmode		CODE           	4EA8	0000	343
		i2_i2c_WaitAck 		CODE           	5D48	0000	39
		_ptng_frame    		MEDIUMCONST    	79F6	0000	145
		_bat00_m       		MEDIUMCONST    	7F8C	0000	47
		_n_0_m         		MEDIUMCONST    	7E6D	0000	58
		_ptnh_frame    		MEDIUMCONST    	7966	0000	145
		_n_1_m         		MEDIUMCONST    	7E34	0000	58
		i2_i2c_Stop    		CODE           	5EA8	0000	13
		_n_2_m         		MEDIUMCONST    	7D89	0000	58
		i2_i2c_Start   		CODE           	5E30	0000	23
		_n_10_m        		MEDIUMCONST    	7C6C	0000	58
		_ptni_frame    		MEDIUMCONST    	78D6	0000	145
		_n_3_m         		MEDIUMCONST    	7D50	0000	58
		_bat20_m       		MEDIUMCONST    	7F5E	0000	47
		i2_get_AD_vaule		CODE           	562E	0000	99
		_n_4_m         		MEDIUMCONST    	7D17	0000	58
		_drops_m       		MEDIUMCONST    	753A	0000	47
		_n_100_m       		MEDIUMCONST    	7BFA	0000	58
		i2_LCD_Off     		CODE           	5ED0	0000	5
		i2_setYX_LCD   		CODE           	5AC8	0000	69
		_n_5_m         		MEDIUMCONST    	7CA5	0000	58
		_n_200_m       		MEDIUMCONST    	7BC1	0000	58
		__initialization		CODE           	543A	0000	133
		i2_display_frame_fghi		CODE           	29AA	0000	733
		_n_6_m         		MEDIUMCONST    	7CDE	0000	58
		_bat100_m      		MEDIUMCONST    	7EA6	0000	47
		_n_300_m       		MEDIUMCONST    	7B4F	0000	58
		_bat40_m       		MEDIUMCONST    	7F30	0000	47
		i2_i2c_SendByte		CODE           	5BCE	0000	57
		_n_13_m        		MEDIUMCONST    	7C33	0000	58
		_logo_eme      		MEDIUMCONST    	75C6	0000	785
		_ptna_frame    		MEDIUMCONST    	74A8	0000	55
		_tss           		MEDIUMCONST    	75C4	0000	3
		_bat60_m       		MEDIUMCONST    	7F02	0000	47
		i2_display_bat 		CODE           	3650	0000	571
		i2_display_num 		CODE           	1D40	0000	837
		_drop_m        		MEDIUMCONST    	750C	0000	47
		_c_m           		MEDIUMCONST    	7568	0000	47
		_n_150_m       		MEDIUMCONST    	7B88	0000	58
		i2_delaynus    		CODE           	5E00	0000	27
		i2_delay_nms   		CODE           	5B90	0000	63
		_n_250_m       		MEDIUMCONST    	7B16	0000	58
		i2_buzz        		CODE           	5DE6	0000	27
		_bat80_m       		MEDIUMCONST    	7ED4	0000	47
		_n_blank_m     		MEDIUMCONST    	746F	0000	58
		i2_display_frame_de		CODE           	055C	0000	1201
		_ptnd_frame    		MEDIUMCONST    	73DF	0000	145

shared estimated size: 8041

../Beep.c
		_putch         		CODE           	5E58	0000	15
		_buzz          		CODE           	5DCA	0000	29
		_uart_init     		CODE           	5E66	0000	15
		_BeepInit      		CODE           	5EBE	0000	11

../Beep.c estimated size: 70

../MotorDrive.c
		_drops_routine 		CODE           	2C86	0000	679
		_check_acting  		CODE           	5690	0000	95
		_test_routine  		CODE           	388A	0000	535
		_MotorDriveInit		CODE           	5C70	0000	49
		_hg_reset      		CODE           	43FE	0000	435
		_c_routine     		CODE           	3EA0	0000	465

../MotorDrive.c estimated size: 2258

