Microchip MPLAB XC8 Compiler V1.41 ()

Linker command line:

-W-3 --edf=C:\Program Files (x86)\Microchip\xc8\v1.41\dat\en_msgs.txt -cs \
  -h+dist/default/production\hgun.X.production.sym \
  --cmf=dist/default/production\hgun.X.production.cmf -z -Q18F4520 \
  -oC:\Users\ADMINI~1\AppData\Local\Temp\s7q4.2 \
  -Mdist/default/production/hgun.X.production.map -E1 -ver=XC8 \
  -ASTACK=0400h-05ffh -pstack=STACK -ACODE=00h-07FFFh -ACONST=00h-07FFFh \
  -ASMALLCONST=0600h-06FFhx122 -AMEDIUMCONST=0600h-07FFFh -ACOMRAM=01h-07Fh \
  -AABS1=00h-05FFh -ABIGRAM=01h-05FFh -ARAM=080h-0FFh,0100h-01FFhx5 \
  -ABANK0=080h-0FFh -ABANK1=0100h-01FFh -ABANK2=0200h-02FFh \
  -ABANK3=0300h-03FFh -ABANK4=0400h-04FFh -ABANK5=0500h-05FFh \
  -ASFR=0F80h-0FFFh -preset_vec=00h,intcode=08h,intcodelo,powerup,init \
  -pramtop=0600h -psmallconst=SMALLCONST -pmediumconst=MEDIUMCONST \
  -pconst=CONST -AFARRAM=00h-00h -ACONFIG=0300000h-030000Dh -pconfig=CONFIG \
  -AIDLOC=0200000h-0200007h -pidloc=IDLOC -AEEDATA=0F00000h-0F000FFh \
  -peeprom_data=EEDATA \
  -prdata=COMRAM,nvrram=COMRAM,nvbit=COMRAM,rbss=COMRAM,rbit=COMRAM \
  -pfarbss=FARRAM,fardata=FARRAM,nvFARRAM=FARRAM \
  -pintsave_regs=BIGRAM,bigbss=BIGRAM,bigdata=BIGRAM -pbss=RAM \
  -pidata=CODE,irdata=CODE,ibigdata=CODE,ifardata=CODE -prparam=COMRAM \
  C:\Users\ADMINI~1\AppData\Local\Temp\s7q4.obj \
  dist/default/production\hgun.X.production.obj 

Object code version is 3.11

Machine type is 18F4520

Call graph: (short form)




                Name                               Link     Load   Length Selector   Space Scale
C:\Users\ADMINI~1\AppData\Local\Temp\s7q4.obj
                init                                  E        E        4        4       0
                reset_vec                             0        0        4        0       0
                idloc                            200000   200000        8   200000       0
                config                           300000   300000        E   300000       0
dist/default/production\hgun.X.production.obj
                intcode                               8        8        6        4       0
                temp                                 63       63        1        1       1
                mediumconst                        730C     730C      CF4     3986       0
                text87                             5CC8     5CC8        4     2E59       0
                text86                             5CCE     5CCE        2     2E59       0
                text85                             5A20     5A20       38        4       0
                text84                             5C22     5C22       16        4       0
                text83                             5C9A     5C9A        C        4       0
                text82                             5B3A     5B3A       26        4       0
                text81                             584A     584A       4A        4       0
                text80                             4FDE     4FDE       D4        4       0
                text79                             5922     5922       44        4       0
                text78                             5894     5894       48        4       0
                text77                             554A     554A       64        4       0
                text76                             5BF2     5BF2       1A        4       0
                text75                             4A22     4A22      156        4       0
                text74                             48CC     48CC      156        4       0
                text73                             3B36     3B36      1C2        4       0
                text72                              55C      55C      4B0        4       0
                text71                             2334     2334      2DC        4       0
                text70                             4776     4776      156        4       0
                text69                             19E0     19E0      344        4       0
                text68                             4CCC     4CCC      120        4       0
                text67                             5CC4     5CC4        4     2E59       0
                text66                             59A8     59A8       3E        4       0
                text65                             5BD8     5BD8       1A        4       0
                text64                             5716     5716       52        4       0
                text63                             5966     5966       42        4       0
                text62                             5C8E     5C8E        C        4       0
                text61                             4DEC     4DEC      11E        4       0
                intcode_body                       2610     2610      2BE        4       0
                text59                             5C38     5C38       12        4       0
                text58                             5CB2     5CB2        A     2E59       0
                text57                             5800     5800       4A        4       0
                text56                             5CCC     5CCC        2     2E59       0
                text55                             58DC     58DC       46        4       0
                text54                             5C0C     5C0C       16        4       0
                text53                             5C82     5C82        C        4       0
                text52                             5AEA     5AEA       2A        4       0
                text51                             57B4     57B4       4C        4       0
                text50                             5C74     5C74        E        4       0
                text49                             5768     5768       4C        4       0
                text48                             5B60     5B60       20        4       0
                text47                             5CC0     5CC0        4     2E59       0
                text46                             5CBC     5CBC        4     2E59       0
                text45                             5ABC     5ABC       2E        4       0
                text44                             5C66     5C66        E        4       0
                text43                             5B9E     5B9E       1E        4       0
                text42                             45F8     45F8      17E        4       0
                text41                             5C58     5C58        E        4       0
                text40                             5A8E     5A8E       2E        4       0
                text39                             56C4     56C4       52        4       0
                text38                             5BBC     5BBC       1C        4       0
                text37                             5B80     5B80       1E        4       0
                text36                             54D2     54D2       78        4       0
                text35                             55AE     55AE       62        4       0
                text34                             5C4A     5C4A        E        4       0
                text33                             4B78     4B78      154        4       0
                text32                             4F0A     4F0A       D4        4       0
                text31                             566A     566A       5A        4       0
                text30                             4478     4478      180        4       0
                text29                             42F8     42F8      180        4       0
                text28                             4178     4178      180        4       0
                text27                             3752     3752      214        4       0
                text26                             1694     1694      34C        4       0
                text25                             12DA     12DA      3BA        4       0
                text24                             2048     2048      2EC        4       0
                text23                             3FF8     3FF8      180        4       0
                text22                             5168     5168       B6        4       0
                text21                             3E78     3E78      180        4       0
                text20                             50B2     50B2       B6        4       0
                text19                               12       12      54A        4       0
                text18                             2DFC     2DFC      26C        4       0
                text17                             3966     3966      1D0        4       0
                text16                             351E     351E      234        4       0
                text15                              E96      E96      444        4       0
                text14                             53DA     53DA       7E        4       0
                text13                             5610     5610       5A        4       0
                text12                             3CF8     3CF8      180        4       0
                text11                              A0C      A0C      48A        4       0
                text10                             1D24     1D24      324        4       0
                text9                              5A58     5A58       36        4       0
                text8                              5B14     5B14       26        4       0
                text7                              3068     3068      25C        4       0
                text6                              534C     534C       8E        4       0
                text5                              2B7E     2B7E      27E        4       0
                text4                              52BA     52BA       92        4       0
                text3                              28CE     28CE      2B0        4       0
                text2                              59E6     59E6       3A        4       0
                text1                              32C4     32C4      25A        4       0
                text0                              521E     521E       9C        4       0
                cstackCOMRAM                         34       34       24        1       1
                cstackBANK1                         138      138       1C      100       1
                bssBANK3                            300      300      100      300       1
                bssBANK2                            200      200      100      200       1
                bssBANK1                            100      100       38      100       1
                bssBANK0                             80       80       80       80       1
                dataCOMRAM                           58       58        B        1       1
                bssCOMRAM                             1        1       33        1       1
                cinit                              5458     5458       7A        4       0
                idataCOMRAM                        5CA6     5CA6        B        4       0

TOTAL           Name                               Link     Load   Length     Space
        CLASS   STACK          

        CLASS   CODE           
                intcode                               8        8        6         0
                init                                  E        E        4         0
                reset_vec                             0        0        4         0
                text87                             5CC8     5CC8        4         0
                text86                             5CCE     5CCE        2         0
                text85                             5A20     5A20       38         0
                text84                             5C22     5C22       16         0
                text83                             5C9A     5C9A        C         0
                text82                             5B3A     5B3A       26         0
                text81                             584A     584A       4A         0
                text80                             4FDE     4FDE       D4         0
                text79                             5922     5922       44         0
                text78                             5894     5894       48         0
                text77                             554A     554A       64         0
                text76                             5BF2     5BF2       1A         0
                text75                             4A22     4A22      156         0
                text74                             48CC     48CC      156         0
                text73                             3B36     3B36      1C2         0
                text72                              55C      55C      4B0         0
                text71                             2334     2334      2DC         0
                text70                             4776     4776      156         0
                text69                             19E0     19E0      344         0
                text68                             4CCC     4CCC      120         0
                text67                             5CC4     5CC4        4         0
                text66                             59A8     59A8       3E         0
                text65                             5BD8     5BD8       1A         0
                text64                             5716     5716       52         0
                text63                             5966     5966       42         0
                text62                             5C8E     5C8E        C         0
                text61                             4DEC     4DEC      11E         0
                intcode_body                       2610     2610      2BE         0
                text59                             5C38     5C38       12         0
                text58                             5CB2     5CB2        A         0
                text57                             5800     5800       4A         0
                text56                             5CCC     5CCC        2         0
                text55                             58DC     58DC       46         0
                text54                             5C0C     5C0C       16         0
                text53                             5C82     5C82        C         0
                text52                             5AEA     5AEA       2A         0
                text51                             57B4     57B4       4C         0
                text50                             5C74     5C74        E         0
                text49                             5768     5768       4C         0
                text48                             5B60     5B60       20         0
                text47                             5CC0     5CC0        4         0
                text46                             5CBC     5CBC        4         0
                text45                             5ABC     5ABC       2E         0
                text44                             5C66     5C66        E         0
                text43                             5B9E     5B9E       1E         0
                text42                             45F8     45F8      17E         0
                text41                             5C58     5C58        E         0
                text40                             5A8E     5A8E       2E         0
                text39                             56C4     56C4       52         0
                text38                             5BBC     5BBC       1C         0
                text37                             5B80     5B80       1E         0
                text36                             54D2     54D2       78         0
                text35                             55AE     55AE       62         0
                text34                             5C4A     5C4A        E         0
                text33                             4B78     4B78      154         0
                text32                             4F0A     4F0A       D4         0
                text31                             566A     566A       5A         0
                text30                             4478     4478      180         0
                text29                             42F8     42F8      180         0
                text28                             4178     4178      180         0
                text27                             3752     3752      214         0
                text26                             1694     1694      34C         0
                text25                             12DA     12DA      3BA         0
                text24                             2048     2048      2EC         0
                text23                             3FF8     3FF8      180         0
                text22                             5168     5168       B6         0
                text21                             3E78     3E78      180         0
                text20                             50B2     50B2       B6         0
                text19                               12       12      54A         0
                text18                             2DFC     2DFC      26C         0
                text17                             3966     3966      1D0         0
                text16                             351E     351E      234         0
                text15                              E96      E96      444         0
                text14                             53DA     53DA       7E         0
                text13                             5610     5610       5A         0
                text12                             3CF8     3CF8      180         0
                text11                              A0C      A0C      48A         0
                text10                             1D24     1D24      324         0
                text9                              5A58     5A58       36         0
                text8                              5B14     5B14       26         0
                text7                              3068     3068      25C         0
                text6                              534C     534C       8E         0
                text5                              2B7E     2B7E      27E         0
                text4                              52BA     52BA       92         0
                text3                              28CE     28CE      2B0         0
                text2                              59E6     59E6       3A         0
                text1                              32C4     32C4      25A         0
                text0                              521E     521E       9C         0
                cinit                              5458     5458       7A         0
                idataCOMRAM                        5CA6     5CA6        B         0

        CLASS   CONST          

        CLASS   SMALLCONST     

        CLASS   MEDIUMCONST    
                mediumconst                        730C     730C      CF4         0

        CLASS   COMRAM         
                temp                                 63       63        1         1
                cstackCOMRAM                         34       34       24         1
                dataCOMRAM                           58       58        B         1
                bssCOMRAM                             1        1       33         1

        CLASS   ABS1           

        CLASS   BIGRAM         

        CLASS   RAM            

        CLASS   BANK0          
                bssBANK0                             80       80       80         1

        CLASS   BANK1          
                cstackBANK1                         138      138       1C         1
                bssBANK1                            100      100       38         1

        CLASS   BANK2          
                bssBANK2                            200      200      100         1

        CLASS   BANK3          
                bssBANK3                            300      300      100         1

        CLASS   BANK4          

        CLASS   BANK5          

        CLASS   SFR            

        CLASS   FARRAM         

        CLASS   CONFIG         
                config                           300000   300000        E         0

        CLASS   IDLOC          
                idloc                            200000   200000        8         0

        CLASS   EEDATA         



SEGMENTS        Name                           Load    Length   Top    Selector   Space  Class

                reset_vec                      000000  000004  000004         0       0  CODE    
                bssCOMRAM                      000001  000063  000064         1       1  COMRAM  
                intcode                        000008  005CA9  005CB1         4       0  CODE    
                bssBANK0                       000080  000080  000100        80       1  BANK0   
                bssBANK1                       000100  000054  000154       100       1  BANK1   
                bssBANK2                       000200  000100  000300       200       1  BANK2   
                bssBANK3                       000300  000100  000400       300       1  BANK3   
                text58                         005CB2  00001E  005CD0      2E59       0  CODE    
                mediumconst                    00730C  000CF4  008000      3986       0  MEDIUMCO
                idloc                          200000  000008  200008    200000       0  IDLOC   
                config                         300000  00000E  30000E    300000       0  CONFIG  


UNUSED ADDRESS RANGES

        Name                Unused          Largest block    Delta
        BANK1            000154-0001FF               AC
        BANK4            000400-0004FF              100
        BANK5            000500-0005FF              100
        BIGRAM           000064-00007F               1C
                         000154-0001FF               AC
                         000400-0005FF              200
        CODE             000004-000007                4
                         005CB1-005CB1                1
                         005CD0-00730B             163C
        COMRAM           000064-00007F               1C
        CONST            000004-000007                4
                         005CB1-005CB1                1
                         005CD0-00730B             163C
        EEDATA           F00000-F000FF              100
        MEDIUMCONST      005CB1-005CB1                1
                         005CD0-00730B             163C
        RAM              000154-0001FF               AC
                         000400-0005FF              100
        SFR              000F80-000FFF               80
        SMALLCONST       005CB1-005CB1                1
                         005CD0-00730B              100
        STACK            000400-0005FF              200

                                  Symbol Table

?___lwdiv                       cstackBANK1  000138
?___lwmod                       cstackBANK1  00013F
?___wmul                        cstackBANK1  000138
?_printf                        cstackBANK1  000144
?i2___lwdiv                     cstackCOMRAM 000034
?i2___lwmod                     cstackCOMRAM 00003B
?i2_printf                      cstackCOMRAM 000040
HG_interface@kv                 cstackBANK1  000152
ISR@tcnt                        bssBANK1     000114
KEY_Scan@tm_cnt                 cstackBANK1  000150
_ADCON0bits                     (abs)        000FC2
_ADCON1                         (abs)        000FC1
_ADCON2bits                     (abs)        000FC0
_ADRESH                         (abs)        000FC4
_ADRESL                         (abs)        000FC3
_AD_init                        text59       005C38
_BeepInit                       text58       005CB2
_GIE                            (abs)        007F97
_HG_device_init                 text40       005A8E
_HG_interface                   text13       005610
_INTCON2bits                    (abs)        000FF1
_INTCON3bits                    (abs)        000FF0
_INTCONbits                     (abs)        000FF2
_ISR                            intcode      000008
_Initial_LY096BG30              text49       005768
_KEY_Init                       text48       005B60
_KEY_Scan                       text32       004F0A
_LATAbits                       (abs)        000F89
_LATCbits                       (abs)        000F8B
_LATDbits                       (abs)        000F8C
_LATEbits                       (abs)        000F8D
_LCD_Off                        text47       005CC0
_LCD_On                         text87       005CC8
_LCD_backlight_init             text46       005CBC
_MotorDriveInit                 text45       005ABC
_PIR1bits                       (abs)        000F9E
_PORTAbits                      (abs)        000F80
_PORTBbits                      (abs)        000F81
_PORTC                          (abs)        000F82
_PORTCbits                      (abs)        000F82
_PORTDbits                      (abs)        000F83
_PSA                            (abs)        007EAB
_RCSTAbits                      (abs)        000FAB
_SPBRG                          (abs)        000FAF
_T08BIT                         (abs)        007EAE
_T0CONbits                      (abs)        000FD5
_T0CS                           (abs)        007EAD
_T0IE                           (abs)        007F95
_T0IF                           (abs)        007F92
_T0PS0                          (abs)        007EA8
_T0PS1                          (abs)        007EA9
_T0PS2                          (abs)        007EAA
_T1CONbits                      (abs)        000FCD
_TMR0                           (abs)        000FD6
_TMR1                           (abs)        000FCE
_TRISAbits                      (abs)        000F92
_TRISBbits                      (abs)        000F93
_TRISCbits                      (abs)        000F94
_TRISDbits                      (abs)        000F95
_TRISEbits                      (abs)        000F96
_TXREG                          (abs)        000FAD
_TXSTAbits                      (abs)        000FAC
_Timer1Init                     text44       005C66
_TimerInit                      text43       005B9E
__CFG_BOREN$OFF                 (abs)        000000
__CFG_BORV$0                    (abs)        000000
__CFG_CCP2MX$PORTC              (abs)        000000
__CFG_CP0$OFF                   (abs)        000000
__CFG_CP1$OFF                   (abs)        000000
__CFG_CP2$OFF                   (abs)        000000
__CFG_CP3$OFF                   (abs)        000000
__CFG_CPB$OFF                   (abs)        000000
__CFG_CPD$OFF                   (abs)        000000
__CFG_EBTR0$OFF                 (abs)        000000
__CFG_EBTR1$OFF                 (abs)        000000
__CFG_EBTR2$OFF                 (abs)        000000
__CFG_EBTR3$OFF                 (abs)        000000
__CFG_EBTRB$OFF                 (abs)        000000
__CFG_FCMEN$OFF                 (abs)        000000
__CFG_IESO$OFF                  (abs)        000000
__CFG_LPT1OSC$OFF               (abs)        000000
__CFG_LVP$OFF                   (abs)        000000
__CFG_MCLRE$ON                  (abs)        000000
__CFG_OSC$HS                    (abs)        000000
__CFG_PBADEN$OFF                (abs)        000000
__CFG_PWRT$OFF                  (abs)        000000
__CFG_STVREN$OFF                (abs)        000000
__CFG_WDT$OFF                   (abs)        000000
__CFG_WDTPS$64                  (abs)        000000
__CFG_WRT0$OFF                  (abs)        000000
__CFG_WRT1$OFF                  (abs)        000000
__CFG_WRT2$OFF                  (abs)        000000
__CFG_WRT3$OFF                  (abs)        000000
__CFG_WRTB$OFF                  (abs)        000000
__CFG_WRTC$OFF                  (abs)        000000
__CFG_WRTD$OFF                  (abs)        000000
__CFG_XINST$OFF                 (abs)        000000
__HRAM                          (abs)        000000
__Habs1                         abs1         000000
__Hbank0                        bank0        000000
__Hbank1                        bank1        000000
__Hbank2                        bank2        000000
__Hbank3                        bank3        000000
__Hbank4                        bank4        000000
__Hbank5                        bank5        000000
__Hbigbss                       bigbss       000000
__Hbigdata                      bigdata      000000
__Hbigram                       bigram       000000
__Hbss                          bss          000000
__HbssBANK0                     bssBANK0     000000
__HbssBANK1                     bssBANK1     000000
__HbssBANK2                     bssBANK2     000000
__HbssBANK3                     bssBANK3     000000
__HbssCOMRAM                    bssCOMRAM    000000
__Hcinit                        cinit        000000
__Hclrtext                      clrtext      000000
__Hcomram                       comram       000000
__Hconfig                       config       30000E
__Hconst                        const        000000
__HcstackBANK0                  cstackBANK0  000000
__HcstackBANK1                  cstackBANK1  000000
__HcstackCOMRAM                 cstackCOMRAM 000000
__Hdata                         data         000000
__HdataCOMRAM                   dataCOMRAM   000000
__Heeprom_data                  eeprom_data  000000
__Hfarbss                       farbss       000000
__Hfardata                      fardata      000000
__Hibigdata                     ibigdata     000000
__Hidata                        idata        000000
__HidataCOMRAM                  idataCOMRAM  000000
__Hidloc                        idloc        200008
__Hifardata                     ifardata     000000
__Hinit                         init         000012
__Hintcode                      intcode      00000E
__Hintcode_body                 intcode_body 000000
__Hintcodelo                    intcodelo    00000E
__Hintentry                     intentry     000000
__Hintret                       intret       000000
__Hintsave_regs                 intsave_regs 000000
__Hirdata                       irdata       000000
__Hmediumconst                  mediumconst  008000
__HnvFARRAM                     nvFARRAM     000000
__Hnvbit                        nvbit        000000
__Hnvrram                       nvrram       000000
__Hparam                        rparam       000000
__Hpowerup                      powerup      00000E
__Hram                          ram          000000
__Hramtop                       ramtop       000600
__Hrbit                         rbit         000000
__Hrbss                         rbss         000000
__Hrdata                        rdata        000000
__Hreset_vec                    reset_vec    000004
__Hrparam                       rparam       000000
__Hsfr                          sfr          000000
__Hsmallconst                   smallconst   000000
__Hspace_0                      (abs)        30000E
__Hspace_1                      (abs)        000400
__Hspace_2                      (abs)        000000
__Hstack                        stack        000000
__Hstruct                       struct       000000
__Htemp                         temp         000064
__Htext                         text         000000
__Htext0                        text0        000000
__Htext1                        text1        000000
__Htext10                       text10       000000
__Htext11                       text11       000000
__Htext12                       text12       000000
__Htext13                       text13       000000
__Htext14                       text14       000000
__Htext15                       text15       000000
__Htext16                       text16       000000
__Htext17                       text17       000000
__Htext18                       text18       000000
__Htext19                       text19       000000
__Htext2                        text2        000000
__Htext20                       text20       000000
__Htext21                       text21       000000
__Htext22                       text22       000000
__Htext23                       text23       000000
__Htext24                       text24       000000
__Htext25                       text25       000000
__Htext26                       text26       000000
__Htext27                       text27       000000
__Htext28                       text28       000000
__Htext29                       text29       000000
__Htext3                        text3        000000
__Htext30                       text30       000000
__Htext31                       text31       000000
__Htext32                       text32       000000
__Htext33                       text33       000000
__Htext34                       text34       000000
__Htext35                       text35       000000
__Htext36                       text36       000000
__Htext37                       text37       000000
__Htext38                       text38       000000
__Htext39                       text39       000000
__Htext4                        text4        000000
__Htext40                       text40       000000
__Htext41                       text41       000000
__Htext42                       text42       000000
__Htext43                       text43       000000
__Htext44                       text44       000000
__Htext45                       text45       000000
__Htext46                       text46       000000
__Htext47                       text47       000000
__Htext48                       text48       000000
__Htext49                       text49       000000
__Htext5                        text5        000000
__Htext50                       text50       000000
__Htext51                       text51       000000
__Htext52                       text52       000000
__Htext53                       text53       000000
__Htext54                       text54       000000
__Htext55                       text55       000000
__Htext56                       text56       000000
__Htext57                       text57       000000
__Htext58                       text58       000000
__Htext59                       text59       000000
__Htext6                        text6        000000
__Htext61                       text61       000000
__Htext62                       text62       000000
__Htext63                       text63       000000
__Htext64                       text64       000000
__Htext65                       text65       000000
__Htext66                       text66       000000
__Htext67                       text67       000000
__Htext68                       text68       000000
__Htext69                       text69       000000
__Htext7                        text7        000000
__Htext70                       text70       000000
__Htext71                       text71       000000
__Htext72                       text72       000000
__Htext73                       text73       000000
__Htext74                       text74       000000
__Htext75                       text75       000000
__Htext76                       text76       000000
__Htext77                       text77       000000
__Htext78                       text78       000000
__Htext79                       text79       000000
__Htext8                        text8        000000
__Htext80                       text80       000000
__Htext81                       text81       000000
__Htext82                       text82       000000
__Htext83                       text83       000000
__Htext84                       text84       000000
__Htext85                       text85       000000
__Htext86                       text86       000000
__Htext87                       text87       000000
__Htext88                       text88       000000
__Htext9                        text9        000000
__LRAM                          (abs)        000001
__Labs1                         abs1         000000
__Lbank0                        bank0        000000
__Lbank1                        bank1        000000
__Lbank2                        bank2        000000
__Lbank3                        bank3        000000
__Lbank4                        bank4        000000
__Lbank5                        bank5        000000
__Lbigbss                       bigbss       000000
__Lbigdata                      bigdata      000000
__Lbigram                       bigram       000000
__Lbss                          bss          000000
__LbssBANK0                     bssBANK0     000000
__LbssBANK1                     bssBANK1     000000
__LbssBANK2                     bssBANK2     000000
__LbssBANK3                     bssBANK3     000000
__LbssCOMRAM                    bssCOMRAM    000000
__Lcinit                        cinit        000000
__Lclrtext                      clrtext      000000
__Lcomram                       comram       000000
__Lconfig                       config       300000
__Lconst                        const        000000
__LcstackBANK0                  cstackBANK0  000000
__LcstackBANK1                  cstackBANK1  000000
__LcstackCOMRAM                 cstackCOMRAM 000000
__Ldata                         data         000000
__LdataCOMRAM                   dataCOMRAM   000000
__Leeprom_data                  eeprom_data  000000
__Lfarbss                       farbss       000000
__Lfardata                      fardata      000000
__Libigdata                     ibigdata     000000
__Lidata                        idata        000000
__LidataCOMRAM                  idataCOMRAM  000000
__Lidloc                        idloc        200000
__Lifardata                     ifardata     000000
__Linit                         init         00000E
__Lintcode                      intcode      000008
__Lintcode_body                 intcode_body 000000
__Lintcodelo                    intcodelo    00000E
__Lintentry                     intentry     000000
__Lintret                       intret       000000
__Lintsave_regs                 intsave_regs 000000
__Lirdata                       irdata       000000
__Lmediumconst                  mediumconst  00730C
__LnvFARRAM                     nvFARRAM     000000
__Lnvbit                        nvbit        000000
__Lnvrram                       nvrram       000000
__Lparam                        rparam       000000
__Lpowerup                      powerup      00000E
__Lram                          ram          000000
__Lramtop                       ramtop       000600
__Lrbit                         rbit         000000
__Lrbss                         rbss         000000
__Lrdata                        rdata        000000
__Lreset_vec                    reset_vec    000000
__Lrparam                       rparam       000000
__Lsfr                          sfr          000000
__Lsmallconst                   smallconst   000000
__Lspace_0                      (abs)        000000
__Lspace_1                      (abs)        000000
__Lspace_2                      (abs)        000000
__Lstack                        stack        000000
__Lstruct                       struct       000000
__Ltemp                         temp         000063
__Ltext                         text         000000
__Ltext0                        text0        000000
__Ltext1                        text1        000000
__Ltext10                       text10       000000
__Ltext11                       text11       000000
__Ltext12                       text12       000000
__Ltext13                       text13       000000
__Ltext14                       text14       000000
__Ltext15                       text15       000000
__Ltext16                       text16       000000
__Ltext17                       text17       000000
__Ltext18                       text18       000000
__Ltext19                       text19       000000
__Ltext2                        text2        000000
__Ltext20                       text20       000000
__Ltext21                       text21       000000
__Ltext22                       text22       000000
__Ltext23                       text23       000000
__Ltext24                       text24       000000
__Ltext25                       text25       000000
__Ltext26                       text26       000000
__Ltext27                       text27       000000
__Ltext28                       text28       000000
__Ltext29                       text29       000000
__Ltext3                        text3        000000
__Ltext30                       text30       000000
__Ltext31                       text31       000000
__Ltext32                       text32       000000
__Ltext33                       text33       000000
__Ltext34                       text34       000000
__Ltext35                       text35       000000
__Ltext36                       text36       000000
__Ltext37                       text37       000000
__Ltext38                       text38       000000
__Ltext39                       text39       000000
__Ltext4                        text4        000000
__Ltext40                       text40       000000
__Ltext41                       text41       000000
__Ltext42                       text42       000000
__Ltext43                       text43       000000
__Ltext44                       text44       000000
__Ltext45                       text45       000000
__Ltext46                       text46       000000
__Ltext47                       text47       000000
__Ltext48                       text48       000000
__Ltext49                       text49       000000
__Ltext5                        text5        000000
__Ltext50                       text50       000000
__Ltext51                       text51       000000
__Ltext52                       text52       000000
__Ltext53                       text53       000000
__Ltext54                       text54       000000
__Ltext55                       text55       000000
__Ltext56                       text56       000000
__Ltext57                       text57       000000
__Ltext58                       text58       000000
__Ltext59                       text59       000000
__Ltext6                        text6        000000
__Ltext61                       text61       000000
__Ltext62                       text62       000000
__Ltext63                       text63       000000
__Ltext64                       text64       000000
__Ltext65                       text65       000000
__Ltext66                       text66       000000
__Ltext67                       text67       000000
__Ltext68                       text68       000000
__Ltext69                       text69       000000
__Ltext7                        text7        000000
__Ltext70                       text70       000000
__Ltext71                       text71       000000
__Ltext72                       text72       000000
__Ltext73                       text73       000000
__Ltext74                       text74       000000
__Ltext75                       text75       000000
__Ltext76                       text76       000000
__Ltext77                       text77       000000
__Ltext78                       text78       000000
__Ltext79                       text79       000000
__Ltext8                        text8        000000
__Ltext80                       text80       000000
__Ltext81                       text81       000000
__Ltext82                       text82       000000
__Ltext83                       text83       000000
__Ltext84                       text84       000000
__Ltext85                       text85       000000
__Ltext86                       text86       000000
__Ltext87                       text87       000000
__Ltext88                       text88       000000
__Ltext9                        text9        000000
__S0                            (abs)        30000E
__S1                            (abs)        000400
__S2                            (abs)        000000
___inthi_sp                     stack        000000
___intlo_sp                     stack        000000
___lwdiv                        text36       0054D2
___lwdiv@counter                cstackBANK1  00013C
___lwdiv@dividend               cstackBANK1  000138
___lwdiv@divisor                cstackBANK1  00013A
___lwdiv@quotient               cstackBANK1  00013D
___lwmod                        text35       0055AE
___lwmod@counter                cstackBANK1  000143
___lwmod@dividend               cstackBANK1  00013F
___lwmod@divisor                cstackBANK1  000141
___param_bank                   (abs)        000000
___rparam_used                  (abs)        000001
___sp                           stack        000000
___wmul                         text9        005A58
___wmul@multiplicand            cstackBANK1  00013A
___wmul@multiplier              cstackBANK1  000138
___wmul@product                 cstackBANK1  00013C
__accesstop                     (abs)        000080
__activetblptr                  (abs)        000002
__end_of_AD_init                text59       005C4A
__end_of_BeepInit               text58       005CBC
__end_of_HG_device_init         text40       005ABC
__end_of_HG_interface           text13       00566A
__end_of_ISR                    intcode_body 0028CE
__end_of_Initial_LY096BG30      text49       0057B4
__end_of_KEY_Init               text48       005B80
__end_of_KEY_Scan               text32       004FDE
__end_of_LCD_Off                text47       005CC4
__end_of_LCD_On                 text87       005CCC
__end_of_LCD_backlight_init     text46       005CC0
__end_of_MotorDriveInit         text45       005AEA
__end_of_Timer1Init             text44       005C74
__end_of_TimerInit              text43       005BBC
__end_of___lwdiv                text36       00554A
__end_of___lwmod                text35       005610
__end_of___wmul                 text9        005A8E
__end_of__initialization        cinit        0054C4
__end_of_bat_m                  mediumconst  0074CA
__end_of_blank_m                mediumconst  0075B0
__end_of_blink_mode             text10       002048
__end_of_buzz                   text38       005BD8
__end_of_c_m                    mediumconst  007582
__end_of_c_routine              text7        0032C4
__end_of_check_acting           text6        0053DA
__end_of_clear_screen           text78       0058DC
__end_of_config_LCD             text80       0050B2
__end_of_delay                  text57       00584A
__end_of_delay_nms              text39       005716
__end_of_delay_pwm              text8        005B3A
__end_of_delaynus               text37       005B9E
__end_of_display_bat            text21       003FF8
__end_of_display_blank_mode_pa  text12       003E78
__end_of_display_cmode          text30       0045F8
__end_of_display_drop           text29       004478
__end_of_display_drops          text28       0042F8
__end_of_display_frame_abc      text27       003966
__end_of_display_frame_de       text19       00055C
__end_of_display_frame_fghi     text26       0019E0
__end_of_display_logo           text77       0055AE
__end_of_display_mem            text23       004178
__end_of_display_n_blank        text11       000E96
__end_of_display_num            text25       001694
__end_of_dpowers                mediumconst  0075BA
__end_of_drop_m                 mediumconst  007526
__end_of_drops_m                mediumconst  007554
__end_of_drops_routine          text5        002DFC
__end_of_ee_WriteBytes          text51       005800
__end_of_enter_sleep            text4        00534C
__end_of_hg_reset               text3        002B7E
__end_of_i2c_CfgGpio            text50       005C82
__end_of_i2c_Delay              text56       005CCE
__end_of_i2c_SendByte           text55       005922
__end_of_i2c_Start              text54       005C22
__end_of_i2c_Stop               text53       005C8E
__end_of_i2c_WaitAck            text52       005B14
__end_of_init_menu              text42       004776
__end_of_initial_para_setting   text2        005A20
__end_of_initial_ui_setting     text68       004DEC
__end_of_logo_eme               mediumconst  0078CA
__end_of_main                   text0        0052BA
__end_of_mem_m                  mediumconst  0074F8
__end_of_menu0_MsgHandlle       text24       002334
__end_of_menu1_MsgHandlle       text22       00521E
__end_of_menu2_MsgHandlle       text20       005168
__end_of_menu3_MsgHandlle       text18       003068
__end_of_menu4_MsgHandlle       text17       003B36
__end_of_menu5_MsgHandlle       text16       003752
__end_of_menu6_MsgHandlle       text15       0012DA
__end_of_n_0_m                  mediumconst  007E9A
__end_of_n_100_m                mediumconst  007C27
__end_of_n_10_m                 mediumconst  007C99
__end_of_n_13_m                 mediumconst  007C60
__end_of_n_150_m                mediumconst  007BB5
__end_of_n_1P5_m                mediumconst  007E28
__end_of_n_1_m                  mediumconst  007E61
__end_of_n_200_m                mediumconst  007BEE
__end_of_n_250_m                mediumconst  007B43
__end_of_n_2P5_m                mediumconst  007DEF
__end_of_n_2_m                  mediumconst  007DB6
__end_of_n_300_m                mediumconst  007B7C
__end_of_n_3_m                  mediumconst  007D7D
__end_of_n_4_m                  mediumconst  007D44
__end_of_n_5_m                  mediumconst  007CD2
__end_of_n_6_m                  mediumconst  007D0B
__end_of_n_blank_m              mediumconst  007466
__end_of_printf                 text33       004CCC
__end_of_ptna_frame             mediumconst  00749C
__end_of_ptnd_frame             mediumconst  00742D
__end_of_ptne_frame             mediumconst  00739D
__end_of_ptnf_frame             mediumconst  007B0A
__end_of_ptng_frame             mediumconst  007A7A
__end_of_ptnh_frame             mediumconst  0079EA
__end_of_ptni_frame             mediumconst  00795A
__end_of_putch                  text34       005C58
__end_of_setYX_LCD              text31       0056C4
__end_of_test_routine           text1        00351E
__end_of_uart_init              text41       005C66
__end_of_update_focus           text14       005458
__end_ofi2_LCD_Off              text67       005CC8
__end_ofi2___lwdiv              text64       005768
__end_ofi2___lwmod              text63       0059A8
__end_ofi2_buzz                 text65       005BF2
__end_ofi2_delay_nms            text66       0059E6
__end_ofi2_delaynus             text76       005C0C
__end_ofi2_display_bat          text75       004B78
__end_ofi2_display_cmode        text74       004A22
__end_ofi2_display_frame_abc    text73       003CF8
__end_ofi2_display_frame_de     text72       000A0C
__end_ofi2_display_frame_fghi   text71       002610
__end_ofi2_display_mem          text70       0048CC
__end_ofi2_display_num          text69       001D24
__end_ofi2_ee_WriteBytes        text81       005894
__end_ofi2_i2c_Delay            text86       005CD0
__end_ofi2_i2c_SendByte         text85       005A58
__end_ofi2_i2c_Start            text84       005C38
__end_ofi2_i2c_Stop             text83       005CA6
__end_ofi2_i2c_WaitAck          text82       005B60
__end_ofi2_printf               text61       004F0A
__end_ofi2_putch                text62       005C9A
__end_ofi2_setYX_LCD            text79       005966
__initialization                cinit        005458
__mediumconst                   mediumconst  00730C
__pbssBANK0                     bssBANK0     000080
__pbssBANK1                     bssBANK1     000100
__pbssBANK2                     bssBANK2     000200
__pbssBANK3                     bssBANK3     000300
__pbssCOMRAM                    bssCOMRAM    000001
__pcinit                        cinit        005458
__pcstackBANK0                  cstackBANK0  000000
__pcstackBANK1                  cstackBANK1  000138
__pcstackCOMRAM                 cstackCOMRAM 000034
__pdataCOMRAM                   dataCOMRAM   000058
__pidataCOMRAM                  idataCOMRAM  005CA6
__pintcode                      intcode      000008
__pintcode_body                 intcode_body 002610
__pmediumconst                  mediumconst  00730C
__ptext0                        text0        00521E
__ptext1                        text1        0032C4
__ptext10                       text10       001D24
__ptext11                       text11       000A0C
__ptext12                       text12       003CF8
__ptext13                       text13       005610
__ptext14                       text14       0053DA
__ptext15                       text15       000E96
__ptext16                       text16       00351E
__ptext17                       text17       003966
__ptext18                       text18       002DFC
__ptext19                       text19       000012
__ptext2                        text2        0059E6
__ptext20                       text20       0050B2
__ptext21                       text21       003E78
__ptext22                       text22       005168
__ptext23                       text23       003FF8
__ptext24                       text24       002048
__ptext25                       text25       0012DA
__ptext26                       text26       001694
__ptext27                       text27       003752
__ptext28                       text28       004178
__ptext29                       text29       0042F8
__ptext3                        text3        0028CE
__ptext30                       text30       004478
__ptext31                       text31       00566A
__ptext32                       text32       004F0A
__ptext33                       text33       004B78
__ptext34                       text34       005C4A
__ptext35                       text35       0055AE
__ptext36                       text36       0054D2
__ptext37                       text37       005B80
__ptext38                       text38       005BBC
__ptext39                       text39       0056C4
__ptext4                        text4        0052BA
__ptext40                       text40       005A8E
__ptext41                       text41       005C58
__ptext42                       text42       0045F8
__ptext43                       text43       005B9E
__ptext44                       text44       005C66
__ptext45                       text45       005ABC
__ptext46                       text46       005CBC
__ptext47                       text47       005CC0
__ptext48                       text48       005B60
__ptext49                       text49       005768
__ptext5                        text5        002B7E
__ptext50                       text50       005C74
__ptext51                       text51       0057B4
__ptext52                       text52       005AEA
__ptext53                       text53       005C82
__ptext54                       text54       005C0C
__ptext55                       text55       0058DC
__ptext56                       text56       005CCC
__ptext57                       text57       005800
__ptext58                       text58       005CB2
__ptext59                       text59       005C38
__ptext6                        text6        00534C
__ptext61                       text61       004DEC
__ptext62                       text62       005C8E
__ptext63                       text63       005966
__ptext64                       text64       005716
__ptext65                       text65       005BD8
__ptext66                       text66       0059A8
__ptext67                       text67       005CC4
__ptext68                       text68       004CCC
__ptext69                       text69       0019E0
__ptext7                        text7        003068
__ptext70                       text70       004776
__ptext71                       text71       002334
__ptext72                       text72       00055C
__ptext73                       text73       003B36
__ptext74                       text74       0048CC
__ptext75                       text75       004A22
__ptext76                       text76       005BF2
__ptext77                       text77       00554A
__ptext78                       text78       005894
__ptext79                       text79       005922
__ptext8                        text8        005B14
__ptext80                       text80       004FDE
__ptext81                       text81       00584A
__ptext82                       text82       005B3A
__ptext83                       text83       005C9A
__ptext84                       text84       005C22
__ptext85                       text85       005A20
__ptext86                       text86       005CCE
__ptext87                       text87       005CC8
__ptext88                       text88       000000
__ptext9                        text9        005A58
__ramtop                        ramtop       000600
__size_of_AD_init               (abs)        000000
__size_of_BeepInit              (abs)        000000
__size_of_HG_device_init        (abs)        000000
__size_of_HG_interface          (abs)        000000
__size_of_ISR                   (abs)        000000
__size_of_Initial_LY096BG30     (abs)        000000
__size_of_KEY_Init              (abs)        000000
__size_of_KEY_Scan              (abs)        000000
__size_of_LCD_Off               (abs)        000000
__size_of_LCD_On                (abs)        000000
__size_of_LCD_backlight_init    (abs)        000000
__size_of_MotorDriveInit        (abs)        000000
__size_of_Timer1Init            (abs)        000000
__size_of_TimerInit             (abs)        000000
__size_of___lwdiv               (abs)        000000
__size_of___lwmod               (abs)        000000
__size_of___wmul                (abs)        000000
__size_of_blink_mode            (abs)        000000
__size_of_buzz                  (abs)        000000
__size_of_c_routine             (abs)        000000
__size_of_check_acting          (abs)        000000
__size_of_clear_screen          (abs)        000000
__size_of_config_LCD            (abs)        000000
__size_of_delay                 (abs)        000000
__size_of_delay_nms             (abs)        000000
__size_of_delay_pwm             (abs)        000000
__size_of_delaynus              (abs)        000000
__size_of_display_bat           (abs)        000000
__size_of_display_blank_mode_pa (abs)        000000
__size_of_display_cmode         (abs)        000000
__size_of_display_drop          (abs)        000000
__size_of_display_drops         (abs)        000000
__size_of_display_frame_abc     (abs)        000000
__size_of_display_frame_de      (abs)        000000
__size_of_display_frame_fghi    (abs)        000000
__size_of_display_logo          (abs)        000000
__size_of_display_mem           (abs)        000000
__size_of_display_n_blank       (abs)        000000
__size_of_display_num           (abs)        000000
__size_of_drops_routine         (abs)        000000
__size_of_ee_WriteBytes         (abs)        000000
__size_of_enter_sleep           (abs)        000000
__size_of_hg_reset              (abs)        000000
__size_of_i2c_CfgGpio           (abs)        000000
__size_of_i2c_Delay             (abs)        000000
__size_of_i2c_SendByte          (abs)        000000
__size_of_i2c_Start             (abs)        000000
__size_of_i2c_Stop              (abs)        000000
__size_of_i2c_WaitAck           (abs)        000000
__size_of_init_menu             (abs)        000000
__size_of_initial_para_setting  (abs)        000000
__size_of_initial_ui_setting    (abs)        000000
__size_of_main                  (abs)        000000
__size_of_menu0_MsgHandlle      (abs)        000000
__size_of_menu1_MsgHandlle      (abs)        000000
__size_of_menu2_MsgHandlle      (abs)        000000
__size_of_menu3_MsgHandlle      (abs)        000000
__size_of_menu4_MsgHandlle      (abs)        000000
__size_of_menu5_MsgHandlle      (abs)        000000
__size_of_menu6_MsgHandlle      (abs)        000000
__size_of_printf                (abs)        000000
__size_of_putch                 (abs)        000000
__size_of_setYX_LCD             (abs)        000000
__size_of_test_routine          (abs)        000000
__size_of_uart_init             (abs)        000000
__size_of_update_focus          (abs)        000000
__size_ofi2_LCD_Off             (abs)        000000
__size_ofi2___lwdiv             (abs)        000000
__size_ofi2___lwmod             (abs)        000000
__size_ofi2_buzz                (abs)        000000
__size_ofi2_delay_nms           (abs)        000000
__size_ofi2_delaynus            (abs)        000000
__size_ofi2_display_bat         (abs)        000000
__size_ofi2_display_cmode       (abs)        000000
__size_ofi2_display_frame_abc   (abs)        000000
__size_ofi2_display_frame_de    (abs)        000000
__size_ofi2_display_frame_fghi  (abs)        000000
__size_ofi2_display_mem         (abs)        000000
__size_ofi2_display_num         (abs)        000000
__size_ofi2_ee_WriteBytes       (abs)        000000
__size_ofi2_i2c_Delay           (abs)        000000
__size_ofi2_i2c_SendByte        (abs)        000000
__size_ofi2_i2c_Start           (abs)        000000
__size_ofi2_i2c_Stop            (abs)        000000
__size_ofi2_i2c_WaitAck         (abs)        000000
__size_ofi2_printf              (abs)        000000
__size_ofi2_putch               (abs)        000000
__size_ofi2_setYX_LCD           (abs)        000000
__smallconst                    smallconst   000000
_action_btn_cnt                 bssCOMRAM    000007
_ann                            bssCOMRAM    000013
_bat_m                          mediumconst  00749C
_blank_m                        mediumconst  007582
_blink_mode                     text10       001D24
_buzz                           text38       005BBC
_bv                             bssCOMRAM    000011
_c_m                            mediumconst  007554
_c_routine                      text7        003068
_check_acting                   text6        00534C
_clear_screen                   text78       005894
_cnt_ma                         bssBANK1     000134
_cnt_mb                         bssBANK1     000130
_cnt_mb_sa                      bssBANK1     000128
_cnt_mb_sb                      bssBANK1     000124
_cnta_mb                        bssCOMRAM    00000F
_cntb_mb                        bssCOMRAM    00000D
_config_LCD                     text80       004FDE
_css                            bssCOMRAM    000023
_cur_edge                       bssCOMRAM    00002D
_cur_state_phb_ma               bssCOMRAM    000032
_cv                             dataCOMRAM   00005A
_delay                          text57       005800
_delay_nms                      text39       0056C4
_delay_pwm                      text8        005B14
_delaynus                       text37       005B80
_display_bat                    text21       003E78
_display_blank_mode_pa          text12       003CF8
_display_cmode                  text30       004478
_display_drop                   text29       0042F8
_display_drops                  text28       004178
_display_frame_abc              text27       003752
_display_frame_de               text19       000012
_display_frame_fghi             text26       001694
_display_logo                   text77       00554A
_display_mem                    text23       003FF8
_display_n_blank                text11       000A0C
_display_num                    text25       0012DA
_dpowers                        mediumconst  0075B0
_drop_m                         mediumconst  0074F8
_drops_m                        mediumconst  007526
_drops_routine                  text5        002B7E
_dv                             dataCOMRAM   000058
_ee_WriteBytes                  text51       0057B4
_enter_sleep                    text4        0052BA
_flag                           bssCOMRAM    000020
_flag_action                    bssCOMRAM    000027
_flag_action_button             bssCOMRAM    000026
_flag_blink                     bssCOMRAM    000030
_flag_do_reset_in_drops_mode    bssCOMRAM    000025
_flag_go_to_sleep               dataCOMRAM   000061
_flag_inject                    bssCOMRAM    00002B
_flag_inject_sa                 bssCOMRAM    00002A
_flag_inject_sb                 bssCOMRAM    000029
_flag_mreset                    dataCOMRAM   000062
_flag_mreset_hit_lp             bssCOMRAM    00002C
_flag_power_up                  bssCOMRAM    00002F
_flag_push                      bssCOMRAM    000028
_flag_test_mode_break           bssCOMRAM    000017
_flag_tv                        dataCOMRAM   00005E
_flag_wake_up                   dataCOMRAM   000060
_flip                           bssCOMRAM    00001A
_focus                          bssCOMRAM    00001B
_hg_op                          bssBANK0     0000C0
_hg_reset                       text3        0028CE
_hs                             bssCOMRAM    00000B
_i2c_CfgGpio                    text50       005C74
_i2c_Delay                      text56       005CCC
_i2c_SendByte                   text55       0058DC
_i2c_Start                      text54       005C0C
_i2c_Stop                       text53       005C82
_i2c_WaitAck                    text52       005AEA
_init_menu                      text42       0045F8
_initial_para_setting           text2        0059E6
_initial_ui_setting             text68       004CCC
_logo_eme                       mediumconst  0075BA
_ls                             bssCOMRAM    000009
_main                           text0        00521E
_mbcnt                          bssBANK0     0000FA
_mem_m                          mediumconst  0074CA
_menu                           bssBANK0     000080
_menu0_MsgHandlle               text24       002048
_menu1_MsgHandlle               text22       005168
_menu2_MsgHandlle               text20       0050B2
_menu3_MsgHandlle               text18       002DFC
_menu4_MsgHandlle               text17       003966
_menu5_MsgHandlle               text16       00351E
_menu6_MsgHandlle               text15       000E96
_menu7_MsgHandlle               (abs)        000000
_ms                             dataCOMRAM   00005F
_msleep                         bssBANK1     00012C
_n_0_m                          mediumconst  007E61
_n_100_m                        mediumconst  007BEE
_n_10_m                         mediumconst  007C60
_n_13_m                         mediumconst  007C27
_n_150_m                        mediumconst  007B7C
_n_1P5_m                        mediumconst  007DEF
_n_1_m                          mediumconst  007E28
_n_200_m                        mediumconst  007BB5
_n_250_m                        mediumconst  007B0A
_n_2P5_m                        mediumconst  007DB6
_n_2_m                          mediumconst  007D7D
_n_300_m                        mediumconst  007B43
_n_3_m                          mediumconst  007D44
_n_4_m                          mediumconst  007D0B
_n_5_m                          mediumconst  007C99
_n_6_m                          mediumconst  007CD2
_n_blank_m                      mediumconst  00742D
_n_x_m                          bssCOMRAM    000003
_needle_len                     dataCOMRAM   00005C
_old_c                          bssCOMRAM    00001E
_page                           bssCOMRAM    000021
_prev_edge                      bssCOMRAM    00002E
_prev_state_phb_ma              bssCOMRAM    000031
_printf                         text33       004B78
_ptna_frame                     mediumconst  007466
_ptnd_frame                     mediumconst  00739D
_ptne_frame                     mediumconst  00730D
_ptnf_frame                     mediumconst  007A7A
_ptng_frame                     mediumconst  0079EA
_ptnh_frame                     mediumconst  00795A
_ptni_frame                     mediumconst  0078CA
_ptnx_frame                     bssCOMRAM    000001
_putch                          text34       005C4A
_rcnt                           bssCOMRAM    000022
_read_buf                       bssBANK3     000300
_setYX_LCD                      text31       00566A
_ss                             bssCOMRAM    000024
_test_mode                      bssCOMRAM    000033
_test_routine                   text1        0032C4
_tflag                          dataCOMRAM   00005D
_tmcnt                          bssBANK1     000120
_ttte                           bssCOMRAM    00001D
_tv_cnt                         bssCOMRAM    00001F
_tv_s                           bssBANK1     000100
_tva                            bssBANK0     0000FE
_tvb                            bssBANK0     0000FC
_uart_init                      text41       005C58
_update_focus                   text14       0053DA
_work_mode                      bssCOMRAM    000019
_work_mode_choice               bssCOMRAM    000018
_write_buf                      bssBANK2     000200
_xn                             bssCOMRAM    000015
_xtt                            bssCOMRAM    000005
btemp                           temp         000063
c_routine@cnt_push              cstackBANK1  000150
clear_screen@col                cstackCOMRAM 000040
clear_screen@page               cstackCOMRAM 000041
delay@i                         cstackBANK1  00013A
delay@j                         cstackBANK1  00013C
delay@x                         cstackBANK1  000138
delay_nms@i                     cstackBANK1  00013C
delay_nms@n                     cstackBANK1  000138
delay_pwm@n                     cstackBANK1  00013E
delaynus@n                      cstackBANK1  000138
display_bat@mode                cstackBANK1  000145
display_bat@temp                cstackBANK1  000147
display_bat@tori                cstackBANK1  000146
display_bat@x                   cstackBANK1  000144
display_blank_mode_pa@mode      cstackBANK1  000145
display_blank_mode_pa@temp      cstackBANK1  000147
display_blank_mode_pa@tori      cstackBANK1  000146
display_blank_mode_pa@x         cstackBANK1  000144
display_cmode@mode              cstackBANK1  000145
display_cmode@temp              cstackBANK1  000147
display_cmode@tori              cstackBANK1  000146
display_cmode@x                 cstackBANK1  000144
display_drop@mode               cstackBANK1  000145
display_drop@temp               cstackBANK1  000147
display_drop@tori               cstackBANK1  000146
display_drop@x                  cstackBANK1  000144
display_drops@mode              cstackBANK1  000145
display_drops@temp              cstackBANK1  000147
display_drops@tori              cstackBANK1  000146
display_drops@x                 cstackBANK1  000144
display_frame_abc@mode          cstackBANK1  000145
display_frame_abc@temp          cstackBANK1  000147
display_frame_abc@tori          cstackBANK1  000146
display_frame_abc@x             cstackBANK1  000144
display_frame_de@mode           cstackBANK1  000145
display_frame_de@temp           cstackBANK1  000148
display_frame_de@tori           cstackBANK1  000146
display_frame_de@x              cstackBANK1  000144
display_frame_de@y              cstackBANK1  000147
display_frame_fghi@mode         cstackBANK1  000145
display_frame_fghi@temp         cstackBANK1  00014A
display_frame_fghi@tori         cstackBANK1  000148
display_frame_fghi@x            cstackBANK1  000144
display_frame_fghi@y            cstackBANK1  000149
display_logo@col                cstackCOMRAM 000042
display_logo@page               cstackCOMRAM 000043
display_mem@mode                cstackBANK1  000145
display_mem@temp                cstackBANK1  000147
display_mem@tori                cstackBANK1  000146
display_mem@x                   cstackBANK1  000144
display_n_blank@mode            cstackBANK1  000145
display_n_blank@temp            cstackBANK1  000148
display_n_blank@tori            cstackBANK1  000147
display_n_blank@x               cstackBANK1  000144
display_n_blank@y               cstackBANK1  000146
display_num@mode                cstackBANK1  000145
display_num@temp                cstackBANK1  00014A
display_num@tori                cstackBANK1  000148
display_num@x                   cstackBANK1  000144
display_num@y                   cstackBANK1  000149
drops_routine@cnt_push          cstackBANK1  000152
ee_WriteBytes@_pWriteBuf        cstackBANK1  00013A
ee_WriteBytes@_usAddress        cstackBANK1  00013C
ee_WriteBytes@_usSize           cstackBANK1  00013D
ee_WriteBytes@m                 cstackBANK1  00013F
ee_WriteBytes@usAddr            cstackBANK1  000141
end_of_initialization           cinit        0054C4
enter_sleep@temp                cstackBANK1  000150
i2_LCD_Off                      text67       005CC4
i2___lwdiv                      text64       005716
i2___lwdiv@counter              cstackCOMRAM 00003A
i2___lwdiv@dividend             cstackCOMRAM 000034
i2___lwdiv@divisor              cstackCOMRAM 000036
i2___lwdiv@quotient             cstackCOMRAM 000038
i2___lwmod                      text63       005966
i2___lwmod@counter              cstackCOMRAM 00003F
i2___lwmod@dividend             cstackCOMRAM 00003B
i2___lwmod@divisor              cstackCOMRAM 00003D
i2_buzz                         text65       005BD8
i2_delay_nms                    text66       0059A8
i2_delaynus                     text76       005BF2
i2_display_bat                  text75       004A22
i2_display_cmode                text74       0048CC
i2_display_frame_abc            text73       003B36
i2_display_frame_de             text72       00055C
i2_display_frame_fghi           text71       002334
i2_display_mem                  text70       004776
i2_display_num                  text69       0019E0
i2_ee_WriteBytes                text81       00584A
i2_i2c_Delay                    text86       005CCE
i2_i2c_SendByte                 text85       005A20
i2_i2c_Start                    text84       005C22
i2_i2c_Stop                     text83       005C9A
i2_i2c_WaitAck                  text82       005B3A
i2_printf                       text61       004DEC
i2_putch                        text62       005C8E
i2_setYX_LCD                    text79       005922
i2c_SendByte@_ucByte            cstackBANK1  000138
i2c_SendByte@i                  cstackBANK1  000139
i2c_WaitAck@re                  cstackBANK1  000138
i2delay_nms@i                   cstackCOMRAM 000038
i2delay_nms@n                   cstackCOMRAM 000034
i2delaynus@n                    cstackCOMRAM 000034
i2display_bat@mode              cstackCOMRAM 000041
i2display_bat@temp              cstackCOMRAM 000043
i2display_bat@tori              cstackCOMRAM 000042
i2display_bat@x                 cstackCOMRAM 000040
i2display_cmode@mode            cstackCOMRAM 000041
i2display_cmode@temp            cstackCOMRAM 000043
i2display_cmode@tori            cstackCOMRAM 000042
i2display_cmode@x               cstackCOMRAM 000040
i2display_frame_abc@mode        cstackCOMRAM 000041
i2display_frame_abc@temp        cstackCOMRAM 000043
i2display_frame_abc@tori        cstackCOMRAM 000042
i2display_frame_abc@x           cstackCOMRAM 000040
i2display_frame_de@mode         cstackCOMRAM 000041
i2display_frame_de@temp         cstackCOMRAM 000044
i2display_frame_de@tori         cstackCOMRAM 000042
i2display_frame_de@x            cstackCOMRAM 000040
i2display_frame_de@y            cstackCOMRAM 000043
i2display_frame_fghi@mode       cstackCOMRAM 000041
i2display_frame_fghi@temp       cstackCOMRAM 000046
i2display_frame_fghi@tori       cstackCOMRAM 000044
i2display_frame_fghi@x          cstackCOMRAM 000040
i2display_frame_fghi@y          cstackCOMRAM 000045
i2display_mem@mode              cstackCOMRAM 000041
i2display_mem@temp              cstackCOMRAM 000043
i2display_mem@tori              cstackCOMRAM 000042
i2display_mem@x                 cstackCOMRAM 000040
i2display_num@mode              cstackCOMRAM 000041
i2display_num@temp              cstackCOMRAM 000046
i2display_num@tori              cstackCOMRAM 000044
i2display_num@x                 cstackCOMRAM 000040
i2display_num@y                 cstackCOMRAM 000045
i2ee_WriteBytes@_pWriteBuf      cstackCOMRAM 000036
i2ee_WriteBytes@_usAddress      cstackCOMRAM 000038
i2ee_WriteBytes@_usSize         cstackCOMRAM 000039
i2ee_WriteBytes@m               cstackCOMRAM 00003B
i2ee_WriteBytes@usAddr          cstackCOMRAM 00003D
i2i2c_SendByte@_ucByte          cstackCOMRAM 000034
i2i2c_SendByte@i                cstackCOMRAM 000035
i2i2c_WaitAck@re                cstackCOMRAM 000034
i2printf@ap                     cstackCOMRAM 000043
i2printf@c                      cstackCOMRAM 000049
i2printf@f                      cstackCOMRAM 000040
i2printf@flag                   cstackCOMRAM 000045
i2printf@prec                   cstackCOMRAM 000046
i2printf@val                    cstackCOMRAM 000047
i2putch@c                       cstackCOMRAM 000034
i2setYX_LCD@px                  cstackCOMRAM 00003E
i2setYX_LCD@py                  cstackCOMRAM 00003F
initial_ui_setting@i            cstackCOMRAM 000047
int$flags                       temp         000063
int_func                        intcode_body 002610
intlevel0                       text         000000
intlevel1                       text         000000
intlevel2                       text         000000
intlevel3                       text         000000
menu0_MsgHandlle@key            cstackBANK1  00014B
menu1_MsgHandlle@key            cstackBANK1  000148
menu2_MsgHandlle@key            cstackBANK1  000148
menu3_MsgHandlle@key            cstackBANK1  00014B
menu4_MsgHandlle@key            cstackBANK1  00014B
menu5_MsgHandlle@key            cstackBANK1  00014B
menu6_MsgHandlle@key            cstackBANK1  00014B
printf@ap                       cstackBANK1  000149
printf@c                        cstackBANK1  00014F
printf@f                        cstackBANK1  000144
printf@flag                     cstackBANK1  00014B
printf@prec                     cstackBANK1  00014C
printf@val                      cstackBANK1  00014D
putch@c                         cstackBANK1  000138
setYX_LCD@px                    cstackBANK1  000142
setYX_LCD@py                    cstackBANK1  000143
stackhi                         (abs)        0005FF
stacklo                         (abs)        000400
start                           init         00000E
start_initialization            cinit        005458
test_routine@cnt_push           cstackBANK1  000152
update_focus@i                  cstackBANK1  00013A
update_focus@key                cstackBANK1  000139


FUNCTION INFORMATION:

 *************** function _main *****************
 Defined at:
		line 91 in file "../Main.c"
 Parameters:    Size  Location     Type
		None
 Auto vars:     Size  Location     Type
		None
 Return value:  Size  Location     Type
                  1    wreg      void 
 Registers used:
		wreg, fsr0l, fsr0h, fsr2l, fsr2h, status,2, status,0, tblptrl, tblptrh, tblptru, prodl, prodh, cstack
 Tracked objects:
		On entry : 
		On exit  : 
		Unchanged: 
 Data sizes:     COMRAM   BANK0   BANK1   BANK2   BANK3   BANK4   BANK5
      Params:         0       0       0       0       0       0       0
      Locals:         0       0       0       0       0       0       0
      Temps:          0       0       0       0       0       0       0
      Totals:         0       0       0       0       0       0       0
Total ram usage:        0 bytes
 Hardware stack levels required when called:   14
 This function calls:
		_HG_device_init
		_HG_interface
		_blink_mode
		_c_routine
		_check_acting
		_drops_routine
		_enter_sleep
		_hg_reset
		_initial_para_setting
		_test_routine
 This function is called by:
		Startup code after reset
[...]
      Params:         2       0       0       0       0       0       0
      Locals:         0       0       0       0       0       0       0
      Temps:          0       0       0       0       0       0       0
      Totals:         2       0       0       0       0       0       0
Total ram usage:        2 bytes
 Hardware stack levels used:    1
 This function calls:
		Nothing
 This function is called by:
		_initial_ui_setting
 This function uses a non-reentrant model


 *************** function _display_logo *****************
 Defined at:
		line 2820 in file "../Oled.c"
 Parameters:    Size  Location     Type
		None
 Auto vars:     Size  Location     Type
  page            1   15[COMRAM] unsigned char 
  col             1   14[COMRAM] unsigned char 
 Return value:  Size  Location     Type
                  1    wreg      void 
 Registers used:
		wreg, fsr0l, fsr0h, status,2, status,0, tblptrl, tblptrh, tblptru, prodl, prodh, cstack
 Tracked objects:
		On entry : 
		On exit  : 
		Unchanged: 
 Data sizes:     COMRAM   BANK0   BANK1   BANK2   BANK3   BANK4   BANK5
      Params:         0       0       0       0       0       0       0
      Locals:         2       0       0       0       0       0       0
      Temps:          2       0       0       0       0       0       0
      Totals:         4       0       0       0       0       0       0
Total ram usage:        4 bytes
 Hardware stack levels used:    1
 Hardware stack levels required when called:    4
 This function calls:
		i2_ee_WriteBytes
		i2_setYX_LCD
 This function is called by:
		_initial_ui_setting
 This function uses a non-reentrant model


 *************** function _clear_screen *****************
 Defined at:
		line 2842 in file "../Oled.c"
 Parameters:    Size  Location     Type
		None
 Auto vars:     Size  Location     Type
  page            1   13[COMRAM] unsigned char 
  col             1   12[COMRAM] unsigned char 
 Return value:  Size  Location     Type
                  1    wreg      unsigned char 
 Registers used:
		wreg, fsr0l, fsr0h, status,2, status,0, tblptrl, tblptrh, tblptru, cstack
 Tracked objects:
		On entry : 
		On exit  : 
		Unchanged: 
 Data sizes:     COMRAM   BANK0   BANK1   BANK2   BANK3   BANK4   BANK5
      Params:         0       0       0       0       0       0       0
      Locals:         2       0       0       0       0       0       0
      Temps:          0       0       0       0       0       0       0
      Totals:         2       0       0       0       0       0       0
Total ram usage:        2 bytes
 Hardware stack levels used:    1
 Hardware stack levels required when called:    4
 This function calls:
		i2_ee_WriteBytes
		i2_setYX_LCD
 This function is called by:
		_initial_ui_setting
 This function uses a non-reentrant model


 *************** function i2_setYX_LCD *****************
 Defined at:
		line 614 in file "../Oled.c"
 Parameters:    Size  Location     Type
  py              1    wreg     unsigned char 
  px              1   10[COMRAM] unsigned char 
 Auto vars:     Size  Location     Type
  py              1   11[COMRAM] unsigned char 
 Return value:  Size  Location     Type
                  1    wreg      unsigned char 
 Registers used:
		wreg, fsr0l, fsr0h, status,2, status,0, tblptrl, tblptrh, tblptru, cstack
 Tracked objects:
		On entry : 
		On exit  : 
		Unchanged: 
 Data sizes:     COMRAM   BANK0   BANK1   BANK2   BANK3   BANK4   BANK5
      Params:         1       0       0       0       0       0       0
      Locals:         1       0       0       0       0       0       0
      Temps:          0       0       0       0       0       0       0
      Totals:         2       0       0       0       0       0       0
Total ram usage:        2 bytes
 Hardware stack levels used:    1
 Hardware stack levels required when called:    3
 This function calls:
		i2_ee_WriteBytes
 This function is called by:
		_display_logo
		_clear_screen
		i2_display_num
		i2_display_bat
		i2_display_mem
		i2_display_cmode
		i2_display_frame_abc
		i2_display_frame_de
		i2_display_frame_fghi
 This function uses a non-reentrant model


 *************** function _config_LCD *****************
 Defined at:
		line 2934 in file "../Oled.c"
 Parameters:    Size  Location     Type
		None
 Auto vars:     Size  Location     Type
		None
 Return value:  Size  Location     Type
                  1    wreg      void 
 Registers used:
		wreg, fsr0l, fsr0h, status,2, status,0, tblptrl, tblptrh, tblptru, cstack
 Tracked objects:
		On entry : 
		On exit  : 
		Unchanged: 
 Data sizes:     COMRAM   BANK0   BANK1   BANK2   BANK3   BANK4   BANK5
      Params:         0       0       0       0       0       0       0
      Locals:         0       0       0       0       0       0       0
      Temps:          0       0       0       0       0       0       0
      Totals:         0       0       0       0       0       0       0
Total ram usage:        0 bytes
 Hardware stack levels used:    1
 Hardware stack levels required when called:    3
 This function calls:
		i2_ee_WriteBytes
 This function is called by:
		_ISR
 This function uses a non-reentrant model


 *************** function i2_ee_WriteBytes *****************
 Defined at:
		line 496 in file "../Oled.c"
 Parameters:    Size  Location     Type
  _pWriteBuf      2    2[COMRAM] PTR unsigned char 
		 -> logo_eme(784), display_frame_fghi@temp(1), display_frame_de@temp(1), display_frame_abc@temp(1), 
		 -> display_drop@temp(1), display_drops@temp(1), display_cmode@temp(1), display_blank_mode_pa@temp(1), 
		 -> display_mem@temp(1), display_bat@temp(1), display_num@temp(1), display_n_blank@temp(1), 
		 -> write_buf(256), 
  _usAddress      1    4[COMRAM] unsigned char 
  _usSize         2    5[COMRAM] unsigned int 
 Auto vars:     Size  Location     Type
  ee_WriteByte    2    7[COMRAM] unsigned int 
  ee_WriteByte    2    0        unsigned int 
  ee_WriteByte    1    9[COMRAM] unsigned char 
 Return value:  Size  Location     Type
                  1    wreg      unsigned char 
 Registers used:
		wreg, fsr0l, fsr0h, status,2, status,0, tblptrl, tblptrh, tblptru, cstack
 Tracked objects:
		On entry : 
		On exit  : 
		Unchanged: 
 Data sizes:     COMRAM   BANK0   BANK1   BANK2   BANK3   BANK4   BANK5
      Params:         5       0       0       0       0       0       0
      Locals:         3       0       0       0       0       0       0
      Temps:          0       0       0       0       0       0       0
      Totals:         8       0       0       0       0       0       0
Total ram usage:        8 bytes
 Hardware stack levels used:    1
 Hardware stack levels required when called:    2
 This function calls:
		i2_i2c_SendByte
		i2_i2c_Start
		i2_i2c_Stop
		i2_i2c_WaitAck
 This function is called by:
		_display_logo
		_clear_screen
		_config_LCD
		_ISR
		i2_setYX_LCD
		i2_display_num
		i2_display_bat
		i2_display_mem
		i2_display_cmode
		i2_display_frame_abc
		i2_display_frame_de
		i2_display_frame_fghi
 This function uses a non-reentrant model


 *************** function i2_i2c_WaitAck *****************
 Defined at:
		line 159 in file "../Oled.c"
 Parameters:    Size  Location     Type
		None
 Auto vars:     Size  Location     Type
  i2c_WaitAck     1    0[COMRAM] unsigned char 
 Return value:  Size  Location     Type
                  1    wreg      unsigned char 
 Registers used:
		wreg, status,2, cstack
 Tracked objects:
		On entry : 
		On exit  : 
		Unchanged: 
 Data sizes:     COMRAM   BANK0   BANK1   BANK2   BANK3   BANK4   BANK5
      Params:         0       0       0       0       0       0       0
      Locals:         1       0       0       0       0       0       0
      Temps:          0       0       0       0       0       0       0
      Totals:         1       0       0       0       0       0       0
Total ram usage:        1 bytes
 Hardware stack levels used:    1
 Hardware stack levels required when called:    1
 This function calls:
		i2_i2c_Delay
 This function is called by:
		i2_ee_WriteBytes
 This function uses a non-reentrant model


 *************** function i2_i2c_Stop *****************
 Defined at:
		line 91 in file "../Oled.c"
 Parameters:    Size  Location     Type
		None
 Auto vars:     Size  Location     Type
		None
 Return value:  Size  Location     Type
                  1    wreg      void 
 Registers used:
		cstack
 Tracked objects:
		On entry : 
		On exit  : 
		Unchanged: 
 Data sizes:     COMRAM   BANK0   BANK1   BANK2   BANK3   BANK4   BANK5
      Params:         0       0       0       0       0       0       0
      Locals:         0       0       0       0       0       0       0
      Temps:          0       0       0       0       0       0       0
      Totals:         0       0       0       0       0       0       0
Total ram usage:        0 bytes
 Hardware stack levels used:    1
 Hardware stack levels required when called:    1
 This function calls:
		i2_i2c_Delay
 This function is called by:
		i2_ee_WriteBytes
 This function uses a non-reentrant model


 *************** function i2_i2c_Start *****************
 Defined at:
		line 78 in file "../Oled.c"
 Parameters:    Size  Location     Type
		None
 Auto vars:     Size  Location     Type
		None
 Return value:  Size  Location     Type
                  1    wreg      void 
 Registers used:
		cstack
 Tracked objects:
		On entry : 
		On exit  : 
		Unchanged: 
 Data sizes:     COMRAM   BANK0   BANK1   BANK2   BANK3   BANK4   BANK5
      Params:         0       0       0       0       0       0       0
      Locals:         0       0       0       0       0       0       0
      Temps:          0       0       0       0       0       0       0
      Totals:         0       0       0       0       0       0       0
Total ram usage:        0 bytes
 Hardware stack levels used:    1
 Hardware stack levels required when called:    1
 This function calls:
		i2_i2c_Delay
 This function is called by:
		i2_ee_WriteBytes
 This function uses a non-reentrant model


 *************** function i2_i2c_SendByte *****************
 Defined at:
		line 101 in file "../Oled.c"
 Parameters:    Size  Location     Type
  _ucByte         1    wreg     unsigned char 
 Auto vars:     Size  Location     Type
  _ucByte         1    0[COMRAM] unsigned char 
  i2c_SendByte    1    1[COMRAM] unsigned char 
 Return value:  Size  Location     Type
                  1    wreg      void 
 Registers used:
		wreg, status,2, status,0, cstack
 Tracked objects:
		On entry : 
		On exit  : 
		Unchanged: 
 Data sizes:     COMRAM   BANK0   BANK1   BANK2   BANK3   BANK4   BANK5
      Params:         0       0       0       0       0       0       0
      Locals:         2       0       0       0       0       0       0
      Temps:          0       0       0       0       0       0       0
      Totals:         2       0       0       0       0       0       0
Total ram usage:        2 bytes
 Hardware stack levels used:    1
 Hardware stack levels required when called:    1
 This function calls:
		i2_i2c_Delay
 This function is called by:
		i2_ee_WriteBytes
 This function uses a non-reentrant model


 *************** function i2_i2c_Delay *****************
 Defined at:
		line 62 in file "../Oled.c"
 Parameters:    Size  Location     Type
		None
 Auto vars:     Size  Location     Type
  i2c_Delay       4    0        unsigned long 
 Return value:  Size  Location     Type
                  1    wreg      void 
 Registers used:
		None
 Tracked objects:
		On entry : 
		On exit  : 
		Unchanged: 
 Data sizes:     COMRAM   BANK0   BANK1   BANK2   BANK3   BANK4   BANK5
      Params:         0       0       0       0       0       0       0
      Locals:         0       0       0       0       0       0       0
      Temps:          0       0       0       0       0       0       0
      Totals:         0       0       0       0       0       0       0
Total ram usage:        0 bytes
 Hardware stack levels used:    1
 This function calls:
		Nothing
 This function is called by:
		i2_i2c_Start
		i2_i2c_Stop
		i2_i2c_SendByte
		i2_i2c_WaitAck
 This function uses a non-reentrant model


 *************** function _LCD_On *****************
 Defined at:
		line 588 in file "../Oled.c"
 Parameters:    Size  Location     Type
		None
 Auto vars:     Size  Location     Type
		None
 Return value:  Size  Location     Type
                  1    wreg      void 
 Registers used:
		None
 Tracked objects:
		On entry : 
		On exit  : 
		Unchanged: 
 Data sizes:     COMRAM   BANK0   BANK1   BANK2   BANK3   BANK4   BANK5
      Params:         0       0       0       0       0       0       0
      Locals:         0       0       0       0       0       0       0
      Temps:          0       0       0       0       0       0       0
      Totals:         0       0       0       0       0       0       0
Total ram usage:        0 bytes
 Hardware stack levels used:    1
 This function calls:
		Nothing
 This function is called by:
		_ISR
 This function uses a non-reentrant model



MODULE INFORMATION

Module		Function		Class		Link	Load	Size
C:\Program Files (x86)\Microchip\xc8\v1.41\sources\common\lwdiv.c
		___lwdiv       		CODE           	54D2	0000	121

C:\Program Files (x86)\Microchip\xc8\v1.41\sources\common\lwdiv.c estimated size: 121

../Key.c
		_KEY_Scan      		CODE           	4F0A	0000	213
		_KEY_Init      		CODE           	5B60	0000	33

../Key.c estimated size: 246

C:\Program Files (x86)\Microchip\xc8\v1.41\sources\common\doprnt.c
		_printf        		CODE           	4B78	0000	341

C:\Program Files (x86)\Microchip\xc8\v1.41\sources\common\doprnt.c estimated size: 341

../gui.c
		_initial_para_setting		CODE           	59E6	0000	59
		_menu5_MsgHandlle		CODE           	351E	0000	565
		_menu0_MsgHandlle		CODE           	2048	0000	749
		_menu6_MsgHandlle		CODE           	0E96	0000	1093
		_init_menu     		CODE           	45F8	0000	383
		_menu1_MsgHandlle		CODE           	5168	0000	183
		_update_focus  		CODE           	53DA	0000	127
		_blink_mode    		CODE           	1D24	0000	805
		_HG_device_init		CODE           	5A8E	0000	47
		_menu2_MsgHandlle		CODE           	50B2	0000	183
		_enter_sleep   		CODE           	52BA	0000	147
		_menu3_MsgHandlle		CODE           	2DFC	0000	621
		_HG_interface  		CODE           	5610	0000	91
		_menu4_MsgHandlle		CODE           	3966	0000	465

../gui.c estimated size: 5518

C:\Program Files (x86)\Microchip\xc8\v1.41\sources\common\Umul16.c
		___wmul        		CODE           	5A58	0000	55

C:\Program Files (x86)\Microchip\xc8\v1.41\sources\common\Umul16.c estimated size: 55

../Timer.c
		_TimerInit     		CODE           	5B9E	0000	31
		_ISR           		CODE           	0008	0000	709
		_Timer1Init    		CODE           	5C66	0000	15
		_delaynus      		CODE           	5B80	0000	31

../Timer.c estimated size: 786

../Oled.c
		_delay         		CODE           	5800	0000	75
		_AD_init       		CODE           	5C38	0000	19
		_display_mem   		CODE           	3FF8	0000	385
		_display_bat   		CODE           	3E78	0000	385
		_display_num   		CODE           	12DA	0000	955
		_i2c_CfgGpio   		CODE           	5C74	0000	15
		_setYX_LCD     		CODE           	566A	0000	91
		_display_logo  		CODE           	554A	0000	101
		_display_drop  		CODE           	42F8	0000	385
		_display_frame_de		CODE           	0012	0000	1355
		_i2c_Stop      		CODE           	5C82	0000	13
		_LCD_Off       		CODE           	5CC0	0000	5
		_display_frame_abc		CODE           	3752	0000	533
		_i2c_WaitAck   		CODE           	5AEA	0000	43
		_display_cmode 		CODE           	4478	0000	385
		_display_drops 		CODE           	4178	0000	385
		_initial_ui_setting		CODE           	4CCC	0000	289
		_i2c_Delay     		CODE           	5CCC	0000	3
		_i2c_SendByte  		CODE           	58DC	0000	71
		_delay_nms     		CODE           	56C4	0000	83
		_LCD_backlight_init		CODE           	5CBC	0000	5
		_ee_WriteBytes 		CODE           	57B4	0000	77
		_Initial_LY096BG30		CODE           	5768	0000	77
		_clear_screen  		CODE           	5894	0000	73
		_i2c_Start     		CODE           	5C0C	0000	23
		_display_frame_fghi		CODE           	1694	0000	845
		_display_n_blank		CODE           	0A0C	0000	1163
		_LCD_On        		CODE           	5CC8	0000	5
		_delay_pwm     		CODE           	5B14	0000	39
		_config_LCD    		CODE           	4FDE	0000	213
		_display_blank_mode_pa		CODE           	3CF8	0000	385

../Oled.c estimated size: 8481

../Main.c
		_main          		CODE           	521E	0000	157

../Main.c estimated size: 157

shared
		_mem_m         		MEDIUMCONST    	74CA	0000	47
		i2_ee_WriteBytes		CODE           	584A	0000	75
		i2_printf      		CODE           	4DEC	0000	287
		i2_i2c_Delay   		CODE           	5CCE	0000	3
		_ptne_frame    		MEDIUMCONST    	730D	0000	145
		_n_1P5_m       		MEDIUMCONST    	7DEF	0000	58
		_n_2P5_m       		MEDIUMCONST    	7DB6	0000	58
		i2_display_frame_abc		CODE           	3B36	0000	451
		_bat_m         		MEDIUMCONST    	749C	0000	47
		i2_putch       		CODE           	5C8E	0000	13
		_ptnf_frame    		MEDIUMCONST    	7A7A	0000	145
		_blank_m       		MEDIUMCONST    	7582	0000	47
		i2_display_cmode		CODE           	48CC	0000	343
		i2_i2c_WaitAck 		CODE           	5B3A	0000	39
		_ptng_frame    		MEDIUMCONST    	79EA	0000	145
		_dpowers       		MEDIUMCONST    	75B0	0000	11
		i2___lwdiv     		CODE           	5716	0000	83
		_n_0_m         		MEDIUMCONST    	7E61	0000	58
		_ptnh_frame    		MEDIUMCONST    	795A	0000	145
		_n_1_m         		MEDIUMCONST    	7E28	0000	58
		i2_i2c_Stop    		CODE           	5C9A	0000	13
		_n_2_m         		MEDIUMCONST    	7D7D	0000	58
		i2_i2c_Start   		CODE           	5C22	0000	23
		_n_10_m        		MEDIUMCONST    	7C60	0000	58
		_ptni_frame    		MEDIUMCONST    	78CA	0000	145
		_n_3_m         		MEDIUMCONST    	7D44	0000	58
		_n_4_m         		MEDIUMCONST    	7D0B	0000	58
		_drops_m       		MEDIUMCONST    	7526	0000	47
		_n_100_m       		MEDIUMCONST    	7BEE	0000	58
		i2_LCD_Off     		CODE           	5CC4	0000	5
		i2___lwmod     		CODE           	5966	0000	67
		i2_setYX_LCD   		CODE           	5922	0000	69
		_n_5_m         		MEDIUMCONST    	7C99	0000	58
		_n_200_m       		MEDIUMCONST    	7BB5	0000	58
		__initialization		CODE           	5458	0000	109
		i2_display_frame_fghi		CODE           	2334	0000	733
		_n_6_m         		MEDIUMCONST    	7CD2	0000	58
		_n_300_m       		MEDIUMCONST    	7B43	0000	58
		i2_i2c_SendByte		CODE           	5A20	0000	57
		_n_13_m        		MEDIUMCONST    	7C27	0000	58
		_logo_eme      		MEDIUMCONST    	75BA	0000	785
		_ptna_frame    		MEDIUMCONST    	7466	0000	55
		i2_display_mem 		CODE           	4776	0000	343
		i2_display_bat 		CODE           	4A22	0000	343
		i2_display_num 		CODE           	19E0	0000	837
		_drop_m        		MEDIUMCONST    	74F8	0000	47
		_c_m           		MEDIUMCONST    	7554	0000	47
		_n_150_m       		MEDIUMCONST    	7B7C	0000	58
		i2_delaynus    		CODE           	5BF2	0000	27
		i2_delay_nms   		CODE           	59A8	0000	63
		_n_250_m       		MEDIUMCONST    	7B0A	0000	58
		i2_buzz        		CODE           	5BD8	0000	27
		_n_blank_m     		MEDIUMCONST    	742D	0000	58
		i2_display_frame_de		CODE           	055C	0000	1201
		_ptnd_frame    		MEDIUMCONST    	739D	0000	145

shared estimated size: 8200

C:\Program Files (x86)\Microchip\xc8\v1.41\sources\common\lwmod.c
		___lwmod       		CODE           	55AE	0000	99

C:\Program Files (x86)\Microchip\xc8\v1.41\sources\common\lwmod.c estimated size: 99

../Beep.c
		_putch         		CODE           	5C4A	0000	15
		_buzz          		CODE           	5BBC	0000	29
		_uart_init     		CODE           	5C58	0000	15
		_BeepInit      		CODE           	5CB2	0000	11

../Beep.c estimated size: 70

../MotorDrive.c
		_drops_routine 		CODE           	2B7E	0000	639
		_check_acting  		CODE           	534C	0000	143
		_test_routine  		CODE           	32C4	0000	603
		_MotorDriveInit		CODE           	5ABC	0000	47
		_hg_reset      		CODE           	28CE	0000	689
		_c_routine     		CODE           	3068	0000	605

../MotorDrive.c estimated size: 2726

