Microchip MPLAB XC8 Compiler V1.41 ()

Linker command line:

-W-3 --edf=C:\Program Files (x86)\Microchip\xc8\v1.41\dat\en_msgs.txt -cs \
  -h+dist/default/production\hgun.X.production.sym \
  --cmf=dist/default/production\hgun.X.production.cmf -z -Q18F4520 \
  -oC:\Users\ADMINI~1\AppData\Local\Temp\s117k.2 \
  -Mdist/default/production/hgun.X.production.map -E1 -ver=XC8 \
  -ASTACK=0400h-05ffh -pstack=STACK -ACODE=00h-07FFFh -ACONST=00h-07FFFh \
  -ASMALLCONST=0600h-06FFhx122 -AMEDIUMCONST=0600h-07FFFh -ACOMRAM=01h-07Fh \
  -AABS1=00h-05FFh -ABIGRAM=01h-05FFh -ARAM=080h-0FFh,0100h-01FFhx5 \
  -ABANK0=080h-0FFh -ABANK1=0100h-01FFh -ABANK2=0200h-02FFh \
  -ABANK3=0300h-03FFh -ABANK4=0400h-04FFh -ABANK5=0500h-05FFh \
  -ASFR=0F80h-0FFFh -preset_vec=00h,intcode=08h,intcodelo,powerup,init \
  -pramtop=0600h -psmallconst=SMALLCONST -pmediumconst=MEDIUMCONST \
  -pconst=CONST -AFARRAM=00h-00h -ACONFIG=0300000h-030000Dh -pconfig=CONFIG \
  -AIDLOC=0200000h-0200007h -pidloc=IDLOC -AEEDATA=0F00000h-0F000FFh \
  -peeprom_data=EEDATA \
  -prdata=COMRAM,nvrram=COMRAM,nvbit=COMRAM,rbss=COMRAM,rbit=COMRAM \
  -pfarbss=FARRAM,fardata=FARRAM,nvFARRAM=FARRAM \
  -pintsave_regs=BIGRAM,bigbss=BIGRAM,bigdata=BIGRAM -pbss=RAM \
  -pidata=CODE,irdata=CODE,ibigdata=CODE,ifardata=CODE -prparam=COMRAM \
  C:\Users\ADMINI~1\AppData\Local\Temp\s117k.obj \
  dist/default/production\hgun.X.production.obj 

Object code version is 3.11

Machine type is 18F4520

Call graph: (short form)




                Name                               Link     Load   Length Selector   Space Scale
C:\Users\ADMINI~1\AppData\Local\Temp\s117k.obj
                init                                  E        E        4        4       0
                reset_vec                             0        0        4        0       0
                idloc                            200000   200000        8   200000       0
                config                           300000   300000        E   300000       0
dist/default/production\hgun.X.production.obj
                intcode                               8        8        6        4       0
                temp                                 65       65        1        1       1
                mediumconst                        7388     7388      C78     39C4       0
                text24                              D66      D66       52        4       0
                text23                              DB8      DB8       42        4       0
                text22                              F1C      F1C        C        4       0
                text21                              AA2      AA2      11E        4       0
                intcode_body                        7D2      7D2      17C        4       0
                text19                              EE0      EE0       12        4       0
                text18                              F34      F34        A      79A       0
                text17                              E4E      E4E       20        4       0
                text16                              F42      F42        4      79A       0
                text15                              F3E      F3E        4      79A       0
                text14                              E8C      E8C       1E        4       0
                text13                              654      654      17E        4       0
                text12                              EC6      EC6       1A        4       0
                text11                              DFA      DFA       2E        4       0
                text10                              F0E      F0E        E        4       0
                text9                               D14      D14       52        4       0
                text8                               EAA      EAA       1C        4       0
                text7                               E28      E28       26        4       0
                text6                               E6E      E6E       1E        4       0
                text5                               C3A      C3A       78        4       0
                text4                               CB2      CB2       62        4       0
                text3                               F00      F00        E        4       0
                text2                               94E      94E      154        4       0
                text1                               EF2      EF2        E        4       0
                text0                                12       12      642        4       0
                cstackCOMRAM                         36       36       24        1       1
                cstackBANK0                          FF       FF        1       80       1
                cstackBANK1                         170      170       19      100       1
                bssBANK3                            300      300      100      300       1
                bssBANK2                            200      200      100      200       1
                bssBANK1                            100      100       70      100       1
                bssBANK0                             80       80       7E       80       1
                dataCOMRAM                           5A       5A        B        1       1
                bssCOMRAM                             1        1       35        1       1
                cinit                               BC0      BC0       7A        4       0
                nvBANK0                              FE       FE        1       80       1
                idataCOMRAM                         F28      F28        B        4       0

TOTAL           Name                               Link     Load   Length     Space
        CLASS   STACK          

        CLASS   CODE           
                intcode                               8        8        6         0
                init                                  E        E        4         0
                reset_vec                             0        0        4         0
                text24                              D66      D66       52         0
                text23                              DB8      DB8       42         0
                text22                              F1C      F1C        C         0
                text21                              AA2      AA2      11E         0
                intcode_body                        7D2      7D2      17C         0
                text19                              EE0      EE0       12         0
                text18                              F34      F34        A         0
                text17                              E4E      E4E       20         0
                text16                              F42      F42        4         0
                text15                              F3E      F3E        4         0
                text14                              E8C      E8C       1E         0
                text13                              654      654      17E         0
                text12                              EC6      EC6       1A         0
                text11                              DFA      DFA       2E         0
                text10                              F0E      F0E        E         0
                text9                               D14      D14       52         0
                text8                               EAA      EAA       1C         0
                text7                               E28      E28       26         0
                text6                               E6E      E6E       1E         0
                text5                               C3A      C3A       78         0
                text4                               CB2      CB2       62         0
                text3                               F00      F00        E         0
                text2                               94E      94E      154         0
                text1                               EF2      EF2        E         0
                text0                                12       12      642         0
                cinit                               BC0      BC0       7A         0
                idataCOMRAM                         F28      F28        B         0

        CLASS   CONST          

        CLASS   SMALLCONST     

        CLASS   MEDIUMCONST    
                mediumconst                        7388     7388      C78         0

        CLASS   COMRAM         
                temp                                 65       65        1         1
                cstackCOMRAM                         36       36       24         1
                dataCOMRAM                           5A       5A        B         1
                bssCOMRAM                             1        1       35         1

        CLASS   ABS1           

        CLASS   BIGRAM         

        CLASS   RAM            

        CLASS   BANK0          
                cstackBANK0                          FF       FF        1         1
                bssBANK0                             80       80       7E         1
                nvBANK0                              FE       FE        1         1

        CLASS   BANK1          
                cstackBANK1                         170      170       19         1
                bssBANK1                            100      100       70         1

        CLASS   BANK2          
                bssBANK2                            200      200      100         1

        CLASS   BANK3          
                bssBANK3                            300      300      100         1

        CLASS   BANK4          

        CLASS   BANK5          

        CLASS   SFR            

        CLASS   FARRAM         

        CLASS   CONFIG         
                config                           300000   300000        E         0

        CLASS   IDLOC          
                idloc                            200000   200000        8         0

        CLASS   EEDATA         



SEGMENTS        Name                           Load    Length   Top    Selector   Space  Class

                reset_vec                      000000  000004  000004         0       0  CODE    
                bssCOMRAM                      000001  000065  000066         1       1  COMRAM  
                intcode                        000008  000F2B  000F33         4       0  CODE    
                bssBANK0                       000080  000080  000100        80       1  BANK0   
                bssBANK1                       000100  000089  000189       100       1  BANK1   
                bssBANK2                       000200  000100  000300       200       1  BANK2   
                bssBANK3                       000300  000100  000400       300       1  BANK3   
                text18                         000F34  000012  000F46       79A       0  CODE    
                mediumconst                    007388  000C78  008000      39C4       0  MEDIUMCO
                idloc                          200000  000008  200008    200000       0  IDLOC   
                config                         300000  00000E  30000E    300000       0  CONFIG  


UNUSED ADDRESS RANGES

        Name                Unused          Largest block    Delta
        BANK1            000189-0001FF               77
        BANK4            000400-0004FF              100
        BANK5            000500-0005FF              100
        BIGRAM           000066-00007F               1A
                         000189-0001FF               77
                         000400-0005FF              200
        CODE             000004-000007                4
                         000F33-000F33                1
                         000F46-007387             6442
        COMRAM           000066-00007F               1A
        CONST            000004-000007                4
                         000F33-000F33                1
                         000F46-007387             6442
        EEDATA           F00000-F000FF              100
        MEDIUMCONST      000F33-000F33                1
                         000F46-007387             6442
        RAM              000189-0001FF               77
                         000400-0005FF              100
        SFR              000F80-000FFF               80
        SMALLCONST       000F33-000F33                1
                         000F46-007387              100
        STACK            000400-0005FF              200

                                  Symbol Table

?___lwdiv                    cstackBANK1  000170
?___lwmod                    cstackBANK1  000177
?_printf                     cstackBANK1  00017B
?i2___lwdiv                  cstackCOMRAM 000036
?i2___lwmod                  cstackCOMRAM 00003D
?i2_printf                   cstackCOMRAM 000042
_ADCON0bits                  (abs)        000FC2
_ADCON1                      (abs)        000FC1
_ADCON2bits                  (abs)        000FC0
_ADRESH                      (abs)        000FC4
_ADRESL                      (abs)        000FC3
_AD_init                     text19       000EE0
_BeepInit                    text18       000F34
_GIE                         (abs)        007F97
_HG_init                     text12       000EC6
_INTCON2bits                 (abs)        000FF1
_INTCON3bits                 (abs)        000FF0
_INTCONbits                  (abs)        000FF2
_ISR                         intcode      000008
_KEY_Init                    text17       000E4E
_LATAbits                    (abs)        000F89
_LATCbits                    (abs)        000F8B
_LATDbits                    (abs)        000F8C
_LATEbits                    (abs)        000F8D
_LCD_Off                     text16       000F42
_LCD_backlight_init          text15       000F3E
_MotorDriveInit              text11       000DFA
_PIR1bits                    (abs)        000F9E
_PORTAbits                   (abs)        000F80
_PORTBbits                   (abs)        000F81
_PORTC                       (abs)        000F82
_PORTCbits                   (abs)        000F82
_PORTDbits                   (abs)        000F83
_PSA                         (abs)        007EAB
_RCSTAbits                   (abs)        000FAB
_SPBRG                       (abs)        000FAF
_T08BIT                      (abs)        007EAE
_T0CONbits                   (abs)        000FD5
_T0CS                        (abs)        007EAD
_T0IE                        (abs)        007F95
_T0IF                        (abs)        007F92
_T0PS0                       (abs)        007EA8
_T0PS1                       (abs)        007EA9
_T0PS2                       (abs)        007EAA
_T1CONbits                   (abs)        000FCD
_TMR0                        (abs)        000FD6
_TMR1                        (abs)        000FCE
_TRISAbits                   (abs)        000F92
_TRISBbits                   (abs)        000F93
_TRISCbits                   (abs)        000F94
_TRISDbits                   (abs)        000F95
_TRISEbits                   (abs)        000F96
_TXREG                       (abs)        000FAD
_TXSTAbits                   (abs)        000FAC
_Timer1Init                  text10       000F0E
_TimerInit                   text14       000E8C
__CFG_BOREN$OFF              (abs)        000000
__CFG_BORV$0                 (abs)        000000
__CFG_CCP2MX$PORTC           (abs)        000000
__CFG_CP0$OFF                (abs)        000000
__CFG_CP1$OFF                (abs)        000000
__CFG_CP2$OFF                (abs)        000000
__CFG_CP3$OFF                (abs)        000000
__CFG_CPB$OFF                (abs)        000000
__CFG_CPD$OFF                (abs)        000000
__CFG_EBTR0$OFF              (abs)        000000
__CFG_EBTR1$OFF              (abs)        000000
__CFG_EBTR2$OFF              (abs)        000000
__CFG_EBTR3$OFF              (abs)        000000
__CFG_EBTRB$OFF              (abs)        000000
__CFG_FCMEN$OFF              (abs)        000000
__CFG_IESO$OFF               (abs)        000000
__CFG_LPT1OSC$OFF            (abs)        000000
__CFG_LVP$OFF                (abs)        000000
__CFG_MCLRE$ON               (abs)        000000
__CFG_OSC$HS                 (abs)        000000
__CFG_PBADEN$OFF             (abs)        000000
__CFG_PWRT$OFF               (abs)        000000
__CFG_STVREN$OFF             (abs)        000000
__CFG_WDT$OFF                (abs)        000000
__CFG_WDTPS$64               (abs)        000000
__CFG_WRT0$OFF               (abs)        000000
__CFG_WRT1$OFF               (abs)        000000
__CFG_WRT2$OFF               (abs)        000000
__CFG_WRT3$OFF               (abs)        000000
__CFG_WRTB$OFF               (abs)        000000
__CFG_WRTC$OFF               (abs)        000000
__CFG_WRTD$OFF               (abs)        000000
__CFG_XINST$OFF              (abs)        000000
__HRAM                       (abs)        000000
__Habs1                      abs1         000000
__Hbank0                     bank0        000000
__Hbank1                     bank1        000000
__Hbank2                     bank2        000000
__Hbank3                     bank3        000000
__Hbank4                     bank4        000000
__Hbank5                     bank5        000000
__Hbigbss                    bigbss       000000
__Hbigdata                   bigdata      000000
__Hbigram                    bigram       000000
__Hbss                       bss          000000
__HbssBANK0                  bssBANK0     000000
__HbssBANK1                  bssBANK1     000000
__HbssBANK2                  bssBANK2     000000
__HbssBANK3                  bssBANK3     000000
__HbssCOMRAM                 bssCOMRAM    000000
__Hcinit                     cinit        000000
__Hclrtext                   clrtext      000000
__Hcomram                    comram       000000
__Hconfig                    config       30000E
__Hconst                     const        000000
__HcstackBANK0               cstackBANK0  000000
__HcstackBANK1               cstackBANK1  000000
__HcstackCOMRAM              cstackCOMRAM 000000
__Hdata                      data         000000
__HdataCOMRAM                dataCOMRAM   000000
__Heeprom_data               eeprom_data  000000
__Hfarbss                    farbss       000000
__Hfardata                   fardata      000000
__Hibigdata                  ibigdata     000000
__Hidata                     idata        000000
__HidataCOMRAM               idataCOMRAM  000000
__Hidloc                     idloc        200008
__Hifardata                  ifardata     000000
__Hinit                      init         000012
__Hintcode                   intcode      00000E
__Hintcode_body              intcode_body 000000
__Hintcodelo                 intcodelo    00000E
__Hintentry                  intentry     000000
__Hintret                    intret       000000
__Hintsave_regs              intsave_regs 000000
__Hirdata                    irdata       000000
__Hmediumconst               mediumconst  008000
__HnvBANK0                   nvBANK0      000000
__HnvFARRAM                  nvFARRAM     000000
__Hnvbit                     nvbit        000000
__Hnvrram                    nvrram       000000
__Hparam                     rparam       000000
__Hpowerup                   powerup      00000E
__Hram                       ram          000000
__Hramtop                    ramtop       000600
__Hrbit                      rbit         000000
__Hrbss                      rbss         000000
__Hrdata                     rdata        000000
__Hreset_vec                 reset_vec    000004
__Hrparam                    rparam       000000
__Hsfr                       sfr          000000
__Hsmallconst                smallconst   000000
__Hspace_0                   (abs)        30000E
__Hspace_1                   (abs)        000400
__Hspace_2                   (abs)        000000
__Hstack                     stack        000000
__Hstruct                    struct       000000
__Htemp                      temp         000066
__Htext                      text         000000
__Htext0                     text0        000000
__Htext1                     text1        000000
__Htext10                    text10       000000
__Htext11                    text11       000000
__Htext12                    text12       000000
__Htext13                    text13       000000
__Htext14                    text14       000000
__Htext15                    text15       000000
__Htext16                    text16       000000
__Htext17                    text17       000000
__Htext18                    text18       000000
__Htext19                    text19       000000
__Htext2                     text2        000000
__Htext21                    text21       000000
__Htext22                    text22       000000
__Htext23                    text23       000000
__Htext24                    text24       000000
__Htext3                     text3        000000
__Htext4                     text4        000000
__Htext5                     text5        000000
__Htext6                     text6        000000
__Htext7                     text7        000000
__Htext8                     text8        000000
__Htext9                     text9        000000
__LRAM                       (abs)        000001
__Labs1                      abs1         000000
__Lbank0                     bank0        000000
__Lbank1                     bank1        000000
__Lbank2                     bank2        000000
__Lbank3                     bank3        000000
__Lbank4                     bank4        000000
__Lbank5                     bank5        000000
__Lbigbss                    bigbss       000000
__Lbigdata                   bigdata      000000
__Lbigram                    bigram       000000
__Lbss                       bss          000000
__LbssBANK0                  bssBANK0     000000
__LbssBANK1                  bssBANK1     000000
__LbssBANK2                  bssBANK2     000000
__LbssBANK3                  bssBANK3     000000
__LbssCOMRAM                 bssCOMRAM    000000
__Lcinit                     cinit        000000
__Lclrtext                   clrtext      000000
__Lcomram                    comram       000000
__Lconfig                    config       300000
__Lconst                     const        000000
__LcstackBANK0               cstackBANK0  000000
__LcstackBANK1               cstackBANK1  000000
__LcstackCOMRAM              cstackCOMRAM 000000
__Ldata                      data         000000
__LdataCOMRAM                dataCOMRAM   000000
__Leeprom_data               eeprom_data  000000
__Lfarbss                    farbss       000000
__Lfardata                   fardata      000000
__Libigdata                  ibigdata     000000
__Lidata                     idata        000000
__LidataCOMRAM               idataCOMRAM  000000
__Lidloc                     idloc        200000
__Lifardata                  ifardata     000000
__Linit                      init         00000E
__Lintcode                   intcode      000008
__Lintcode_body              intcode_body 000000
__Lintcodelo                 intcodelo    00000E
__Lintentry                  intentry     000000
__Lintret                    intret       000000
__Lintsave_regs              intsave_regs 000000
__Lirdata                    irdata       000000
__Lmediumconst               mediumconst  007388
__LnvBANK0                   nvBANK0      000000
__LnvFARRAM                  nvFARRAM     000000
__Lnvbit                     nvbit        000000
__Lnvrram                    nvrram       000000
__Lparam                     rparam       000000
__Lpowerup                   powerup      00000E
__Lram                       ram          000000
__Lramtop                    ramtop       000600
__Lrbit                      rbit         000000
__Lrbss                      rbss         000000
__Lrdata                     rdata        000000
__Lreset_vec                 reset_vec    000000
__Lrparam                    rparam       000000
__Lsfr                       sfr          000000
__Lsmallconst                smallconst   000000
__Lspace_0                   (abs)        000000
__Lspace_1                   (abs)        000000
__Lspace_2                   (abs)        000000
__Lstack                     stack        000000
__Lstruct                    struct       000000
__Ltemp                      temp         000065
__Ltext                      text         000000
__Ltext0                     text0        000000
__Ltext1                     text1        000000
__Ltext10                    text10       000000
__Ltext11                    text11       000000
__Ltext12                    text12       000000
__Ltext13                    text13       000000
__Ltext14                    text14       000000
__Ltext15                    text15       000000
__Ltext16                    text16       000000
__Ltext17                    text17       000000
__Ltext18                    text18       000000
__Ltext19                    text19       000000
__Ltext2                     text2        000000
__Ltext21                    text21       000000
__Ltext22                    text22       000000
__Ltext23                    text23       000000
__Ltext24                    text24       000000
__Ltext3                     text3        000000
__Ltext4                     text4        000000
__Ltext5                     text5        000000
__Ltext6                     text6        000000
__Ltext7                     text7        000000
__Ltext8                     text8        000000
__Ltext9                     text9        000000
__S0                         (abs)        30000E
__S1                         (abs)        000400
__S2                         (abs)        000000
___inthi_sp                  stack        000000
___intlo_sp                  stack        000000
___lwdiv                     text5        000C3A
___lwdiv@counter             cstackBANK1  000174
___lwdiv@dividend            cstackBANK1  000170
___lwdiv@divisor             cstackBANK1  000172
___lwdiv@quotient            cstackBANK1  000175
___lwmod                     text4        000CB2
___lwmod@counter             cstackBANK0  0000FF
___lwmod@dividend            cstackBANK1  000177
___lwmod@divisor             cstackBANK1  000179
___param_bank                (abs)        000000
___rparam_used               (abs)        000001
___sp                        stack        000000
__accesstop                  (abs)        000080
__activetblptr               (abs)        000002
__end_of_AD_init             text19       000EF2
__end_of_BeepInit            text18       000F3E
__end_of_HG_init             text12       000EE0
__end_of_ISR                 intcode_body 00094E
__end_of_KEY_Init            text17       000E6E
__end_of_LCD_Off             text16       000F46
__end_of_LCD_backlight_init  text15       000F42
__end_of_MotorDriveInit      text11       000E28
__end_of_Timer1Init          text10       000F1C
__end_of_TimerInit           text14       000EAA
__end_of___lwdiv             text5        000CB2
__end_of___lwmod             text4        000D14
__end_of__initialization     cinit        000C2C
__end_of_bat_m               mediumconst  007546
__end_of_blank_m             mediumconst  00762C
__end_of_buzz                text8        000EC6
__end_of_c_m                 mediumconst  0075FE
__end_of_delay_nms           text9        000D66
__end_of_delay_pwm           text7        000E4E
__end_of_delaynus            text6        000E8C
__end_of_dpowers             mediumconst  007636
__end_of_drop_m              mediumconst  0075A2
__end_of_drops_m             mediumconst  0075D0
__end_of_init_menu           text13       0007D2
__end_of_logo_eme            mediumconst  007946
__end_of_main                text0        000654
__end_of_mem_m               mediumconst  007574
__end_of_n_0_m               mediumconst  007F16
__end_of_n_100_m             mediumconst  007CA3
__end_of_n_10_m              mediumconst  007D15
__end_of_n_13_m              mediumconst  007CDC
__end_of_n_150_m             mediumconst  007C31
__end_of_n_1P5_m             mediumconst  007EA4
__end_of_n_1_m               mediumconst  007EDD
__end_of_n_200_m             mediumconst  007C6A
__end_of_n_250_m             mediumconst  007BBF
__end_of_n_2P5_m             mediumconst  007E6B
__end_of_n_2_m               mediumconst  007E32
__end_of_n_300_m             mediumconst  007BF8
__end_of_n_3_m               mediumconst  007DF9
__end_of_n_4_m               mediumconst  007DC0
__end_of_n_5_m               mediumconst  007D4E
__end_of_n_6_m               mediumconst  007D87
__end_of_n_blank_m           mediumconst  0074E2
__end_of_printf              text2        000AA2
__end_of_ptna_frame          mediumconst  007518
__end_of_ptnd_frame          mediumconst  0074A9
__end_of_ptne_frame          mediumconst  007419
__end_of_ptnf_frame          mediumconst  007B86
__end_of_ptng_frame          mediumconst  007AF6
__end_of_ptnh_frame          mediumconst  007A66
__end_of_ptni_frame          mediumconst  0079D6
__end_of_putch               text3        000F0E
__end_of_uart_init           text1        000F00
__end_ofi2___lwdiv           text24       000DB8
__end_ofi2___lwmod           text23       000DFA
__end_ofi2_printf            text21       000BC0
__end_ofi2_putch             text22       000F28
__initialization             cinit        000BC0
__mediumconst                mediumconst  007388
__pbssBANK0                  bssBANK0     000080
__pbssBANK1                  bssBANK1     000100
__pbssBANK2                  bssBANK2     000200
__pbssBANK3                  bssBANK3     000300
__pbssCOMRAM                 bssCOMRAM    000001
__pcinit                     cinit        000BC0
__pcstackBANK0               cstackBANK0  0000FF
__pcstackBANK1               cstackBANK1  000170
__pcstackCOMRAM              cstackCOMRAM 000036
__pdataCOMRAM                dataCOMRAM   00005A
__pidataCOMRAM               idataCOMRAM  000F28
__pintcode                   intcode      000008
__pintcode_body              intcode_body 0007D2
__pmediumconst               mediumconst  007388
__pnvBANK0                   nvBANK0      0000FE
__ptext0                     text0        000012
__ptext1                     text1        000EF2
__ptext10                    text10       000F0E
__ptext11                    text11       000DFA
__ptext12                    text12       000EC6
__ptext13                    text13       000654
__ptext14                    text14       000E8C
__ptext15                    text15       000F3E
__ptext16                    text16       000F42
__ptext17                    text17       000E4E
__ptext18                    text18       000F34
__ptext19                    text19       000EE0
__ptext2                     text2        00094E
__ptext21                    text21       000AA2
__ptext22                    text22       000F1C
__ptext23                    text23       000DB8
__ptext24                    text24       000D66
__ptext3                     text3        000F00
__ptext4                     text4        000CB2
__ptext5                     text5        000C3A
__ptext6                     text6        000E6E
__ptext7                     text7        000E28
__ptext8                     text8        000EAA
__ptext9                     text9        000D14
__ramtop                     ramtop       000600
__size_of_AD_init            (abs)        000000
__size_of_BeepInit           (abs)        000000
__size_of_HG_init            (abs)        000000
__size_of_ISR                (abs)        000000
__size_of_KEY_Init           (abs)        000000
__size_of_LCD_Off            (abs)        000000
__size_of_LCD_backlight_init (abs)        000000
__size_of_MotorDriveInit     (abs)        000000
__size_of_Timer1Init         (abs)        000000
__size_of_TimerInit          (abs)        000000
__size_of___lwdiv            (abs)        000000
__size_of___lwmod            (abs)        000000
__size_of_buzz               (abs)        000000
__size_of_delay_nms          (abs)        000000
__size_of_delay_pwm          (abs)        000000
__size_of_delaynus           (abs)        000000
__size_of_init_menu          (abs)        000000
__size_of_main               (abs)        000000
__size_of_printf             (abs)        000000
__size_of_putch              (abs)        000000
__size_of_uart_init          (abs)        000000
__size_ofi2___lwdiv          (abs)        000000
__size_ofi2___lwmod          (abs)        000000
__size_ofi2_printf           (abs)        000000
__size_ofi2_putch            (abs)        000000
__smallconst                 smallconst   000000
_action_btn_cnt              bssCOMRAM    000019
_ann                         bssCOMRAM    000015
_bat_m                       mediumconst  007518
_blank_m                     mediumconst  0075FE
_buzz                        text8        000EAA
_bv                          bssCOMRAM    000011
_c_m                         mediumconst  0075D0
_cnt_ma                      bssBANK0     0000FA
_cnt_mb                      bssBANK1     00016C
_cnt_mb_sa                   bssBANK1     000164
_cnt_mb_sb                   bssBANK1     000160
_cnt_push                    bssCOMRAM    000013
_cnta_mb                     bssCOMRAM    00000F
_cntb_mb                     bssCOMRAM    00000D
_css                         bssCOMRAM    000027
_cur_edge                    bssCOMRAM    000031
_cur_state_phb_ma            bssCOMRAM    000034
_cv                          dataCOMRAM   00005C
_delay_nms                   text9        000D14
_delay_pwm                   text7        000E28
_delaynus                    text6        000E6E
_dpowers                     mediumconst  00762C
_drop_m                      mediumconst  007574
_drops_m                     mediumconst  0075A2
_dv                          dataCOMRAM   00005A
_f_motor                     bssBANK1     00011E
_flag                        bssCOMRAM    000024
_flag_action                 bssCOMRAM    00002B
_flag_action_button          bssCOMRAM    00002A
_flag_do_reset_in_drops_mode bssCOMRAM    000029
_flag_go_to_sleep            dataCOMRAM   000063
_flag_inject                 bssCOMRAM    00002F
_flag_inject_sa              bssCOMRAM    00002E
_flag_inject_sb              bssCOMRAM    00002D
_flag_mreset                 dataCOMRAM   000064
_flag_mreset_hit_lp          bssCOMRAM    000030
_flag_power_up               nvBANK0      0000FE
_flag_push                   bssCOMRAM    00002C
_flag_test_mode_break        bssCOMRAM    00001B
_flag_tv                     dataCOMRAM   000060
_flag_wake_up                dataCOMRAM   000062
_flip                        bssCOMRAM    00001E
_focus                       bssCOMRAM    00001F
_hg_op                       bssBANK0     0000C0
_init_menu                   text13       000654
_logo_eme                    mediumconst  007636
_main                        text0        000012
_mbcnt                       bssCOMRAM    000001
_mem_m                       mediumconst  007546
_menu                        bssBANK0     000080
_menu0_MsgHandlle            (abs)        000000
_menu1_MsgHandlle            (abs)        000000
_menu2_MsgHandlle            (abs)        000000
_menu3_MsgHandlle            (abs)        000000
_menu4_MsgHandlle            (abs)        000000
_menu5_MsgHandlle            (abs)        000000
_menu6_MsgHandlle            (abs)        000000
_menu7_MsgHandlle            (abs)        000000
_ms                          dataCOMRAM   000061
_msleep                      bssBANK1     000168
_n_0_m                       mediumconst  007EDD
_n_100_m                     mediumconst  007C6A
_n_10_m                      mediumconst  007CDC
_n_13_m                      mediumconst  007CA3
_n_150_m                     mediumconst  007BF8
_n_1P5_m                     mediumconst  007E6B
_n_1_m                       mediumconst  007EA4
_n_200_m                     mediumconst  007C31
_n_250_m                     mediumconst  007B86
_n_2P5_m                     mediumconst  007E32
_n_2_m                       mediumconst  007DF9
_n_300_m                     mediumconst  007BBF
_n_3_m                       mediumconst  007DC0
_n_4_m                       mediumconst  007D87
_n_5_m                       mediumconst  007D15
_n_6_m                       mediumconst  007D4E
_n_blank_m                   mediumconst  0074A9
_n_x_m                       bssCOMRAM    000009
_needle_len                  dataCOMRAM   00005E
_old_c                       bssCOMRAM    000022
_page                        bssCOMRAM    000025
_prev_edge                   bssCOMRAM    000032
_prev_state_phb_ma           bssCOMRAM    000033
_printf                      text2        00094E
_ptna_frame                  mediumconst  0074E2
_ptnd_frame                  mediumconst  007419
_ptne_frame                  mediumconst  007389
_ptnf_frame                  mediumconst  007AF6
_ptng_frame                  mediumconst  007A66
_ptnh_frame                  mediumconst  0079D6
_ptni_frame                  mediumconst  007946
_ptnx_frame                  bssCOMRAM    000007
_putch                       text3        000F00
_r_motor                     bssBANK1     000100
_rcnt                        bssCOMRAM    000026
_read_buf                    bssBANK3     000300
_ss                          bssCOMRAM    000028
_test_mode                   bssCOMRAM    000035
_tflag                       dataCOMRAM   00005F
_tmcnt                       bssBANK1     00015C
_ttte                        bssCOMRAM    000021
_tv_cnt                      bssCOMRAM    000023
_tv_s                        bssBANK1     00013C
_tva                         bssCOMRAM    000005
_tvb                         bssCOMRAM    000003
_uart_init                   text1        000EF2
_work_mode                   bssCOMRAM    00001D
_work_mode_choice            bssCOMRAM    00001C
_write_buf                   bssBANK2     000200
_xn                          bssCOMRAM    000017
_xtt                         bssCOMRAM    00000B
btemp                        temp         000065
delay_nms@i                  cstackBANK1  000174
delay_nms@n                  cstackBANK1  000170
delay_pwm@n                  cstackBANK1  000170
delaynus@n                   cstackBANK1  000170
end_of_initialization        cinit        000C2C
i2___lwdiv                   text24       000D66
i2___lwdiv@counter           cstackCOMRAM 00003C
i2___lwdiv@dividend          cstackCOMRAM 000036
i2___lwdiv@divisor           cstackCOMRAM 000038
i2___lwdiv@quotient          cstackCOMRAM 00003A
i2___lwmod                   text23       000DB8
i2___lwmod@counter           cstackCOMRAM 000041
i2___lwmod@dividend          cstackCOMRAM 00003D
i2___lwmod@divisor           cstackCOMRAM 00003F
i2_printf                    text21       000AA2
i2_putch                     text22       000F1C
i2printf@ap                  cstackCOMRAM 000045
i2printf@c                   cstackCOMRAM 00004B
i2printf@f                   cstackCOMRAM 000042
i2printf@flag                cstackCOMRAM 000047
i2printf@prec                cstackCOMRAM 000048
i2printf@val                 cstackCOMRAM 000049
i2putch@c                    cstackCOMRAM 000036
int$flags                    temp         000065
int_func                     intcode_body 0007D2
intlevel0                    text         000000
intlevel1                    text         000000
intlevel2                    text         000000
intlevel3                    text         000000
printf@ap                    cstackBANK1  000180
printf@c                     cstackBANK1  000186
printf@f                     cstackBANK1  00017B
printf@flag                  cstackBANK1  000182
printf@prec                  cstackBANK1  000183
printf@val                   cstackBANK1  000184
putch@c                      cstackBANK0  0000FF
stackhi                      (abs)        0005FF
stacklo                      (abs)        000400
start                        init         00000E
start_initialization         cinit        000BC0


FUNCTION INFORMATION:

 *************** function _main *****************
 Defined at:
		line 90 in file "../Main.c"
 Parameters:    Size  Location     Type
		None
 Auto vars:     Size  Location     Type
		None
 Return value:  Size  Location     Type
                  1    wreg      void 
 Registers used:
		wreg, fsr2l, fsr2h, status,2, status,0, tblptrl, tblptrh, tblptru, prodl, prodh, cstack
 Tracked objects:
		On entry : 
		On exit  : 
		Unchanged: 
 Data sizes:     COMRAM   BANK0   BANK1   BANK2   BANK3   BANK4   BANK5
      Params:         0       0       0       0       0       0       0
      Locals:         0       0       0       0       0       0       0
      Temps:          0       0       2       0       0       0       0
      Totals:         0       0       2       0       0       0       0
Total ram usage:        2 bytes
 Hardware stack levels required when called:    5
 This function calls:
		_AD_init
		_HG_init
		_MotorDriveInit
		_Timer1Init
		_buzz
		_delay_pwm
		_delaynus
		_printf
		_uart_init
 This function is called by:
		Startup code after reset
 This function uses a non-reentrant model


 *************** function _uart_init *****************
 Defined at:
		line 9 in file "../Beep.c"
 Parameters:    Size  Location     Type
		None
 Auto vars:     Size  Location     Type
		None
 Return value:  Size  Location     Type
                  1    wreg      void 
 Registers used:
		wreg, status,2
 Tracked objects:
		On entry : 
		On exit  : 
		Unchanged: 
 Data sizes:     COMRAM   BANK0   BANK1   BANK2   BANK3   BANK4   BANK5
      Params:         0       0       0       0       0       0       0
      Locals:         0       0       0       0       0       0       0
      Temps:          0       0       0       0       0       0       0
      Totals:         0       0       0       0       0       0       0
Total ram usage:        0 bytes
 Hardware stack levels used:    1
 Hardware stack levels required when called:    3
 This function calls:
		Nothing
 This function is called by:
		_main
 This function uses a non-reentrant model


 *************** function _printf *****************
 Defined at:
		line 464 in file "C:\Program Files (x86)\Microchip\xc8\v1.41\sources\common\doprnt.c"
 Parameters:    Size  Location     Type
  f               2   11[BANK1 ] PTR const unsigned char 
		 -> STR_14(5), STR_13(5), STR_12(12), STR_11(9), 
		 -> STR_10(13), STR_9(36), STR_8(27), STR_7(27), 
		 -> STR_6(27), STR_5(13), STR_4(20), STR_3(20), 
		 -> STR_2(13), STR_1(18), 
 Auto vars:     Size  Location     Type
  tmpval          4    0        struct .
  cp              3    0        PTR const unsigned char 
  val             2   20[BANK1 ] unsigned int 
  ap              2   16[BANK1 ] PTR void [1]
		 -> ?i2_printf(2), ?_printf(2), 
  len             2    0        unsigned int 
  c               1   22[BANK1 ] char 
  prec            1   19[BANK1 ] char 
  flag            1   18[BANK1 ] unsigned char 
 Return value:  Size  Location     Type
                  2   11[BANK1 ] int 
 Registers used:
		wreg, fsr2l, fsr2h, status,2, status,0, tblptrl, tblptrh, tblptru, prodl, prodh, cstack
 Tracked objects:
		On entry : 
		On exit  : 
		Unchanged: 
 Data sizes:     COMRAM   BANK0   BANK1   BANK2   BANK3   BANK4   BANK5
      Params:         0       0       4       0       0       0       0
      Locals:         0       0       7       0       0       0       0
      Temps:          0       0       1       0       0       0       0
      Totals:         0       0      12       0       0       0       0
Total ram usage:       12 bytes
 Hardware stack levels used:    1
 Hardware stack levels required when called:    4
 This function calls:
		___lwdiv
		___lwmod
		_putch
 This function is called by:
		_main
		_KEY_Scan
 This function uses a non-reentrant model


 *************** function _putch *****************
 Defined at:
		line 56 in file "../Beep.c"
 Parameters:    Size  Location     Type
  c               1    wreg     unsigned char 
 Auto vars:     Size  Location     Type
  c               1    0[BANK0 ] unsigned char 
 Return value:  Size  Location     Type
                  1    wreg      void 
 Registers used:
		wreg
 Tracked objects:
		On entry : 
		On exit  : 
		Unchanged: 
 Data sizes:     COMRAM   BANK0   BANK1   BANK2   BANK3   BANK4   BANK5
      Params:         0       0       0       0       0       0       0
      Locals:         0       1       0       0       0       0       0
      Temps:          0       0       0       0       0       0       0
      Totals:         0       1       0       0       0       0       0
Total ram usage:        1 bytes
 Hardware stack levels used:    1
 Hardware stack levels required when called:    3
 This function calls:
		Nothing
 This function is called by:
		_printf
 This function uses a non-reentrant model


 *************** function ___lwmod *****************
 Defined at:
		line 8 in file "C:\Program Files (x86)\Microchip\xc8\v1.41\sources\common\lwmod.c"
 Parameters:    Size  Location     Type
  dividend        2    7[BANK1 ] unsigned int 
  divisor         2    9[BANK1 ] unsigned int 
 Auto vars:     Size  Location     Type
  counter         1    0[BANK0 ] unsigned char 
 Return value:  Size  Location     Type
                  2    7[BANK1 ] unsigned int 
 Registers used:
		wreg, status,2, status,0
 Tracked objects:
		On entry : 
		On exit  : 
		Unchanged: 
 Data sizes:     COMRAM   BANK0   BANK1   BANK2   BANK3   BANK4   BANK5
      Params:         0       0       4       0       0       0       0
      Locals:         0       1       0       0       0       0       0
      Temps:          0       0       0       0       0       0       0
      Totals:         0       1       4       0       0       0       0
Total ram usage:        5 bytes
 Hardware stack levels used:    1
 Hardware stack levels required when called:    3
 This function calls:
		Nothing
 This function is called by:
		_printf
 This function uses a non-reentrant model


 *************** function ___lwdiv *****************
 Defined at:
		line 8 in file "C:\Program Files (x86)\Microchip\xc8\v1.41\sources\common\lwdiv.c"
 Parameters:    Size  Location     Type
  dividend        2    0[BANK1 ] unsigned int 
  divisor         2    2[BANK1 ] unsigned int 
 Auto vars:     Size  Location     Type
  quotient        2    5[BANK1 ] unsigned int 
  counter         1    4[BANK1 ] unsigned char 
 Return value:  Size  Location     Type
                  2    0[BANK1 ] unsigned int 
 Registers used:
		wreg, status,2, status,0
 Tracked objects:
		On entry : 
		On exit  : 
		Unchanged: 
 Data sizes:     COMRAM   BANK0   BANK1   BANK2   BANK3   BANK4   BANK5
      Params:         0       0       4       0       0       0       0
      Locals:         0       0       3       0       0       0       0
      Temps:          0       0       0       0       0       0       0
      Totals:         0       0       7       0       0       0       0
Total ram usage:        7 bytes
 Hardware stack levels used:    1
 Hardware stack levels required when called:    3
 This function calls:
		Nothing
 This function is called by:
		_printf
 This function uses a non-reentrant model


 *************** function _delaynus *****************
 Defined at:
		line 899 in file "../Timer.c"
 Parameters:    Size  Location     Type
  n               2    0[BANK1 ] unsigned int 
 Auto vars:     Size  Location     Type
		None
 Return value:  Size  Location     Type
                  1    wreg      void 
 Registers used:
		wreg, status,2, status,0
 Tracked objects:
		On entry : 
		On exit  : 
		Unchanged: 
 Data sizes:     COMRAM   BANK0   BANK1   BANK2   BANK3   BANK4   BANK5
      Params:         0       0       2       0       0       0       0
      Locals:         0       0       0       0       0       0       0
      Temps:          0       0       0       0       0       0       0
      Totals:         0       0       2       0       0       0       0
Total ram usage:        2 bytes
 Hardware stack levels used:    1
 Hardware stack levels required when called:    3
 This function calls:
		Nothing
 This function is called by:
		_main
		_KEY_Scan
		_initial_ui_setting
 This function uses a non-reentrant model


 *************** function _delay_pwm *****************
 Defined at:
		line 45 in file "../Oled.c"
 Parameters:    Size  Location     Type
  n               4    0[BANK1 ] unsigned long 
 Auto vars:     Size  Location     Type
		None
 Return value:  Size  Location     Type
                  1    wreg      void 
 Registers used:
		wreg, status,2, status,0
 Tracked objects:
		On entry : 
		On exit  : 
		Unchanged: 
 Data sizes:     COMRAM   BANK0   BANK1   BANK2   BANK3   BANK4   BANK5
      Params:         0       0       4       0       0       0       0
      Locals:         0       0       0       0       0       0       0
      Temps:          0       0       0       0       0       0       0
      Totals:         0       0       4       0       0       0       0
Total ram usage:        4 bytes
 Hardware stack levels used:    1
 Hardware stack levels required when called:    3
 This function calls:
		Nothing
 This function is called by:
		_main
 This function uses a non-reentrant model


 *************** function _buzz *****************
 Defined at:
		line 114 in file "../Beep.c"
 Parameters:    Size  Location     Type
		None
 Auto vars:     Size  Location     Type
		None
 Return value:  Size  Location     Type
                  1    wreg      void 
 Registers used:
		wreg, status,2, status,0, cstack
 Tracked objects:
		On entry : 
		On exit  : 
		Unchanged: 
 Data sizes:     COMRAM   BANK0   BANK1   BANK2   BANK3   BANK4   BANK5
      Params:         0       0       0       0       0       0       0
      Locals:         0       0       0       0       0       0       0
      Temps:          0       0       0       0       0       0       0
      Totals:         0       0       0       0       0       0       0
Total ram usage:        0 bytes
 Hardware stack levels used:    1
 Hardware stack levels required when called:    4
 This function calls:
		_delay_nms
 This function is called by:
		_main
		_KEY_Scan
 This function uses a non-reentrant model


 *************** function _delay_nms *****************
 Defined at:
		line 10 in file "../Oled.c"
 Parameters:    Size  Location     Type
  n               4    0[BANK1 ] unsigned long 
 Auto vars:     Size  Location     Type
  i               2    4[BANK1 ] unsigned int 
 Return value:  Size  Location     Type
                  1    wreg      void 
 Registers used:
		wreg, status,2, status,0
 Tracked objects:
		On entry : 
		On exit  : 
		Unchanged: 
 Data sizes:     COMRAM   BANK0   BANK1   BANK2   BANK3   BANK4   BANK5
      Params:         0       0       4       0       0       0       0
      Locals:         0       0       2       0       0       0       0
      Temps:          0       0       0       0       0       0       0
      Totals:         0       0       6       0       0       0       0
Total ram usage:        6 bytes
 Hardware stack levels used:    1
 Hardware stack levels required when called:    3
 This function calls:
		Nothing
 This function is called by:
		_buzz
		_KEY_Scan
 This function uses a non-reentrant model


 *************** function _Timer1Init *****************
 Defined at:
		line 861 in file "../Timer.c"
 Parameters:    Size  Location     Type
		None
 Auto vars:     Size  Location     Type
		None
 Return value:  Size  Location     Type
                  1    wreg      void 
 Registers used:
		wreg, status,2
 Tracked objects:
		On entry : 
		On exit  : 
		Unchanged: 
 Data sizes:     COMRAM   BANK0   BANK1   BANK2   BANK3   BANK4   BANK5
      Params:         0       0       0       0       0       0       0
      Locals:         0       0       0       0       0       0       0
      Temps:          0       0       0       0       0       0       0
      Totals:         0       0       0       0       0       0       0
Total ram usage:        0 bytes
 Hardware stack levels used:    1
 Hardware stack levels required when called:    3
 This function calls:
		Nothing
 This function is called by:
		_main
 This function uses a non-reentrant model


 *************** function _MotorDriveInit *****************
 Defined at:
		line 194 in file "../MotorDrive.c"
 Parameters:    Size  Location     Type
		None
 Auto vars:     Size  Location     Type
		None
 Return value:  Size  Location     Type
                  1    wreg      void 
 Registers used:
		None
 Tracked objects:
		On entry : 
		On exit  : 
		Unchanged: 
 Data sizes:     COMRAM   BANK0   BANK1   BANK2   BANK3   BANK4   BANK5
      Params:         0       0       0       0       0       0       0
      Locals:         0       0       0       0       0       0       0
      Temps:          0       0       0       0       0       0       0
      Totals:         0       0       0       0       0       0       0
Total ram usage:        0 bytes
 Hardware stack levels used:    1
 Hardware stack levels required when called:    3
 This function calls:
		Nothing
 This function is called by:
		_main
 This function uses a non-reentrant model


 *************** function _HG_init *****************
 Defined at:
		line 24 in file "../gui.c"
 Parameters:    Size  Location     Type
		None
 Auto vars:     Size  Location     Type
		None
 Return value:  Size  Location     Type
                  2  121[None  ] int 
 Registers used:
		wreg, status,2, status,0, cstack
 Tracked objects:
		On entry : 
		On exit  : 
		Unchanged: 
 Data sizes:     COMRAM   BANK0   BANK1   BANK2   BANK3   BANK4   BANK5
      Params:         0       0       0       0       0       0       0
      Locals:         0       0       0       0       0       0       0
      Temps:          0       0       0       0       0       0       0
      Totals:         0       0       0       0       0       0       0
Total ram usage:        0 bytes
 Hardware stack levels used:    1
 Hardware stack levels required when called:    4
 This function calls:
		_BeepInit
		_KEY_Init
		_LCD_Off
		_LCD_backlight_init
		_TimerInit
		_init_menu
 This function is called by:
		_main
 This function uses a non-reentrant model


 *************** function _init_menu *****************
 Defined at:
		line 1291 in file "../gui.c"
 Parameters:    Size  Location     Type
		None
 Auto vars:     Size  Location     Type
		None
 Return value:  Size  Location     Type
                  1    wreg      void 
 Registers used:
		wreg, status,2, status,0
 Tracked objects:
		On entry : 
		On exit  : 
		Unchanged: 
 Data sizes:     COMRAM   BANK0   BANK1   BANK2   BANK3   BANK4   BANK5
      Params:         0       0       0       0       0       0       0
      Locals:         0       0       0       0       0       0       0
      Temps:          0       0       0       0       0       0       0
      Totals:         0       0       0       0       0       0       0
Total ram usage:        0 bytes
 Hardware stack levels used:    1
 Hardware stack levels required when called:    3
 This function calls:
		Nothing
 This function is called by:
		_HG_init
 This function uses a non-reentrant model


 *************** function _TimerInit *****************
 Defined at:
		line 833 in file "../Timer.c"
 Parameters:    Size  Location     Type
		None
 Auto vars:     Size  Location     Type
		None
 Return value:  Size  Location     Type
                  1    wreg      void 
 Registers used:
		wreg, status,2
 Tracked objects:
		On entry : 
		On exit  : 
		Unchanged: 
 Data sizes:     COMRAM   BANK0   BANK1   BANK2   BANK3   BANK4   BANK5
      Params:         0       0       0       0       0       0       0
      Locals:         0       0       0       0       0       0       0
      Temps:          0       0       0       0       0       0       0
      Totals:         0       0       0       0       0       0       0
Total ram usage:        0 bytes
 Hardware stack levels used:    1
 Hardware stack levels required when called:    3
 This function calls:
		Nothing
 This function is called by:
		_HG_init
 This function uses a non-reentrant model


 *************** function _LCD_backlight_init *****************
 Defined at:
		line 583 in file "../Oled.c"
 Parameters:    Size  Location     Type
		None
 Auto vars:     Size  Location     Type
		None
 Return value:  Size  Location     Type
                  1    wreg      void 
 Registers used:
		None
 Tracked objects:
		On entry : 
		On exit  : 
		Unchanged: 
 Data sizes:     COMRAM   BANK0   BANK1   BANK2   BANK3   BANK4   BANK5
      Params:         0       0       0       0       0       0       0
      Locals:         0       0       0       0       0       0       0
      Temps:          0       0       0       0       0       0       0
      Totals:         0       0       0       0       0       0       0
Total ram usage:        0 bytes
 Hardware stack levels used:    1
 Hardware stack levels required when called:    3
 This function calls:
		Nothing
 This function is called by:
		_HG_init
 This function uses a non-reentrant model


 *************** function _LCD_Off *****************
 Defined at:
		line 597 in file "../Oled.c"
 Parameters:    Size  Location     Type
		None
 Auto vars:     Size  Location     Type
		None
 Return value:  Size  Location     Type
                  1    wreg      void 
 Registers used:
		None
 Tracked objects:
		On entry : 
		On exit  : 
		Unchanged: 
 Data sizes:     COMRAM   BANK0   BANK1   BANK2   BANK3   BANK4   BANK5
      Params:         0       0       0       0       0       0       0
      Locals:         0       0       0       0       0       0       0
      Temps:          0       0       0       0       0       0       0
      Totals:         0       0       0       0       0       0       0
Total ram usage:        0 bytes
 Hardware stack levels used:    1
 Hardware stack levels required when called:    3
 This function calls:
		Nothing
 This function is called by:
		_HG_init
 This function uses a non-reentrant model


 *************** function _KEY_Init *****************
 Defined at:
		line 10 in file "../Key.c"
 Parameters:    Size  Location     Type
		None
 Auto vars:     Size  Location     Type
		None
 Return value:  Size  Location     Type
                  1    wreg      void 
 Registers used:
		wreg, status,2
 Tracked objects:
		On entry : 
		On exit  : 
		Unchanged: 
 Data sizes:     COMRAM   BANK0   BANK1   BANK2   BANK3   BANK4   BANK5
      Params:         0       0       0       0       0       0       0
      Locals:         0       0       0       0       0       0       0
      Temps:          0       0       0       0       0       0       0
      Totals:         0       0       0       0       0       0       0
Total ram usage:        0 bytes
 Hardware stack levels used:    1
 Hardware stack levels required when called:    3
 This function calls:
		Nothing
 This function is called by:
		_HG_init
 This function uses a non-reentrant model


 *************** function _BeepInit *****************
 Defined at:
		line 78 in file "../Beep.c"
 Parameters:    Size  Location     Type
		None
 Auto vars:     Size  Location     Type
		None
 Return value:  Size  Location     Type
                  1    wreg      void 
 Registers used:
		None
 Tracked objects:
		On entry : 
		On exit  : 
		Unchanged: 
 Data sizes:     COMRAM   BANK0   BANK1   BANK2   BANK3   BANK4   BANK5
      Params:         0       0       0       0       0       0       0
      Locals:         0       0       0       0       0       0       0
      Temps:          0       0       0       0       0       0       0
      Totals:         0       0       0       0       0       0       0
Total ram usage:        0 bytes
 Hardware stack levels used:    1
 Hardware stack levels required when called:    3
 This function calls:
		Nothing
 This function is called by:
		_HG_init
 This function uses a non-reentrant model


 *************** function _AD_init *****************
 Defined at:
		line 285 in file "../Oled.c"
 Parameters:    Size  Location     Type
		None
 Auto vars:     Size  Location     Type
		None
 Return value:  Size  Location     Type
                  1    wreg      unsigned char 
 Registers used:
		wreg, status,2
 Tracked objects:
		On entry : 
		On exit  : 
		Unchanged: 
 Data sizes:     COMRAM   BANK0   BANK1   BANK2   BANK3   BANK4   BANK5
      Params:         0       0       0       0       0       0       0
      Locals:         0       0       0       0       0       0       0
      Temps:          0       0       0       0       0       0       0
      Totals:         0       0       0       0       0       0       0
Total ram usage:        0 bytes
 Hardware stack levels used:    1
 Hardware stack levels required when called:    3
 This function calls:
		Nothing
 This function is called by:
		_main
 This function uses a non-reentrant model


 *************** function _ISR *****************
 Defined at:
		line 44 in file "../Timer.c"
 Parameters:    Size  Location     Type
		None
 Auto vars:     Size  Location     Type
  temp            1    0        unsigned char 
 Return value:  Size  Location     Type
                  1    wreg      void 
 Registers used:
		wreg, fsr2l, fsr2h, status,2, status,0, tblptrl, tblptrh, tblptru, prodl, prodh, cstack
 Tracked objects:
		On entry : 
		On exit  : 
		Unchanged: 
 Data sizes:     COMRAM   BANK0   BANK1   BANK2   BANK3   BANK4   BANK5
      Params:         0       0       0       0       0       0       0
      Locals:         0       0       0       0       0       0       0
      Temps:         14       0       0       0       0       0       0
      Totals:        14       0       0       0       0       0       0
Total ram usage:       14 bytes
 Hardware stack levels used:    1
 Hardware stack levels required when called:    2
 This function calls:
		i2_printf
 This function is called by:
		Interrupt level 2
 This function uses a non-reentrant model


 *************** function i2_printf *****************
 Defined at:
		line 464 in file "C:\Program Files (x86)\Microchip\xc8\v1.41\sources\common\doprnt.c"
 Parameters:    Size  Location     Type
  f               2   12[COMRAM] PTR const unsigned char 
		 -> STR_14(5), STR_13(5), STR_12(12), STR_11(9), 
		 -> STR_10(13), STR_9(36), STR_8(27), STR_7(27), 
		 -> STR_6(27), STR_5(13), STR_4(20), STR_3(20), 
		 -> STR_2(13), STR_1(18), 
 Auto vars:     Size  Location     Type
  printf          4    0        struct .
  printf          3    0        PTR const unsigned char 
  printf          2   19[COMRAM] unsigned int 
  printf          2   15[COMRAM] PTR void [1]
		 -> ?i2_printf(2), ?_printf(2), 
  printf          2    0        unsigned int 
  printf          1   21[COMRAM] char 
  printf          1   18[COMRAM] char 
  printf          1   17[COMRAM] unsigned char 
 Return value:  Size  Location     Type
                  2   12[COMRAM] int 
 Registers used:
		wreg, fsr2l, fsr2h, status,2, status,0, tblptrl, tblptrh, tblptru, prodl, prodh, cstack
 Tracked objects:
		On entry : 
		On exit  : 
		Unchanged: 
 Data sizes:     COMRAM   BANK0   BANK1   BANK2   BANK3   BANK4   BANK5
      Params:         2       0       0       0       0       0       0
      Locals:         7       0       0       0       0       0       0
      Temps:          1       0       0       0       0       0       0
      Totals:        10       0       0       0       0       0       0
Total ram usage:       10 bytes
 Hardware stack levels used:    1
 Hardware stack levels required when called:    1
 This function calls:
		i2___lwdiv
		i2___lwmod
		i2_putch
 This function is called by:
		_ISR
 This function uses a non-reentrant model


 *************** function i2_putch *****************
 Defined at:
		line 56 in file "../Beep.c"
 Parameters:    Size  Location     Type
  c               1    wreg     unsigned char 
 Auto vars:     Size  Location     Type
  c               1    0[COMRAM] unsigned char 
 Return value:  Size  Location     Type
                  1    wreg      void 
 Registers used:
		wreg
 Tracked objects:
		On entry : 
		On exit  : 
		Unchanged: 
 Data sizes:     COMRAM   BANK0   BANK1   BANK2   BANK3   BANK4   BANK5
      Params:         0       0       0       0       0       0       0
      Locals:         1       0       0       0       0       0       0
      Temps:          0       0       0       0       0       0       0
      Totals:         1       0       0       0       0       0       0
Total ram usage:        1 bytes
 Hardware stack levels used:    1
 This function calls:
		Nothing
 This function is called by:
		i2_printf
 This function uses a non-reentrant model


 *************** function i2___lwmod *****************
 Defined at:
		line 8 in file "C:\Program Files (x86)\Microchip\xc8\v1.41\sources\common\lwmod.c"
 Parameters:    Size  Location     Type
  dividend        2    7[COMRAM] unsigned int 
  divisor         2    9[COMRAM] unsigned int 
 Auto vars:     Size  Location     Type
  __lwmod         1   11[COMRAM] unsigned char 
 Return value:  Size  Location     Type
                  2    7[COMRAM] unsigned int 
 Registers used:
		wreg, status,2, status,0
 Tracked objects:
		On entry : 
		On exit  : 
		Unchanged: 
 Data sizes:     COMRAM   BANK0   BANK1   BANK2   BANK3   BANK4   BANK5
      Params:         4       0       0       0       0       0       0
      Locals:         1       0       0       0       0       0       0
      Temps:          0       0       0       0       0       0       0
      Totals:         5       0       0       0       0       0       0
Total ram usage:        5 bytes
 Hardware stack levels used:    1
 This function calls:
		Nothing
 This function is called by:
		i2_printf
 This function uses a non-reentrant model


 *************** function i2___lwdiv *****************
 Defined at:
		line 8 in file "C:\Program Files (x86)\Microchip\xc8\v1.41\sources\common\lwdiv.c"
 Parameters:    Size  Location     Type
  dividend        2    0[COMRAM] unsigned int 
  divisor         2    2[COMRAM] unsigned int 
 Auto vars:     Size  Location     Type
  __lwdiv         2    4[COMRAM] unsigned int 
  __lwdiv         1    6[COMRAM] unsigned char 
 Return value:  Size  Location     Type
                  2    0[COMRAM] unsigned int 
 Registers used:
		wreg, status,2, status,0
 Tracked objects:
		On entry : 
		On exit  : 
		Unchanged: 
 Data sizes:     COMRAM   BANK0   BANK1   BANK2   BANK3   BANK4   BANK5
      Params:         4       0       0       0       0       0       0
      Locals:         3       0       0       0       0       0       0
      Temps:          0       0       0       0       0       0       0
      Totals:         7       0       0       0       0       0       0
Total ram usage:        7 bytes
 Hardware stack levels used:    1
 This function calls:
		Nothing
 This function is called by:
		i2_printf
 This function uses a non-reentrant model



MODULE INFORMATION

Module		Function		Class		Link	Load	Size
C:\Program Files (x86)\Microchip\xc8\v1.41\sources\common\lwdiv.c
		___lwdiv       		CODE           	0C3A	0000	121

C:\Program Files (x86)\Microchip\xc8\v1.41\sources\common\lwdiv.c estimated size: 121

../Key.c
		_KEY_Init      		CODE           	0E4E	0000	33

../Key.c estimated size: 33

C:\Program Files (x86)\Microchip\xc8\v1.41\sources\common\doprnt.c
		_printf        		CODE           	094E	0000	341

C:\Program Files (x86)\Microchip\xc8\v1.41\sources\common\doprnt.c estimated size: 341

../gui.c
		_HG_init       		CODE           	0EC6	0000	27
		_init_menu     		CODE           	0654	0000	383

../gui.c estimated size: 410

../Timer.c
		_TimerInit     		CODE           	0E8C	0000	31
		_ISR           		CODE           	0008	0000	387
		_Timer1Init    		CODE           	0F0E	0000	15
		_delaynus      		CODE           	0E6E	0000	31

../Timer.c estimated size: 464

../Oled.c
		_AD_init       		CODE           	0EE0	0000	19
		_LCD_Off       		CODE           	0F42	0000	5
		_delay_nms     		CODE           	0D14	0000	83
		_LCD_backlight_init		CODE           	0F3E	0000	5
		_delay_pwm     		CODE           	0E28	0000	39

../Oled.c estimated size: 151

../Main.c
		_main          		CODE           	0012	0000	1603

../Main.c estimated size: 1603

shared
		_mem_m         		MEDIUMCONST    	7546	0000	47
		i2_printf      		CODE           	0AA2	0000	287
		_ptne_frame    		MEDIUMCONST    	7389	0000	145
		_n_1P5_m       		MEDIUMCONST    	7E6B	0000	58
		_n_2P5_m       		MEDIUMCONST    	7E32	0000	58
		_bat_m         		MEDIUMCONST    	7518	0000	47
		i2_putch       		CODE           	0F1C	0000	13
		_ptnf_frame    		MEDIUMCONST    	7AF6	0000	145
		_blank_m       		MEDIUMCONST    	75FE	0000	47
		_ptng_frame    		MEDIUMCONST    	7A66	0000	145
		_dpowers       		MEDIUMCONST    	762C	0000	11
		i2___lwdiv     		CODE           	0D66	0000	83
		_n_0_m         		MEDIUMCONST    	7EDD	0000	58
		_ptnh_frame    		MEDIUMCONST    	79D6	0000	145
		_n_1_m         		MEDIUMCONST    	7EA4	0000	58
		_n_2_m         		MEDIUMCONST    	7DF9	0000	58
		_n_10_m        		MEDIUMCONST    	7CDC	0000	58
		_ptni_frame    		MEDIUMCONST    	7946	0000	145
		_n_3_m         		MEDIUMCONST    	7DC0	0000	58
		_n_4_m         		MEDIUMCONST    	7D87	0000	58
		_drops_m       		MEDIUMCONST    	75A2	0000	47
		_n_100_m       		MEDIUMCONST    	7C6A	0000	58
		i2___lwmod     		CODE           	0DB8	0000	67
		_n_5_m         		MEDIUMCONST    	7D15	0000	58
		_n_200_m       		MEDIUMCONST    	7C31	0000	58
		__initialization		CODE           	0BC0	0000	109
		_n_6_m         		MEDIUMCONST    	7D4E	0000	58
		_n_300_m       		MEDIUMCONST    	7BBF	0000	58
		_n_13_m        		MEDIUMCONST    	7CA3	0000	58
		_logo_eme      		MEDIUMCONST    	7636	0000	785
		_ptna_frame    		MEDIUMCONST    	74E2	0000	55
		_drop_m        		MEDIUMCONST    	7574	0000	47
		_c_m           		MEDIUMCONST    	75D0	0000	47
		_n_150_m       		MEDIUMCONST    	7BF8	0000	58
		_n_250_m       		MEDIUMCONST    	7B86	0000	58
		_n_blank_m     		MEDIUMCONST    	74A9	0000	58
		_ptnd_frame    		MEDIUMCONST    	7419	0000	145

shared estimated size: 3548

C:\Program Files (x86)\Microchip\xc8\v1.41\sources\common\lwmod.c
		___lwmod       		CODE           	0CB2	0000	99

C:\Program Files (x86)\Microchip\xc8\v1.41\sources\common\lwmod.c estimated size: 99

../Beep.c
		_putch         		CODE           	0F00	0000	15
		_buzz          		CODE           	0EAA	0000	29
		_uart_init     		CODE           	0EF2	0000	15
		_BeepInit      		CODE           	0F34	0000	11

../Beep.c estimated size: 70

../MotorDrive.c
		_MotorDriveInit		CODE           	0DFA	0000	47

../MotorDrive.c estimated size: 47

