Microchip MPLAB XC8 Compiler V1.41 ()

Linker command line:

-W-3 --edf=C:\Program Files (x86)\Microchip\xc8\v1.41\dat\en_msgs.txt -cs \
  -h+dist/default/production\hgun.X.production.sym \
  --cmf=dist/default/production\hgun.X.production.cmf -z -Q18F4520 \
  -oC:\Users\ADMINI~1\AppData\Local\Temp\sg08.2 \
  -Mdist/default/production/hgun.X.production.map -E1 -ver=XC8 \
  -ASTACK=031Dh-05ffh -pstack=STACK -ACODE=00h-07FFFh -ACONST=00h-07FFFh \
  -ASMALLCONST=0600h-06FFhx122 -AMEDIUMCONST=0600h-07FFFh -ACOMRAM=01h-07Fh \
  -AABS1=00h-05FFh -ABIGRAM=01h-05FFh -ARAM=080h-0FFh,0100h-01FFhx5 \
  -ABANK0=080h-0FFh -ABANK1=0100h-01FFh -ABANK2=0200h-02FFh \
  -ABANK3=0300h-03FFh -ABANK4=0400h-04FFh -ABANK5=0500h-05FFh \
  -ASFR=0F80h-0FFFh -preset_vec=00h,intcode=08h,intcodelo,powerup,init \
  -pramtop=0600h -psmallconst=SMALLCONST -pmediumconst=MEDIUMCONST \
  -pconst=CONST -AFARRAM=00h-00h -ACONFIG=0300000h-030000Dh -pconfig=CONFIG \
  -AIDLOC=0200000h-0200007h -pidloc=IDLOC -AEEDATA=0F00000h-0F000FFh \
  -peeprom_data=EEDATA \
  -prdata=COMRAM,nvrram=COMRAM,nvbit=COMRAM,rbss=COMRAM,rbit=COMRAM \
  -pfarbss=FARRAM,fardata=FARRAM,nvFARRAM=FARRAM \
  -pintsave_regs=BIGRAM,bigbss=BIGRAM,bigdata=BIGRAM -pbss=RAM \
  -pidata=CODE,irdata=CODE,ibigdata=CODE,ifardata=CODE -prparam=COMRAM \
  C:\Users\ADMINI~1\AppData\Local\Temp\sg08.obj \
  dist/default/production\hgun.X.production.obj 

Object code version is 3.11

Machine type is 18F4520

Call graph: (short form)




                Name                               Link     Load   Length Selector   Space Scale
C:\Users\ADMINI~1\AppData\Local\Temp\sg08.obj
                init                                  E        E        4        4       0
                reset_vec                             0        0        4        0       0
                idloc                            200000   200000        8   200000       0
                config                           300000   300000        E   300000       0
dist/default/production\hgun.X.production.obj
                intcode                               8        8        6        4       0
                temp                                 62       62        1        1       1
                mediumconst                        7310     7310      CF0     3988       0
                text81                             5A6C     5A6C        4        4       0
                text80                             5A72     5A72        2        4       0
                text79                             57D8     57D8       38        4       0
                text78                             59C8     59C8       16        4       0
                text77                             5A40     5A40        C        4       0
                text76                             58C2     58C2       26        4       0
                text75                             563C     563C       4A        4       0
                text74                             4EA6     4EA6       D4        4       0
                text73                             5714     5714       44        4       0
                text72                             49CC     49CC      156        4       0
                text71                             1BCC     1BCC      404        4       0
                text70                             5686     5686       48        4       0
                text69                             533C     533C       64        4       0
                text68                             5998     5998       1A        4       0
                text67                             4876     4876      156        4       0
                text66                             4720     4720      156        4       0
                text65                             385E     385E      1C2        4       0
                text64                             12DE     12DE      4B0        4       0
                text63                             2D04     2D04      2DC        4       0
                text62                             45CA     45CA      156        4       0
                text61                             26D6     26D6      344        4       0
                text60                             4D94     4D94      112        4       0
                text59                             5A68     5A68        4        4       0
                text58                             579A     579A       3E        4       0
                text57                             597E     597E       1A        4       0
                text56                             4474     4474      156        4       0
                text55                             431E     431E      156        4       0
                text54                             5508     5508       52        4       0
                text53                             5758     5758       42        4       0
                text52                             5A34     5A34        C        4       0
                text51                             4C76     4C76      11E        4       0
                intcode_body                        E2A      E2A      4B4        4       0
                text49                             59DE     59DE       12        4       0
                text48                             5A4C     5A4C        A        4       0
                text47                             55F2     55F2       4A        4       0
                text46                             5A70     5A70        2        4       0
                text45                             56CE     56CE       46        4       0
                text44                             59B2     59B2       16        4       0
                text43                             5A28     5A28        C        4       0
                text42                             5872     5872       2A        4       0
                text41                             55A6     55A6       4C        4       0
                text40                             5A1A     5A1A        E        4       0
                text39                             555A     555A       4C        4       0
                text38                             58E8     58E8       20        4       0
                text37                             5A64     5A64        4        4       0
                text36                             5A60     5A60        4        4       0
                text35                             5944     5944       1E        4       0
                text34                             41A0     41A0      17E        4       0
                text33                             5926     5926       1E        4       0
                text32                             54B6     54B6       52        4       0
                text31                             5962     5962       1C        4       0
                text30                             5908     5908       1E        4       0
                text29                             52C4     52C4       78        4       0
                text28                             53A0     53A0       62        4       0
                text27                             5A0C     5A0C        E        4       0
                text26                             4B22     4B22      154        4       0
                text25                             4F7A     4F7A       D2        4       0
                text24                             545C     545C       5A        4       0
                text23                             4020     4020      180        4       0
                text22                             3EA0     3EA0      180        4       0
                text21                             3D20     3D20      180        4       0
                text20                             347A     347A      214        4       0
                text19                             238A     238A      34C        4       0
                text18                             1FD0     1FD0      3BA        4       0
                text17                             2A1A     2A1A      2EA        4       0
                text16                             3BA0     3BA0      180        4       0
                text15                             5102     5102       B6        4       0
                text14                             3A20     3A20      180        4       0
                text13                             504C     504C       B6        4       0
                text12                              8E0      8E0      54A        4       0
                text11                             2FE0     2FE0      268        4       0
                text10                             368E     368E      1D0        4       0
                text9                              3248     3248      232        4       0
                text8                              178E     178E      43E        4       0
                text7                              5246     5246       7E        4       0
                text6                              5402     5402       5A        4       0
                text5                              5846     5846       2C        4       0
                text4                              59FE     59FE        E        4       0
                text3                              5810     5810       36        4       0
                text2                              589C     589C       26        4       0
                text1                              59F0     59F0        E        4       0
                text0                                12       12      8CE        4       0
                cstackCOMRAM                         3A       3A       24        1       1
                cstackBANK3                         300      300       1D      300       1
                bssBANK2                            200      200      100      200       1
                bssBANK1                            100      100      100      100       1
                dataBANK0                            F9       F9        6       80       1
                bssBANK0                             80       80       79       80       1
                dataCOMRAM                           5E       5E        4        1       1
                bssCOMRAM                             1        1       39        1       1
                cinit                              51B8     51B8       8E        4       0
                nvBANK0                              FF       FF        1       80       1
                idataBANK0                         5A56     5A56        6        4       0
                idataCOMRAM                        5A5C     5A5C        4        4       0

TOTAL           Name                               Link     Load   Length     Space
        CLASS   STACK          

        CLASS   CODE           
                intcode                               8        8        6         0
                init                                  E        E        4         0
                reset_vec                             0        0        4         0
                text81                             5A6C     5A6C        4         0
                text80                             5A72     5A72        2         0
                text79                             57D8     57D8       38         0
                text78                             59C8     59C8       16         0
                text77                             5A40     5A40        C         0
                text76                             58C2     58C2       26         0
                text75                             563C     563C       4A         0
                text74                             4EA6     4EA6       D4         0
                text73                             5714     5714       44         0
                text72                             49CC     49CC      156         0
                text71                             1BCC     1BCC      404         0
                text70                             5686     5686       48         0
                text69                             533C     533C       64         0
                text68                             5998     5998       1A         0
                text67                             4876     4876      156         0
                text66                             4720     4720      156         0
                text65                             385E     385E      1C2         0
                text64                             12DE     12DE      4B0         0
                text63                             2D04     2D04      2DC         0
                text62                             45CA     45CA      156         0
                text61                             26D6     26D6      344         0
                text60                             4D94     4D94      112         0
                text59                             5A68     5A68        4         0
                text58                             579A     579A       3E         0
                text57                             597E     597E       1A         0
                text56                             4474     4474      156         0
                text55                             431E     431E      156         0
                text54                             5508     5508       52         0
                text53                             5758     5758       42         0
                text52                             5A34     5A34        C         0
                text51                             4C76     4C76      11E         0
                intcode_body                        E2A      E2A      4B4         0
                text49                             59DE     59DE       12         0
                text48                             5A4C     5A4C        A         0
                text47                             55F2     55F2       4A         0
                text46                             5A70     5A70        2         0
                text45                             56CE     56CE       46         0
                text44                             59B2     59B2       16         0
                text43                             5A28     5A28        C         0
                text42                             5872     5872       2A         0
                text41                             55A6     55A6       4C         0
                text40                             5A1A     5A1A        E         0
                text39                             555A     555A       4C         0
                text38                             58E8     58E8       20         0
                text37                             5A64     5A64        4         0
                text36                             5A60     5A60        4         0
                text35                             5944     5944       1E         0
                text34                             41A0     41A0      17E         0
                text33                             5926     5926       1E         0
                text32                             54B6     54B6       52         0
                text31                             5962     5962       1C         0
                text30                             5908     5908       1E         0
                text29                             52C4     52C4       78         0
                text28                             53A0     53A0       62         0
                text27                             5A0C     5A0C        E         0
                text26                             4B22     4B22      154         0
                text25                             4F7A     4F7A       D2         0
                text24                             545C     545C       5A         0
                text23                             4020     4020      180         0
                text22                             3EA0     3EA0      180         0
                text21                             3D20     3D20      180         0
                text20                             347A     347A      214         0
                text19                             238A     238A      34C         0
                text18                             1FD0     1FD0      3BA         0
                text17                             2A1A     2A1A      2EA         0
                text16                             3BA0     3BA0      180         0
                text15                             5102     5102       B6         0
                text14                             3A20     3A20      180         0
                text13                             504C     504C       B6         0
                text12                              8E0      8E0      54A         0
                text11                             2FE0     2FE0      268         0
                text10                             368E     368E      1D0         0
                text9                              3248     3248      232         0
                text8                              178E     178E      43E         0
                text7                              5246     5246       7E         0
                text6                              5402     5402       5A         0
                text5                              5846     5846       2C         0
                text4                              59FE     59FE        E         0
                text3                              5810     5810       36         0
                text2                              589C     589C       26         0
                text1                              59F0     59F0        E         0
                text0                                12       12      8CE         0
                cinit                              51B8     51B8       8E         0
                idataBANK0                         5A56     5A56        6         0
                idataCOMRAM                        5A5C     5A5C        4         0

        CLASS   CONST          

        CLASS   SMALLCONST     

        CLASS   MEDIUMCONST    
                mediumconst                        7310     7310      CF0         0

        CLASS   COMRAM         
                temp                                 62       62        1         1
                cstackCOMRAM                         3A       3A       24         1
                dataCOMRAM                           5E       5E        4         1
                bssCOMRAM                             1        1       39         1

        CLASS   ABS1           

        CLASS   BIGRAM         

        CLASS   RAM            

        CLASS   BANK0          
                dataBANK0                            F9       F9        6         1
                bssBANK0                             80       80       79         1
                nvBANK0                              FF       FF        1         1

        CLASS   BANK1          
                bssBANK1                            100      100      100         1

        CLASS   BANK2          
                bssBANK2                            200      200      100         1

        CLASS   BANK3          
                cstackBANK3                         300      300       1D         1

        CLASS   BANK4          

        CLASS   BANK5          

        CLASS   SFR            

        CLASS   FARRAM         

        CLASS   CONFIG         
                config                           300000   300000        E         0

        CLASS   IDLOC          
                idloc                            200000   200000        8         0

        CLASS   EEDATA         



SEGMENTS        Name                           Load    Length   Top    Selector   Space  Class

                reset_vec                      000000  000004  000004         0       0  CODE    
                bssCOMRAM                      000001  000062  000063         1       1  COMRAM  
                intcode                        000008  005A6C  005A74         4       0  CODE    
                bssBANK0                       000080  000080  000100        80       1  BANK0   
                bssBANK1                       000100  000100  000200       100       1  BANK1   
                bssBANK2                       000200  000100  000300       200       1  BANK2   
                cstackBANK3                    000300  00001D  00031D       300       1  BANK3   
                mediumconst                    007310  000CF0  008000      3988       0  MEDIUMCO
                idloc                          200000  000008  200008    200000       0  IDLOC   
                config                         300000  00000E  30000E    300000       0  CONFIG  


UNUSED ADDRESS RANGES

        Name                Unused          Largest block    Delta
        BANK3            00031D-0003FF               E3
        BANK4            000400-0004FF              100
        BANK5            000500-0005FF              100
        BIGRAM           000063-00007F               1D
                         00031D-0005FF              2E3
        CODE             000004-000007                4
                         005A74-00730F             189C
        COMRAM           000063-00007F               1D
        CONST            000004-000007                4
                         005A74-00730F             189C
        EEDATA           F00000-F000FF              100
        MEDIUMCONST      005A74-00730F             189C
        RAM              00031D-0005FF              100
        SFR              000F80-000FFF               80
        SMALLCONST       005A74-00730F              100
        STACK            00031D-0005FF              2E3

                                  Symbol Table

?___lwdiv                       cstackBANK3  000300
?___lwmod                       cstackBANK3  000307
?___wmul                        cstackBANK3  000300
?_printf                        cstackBANK3  00030C
?i2___lwdiv                     cstackCOMRAM 00003A
?i2___lwmod                     cstackCOMRAM 000041
?i2_printf                      cstackCOMRAM 000046
HG_interface@kv                 cstackBANK3  00031A
ISR@tcnt                        bssBANK0     0000C0
KEY_Scan@tm_cnt                 cstackBANK3  000318
_ADCON0bits                     (abs)        000FC2
_ADCON1                         (abs)        000FC1
_ADCON2bits                     (abs)        000FC0
_ADRESH                         (abs)        000FC4
_ADRESL                         (abs)        000FC3
_AD_init                        text49       0059DE
_BeepInit                       text48       005A4C
_GIE                            (abs)        007F97
_HG_init                        text33       005926
_HG_interface                   text6        005402
_INTCON2bits                    (abs)        000FF1
_INTCON3bits                    (abs)        000FF0
_INTCONbits                     (abs)        000FF2
_ISR                            intcode      000008
_Initial_LY096BG30              text39       00555A
_KEY_Init                       text38       0058E8
_KEY_Scan                       text25       004F7A
_LATAbits                       (abs)        000F89
_LATCbits                       (abs)        000F8B
_LATDbits                       (abs)        000F8C
_LATEbits                       (abs)        000F8D
_LCD_Off                        text37       005A64
_LCD_On                         text81       005A6C
_LCD_backlight_init             text36       005A60
_LastInjectionFeedback          bssBANK0     0000F5
_LastNeedleFeedback             bssBANK0     0000F6
_MotorDriveInit                 text5        005846
_PIR1bits                       (abs)        000F9E
_PORTAbits                      (abs)        000F80
_PORTBbits                      (abs)        000F81
_PORTC                          (abs)        000F82
_PORTDbits                      (abs)        000F83
_PSA                            (abs)        007EAB
_RCSTAbits                      (abs)        000FAB
_SPBRG                          (abs)        000FAF
_T08BIT                         (abs)        007EAE
_T0CONbits                      (abs)        000FD5
_T0CS                           (abs)        007EAD
_T0IE                           (abs)        007F95
_T0IF                           (abs)        007F92
_T0PS0                          (abs)        007EA8
_T0PS1                          (abs)        007EA9
_T0PS2                          (abs)        007EAA
_T1CONbits                      (abs)        000FCD
_TMR0                           (abs)        000FD6
_TMR1                           (abs)        000FCE
_TRISAbits                      (abs)        000F92
_TRISBbits                      (abs)        000F93
_TRISCbits                      (abs)        000F94
_TRISDbits                      (abs)        000F95
_TRISEbits                      (abs)        000F96
_TXREG                          (abs)        000FAD
_TXSTAbits                      (abs)        000FAC
_Timer1Init                     text4        0059FE
_TimerInit                      text35       005944
__CFG_BOREN$OFF                 (abs)        000000
__CFG_BORV$0                    (abs)        000000
__CFG_CCP2MX$PORTC              (abs)        000000
__CFG_CP0$OFF                   (abs)        000000
__CFG_CP1$OFF                   (abs)        000000
__CFG_CP2$OFF                   (abs)        000000
__CFG_CP3$OFF                   (abs)        000000
__CFG_CPB$OFF                   (abs)        000000
__CFG_CPD$OFF                   (abs)        000000
__CFG_EBTR0$OFF                 (abs)        000000
__CFG_EBTR1$OFF                 (abs)        000000
__CFG_EBTR2$OFF                 (abs)        000000
__CFG_EBTR3$OFF                 (abs)        000000
__CFG_EBTRB$OFF                 (abs)        000000
__CFG_FCMEN$OFF                 (abs)        000000
__CFG_IESO$OFF                  (abs)        000000
__CFG_LPT1OSC$OFF               (abs)        000000
__CFG_LVP$OFF                   (abs)        000000
__CFG_MCLRE$ON                  (abs)        000000
__CFG_OSC$HS                    (abs)        000000
__CFG_PBADEN$OFF                (abs)        000000
__CFG_PWRT$OFF                  (abs)        000000
__CFG_STVREN$OFF                (abs)        000000
__CFG_WDT$OFF                   (abs)        000000
__CFG_WDTPS$64                  (abs)        000000
__CFG_WRT0$OFF                  (abs)        000000
__CFG_WRT1$OFF                  (abs)        000000
__CFG_WRT2$OFF                  (abs)        000000
__CFG_WRT3$OFF                  (abs)        000000
__CFG_WRTB$OFF                  (abs)        000000
__CFG_WRTC$OFF                  (abs)        000000
__CFG_WRTD$OFF                  (abs)        000000
__CFG_XINST$OFF                 (abs)        000000
__HRAM                          (abs)        000000
__Habs1                         abs1         000000
__Hbank0                        bank0        000000
__Hbank1                        bank1        000000
__Hbank2                        bank2        000000
__Hbank3                        bank3        000000
__Hbank4                        bank4        000000
__Hbank5                        bank5        000000
__Hbigbss                       bigbss       000000
__Hbigdata                      bigdata      000000
__Hbigram                       bigram       000000
__Hbss                          bss          000000
__HbssBANK0                     bssBANK0     000000
__HbssBANK1                     bssBANK1     000000
__HbssBANK2                     bssBANK2     000000
__HbssCOMRAM                    bssCOMRAM    000000
__Hcinit                        cinit        000000
__Hclrtext                      clrtext      000000
__Hcomram                       comram       000000
__Hconfig                       config       30000E
__Hconst                        const        000000
__HcstackBANK0                  cstackBANK0  000000
__HcstackBANK3                  cstackBANK3  000000
__HcstackCOMRAM                 cstackCOMRAM 000000
__Hdata                         data         000000
__HdataBANK0                    dataBANK0    000000
__HdataCOMRAM                   dataCOMRAM   000000
__Heeprom_data                  eeprom_data  000000
__Hfarbss                       farbss       000000
__Hfardata                      fardata      000000
__Hibigdata                     ibigdata     000000
__Hidata                        idata        000000
__HidataBANK0                   idataBANK0   000000
__HidataCOMRAM                  idataCOMRAM  000000
__Hidloc                        idloc        200008
__Hifardata                     ifardata     000000
__Hinit                         init         000012
__Hintcode                      intcode      00000E
__Hintcode_body                 intcode_body 000000
__Hintcodelo                    intcodelo    00000E
__Hintentry                     intentry     000000
__Hintret                       intret       000000
__Hintsave_regs                 intsave_regs 000000
__Hirdata                       irdata       000000
__Hmediumconst                  mediumconst  008000
__HnvBANK0                      nvBANK0      000000
__HnvFARRAM                     nvFARRAM     000000
__Hnvbit                        nvbit        000000
__Hnvrram                       nvrram       000000
__Hparam                        rparam       000000
__Hpowerup                      powerup      00000E
__Hram                          ram          000000
__Hramtop                       ramtop       000600
__Hrbit                         rbit         000000
__Hrbss                         rbss         000000
__Hrdata                        rdata        000000
__Hreset_vec                    reset_vec    000004
__Hrparam                       rparam       000000
__Hsfr                          sfr          000000
__Hsmallconst                   smallconst   000000
__Hspace_0                      (abs)        30000E
__Hspace_1                      (abs)        00031D
__Hspace_2                      (abs)        000000
__Hstack                        stack        000000
__Hstruct                       struct       000000
__Htemp                         temp         000063
__Htext                         text         000000
__Htext0                        text0        000000
__Htext1                        text1        000000
__Htext10                       text10       000000
__Htext11                       text11       000000
__Htext12                       text12       000000
__Htext13                       text13       000000
__Htext14                       text14       000000
__Htext15                       text15       000000
__Htext16                       text16       000000
__Htext17                       text17       000000
__Htext18                       text18       000000
__Htext19                       text19       000000
__Htext2                        text2        000000
__Htext20                       text20       000000
__Htext21                       text21       000000
__Htext22                       text22       000000
__Htext23                       text23       000000
__Htext24                       text24       000000
__Htext25                       text25       000000
__Htext26                       text26       000000
__Htext27                       text27       000000
__Htext28                       text28       000000
__Htext29                       text29       000000
__Htext3                        text3        000000
__Htext30                       text30       000000
__Htext31                       text31       000000
__Htext32                       text32       000000
__Htext33                       text33       000000
__Htext34                       text34       000000
__Htext35                       text35       000000
__Htext36                       text36       000000
__Htext37                       text37       000000
__Htext38                       text38       000000
__Htext39                       text39       000000
__Htext4                        text4        000000
__Htext40                       text40       000000
__Htext41                       text41       000000
__Htext42                       text42       000000
__Htext43                       text43       000000
__Htext44                       text44       000000
__Htext45                       text45       000000
__Htext46                       text46       000000
__Htext47                       text47       000000
__Htext48                       text48       000000
__Htext49                       text49       000000
__Htext5                        text5        000000
__Htext51                       text51       000000
__Htext52                       text52       000000
__Htext53                       text53       000000
__Htext54                       text54       000000
__Htext55                       text55       000000
__Htext56                       text56       000000
__Htext57                       text57       000000
__Htext58                       text58       000000
__Htext59                       text59       000000
__Htext6                        text6        000000
__Htext60                       text60       000000
__Htext61                       text61       000000
__Htext62                       text62       000000
__Htext63                       text63       000000
__Htext64                       text64       000000
__Htext65                       text65       000000
__Htext66                       text66       000000
__Htext67                       text67       000000
__Htext68                       text68       000000
__Htext69                       text69       000000
__Htext7                        text7        000000
__Htext70                       text70       000000
__Htext71                       text71       000000
__Htext72                       text72       000000
__Htext73                       text73       000000
__Htext74                       text74       000000
__Htext75                       text75       000000
__Htext76                       text76       000000
__Htext77                       text77       000000
__Htext78                       text78       000000
__Htext79                       text79       000000
__Htext8                        text8        000000
__Htext80                       text80       000000
__Htext81                       text81       000000
__Htext82                       text82       000000
__Htext9                        text9        000000
__LRAM                          (abs)        000001
__Labs1                         abs1         000000
__Lbank0                        bank0        000000
__Lbank1                        bank1        000000
__Lbank2                        bank2        000000
__Lbank3                        bank3        000000
__Lbank4                        bank4        000000
__Lbank5                        bank5        000000
__Lbigbss                       bigbss       000000
__Lbigdata                      bigdata      000000
__Lbigram                       bigram       000000
__Lbss                          bss          000000
__LbssBANK0                     bssBANK0     000000
__LbssBANK1                     bssBANK1     000000
__LbssBANK2                     bssBANK2     000000
__LbssCOMRAM                    bssCOMRAM    000000
__Lcinit                        cinit        000000
__Lclrtext                      clrtext      000000
__Lcomram                       comram       000000
__Lconfig                       config       300000
__Lconst                        const        000000
__LcstackBANK0                  cstackBANK0  000000
__LcstackBANK3                  cstackBANK3  000000
__LcstackCOMRAM                 cstackCOMRAM 000000
__Ldata                         data         000000
__LdataBANK0                    dataBANK0    000000
__LdataCOMRAM                   dataCOMRAM   000000
__Leeprom_data                  eeprom_data  000000
__Lfarbss                       farbss       000000
__Lfardata                      fardata      000000
__Libigdata                     ibigdata     000000
__Lidata                        idata        000000
__LidataBANK0                   idataBANK0   000000
__LidataCOMRAM                  idataCOMRAM  000000
__Lidloc                        idloc        200000
__Lifardata                     ifardata     000000
__Linit                         init         00000E
__Lintcode                      intcode      000008
__Lintcode_body                 intcode_body 000000
__Lintcodelo                    intcodelo    00000E
__Lintentry                     intentry     000000
__Lintret                       intret       000000
__Lintsave_regs                 intsave_regs 000000
__Lirdata                       irdata       000000
__Lmediumconst                  mediumconst  007310
__LnvBANK0                      nvBANK0      000000
__LnvFARRAM                     nvFARRAM     000000
__Lnvbit                        nvbit        000000
__Lnvrram                       nvrram       000000
__Lparam                        rparam       000000
__Lpowerup                      powerup      00000E
__Lram                          ram          000000
__Lramtop                       ramtop       000600
__Lrbit                         rbit         000000
__Lrbss                         rbss         000000
__Lrdata                        rdata        000000
__Lreset_vec                    reset_vec    000000
__Lrparam                       rparam       000000
__Lsfr                          sfr          000000
__Lsmallconst                   smallconst   000000
__Lspace_0                      (abs)        000000
__Lspace_1                      (abs)        000000
__Lspace_2                      (abs)        000000
__Lstack                        stack        000000
__Lstruct                       struct       000000
__Ltemp                         temp         000062
__Ltext                         text         000000
__Ltext0                        text0        000000
__Ltext1                        text1        000000
__Ltext10                       text10       000000
__Ltext11                       text11       000000
__Ltext12                       text12       000000
__Ltext13                       text13       000000
__Ltext14                       text14       000000
__Ltext15                       text15       000000
__Ltext16                       text16       000000
__Ltext17                       text17       000000
__Ltext18                       text18       000000
__Ltext19                       text19       000000
__Ltext2                        text2        000000
__Ltext20                       text20       000000
__Ltext21                       text21       000000
__Ltext22                       text22       000000
__Ltext23                       text23       000000
__Ltext24                       text24       000000
__Ltext25                       text25       000000
__Ltext26                       text26       000000
__Ltext27                       text27       000000
__Ltext28                       text28       000000
__Ltext29                       text29       000000
__Ltext3                        text3        000000
__Ltext30                       text30       000000
__Ltext31                       text31       000000
__Ltext32                       text32       000000
__Ltext33                       text33       000000
__Ltext34                       text34       000000
__Ltext35                       text35       000000
__Ltext36                       text36       000000
__Ltext37                       text37       000000
__Ltext38                       text38       000000
__Ltext39                       text39       000000
__Ltext4                        text4        000000
__Ltext40                       text40       000000
__Ltext41                       text41       000000
__Ltext42                       text42       000000
__Ltext43                       text43       000000
__Ltext44                       text44       000000
__Ltext45                       text45       000000
__Ltext46                       text46       000000
__Ltext47                       text47       000000
__Ltext48                       text48       000000
__Ltext49                       text49       000000
__Ltext5                        text5        000000
__Ltext51                       text51       000000
__Ltext52                       text52       000000
__Ltext53                       text53       000000
__Ltext54                       text54       000000
__Ltext55                       text55       000000
__Ltext56                       text56       000000
__Ltext57                       text57       000000
__Ltext58                       text58       000000
__Ltext59                       text59       000000
__Ltext6                        text6        000000
__Ltext60                       text60       000000
__Ltext61                       text61       000000
__Ltext62                       text62       000000
__Ltext63                       text63       000000
__Ltext64                       text64       000000
__Ltext65                       text65       000000
__Ltext66                       text66       000000
__Ltext67                       text67       000000
__Ltext68                       text68       000000
__Ltext69                       text69       000000
__Ltext7                        text7        000000
__Ltext70                       text70       000000
__Ltext71                       text71       000000
__Ltext72                       text72       000000
__Ltext73                       text73       000000
__Ltext74                       text74       000000
__Ltext75                       text75       000000
__Ltext76                       text76       000000
__Ltext77                       text77       000000
__Ltext78                       text78       000000
__Ltext79                       text79       000000
__Ltext8                        text8        000000
__Ltext80                       text80       000000
__Ltext81                       text81       000000
__Ltext82                       text82       000000
__Ltext9                        text9        000000
__S0                            (abs)        30000E
__S1                            (abs)        00031D
__S2                            (abs)        000000
___inthi_sp                     stack        000000
___intlo_sp                     stack        000000
___lwdiv                        text29       0052C4
___lwdiv@counter                cstackBANK3  000304
___lwdiv@dividend               cstackBANK3  000300
___lwdiv@divisor                cstackBANK3  000302
___lwdiv@quotient               cstackBANK3  000305
___lwmod                        text28       0053A0
___lwmod@counter                cstackBANK3  00030B
___lwmod@dividend               cstackBANK3  000307
___lwmod@divisor                cstackBANK3  000309
___param_bank                   (abs)        000000
___rparam_used                  (abs)        000001
___sp                           stack        000000
___wmul                         text3        005810
___wmul@multiplicand            cstackBANK3  000302
___wmul@multiplier              cstackBANK3  000300
___wmul@product                 cstackBANK3  000304
__accesstop                     (abs)        000080
__activetblptr                  (abs)        000002
__end_of_AD_init                text49       0059F0
__end_of_BeepInit               text48       005A56
__end_of_HG_init                text33       005944
__end_of_HG_interface           text6        00545C
__end_of_ISR                    intcode_body 0012DE
__end_of_Initial_LY096BG30      text39       0055A6
__end_of_KEY_Init               text38       005908
__end_of_KEY_Scan               text25       00504C
__end_of_LCD_Off                text37       005A68
__end_of_LCD_On                 text81       005A70
__end_of_LCD_backlight_init     text36       005A64
__end_of_MotorDriveInit         text5        005872
__end_of_Timer1Init             text4        005A0C
__end_of_TimerInit              text35       005962
__end_of___lwdiv                text29       00533C
__end_of___lwmod                text28       005402
__end_of___wmul                 text3        005846
__end_of__initialization        cinit        005238
__end_of_bat_m                  mediumconst  0074CE
__end_of_blank_m                mediumconst  0075B4
__end_of_buzz                   text31       00597E
__end_of_c_m                    mediumconst  007586
__end_of_clear_screen           text70       0056CE
__end_of_config_LCD             text74       004F7A
__end_of_delay                  text47       00563C
__end_of_delay_nms              text32       005508
__end_of_delay_pwm              text2        0058C2
__end_of_delaynus               text30       005926
__end_of_display_bat            text14       003BA0
__end_of_display_blank_mode_pa  text72       004B22
__end_of_display_cmode          text23       0041A0
__end_of_display_drop           text22       004020
__end_of_display_drops          text21       003EA0
__end_of_display_frame_abc      text20       00368E
__end_of_display_frame_de       text12       000E2A
__end_of_display_frame_fghi     text19       0026D6
__end_of_display_logo           text69       0053A0
__end_of_display_mem            text16       003D20
__end_of_display_n_blank        text71       001FD0
__end_of_display_num            text18       00238A
__end_of_dpowers                mediumconst  0075BE
__end_of_drop_m                 mediumconst  00752A
__end_of_drops_m                mediumconst  007558
__end_of_ee_WriteBytes          text41       0055F2
__end_of_i2c_CfgGpio            text40       005A28
__end_of_i2c_Delay              text46       005A72
__end_of_i2c_SendByte           text45       005714
__end_of_i2c_Start              text44       0059C8
__end_of_i2c_Stop               text43       005A34
__end_of_i2c_WaitAck            text42       00589C
__end_of_init_menu              text34       00431E
__end_of_initial_ui_setting     text60       004EA6
__end_of_logo_eme               mediumconst  0078CE
__end_of_main                   text0        0008E0
__end_of_mem_m                  mediumconst  0074FC
__end_of_menu0_MsgHandlle       text17       002D04
__end_of_menu1_MsgHandlle       text15       0051B8
__end_of_menu2_MsgHandlle       text13       005102
__end_of_menu3_MsgHandlle       text11       003248
__end_of_menu4_MsgHandlle       text10       00385E
__end_of_menu5_MsgHandlle       text9        00347A
__end_of_menu6_MsgHandlle       text8        001BCC
__end_of_n_0_m                  mediumconst  007E9E
__end_of_n_100_m                mediumconst  007C2B
__end_of_n_10_m                 mediumconst  007C9D
__end_of_n_13_m                 mediumconst  007C64
__end_of_n_150_m                mediumconst  007BB9
__end_of_n_1P5_m                mediumconst  007E2C
__end_of_n_1_m                  mediumconst  007E65
__end_of_n_200_m                mediumconst  007BF2
__end_of_n_250_m                mediumconst  007B47
__end_of_n_2P5_m                mediumconst  007DF3
__end_of_n_2_m                  mediumconst  007DBA
__end_of_n_300_m                mediumconst  007B80
__end_of_n_3_m                  mediumconst  007D81
__end_of_n_4_m                  mediumconst  007D48
__end_of_n_5_m                  mediumconst  007CD6
__end_of_n_6_m                  mediumconst  007D0F
__end_of_n_blank_m              mediumconst  00746A
__end_of_printf                 text26       004C76
__end_of_ptna_frame             mediumconst  0074A0
__end_of_ptnd_frame             mediumconst  007431
__end_of_ptne_frame             mediumconst  0073A1
__end_of_ptnf_frame             mediumconst  007B0E
__end_of_ptng_frame             mediumconst  007A7E
__end_of_ptnh_frame             mediumconst  0079EE
__end_of_ptni_frame             mediumconst  00795E
__end_of_putch                  text27       005A1A
__end_of_setYX_LCD              text24       0054B6
__end_of_uart_init              text1        0059FE
__end_of_update_focus           text7        0052C4
__end_ofi2_LCD_Off              text59       005A6C
__end_ofi2___lwdiv              text54       00555A
__end_ofi2___lwmod              text53       00579A
__end_ofi2_buzz                 text57       005998
__end_ofi2_delay_nms            text58       0057D8
__end_ofi2_delaynus             text68       0059B2
__end_ofi2_display_bat          text67       0049CC
__end_ofi2_display_cmode        text66       004876
__end_ofi2_display_drop         text56       0045CA
__end_ofi2_display_drops        text55       004474
__end_ofi2_display_frame_abc    text65       003A20
__end_ofi2_display_frame_de     text64       00178E
__end_ofi2_display_frame_fghi   text63       002FE0
__end_ofi2_display_mem          text62       004720
__end_ofi2_display_num          text61       002A1A
__end_ofi2_ee_WriteBytes        text75       005686
__end_ofi2_i2c_Delay            text80       005A74
__end_ofi2_i2c_SendByte         text79       005810
__end_ofi2_i2c_Start            text78       0059DE
__end_ofi2_i2c_Stop             text77       005A4C
__end_ofi2_i2c_WaitAck          text76       0058E8
__end_ofi2_printf               text51       004D94
__end_ofi2_putch                text52       005A40
__end_ofi2_setYX_LCD            text73       005758
__initialization                cinit        0051B8
__mediumconst                   mediumconst  007310
__pbssBANK0                     bssBANK0     000080
__pbssBANK1                     bssBANK1     000100
__pbssBANK2                     bssBANK2     000200
__pbssCOMRAM                    bssCOMRAM    000001
__pcinit                        cinit        0051B8
__pcstackBANK0                  cstackBANK0  000000
__pcstackBANK3                  cstackBANK3  000300
__pcstackCOMRAM                 cstackCOMRAM 00003A
__pdataBANK0                    dataBANK0    0000F9
__pdataCOMRAM                   dataCOMRAM   00005E
__pidataBANK0                   idataBANK0   005A56
__pidataCOMRAM                  idataCOMRAM  005A5C
__pintcode                      intcode      000008
__pintcode_body                 intcode_body 000E2A
__pmediumconst                  mediumconst  007310
__pnvBANK0                      nvBANK0      0000FF
__ptext0                        text0        000012
__ptext1                        text1        0059F0
__ptext10                       text10       00368E
__ptext11                       text11       002FE0
__ptext12                       text12       0008E0
__ptext13                       text13       00504C
__ptext14                       text14       003A20
__ptext15                       text15       005102
__ptext16                       text16       003BA0
__ptext17                       text17       002A1A
__ptext18                       text18       001FD0
__ptext19                       text19       00238A
__ptext2                        text2        00589C
__ptext20                       text20       00347A
__ptext21                       text21       003D20
__ptext22                       text22       003EA0
__ptext23                       text23       004020
__ptext24                       text24       00545C
__ptext25                       text25       004F7A
__ptext26                       text26       004B22
__ptext27                       text27       005A0C
__ptext28                       text28       0053A0
__ptext29                       text29       0052C4
__ptext3                        text3        005810
__ptext30                       text30       005908
__ptext31                       text31       005962
__ptext32                       text32       0054B6
__ptext33                       text33       005926
__ptext34                       text34       0041A0
__ptext35                       text35       005944
__ptext36                       text36       005A60
__ptext37                       text37       005A64
__ptext38                       text38       0058E8
__ptext39                       text39       00555A
__ptext4                        text4        0059FE
__ptext40                       text40       005A1A
__ptext41                       text41       0055A6
__ptext42                       text42       005872
__ptext43                       text43       005A28
__ptext44                       text44       0059B2
__ptext45                       text45       0056CE
__ptext46                       text46       005A70
__ptext47                       text47       0055F2
__ptext48                       text48       005A4C
__ptext49                       text49       0059DE
__ptext5                        text5        005846
__ptext51                       text51       004C76
__ptext52                       text52       005A34
__ptext53                       text53       005758
__ptext54                       text54       005508
__ptext55                       text55       00431E
__ptext56                       text56       004474
__ptext57                       text57       00597E
__ptext58                       text58       00579A
__ptext59                       text59       005A68
__ptext6                        text6        005402
__ptext60                       text60       004D94
__ptext61                       text61       0026D6
__ptext62                       text62       0045CA
__ptext63                       text63       002D04
__ptext64                       text64       0012DE
__ptext65                       text65       00385E
__ptext66                       text66       004720
__ptext67                       text67       004876
__ptext68                       text68       005998
__ptext69                       text69       00533C
__ptext7                        text7        005246
__ptext70                       text70       005686
__ptext71                       text71       001BCC
__ptext72                       text72       0049CC
__ptext73                       text73       005714
__ptext74                       text74       004EA6
__ptext75                       text75       00563C
__ptext76                       text76       0058C2
__ptext77                       text77       005A40
__ptext78                       text78       0059C8
__ptext79                       text79       0057D8
__ptext8                        text8        00178E
__ptext80                       text80       005A72
__ptext81                       text81       005A6C
__ptext82                       text82       000000
__ptext9                        text9        003248
__ramtop                        ramtop       000600
__size_of_AD_init               (abs)        000000
__size_of_BeepInit              (abs)        000000
__size_of_HG_init               (abs)        000000
__size_of_HG_interface          (abs)        000000
__size_of_ISR                   (abs)        000000
__size_of_Initial_LY096BG30     (abs)        000000
__size_of_KEY_Init              (abs)        000000
__size_of_KEY_Scan              (abs)        000000
__size_of_LCD_Off               (abs)        000000
__size_of_LCD_On                (abs)        000000
__size_of_LCD_backlight_init    (abs)        000000
__size_of_MotorDriveInit        (abs)        000000
__size_of_Timer1Init            (abs)        000000
__size_of_TimerInit             (abs)        000000
__size_of___lwdiv               (abs)        000000
__size_of___lwmod               (abs)        000000
__size_of___wmul                (abs)        000000
__size_of_buzz                  (abs)        000000
__size_of_clear_screen          (abs)        000000
__size_of_config_LCD            (abs)        000000
__size_of_delay                 (abs)        000000
__size_of_delay_nms             (abs)        000000
__size_of_delay_pwm             (abs)        000000
__size_of_delaynus              (abs)        000000
__size_of_display_bat           (abs)        000000
__size_of_display_blank_mode_pa (abs)        000000
__size_of_display_cmode         (abs)        000000
__size_of_display_drop          (abs)        000000
__size_of_display_drops         (abs)        000000
__size_of_display_frame_abc     (abs)        000000
__size_of_display_frame_de      (abs)        000000
__size_of_display_frame_fghi    (abs)        000000
__size_of_display_logo          (abs)        000000
__size_of_display_mem           (abs)        000000
__size_of_display_n_blank       (abs)        000000
__size_of_display_num           (abs)        000000
__size_of_ee_WriteBytes         (abs)        000000
__size_of_i2c_CfgGpio           (abs)        000000
__size_of_i2c_Delay             (abs)        000000
__size_of_i2c_SendByte          (abs)        000000
__size_of_i2c_Start             (abs)        000000
__size_of_i2c_Stop              (abs)        000000
__size_of_i2c_WaitAck           (abs)        000000
__size_of_init_menu             (abs)        000000
__size_of_initial_ui_setting    (abs)        000000
__size_of_main                  (abs)        000000
__size_of_menu0_MsgHandlle      (abs)        000000
__size_of_menu1_MsgHandlle      (abs)        000000
__size_of_menu2_MsgHandlle      (abs)        000000
__size_of_menu3_MsgHandlle      (abs)        000000
__size_of_menu4_MsgHandlle      (abs)        000000
__size_of_menu5_MsgHandlle      (abs)        000000
__size_of_menu6_MsgHandlle      (abs)        000000
__size_of_printf                (abs)        000000
__size_of_putch                 (abs)        000000
__size_of_setYX_LCD             (abs)        000000
__size_of_uart_init             (abs)        000000
__size_of_update_focus          (abs)        000000
__size_ofi2_LCD_Off             (abs)        000000
__size_ofi2___lwdiv             (abs)        000000
__size_ofi2___lwmod             (abs)        000000
__size_ofi2_buzz                (abs)        000000
__size_ofi2_delay_nms           (abs)        000000
__size_ofi2_delaynus            (abs)        000000
__size_ofi2_display_bat         (abs)        000000
__size_ofi2_display_cmode       (abs)        000000
__size_ofi2_display_drop        (abs)        000000
__size_ofi2_display_drops       (abs)        000000
__size_ofi2_display_frame_abc   (abs)        000000
__size_ofi2_display_frame_de    (abs)        000000
__size_ofi2_display_frame_fghi  (abs)        000000
__size_ofi2_display_mem         (abs)        000000
__size_ofi2_display_num         (abs)        000000
__size_ofi2_ee_WriteBytes       (abs)        000000
__size_ofi2_i2c_Delay           (abs)        000000
__size_ofi2_i2c_SendByte        (abs)        000000
__size_ofi2_i2c_Start           (abs)        000000
__size_ofi2_i2c_Stop            (abs)        000000
__size_ofi2_i2c_WaitAck         (abs)        000000
__size_ofi2_printf              (abs)        000000
__size_ofi2_putch               (abs)        000000
__size_ofi2_setYX_LCD           (abs)        000000
__smallconst                    smallconst   000000
_action_btn_cnt                 bssBANK0     0000EE
_ann                            bssBANK0     0000EA
_bat_m                          mediumconst  0074A0
_blank_m                        mediumconst  007586
_buzz                           text31       005962
_bv                             bssBANK0     0000E8
_c_m                            mediumconst  007558
_clear_screen                   text70       005686
_cnt_ma                         bssBANK0     0000E0
_cnt_mb                         bssBANK0     0000DC
_cnt_mb_sa                      bssBANK0     0000D4
_cnt_mb_sb                      bssBANK0     0000D0
_cnt_push                       bssCOMRAM    000026
_config_LCD                     text74       004EA6
_css                            bssCOMRAM    00002B
_cur_edge                       bssCOMRAM    000035
_cur_state_phb_ma               bssCOMRAM    000038
_cv                             dataBANK0    0000FB
_delay                          text47       0055F2
_delay_nms                      text32       0054B6
_delay_pwm                      text2        00589C
_delaynus                       text30       005908
_display_bat                    text14       003A20
_display_blank_mode_pa          text72       0049CC
_display_cmode                  text23       004020
_display_drop                   text22       003EA0
_display_drops                  text21       003D20
_display_frame_abc              text20       00347A
_display_frame_de               text12       0008E0
_display_frame_fghi             text19       00238A
_display_logo                   text69       00533C
_display_mem                    text16       003BA0
_display_n_blank                text71       001BCC
_display_num                    text18       001FD0
_dpowers                        mediumconst  0075B4
_drop_m                         mediumconst  0074FC
_drops_m                        mediumconst  00752A
_dv                             dataBANK0    0000F9
_ee_WriteBytes                  text41       0055A6
_flag                           bssBANK0     0000F4
_flag_action                    bssCOMRAM    00002F
_flag_action_button             bssCOMRAM    00002E
_flag_do_reset_in_drops_mode    bssCOMRAM    00002D
_flag_go_to_sleep               dataCOMRAM   000060
_flag_inject                    bssCOMRAM    000033
_flag_inject_sa                 bssCOMRAM    000032
_flag_inject_sb                 bssCOMRAM    000031
_flag_mreset                    dataCOMRAM   000061
_flag_mreset_hit_lp             bssCOMRAM    000034
_flag_power_up                  nvBANK0      0000FF
_flag_push                      bssCOMRAM    000030
_flag_test_mode_break           bssBANK0     0000F0
_flag_wake_up                   dataCOMRAM   00005F
_flip                           bssCOMRAM    00002A
_focus                          bssCOMRAM    000028
_hg_op                          bssCOMRAM    000001
_i2c_CfgGpio                    text40       005A1A
_i2c_Delay                      text46       005A70
_i2c_SendByte                   text45       0056CE
_i2c_Start                      text44       0059B2
_i2c_Stop                       text43       005A28
_i2c_WaitAck                    text42       005872
_init_menu                      text34       0041A0
_initial_ui_setting             text60       004D94
_logo_eme                       mediumconst  0075BE
_main                           text0        000012
_mbcnt                          bssBANK0     0000E4
_mem_m                          mediumconst  0074CE
_menu                           bssBANK0     000080
_menu0_MsgHandlle               text17       002A1A
_menu1_MsgHandlle               text15       005102
_menu2_MsgHandlle               text13       00504C
_menu3_MsgHandlle               text11       002FE0
_menu4_MsgHandlle               text10       00368E
_menu5_MsgHandlle               text9        003248
_menu6_MsgHandlle               text8        00178E
_menu7_MsgHandlle               (abs)        000000
_ms                             dataCOMRAM   00005E
_msleep                         bssBANK0     0000D8
_n_0_m                          mediumconst  007E65
_n_100_m                        mediumconst  007BF2
_n_10_m                         mediumconst  007C64
_n_13_m                         mediumconst  007C2B
_n_150_m                        mediumconst  007B80
_n_1P5_m                        mediumconst  007DF3
_n_1_m                          mediumconst  007E2C
_n_200_m                        mediumconst  007BB9
_n_250_m                        mediumconst  007B0E
_n_2P5_m                        mediumconst  007DBA
_n_2_m                          mediumconst  007D81
_n_300_m                        mediumconst  007B47
_n_3_m                          mediumconst  007D48
_n_4_m                          mediumconst  007D0F
_n_5_m                          mediumconst  007C9D
_n_6_m                          mediumconst  007CD6
_n_blank_m                      mediumconst  007431
_n_x_m                          bssCOMRAM    000024
_needle_len                     dataBANK0    0000FD
_page                           bssBANK0     0000F7
_prev_edge                      bssCOMRAM    000036
_prev_state_phb_ma              bssCOMRAM    000037
_printf                         text26       004B22
_ptna_frame                     mediumconst  00746A
_ptnd_frame                     mediumconst  0073A1
_ptne_frame                     mediumconst  007311
_ptnf_frame                     mediumconst  007A7E
_ptng_frame                     mediumconst  0079EE
_ptnh_frame                     mediumconst  00795E
_ptni_frame                     mediumconst  0078CE
_ptnx_frame                     bssCOMRAM    000022
_putch                          text27       005A0C
_rcnt                           bssBANK0     0000F8
_read_buf                       bssBANK2     000200
_setYX_LCD                      text24       00545C
_ss                             bssCOMRAM    00002C
_test_mode                      bssCOMRAM    000039
_tflag                          dataBANK0    0000FE
_tmcnt                          bssBANK0     0000CC
_ttte                           bssBANK0     0000F3
_uart_init                      text1        0059F0
_update_focus                   text7        005246
_work_mode                      bssCOMRAM    000029
_work_mode_choice               bssBANK0     0000F1
_write_buf                      bssBANK1     000100
_xn                             bssBANK0     0000EC
_xtt                            bssBANK0     0000E6
btemp                           temp         000062
clear_screen@col                cstackCOMRAM 000046
clear_screen@page               cstackCOMRAM 000047
delay@i                         cstackBANK3  000302
delay@j                         cstackBANK3  000304
delay@x                         cstackBANK3  000300
delay_nms@i                     cstackBANK3  000304
delay_nms@n                     cstackBANK3  000300
delay_pwm@n                     cstackBANK3  000306
delaynus@n                      cstackBANK3  000300
display_bat@mode                cstackBANK3  00030D
display_bat@temp                cstackBANK3  00030F
display_bat@tori                cstackBANK3  00030E
display_bat@x                   cstackBANK3  00030C
display_blank_mode_pa@mode      cstackCOMRAM 000047
display_blank_mode_pa@temp      cstackCOMRAM 000049
display_blank_mode_pa@tori      cstackCOMRAM 000048
display_blank_mode_pa@x         cstackCOMRAM 000046
display_cmode@mode              cstackBANK3  00030D
display_cmode@temp              cstackBANK3  00030F
display_cmode@tori              cstackBANK3  00030E
display_cmode@x                 cstackBANK3  00030C
display_drop@mode               cstackBANK3  00030D
display_drop@temp               cstackBANK3  00030F
display_drop@tori               cstackBANK3  00030E
display_drop@x                  cstackBANK3  00030C
display_drops@mode              cstackBANK3  00030D
display_drops@temp              cstackBANK3  00030F
display_drops@tori              cstackBANK3  00030E
display_drops@x                 cstackBANK3  00030C
display_frame_abc@mode          cstackBANK3  00030D
display_frame_abc@temp          cstackBANK3  00030F
display_frame_abc@tori          cstackBANK3  00030E
display_frame_abc@x             cstackBANK3  00030C
display_frame_de@mode           cstackBANK3  00030D
display_frame_de@temp           cstackBANK3  000310
display_frame_de@tori           cstackBANK3  00030E
display_frame_de@x              cstackBANK3  00030C
display_frame_de@y              cstackBANK3  00030F
display_frame_fghi@mode         cstackBANK3  00030D
display_frame_fghi@temp         cstackBANK3  000312
display_frame_fghi@tori         cstackBANK3  000310
display_frame_fghi@x            cstackBANK3  00030C
display_frame_fghi@y            cstackBANK3  000311
display_logo@col                cstackCOMRAM 000048
display_logo@page               cstackCOMRAM 000049
display_mem@mode                cstackBANK3  00030D
display_mem@temp                cstackBANK3  00030F
display_mem@tori                cstackBANK3  00030E
display_mem@x                   cstackBANK3  00030C
display_n_blank@mode            cstackCOMRAM 000047
display_n_blank@temp            cstackCOMRAM 00004A
display_n_blank@tori            cstackCOMRAM 000049
display_n_blank@x               cstackCOMRAM 000046
display_n_blank@y               cstackCOMRAM 000048
display_num@mode                cstackBANK3  00030D
display_num@temp                cstackBANK3  000312
display_num@tori                cstackBANK3  000310
display_num@x                   cstackBANK3  00030C
display_num@y                   cstackBANK3  000311
ee_WriteBytes@_pWriteBuf        cstackBANK3  000302
ee_WriteBytes@_usAddress        cstackBANK3  000304
ee_WriteBytes@_usSize           cstackBANK3  000305
ee_WriteBytes@m                 cstackBANK3  000307
ee_WriteBytes@usAddr            cstackBANK3  000309
end_of_initialization           cinit        005238
i2_LCD_Off                      text59       005A68
i2___lwdiv                      text54       005508
i2___lwdiv@counter              cstackCOMRAM 000040
i2___lwdiv@dividend             cstackCOMRAM 00003A
i2___lwdiv@divisor              cstackCOMRAM 00003C
i2___lwdiv@quotient             cstackCOMRAM 00003E
i2___lwmod                      text53       005758
i2___lwmod@counter              cstackCOMRAM 000045
i2___lwmod@dividend             cstackCOMRAM 000041
i2___lwmod@divisor              cstackCOMRAM 000043
i2_buzz                         text57       00597E
i2_delay_nms                    text58       00579A
i2_delaynus                     text68       005998
i2_display_bat                  text67       004876
i2_display_cmode                text66       004720
i2_display_drop                 text56       004474
i2_display_drops                text55       00431E
i2_display_frame_abc            text65       00385E
i2_display_frame_de             text64       0012DE
i2_display_frame_fghi           text63       002D04
i2_display_mem                  text62       0045CA
i2_display_num                  text61       0026D6
i2_ee_WriteBytes                text75       00563C
i2_i2c_Delay                    text80       005A72
i2_i2c_SendByte                 text79       0057D8
i2_i2c_Start                    text78       0059C8
i2_i2c_Stop                     text77       005A40
i2_i2c_WaitAck                  text76       0058C2
i2_printf                       text51       004C76
i2_putch                        text52       005A34
i2_setYX_LCD                    text73       005714
i2c_SendByte@_ucByte            cstackBANK3  000300
i2c_SendByte@i                  cstackBANK3  000301
i2c_WaitAck@re                  cstackBANK3  000300
i2delay_nms@i                   cstackCOMRAM 00003E
i2delay_nms@n                   cstackCOMRAM 00003A
i2delaynus@n                    cstackCOMRAM 00003A
i2display_bat@mode              cstackCOMRAM 000047
i2display_bat@temp              cstackCOMRAM 000049
i2display_bat@tori              cstackCOMRAM 000048
i2display_bat@x                 cstackCOMRAM 000046
i2display_cmode@mode            cstackCOMRAM 000047
i2display_cmode@temp            cstackCOMRAM 000049
i2display_cmode@tori            cstackCOMRAM 000048
i2display_cmode@x               cstackCOMRAM 000046
i2display_drop@mode             cstackCOMRAM 000047
i2display_drop@temp             cstackCOMRAM 000049
i2display_drop@tori             cstackCOMRAM 000048
i2display_drop@x                cstackCOMRAM 000046
i2display_drops@mode            cstackCOMRAM 000047
i2display_drops@temp            cstackCOMRAM 000049
i2display_drops@tori            cstackCOMRAM 000048
i2display_drops@x               cstackCOMRAM 000046
i2display_frame_abc@mode        cstackCOMRAM 000047
i2display_frame_abc@temp        cstackCOMRAM 000049
i2display_frame_abc@tori        cstackCOMRAM 000048
i2display_frame_abc@x           cstackCOMRAM 000046
i2display_frame_de@mode         cstackCOMRAM 000047
i2display_frame_de@temp         cstackCOMRAM 00004A
i2display_frame_de@tori         cstackCOMRAM 000048
i2display_frame_de@x            cstackCOMRAM 000046
i2display_frame_de@y            cstackCOMRAM 000049
i2display_frame_fghi@mode       cstackCOMRAM 000047
i2display_frame_fghi@temp       cstackCOMRAM 00004C
i2display_frame_fghi@tori       cstackCOMRAM 00004A
i2display_frame_fghi@x          cstackCOMRAM 000046
i2display_frame_fghi@y          cstackCOMRAM 00004B
i2display_mem@mode              cstackCOMRAM 000047
i2display_mem@temp              cstackCOMRAM 000049
i2display_mem@tori              cstackCOMRAM 000048
i2display_mem@x                 cstackCOMRAM 000046
i2display_num@mode              cstackCOMRAM 000047
i2display_num@temp              cstackCOMRAM 00004C
i2display_num@tori              cstackCOMRAM 00004B
i2display_num@x                 cstackCOMRAM 000046
i2display_num@y                 cstackCOMRAM 00004A
i2ee_WriteBytes@_pWriteBuf      cstackCOMRAM 00003C
i2ee_WriteBytes@_usAddress      cstackCOMRAM 00003E
i2ee_WriteBytes@_usSize         cstackCOMRAM 00003F
i2ee_WriteBytes@m               cstackCOMRAM 000041
i2ee_WriteBytes@usAddr          cstackCOMRAM 000043
i2i2c_SendByte@_ucByte          cstackCOMRAM 00003A
i2i2c_SendByte@i                cstackCOMRAM 00003B
i2i2c_WaitAck@re                cstackCOMRAM 00003A
i2printf@ap                     cstackCOMRAM 000049
i2printf@c                      cstackCOMRAM 00004F
i2printf@f                      cstackCOMRAM 000046
i2printf@flag                   cstackCOMRAM 00004B
i2printf@prec                   cstackCOMRAM 00004C
i2printf@val                    cstackCOMRAM 00004D
i2putch@c                       cstackCOMRAM 00003A
i2setYX_LCD@px                  cstackCOMRAM 000044
i2setYX_LCD@py                  cstackCOMRAM 000045
initial_ui_setting@i            cstackCOMRAM 00004D
int$flags                       temp         000062
int_func                        intcode_body 000E2A
intlevel0                       text         000000
intlevel1                       text         000000
intlevel2                       text         000000
intlevel3                       text         000000
menu0_MsgHandlle@key            cstackBANK3  000313
menu1_MsgHandlle@key            cstackBANK3  000310
menu2_MsgHandlle@key            cstackBANK3  000310
menu3_MsgHandlle@key            cstackBANK3  000313
menu4_MsgHandlle@key            cstackBANK3  000313
menu5_MsgHandlle@key            cstackBANK3  000313
menu6_MsgHandlle@key            cstackBANK3  000313
printf@ap                       cstackBANK3  000311
printf@c                        cstackBANK3  000317
printf@f                        cstackBANK3  00030C
printf@flag                     cstackBANK3  000313
printf@prec                     cstackBANK3  000314
printf@val                      cstackBANK3  000315
putch@c                         cstackBANK3  000300
setYX_LCD@px                    cstackBANK3  00030A
setYX_LCD@py                    cstackBANK3  00030B
stackhi                         (abs)        0005FF
stacklo                         (abs)        00031D
start                           init         00000E
start_initialization            cinit        0051B8
update_focus@i                  cstackBANK3  000302
update_focus@key                cstackBANK3  000301


FUNCTION INFORMATION:

 *************** function _main *****************
 Defined at:
		line 83 in file "../Main.c"
 Parameters:    Size  Location     Type
		None
 Auto vars:     Size  Location     Type
		None
 Return value:  Size  Location     Type
                  1    wreg      void 
 Registers used:
		wreg, fsr0l, fsr0h, fsr2l, fsr2h, status,2, status,0, tblptrl, tblptrh, tblptru, prodl, prodh, cstack
 Tracked objects:
		On entry : 
		On exit  : 
		Unchanged: 
 Data sizes:     COMRAM   BANK0   BANK1   BANK2   BANK3   BANK4   BANK5
      Params:         0       0       0       0       0       0       0
      Locals:         0       0       0       0       0       0       0
      Temps:          0       0       0       0       2       0       0
      Totals:         0       0       0       0       2       0       0
Total ram usage:        2 bytes
 Hardware stack levels required when called:   14
 This function calls:
		_AD_init
		_HG_init
		_HG_interface
		_MotorDriveInit
		_Timer1Init
		___wmul
		_buzz
		_delay_pwm
		_delaynus
		_printf
		_uart_init
 This function is called by:
		Startup code after reset
 This function uses a non-reentrant model


 *************** function _uart_init *****************
 Defined at:
		line 9 in file "../Beep.c"
 Parameters:    Size  Location     Type
		None
 Auto vars:     Size  Location     Type
		None
 Return value:  Size  Location     Type
                  1    wreg      void 
 Registers used:
		wreg, status,2
 Tracked objects:
		On entry : 
		On exit  : 
		Unchanged: 
 Data sizes:     COMRAM   BANK0   BANK1   BANK2   BANK3   BANK4   BANK5
      Params:         0       0       0       0       0       0       0
      Locals:         0       0       0       0       0       0       0
      Temps:          0       0       0       0       0       0       0
      Totals:         0       0       0       0       0       0       0
Total ram usage:        0 bytes
 Hardware stack levels used:    1
 Hardware stack levels required when called:    7
 This function calls:
		Nothing
 This function is called by:
		_main
 This function uses a non-reentrant model


 *************** function _delay_pwm *****************
 Defined at:
		line 45 in file "../Oled.c"
 Parameters:    Size  Location     Type
  n               4    6[BANK3 ] unsigned long 
 Auto vars:     Size  Location     Type
		None
 Return value:  Size  Location     Type
                  1    wreg      void 
 Registers used:
		wreg, status,2, status,0
 Tracked objects:
		On entry : 
		On exit  : 
		Unchanged: 
 Data sizes:     COMRAM   BANK0   BANK1   BANK2   BANK3   BANK4   BANK5
      Params:         0       0       0       0       4       0       0
      Locals:         0       0       0       0       0       0       0
      Temps:          0       0       0       0       0       0       0
      Totals:         0       0       0       0       4       0       0
Total ram usage:        4 bytes
 Hardware stack levels used:    1
 Hardware stack levels required when called:    7
 This function calls:
		Nothing
 This function is called by:
		_main
 This function uses a non-reentrant model


 *************** function ___wmul *****************
 Defined at:
		line 15 in file "C:\Program Files (x86)\Microchip\xc8\v1.41\sources\common\Umul16.c"
 Parameters:    Size  Location     Type
  multiplier      2    0[BANK3 ] unsigned int 
  multiplicand    2    2[BANK3 ] unsigned int 
 Auto vars:     Size  Location     Type
  product         2    4[BANK3 ] unsigned int 
 Return value:  Size  Location     Type
                  2    0[BANK3 ] unsigned int 
 Registers used:
		wreg, status,2, status,0, prodl, prodh
 Tracked objects:
		On entry : 
		On exit  : 
		Unchanged: 
 Data sizes:     COMRAM   BANK0   BANK1   BANK2   BANK3   BANK4   BANK5
      Params:         0       0       0       0       4       0       0
      Locals:         0       0       0       0       2       0       0
      Temps:          0       0       0       0       0       0       0
      Totals:         0       0       0       0       6       0       0
Total ram usage:        6 bytes
[...]
Total ram usage:        2 bytes
 Hardware stack levels used:    1
 Hardware stack levels required when called:    4
 This function calls:
		i2_ee_WriteBytes
		i2_setYX_LCD
 This function is called by:
		_initial_ui_setting
 This function uses a non-reentrant model


 *************** function _display_n_blank *****************
 Defined at:
		line 1168 in file "../Oled.c"
 Parameters:    Size  Location     Type
  y               1    wreg     unsigned char 
  x               1   12[COMRAM] unsigned char 
  mode            1   13[COMRAM] unsigned char 
 Auto vars:     Size  Location     Type
  y               1   14[COMRAM] unsigned char 
  temp            1   16[COMRAM] unsigned char 
  tori            1   15[COMRAM] unsigned char 
 Return value:  Size  Location     Type
                  1    wreg      unsigned char 
 Registers used:
		wreg, fsr0l, fsr0h, status,2, status,0, tblptrl, tblptrh, tblptru, prodl, prodh, cstack
 Tracked objects:
		On entry : 
		On exit  : 
		Unchanged: 
 Data sizes:     COMRAM   BANK0   BANK1   BANK2   BANK3   BANK4   BANK5
      Params:         2       0       0       0       0       0       0
      Locals:         3       0       0       0       0       0       0
      Temps:          0       0       0       0       0       0       0
      Totals:         5       0       0       0       0       0       0
Total ram usage:        5 bytes
 Hardware stack levels used:    1
 Hardware stack levels required when called:    4
 This function calls:
		i2_ee_WriteBytes
		i2_setYX_LCD
 This function is called by:
		_ISR
 This function uses a non-reentrant model


 *************** function _display_blank_mode_pa *****************
 Defined at:
		line 1631 in file "../Oled.c"
 Parameters:    Size  Location     Type
  y               1    wreg     unsigned char 
  x               1   12[COMRAM] unsigned char 
  mode            1   13[COMRAM] unsigned char 
 Auto vars:     Size  Location     Type
  y               1    0[COMRAM] unsigned char 
  temp            1   15[COMRAM] unsigned char 
  tori            1   14[COMRAM] unsigned char 
 Return value:  Size  Location     Type
                  1    wreg      void 
 Registers used:
		wreg, fsr0l, fsr0h, status,2, status,0, tblptrl, tblptrh, tblptru, prodl, prodh, cstack
 Tracked objects:
		On entry : 
		On exit  : 
		Unchanged: 
 Data sizes:     COMRAM   BANK0   BANK1   BANK2   BANK3   BANK4   BANK5
      Params:         2       0       0       0       0       0       0
      Locals:         2       0       0       0       0       0       0
      Temps:          0       0       0       0       0       0       0
      Totals:         4       0       0       0       0       0       0
Total ram usage:        4 bytes
 Hardware stack levels used:    1
 Hardware stack levels required when called:    4
 This function calls:
		i2_ee_WriteBytes
		i2_setYX_LCD
 This function is called by:
		_ISR
 This function uses a non-reentrant model


 *************** function i2_setYX_LCD *****************
 Defined at:
		line 625 in file "../Oled.c"
 Parameters:    Size  Location     Type
  py              1    wreg     unsigned char 
  px              1   10[COMRAM] unsigned char 
 Auto vars:     Size  Location     Type
  py              1   11[COMRAM] unsigned char 
 Return value:  Size  Location     Type
                  1    wreg      unsigned char 
 Registers used:
		wreg, fsr0l, fsr0h, status,2, status,0, tblptrl, tblptrh, tblptru, cstack
 Tracked objects:
		On entry : 
		On exit  : 
		Unchanged: 
 Data sizes:     COMRAM   BANK0   BANK1   BANK2   BANK3   BANK4   BANK5
      Params:         1       0       0       0       0       0       0
      Locals:         1       0       0       0       0       0       0
      Temps:          0       0       0       0       0       0       0
      Totals:         2       0       0       0       0       0       0
Total ram usage:        2 bytes
 Hardware stack levels used:    1
 Hardware stack levels required when called:    3
 This function calls:
		i2_ee_WriteBytes
 This function is called by:
		_display_n_blank
		_display_blank_mode_pa
		_display_logo
		_clear_screen
		i2_display_num
		i2_display_bat
		i2_display_mem
		i2_display_cmode
		i2_display_drops
		i2_display_drop
		i2_display_frame_abc
		i2_display_frame_de
		i2_display_frame_fghi
 This function uses a non-reentrant model


 *************** function _config_LCD *****************
 Defined at:
		line 2945 in file "../Oled.c"
 Parameters:    Size  Location     Type
		None
 Auto vars:     Size  Location     Type
		None
 Return value:  Size  Location     Type
                  1    wreg      void 
 Registers used:
		wreg, fsr0l, fsr0h, status,2, status,0, tblptrl, tblptrh, tblptru, cstack
 Tracked objects:
		On entry : 
		On exit  : 
		Unchanged: 
 Data sizes:     COMRAM   BANK0   BANK1   BANK2   BANK3   BANK4   BANK5
      Params:         0       0       0       0       0       0       0
      Locals:         0       0       0       0       0       0       0
      Temps:          0       0       0       0       0       0       0
      Totals:         0       0       0       0       0       0       0
Total ram usage:        0 bytes
 Hardware stack levels used:    1
 Hardware stack levels required when called:    3
 This function calls:
		i2_ee_WriteBytes
 This function is called by:
		_ISR
 This function uses a non-reentrant model


 *************** function i2_ee_WriteBytes *****************
 Defined at:
		line 507 in file "../Oled.c"
 Parameters:    Size  Location     Type
  _pWriteBuf      2    2[COMRAM] PTR unsigned char 
		 -> logo_eme(784), display_frame_fghi@temp(1), display_frame_de@temp(1), display_frame_abc@temp(1), 
		 -> display_drop@temp(1), display_drops@temp(1), display_cmode@temp(1), display_blank_mode_pa@temp(1), 
		 -> display_mem@temp(1), display_bat@temp(1), display_num@temp(1), display_n_blank@temp(1), 
		 -> write_buf(256), 
  _usAddress      1    4[COMRAM] unsigned char 
  _usSize         2    5[COMRAM] unsigned int 
 Auto vars:     Size  Location     Type
  ee_WriteByte    2    7[COMRAM] unsigned int 
  ee_WriteByte    2    0        unsigned int 
  ee_WriteByte    1    9[COMRAM] unsigned char 
 Return value:  Size  Location     Type
                  1    wreg      unsigned char 
 Registers used:
		wreg, fsr0l, fsr0h, status,2, status,0, tblptrl, tblptrh, tblptru, cstack
 Tracked objects:
		On entry : 
		On exit  : 
		Unchanged: 
 Data sizes:     COMRAM   BANK0   BANK1   BANK2   BANK3   BANK4   BANK5
      Params:         5       0       0       0       0       0       0
      Locals:         3       0       0       0       0       0       0
      Temps:          0       0       0       0       0       0       0
      Totals:         8       0       0       0       0       0       0
Total ram usage:        8 bytes
 Hardware stack levels used:    1
 Hardware stack levels required when called:    2
 This function calls:
		i2_i2c_SendByte
		i2_i2c_Start
		i2_i2c_Stop
		i2_i2c_WaitAck
 This function is called by:
		_display_n_blank
		_display_blank_mode_pa
		_display_logo
		_clear_screen
		_config_LCD
		_ISR
		i2_setYX_LCD
		i2_display_num
		i2_display_bat
		i2_display_mem
		i2_display_cmode
		i2_display_drops
		i2_display_drop
		i2_display_frame_abc
		i2_display_frame_de
		i2_display_frame_fghi
 This function uses a non-reentrant model


 *************** function i2_i2c_WaitAck *****************
 Defined at:
		line 159 in file "../Oled.c"
 Parameters:    Size  Location     Type
		None
 Auto vars:     Size  Location     Type
  i2c_WaitAck     1    0[COMRAM] unsigned char 
 Return value:  Size  Location     Type
                  1    wreg      unsigned char 
 Registers used:
		wreg, status,2, cstack
 Tracked objects:
		On entry : 
		On exit  : 
		Unchanged: 
 Data sizes:     COMRAM   BANK0   BANK1   BANK2   BANK3   BANK4   BANK5
      Params:         0       0       0       0       0       0       0
      Locals:         1       0       0       0       0       0       0
      Temps:          0       0       0       0       0       0       0
      Totals:         1       0       0       0       0       0       0
Total ram usage:        1 bytes
 Hardware stack levels used:    1
 Hardware stack levels required when called:    1
 This function calls:
		i2_i2c_Delay
 This function is called by:
		i2_ee_WriteBytes
 This function uses a non-reentrant model


 *************** function i2_i2c_Stop *****************
 Defined at:
		line 91 in file "../Oled.c"
 Parameters:    Size  Location     Type
		None
 Auto vars:     Size  Location     Type
		None
 Return value:  Size  Location     Type
                  1    wreg      void 
 Registers used:
		cstack
 Tracked objects:
		On entry : 
		On exit  : 
		Unchanged: 
 Data sizes:     COMRAM   BANK0   BANK1   BANK2   BANK3   BANK4   BANK5
      Params:         0       0       0       0       0       0       0
      Locals:         0       0       0       0       0       0       0
      Temps:          0       0       0       0       0       0       0
      Totals:         0       0       0       0       0       0       0
Total ram usage:        0 bytes
 Hardware stack levels used:    1
 Hardware stack levels required when called:    1
 This function calls:
		i2_i2c_Delay
 This function is called by:
		i2_ee_WriteBytes
 This function uses a non-reentrant model


 *************** function i2_i2c_Start *****************
 Defined at:
		line 78 in file "../Oled.c"
 Parameters:    Size  Location     Type
		None
 Auto vars:     Size  Location     Type
		None
 Return value:  Size  Location     Type
                  1    wreg      void 
 Registers used:
		cstack
 Tracked objects:
		On entry : 
		On exit  : 
		Unchanged: 
 Data sizes:     COMRAM   BANK0   BANK1   BANK2   BANK3   BANK4   BANK5
      Params:         0       0       0       0       0       0       0
      Locals:         0       0       0       0       0       0       0
      Temps:          0       0       0       0       0       0       0
      Totals:         0       0       0       0       0       0       0
Total ram usage:        0 bytes
 Hardware stack levels used:    1
 Hardware stack levels required when called:    1
 This function calls:
		i2_i2c_Delay
 This function is called by:
		i2_ee_WriteBytes
 This function uses a non-reentrant model


 *************** function i2_i2c_SendByte *****************
 Defined at:
		line 101 in file "../Oled.c"
 Parameters:    Size  Location     Type
  _ucByte         1    wreg     unsigned char 
 Auto vars:     Size  Location     Type
  _ucByte         1    0[COMRAM] unsigned char 
  i2c_SendByte    1    1[COMRAM] unsigned char 
 Return value:  Size  Location     Type
                  1    wreg      void 
 Registers used:
		wreg, status,2, status,0, cstack
 Tracked objects:
		On entry : 
		On exit  : 
		Unchanged: 
 Data sizes:     COMRAM   BANK0   BANK1   BANK2   BANK3   BANK4   BANK5
      Params:         0       0       0       0       0       0       0
      Locals:         2       0       0       0       0       0       0
      Temps:          0       0       0       0       0       0       0
      Totals:         2       0       0       0       0       0       0
Total ram usage:        2 bytes
 Hardware stack levels used:    1
 Hardware stack levels required when called:    1
 This function calls:
		i2_i2c_Delay
 This function is called by:
		i2_ee_WriteBytes
 This function uses a non-reentrant model


 *************** function i2_i2c_Delay *****************
 Defined at:
		line 62 in file "../Oled.c"
 Parameters:    Size  Location     Type
		None
 Auto vars:     Size  Location     Type
  i2c_Delay       4    0        unsigned long 
 Return value:  Size  Location     Type
                  1    wreg      void 
 Registers used:
		None
 Tracked objects:
		On entry : 
		On exit  : 
		Unchanged: 
 Data sizes:     COMRAM   BANK0   BANK1   BANK2   BANK3   BANK4   BANK5
      Params:         0       0       0       0       0       0       0
      Locals:         0       0       0       0       0       0       0
      Temps:          0       0       0       0       0       0       0
      Totals:         0       0       0       0       0       0       0
Total ram usage:        0 bytes
 Hardware stack levels used:    1
 This function calls:
		Nothing
 This function is called by:
		i2_i2c_Start
		i2_i2c_Stop
		i2_i2c_SendByte
		i2_i2c_WaitAck
 This function uses a non-reentrant model


 *************** function _LCD_On *****************
 Defined at:
		line 599 in file "../Oled.c"
 Parameters:    Size  Location     Type
		None
 Auto vars:     Size  Location     Type
		None
 Return value:  Size  Location     Type
                  1    wreg      void 
 Registers used:
		None
 Tracked objects:
		On entry : 
		On exit  : 
		Unchanged: 
 Data sizes:     COMRAM   BANK0   BANK1   BANK2   BANK3   BANK4   BANK5
      Params:         0       0       0       0       0       0       0
      Locals:         0       0       0       0       0       0       0
      Temps:          0       0       0       0       0       0       0
      Totals:         0       0       0       0       0       0       0
Total ram usage:        0 bytes
 Hardware stack levels used:    1
 This function calls:
		Nothing
 This function is called by:
		_ISR
 This function uses a non-reentrant model



MODULE INFORMATION

Module		Function		Class		Link	Load	Size
C:\Program Files (x86)\Microchip\xc8\v1.41\sources\common\lwdiv.c
		___lwdiv       		CODE           	52C4	0000	121

C:\Program Files (x86)\Microchip\xc8\v1.41\sources\common\lwdiv.c estimated size: 121

../Key.c
		_KEY_Scan      		CODE           	4F7A	0000	211
		_KEY_Init      		CODE           	58E8	0000	33

../Key.c estimated size: 244

C:\Program Files (x86)\Microchip\xc8\v1.41\sources\common\doprnt.c
		_printf        		CODE           	4B22	0000	341

C:\Program Files (x86)\Microchip\xc8\v1.41\sources\common\doprnt.c estimated size: 341

../gui.c
		_menu5_MsgHandlle		CODE           	3248	0000	563
		_menu0_MsgHandlle		CODE           	2A1A	0000	747
		_menu6_MsgHandlle		CODE           	178E	0000	1087
		_HG_init       		CODE           	5926	0000	31
		_init_menu     		CODE           	41A0	0000	383
		_menu1_MsgHandlle		CODE           	5102	0000	183
		_update_focus  		CODE           	5246	0000	127
		_menu2_MsgHandlle		CODE           	504C	0000	183
		_menu3_MsgHandlle		CODE           	2FE0	0000	617
		_HG_interface  		CODE           	5402	0000	91
		_menu4_MsgHandlle		CODE           	368E	0000	465

../gui.c estimated size: 4477

C:\Program Files (x86)\Microchip\xc8\v1.41\sources\common\Umul16.c
		___wmul        		CODE           	5810	0000	55

C:\Program Files (x86)\Microchip\xc8\v1.41\sources\common\Umul16.c estimated size: 55

../Timer.c
		_TimerInit     		CODE           	5944	0000	31
		_ISR           		CODE           	0008	0000	1211
		_Timer1Init    		CODE           	59FE	0000	15
		_delaynus      		CODE           	5908	0000	31

../Timer.c estimated size: 1288

../Oled.c
		_delay         		CODE           	55F2	0000	75
		_AD_init       		CODE           	59DE	0000	19
		_display_mem   		CODE           	3BA0	0000	385
		_display_bat   		CODE           	3A20	0000	385
		_display_num   		CODE           	1FD0	0000	955
		_i2c_CfgGpio   		CODE           	5A1A	0000	15
		_setYX_LCD     		CODE           	545C	0000	91
		_display_logo  		CODE           	533C	0000	101
		_display_drop  		CODE           	3EA0	0000	385
		_display_frame_de		CODE           	08E0	0000	1355
		_i2c_Stop      		CODE           	5A28	0000	13
		_LCD_Off       		CODE           	5A64	0000	5
		_display_frame_abc		CODE           	347A	0000	533
		_i2c_WaitAck   		CODE           	5872	0000	43
		_display_cmode 		CODE           	4020	0000	385
		_display_drops 		CODE           	3D20	0000	385
		_initial_ui_setting		CODE           	4D94	0000	275
		_i2c_Delay     		CODE           	5A70	0000	3
		_i2c_SendByte  		CODE           	56CE	0000	71
		_delay_nms     		CODE           	54B6	0000	83
		_LCD_backlight_init		CODE           	5A60	0000	5
		_ee_WriteBytes 		CODE           	55A6	0000	77
		_Initial_LY096BG30		CODE           	555A	0000	77
		_clear_screen  		CODE           	5686	0000	73
		_i2c_Start     		CODE           	59B2	0000	23
		_display_frame_fghi		CODE           	238A	0000	845
		_display_n_blank		CODE           	1BCC	0000	1029
		_LCD_On        		CODE           	5A6C	0000	5
		_delay_pwm     		CODE           	589C	0000	39
		_config_LCD    		CODE           	4EA6	0000	213
		_display_blank_mode_pa		CODE           	49CC	0000	343

../Oled.c estimated size: 8291

../Main.c
		_main          		CODE           	0012	0000	2255

../Main.c estimated size: 2255

shared
		_mem_m         		MEDIUMCONST    	74CE	0000	47
		i2_ee_WriteBytes		CODE           	563C	0000	75
		i2_printf      		CODE           	4C76	0000	287
		i2_i2c_Delay   		CODE           	5A72	0000	3
		_ptne_frame    		MEDIUMCONST    	7311	0000	145
		_n_1P5_m       		MEDIUMCONST    	7DF3	0000	58
		_n_2P5_m       		MEDIUMCONST    	7DBA	0000	58
		i2_display_frame_abc		CODE           	385E	0000	451
		_bat_m         		MEDIUMCONST    	74A0	0000	47
		i2_putch       		CODE           	5A34	0000	13
		_ptnf_frame    		MEDIUMCONST    	7A7E	0000	145
		_blank_m       		MEDIUMCONST    	7586	0000	47
		i2_display_cmode		CODE           	4720	0000	343
		i2_i2c_WaitAck 		CODE           	58C2	0000	39
		_ptng_frame    		MEDIUMCONST    	79EE	0000	145
		i2_display_drops		CODE           	431E	0000	343
		_dpowers       		MEDIUMCONST    	75B4	0000	11
		i2___lwdiv     		CODE           	5508	0000	83
		_n_0_m         		MEDIUMCONST    	7E65	0000	58
		_ptnh_frame    		MEDIUMCONST    	795E	0000	145
		_n_1_m         		MEDIUMCONST    	7E2C	0000	58
		i2_i2c_Stop    		CODE           	5A40	0000	13
		_n_2_m         		MEDIUMCONST    	7D81	0000	58
		i2_i2c_Start   		CODE           	59C8	0000	23
		_n_10_m        		MEDIUMCONST    	7C64	0000	58
		_ptni_frame    		MEDIUMCONST    	78CE	0000	145
		_n_3_m         		MEDIUMCONST    	7D48	0000	58
		_n_4_m         		MEDIUMCONST    	7D0F	0000	58
		_drops_m       		MEDIUMCONST    	752A	0000	47
		_n_100_m       		MEDIUMCONST    	7BF2	0000	58
		i2_LCD_Off     		CODE           	5A68	0000	5
		i2___lwmod     		CODE           	5758	0000	67
		i2_setYX_LCD   		CODE           	5714	0000	69
		_n_5_m         		MEDIUMCONST    	7C9D	0000	58
		_n_200_m       		MEDIUMCONST    	7BB9	0000	58
		__initialization		CODE           	51B8	0000	129
		i2_display_frame_fghi		CODE           	2D04	0000	733
		_n_6_m         		MEDIUMCONST    	7CD6	0000	58
		_n_300_m       		MEDIUMCONST    	7B47	0000	58
		i2_i2c_SendByte		CODE           	57D8	0000	57
		_n_13_m        		MEDIUMCONST    	7C2B	0000	58
		_logo_eme      		MEDIUMCONST    	75BE	0000	785
		_ptna_frame    		MEDIUMCONST    	746A	0000	55
		i2_display_mem 		CODE           	45CA	0000	343
		i2_display_bat 		CODE           	4876	0000	343
		i2_display_num 		CODE           	26D6	0000	837
		_drop_m        		MEDIUMCONST    	74FC	0000	47
		_c_m           		MEDIUMCONST    	7558	0000	47
		_n_150_m       		MEDIUMCONST    	7B80	0000	58
		i2_delaynus    		CODE           	5998	0000	27
		i2_delay_nms   		CODE           	579A	0000	63
		_n_250_m       		MEDIUMCONST    	7B0E	0000	58
		i2_buzz        		CODE           	597E	0000	27
		i2_display_drop		CODE           	4474	0000	343
		_n_blank_m     		MEDIUMCONST    	7431	0000	58
		i2_display_frame_de		CODE           	12DE	0000	1201
		_ptnd_frame    		MEDIUMCONST    	73A1	0000	145

shared estimated size: 8906

C:\Program Files (x86)\Microchip\xc8\v1.41\sources\common\lwmod.c
		___lwmod       		CODE           	53A0	0000	99

C:\Program Files (x86)\Microchip\xc8\v1.41\sources\common\lwmod.c estimated size: 99

../Beep.c
		_putch         		CODE           	5A0C	0000	15
		_buzz          		CODE           	5962	0000	29
		_uart_init     		CODE           	59F0	0000	15
		_BeepInit      		CODE           	5A4C	0000	11

../Beep.c estimated size: 70

../MotorDrive.c
		_MotorDriveInit		CODE           	5846	0000	45

../MotorDrive.c estimated size: 45

