Microchip MPLAB XC8 Compiler V1.41 ()

Linker command line:

-W-3 --edf=C:\Program Files (x86)\Microchip\xc8\v1.41\dat\en_msgs.txt -cs \
  -h+dist/default/production\hgun.X.production.sym \
  --cmf=dist/default/production\hgun.X.production.cmf -z -Q18F4520 \
  -oC:\Users\ADMINI~1\AppData\Local\Temp\seac.2 \
  -Mdist/default/production/hgun.X.production.map -E1 -ver=XC8 \
  -ASTACK=0400h-05ffh -pstack=STACK -ACODE=00h-07FFFh -ACONST=00h-07FFFh \
  -ASMALLCONST=0600h-06FFhx122 -AMEDIUMCONST=0600h-07FFFh -ACOMRAM=01h-07Fh \
  -AABS1=00h-05FFh -ABIGRAM=01h-05FFh -ARAM=080h-0FFh,0100h-01FFhx5 \
  -ABANK0=080h-0FFh -ABANK1=0100h-01FFh -ABANK2=0200h-02FFh \
  -ABANK3=0300h-03FFh -ABANK4=0400h-04FFh -ABANK5=0500h-05FFh \
  -ASFR=0F80h-0FFFh -preset_vec=00h,intcode=08h,intcodelo,powerup,init \
  -pramtop=0600h -psmallconst=SMALLCONST -pmediumconst=MEDIUMCONST \
  -pconst=CONST -AFARRAM=00h-00h -ACONFIG=0300000h-030000Dh -pconfig=CONFIG \
  -AIDLOC=0200000h-0200007h -pidloc=IDLOC -AEEDATA=0F00000h-0F000FFh \
  -peeprom_data=EEDATA \
  -prdata=COMRAM,nvrram=COMRAM,nvbit=COMRAM,rbss=COMRAM,rbit=COMRAM \
  -pfarbss=FARRAM,fardata=FARRAM,nvFARRAM=FARRAM \
  -pintsave_regs=BIGRAM,bigbss=BIGRAM,bigdata=BIGRAM -pbss=RAM \
  -pidata=CODE,irdata=CODE,ibigdata=CODE,ifardata=CODE -prparam=COMRAM \
  C:\Users\ADMINI~1\AppData\Local\Temp\seac.obj \
  dist/default/production\hgun.X.production.obj 

Object code version is 3.11

Machine type is 18F4520

Call graph: (short form)




                Name                               Link     Load   Length Selector   Space Scale
C:\Users\ADMINI~1\AppData\Local\Temp\seac.obj
                init                                  E        E        4        4       0
                reset_vec                             0        0        4        0       0
                idloc                            200000   200000        8   200000       0
                config                           300000   300000        E   300000       0
dist/default/production\hgun.X.production.obj
                intcode                               8        8        6        4       0
                temp                                 63       63        1        1       1
                mediumconst                        7230     7230      DD0     3918       0
                text91                             6186     6186        4        4       0
                text90                             618C     618C        2        4       0
                text89                             5EDE     5EDE       38        4       0
                text88                             60E0     60E0       16        4       0
                text87                             6164     6164        C        4       0
                text86                             5FF8     5FF8       26        4       0
                text85                             5CC2     5CC2       4A        4       0
                text84                             5376     5376       D4        4       0
                text83                             5DE0     5DE0       44        4       0
                text82                             5D0C     5D0C       48        4       0
                text81                             5960     5960       64        4       0
                text80                             60B0     60B0       1A        4       0
                text79                             5A26     5A26       62        4       0
                text78                             3786     3786      23A        4       0
                text77                             4DBA     4DBA      156        4       0
                text76                             41A4     41A4      1C2        4       0
                text75                              55C      55C      4B0        4       0
                text74                             2334     2334      2DC        4       0
                text73                             4C64     4C64      156        4       0
                text72                             19E0     19E0      344        4       0
                text71                             5064     5064      120        4       0
                text70                             6182     6182        4        4       0
                text69                             5E66     5E66       3E        4       0
                text68                             6096     6096       1A        4       0
                text67                             5B8E     5B8E       52        4       0
                text66                             5E24     5E24       42        4       0
                text65                             6158     6158        C        4       0
                text64                             5184     5184      11E        4       0
                intcode_body                       28C0     28C0      2AE        4       0
                text62                             60F6     60F6       12        4       0
                text61                             6170     6170        A        4       0
                text60                             5C78     5C78       4A        4       0
                text59                             618A     618A        2        4       0
                text58                             5D9A     5D9A       46        4       0
                text57                             60CA     60CA       16        4       0
                text56                             614C     614C        C        4       0
                text55                             5FA8     5FA8       2A        4       0
                text54                             5C2C     5C2C       4C        4       0
                text53                             6132     6132        E        4       0
                text52                             5BE0     5BE0       4C        4       0
                text51                             601E     601E       20        4       0
                text50                             617E     617E        4        4       0
                text49                             617A     617A        4        4       0
                text48                             5F7A     5F7A       2E        4       0
                text47                             6124     6124        E        4       0
                text46                             605C     605C       1E        4       0
                text45                             4AE6     4AE6      17E        4       0
                text44                             6116     6116        E        4       0
                text43                             5F4C     5F4C       2E        4       0
                text42                             5B3C     5B3C       52        4       0
                text41                             607A     607A       1C        4       0
                text40                             603E     603E       1E        4       0
                text39                             58E8     58E8       78        4       0
                text38                             59C4     59C4       62        4       0
                text37                             6108     6108        E        4       0
                text36                             4F10     4F10      154        4       0
                text35                             52A2     52A2       D4        4       0
                text34                             5AE2     5AE2       5A        4       0
                text33                             4966     4966      180        4       0
                text32                             47E6     47E6      180        4       0
                text31                             4666     4666      180        4       0
                text30                             3BF4     3BF4      214        4       0
                text29                             1694     1694      34C        4       0
                text28                             12DA     12DA      3BA        4       0
                text27                             2048     2048      2EC        4       0
                text26                             44E6     44E6      180        4       0
                text25                             5500     5500       B6        4       0
                text24                             5770     5770       80        4       0
                text23                             2DEC     2DEC      278        4       0
                text22                             544A     544A       B6        4       0
                text21                               12       12      54A        4       0
                text20                             3064     3064      26C        4       0
                text19                             3E08     3E08      1D0        4       0
                text18                             39C0     39C0      234        4       0
                text17                              E96      E96      444        4       0
                text16                             57F0     57F0       7E        4       0
                text15                             5A88     5A88       5A        4       0
                text14                             4366     4366      180        4       0
                text13                              A0C      A0C      48A        4       0
                text12                             1D24     1D24      324        4       0
                text11                             5F16     5F16       36        4       0
                text10                             5FD2     5FD2       26        4       0
                text9                              32D0     32D0      25C        4       0
                text8                              5658     5658       8E        4       0
                text7                              3FD8     3FD8      1CC        4       0
                text6                              5D54     5D54       46        4       0
                text5                              2B6E     2B6E      27E        4       0
                text4                              56E6     56E6       8A        4       0
                text3                              2610     2610      2B0        4       0
                text2                              5EA4     5EA4       3A        4       0
                text1                              352C     352C      25A        4       0
                text0                              55B6     55B6       A2        4       0
                cstackCOMRAM                         33       33       24        1       1
                cstackBANK1                         13E      13E       1C      100       1
                bssBANK3                            300      300      100      300       1
                bssBANK2                            200      200      100      200       1
                bssBANK1                            100      100       3E      100       1
                bssBANK0                             80       80       80       80       1
                dataCOMRAM                           57       57        C        1       1
                bssCOMRAM                             1        1       32        1       1
                cinit                              586E     586E       7A        4       0
                idataCOMRAM                        6140     6140        C        4       0

TOTAL           Name                               Link     Load   Length     Space
        CLASS   STACK          

        CLASS   CODE           
                intcode                               8        8        6         0
                init                                  E        E        4         0
                reset_vec                             0        0        4         0
                text91                             6186     6186        4         0
                text90                             618C     618C        2         0
                text89                             5EDE     5EDE       38         0
                text88                             60E0     60E0       16         0
                text87                             6164     6164        C         0
                text86                             5FF8     5FF8       26         0
                text85                             5CC2     5CC2       4A         0
                text84                             5376     5376       D4         0
                text83                             5DE0     5DE0       44         0
                text82                             5D0C     5D0C       48         0
                text81                             5960     5960       64         0
                text80                             60B0     60B0       1A         0
                text79                             5A26     5A26       62         0
                text78                             3786     3786      23A         0
                text77                             4DBA     4DBA      156         0
                text76                             41A4     41A4      1C2         0
                text75                              55C      55C      4B0         0
                text74                             2334     2334      2DC         0
                text73                             4C64     4C64      156         0
                text72                             19E0     19E0      344         0
                text71                             5064     5064      120         0
                text70                             6182     6182        4         0
                text69                             5E66     5E66       3E         0
                text68                             6096     6096       1A         0
                text67                             5B8E     5B8E       52         0
                text66                             5E24     5E24       42         0
                text65                             6158     6158        C         0
                text64                             5184     5184      11E         0
                intcode_body                       28C0     28C0      2AE         0
                text62                             60F6     60F6       12         0
                text61                             6170     6170        A         0
                text60                             5C78     5C78       4A         0
                text59                             618A     618A        2         0
                text58                             5D9A     5D9A       46         0
                text57                             60CA     60CA       16         0
                text56                             614C     614C        C         0
                text55                             5FA8     5FA8       2A         0
                text54                             5C2C     5C2C       4C         0
                text53                             6132     6132        E         0
                text52                             5BE0     5BE0       4C         0
                text51                             601E     601E       20         0
                text50                             617E     617E        4         0
                text49                             617A     617A        4         0
                text48                             5F7A     5F7A       2E         0
                text47                             6124     6124        E         0
                text46                             605C     605C       1E         0
                text45                             4AE6     4AE6      17E         0
                text44                             6116     6116        E         0
                text43                             5F4C     5F4C       2E         0
                text42                             5B3C     5B3C       52         0
                text41                             607A     607A       1C         0
                text40                             603E     603E       1E         0
                text39                             58E8     58E8       78         0
                text38                             59C4     59C4       62         0
                text37                             6108     6108        E         0
                text36                             4F10     4F10      154         0
                text35                             52A2     52A2       D4         0
                text34                             5AE2     5AE2       5A         0
                text33                             4966     4966      180         0
                text32                             47E6     47E6      180         0
                text31                             4666     4666      180         0
                text30                             3BF4     3BF4      214         0
                text29                             1694     1694      34C         0
                text28                             12DA     12DA      3BA         0
                text27                             2048     2048      2EC         0
                text26                             44E6     44E6      180         0
                text25                             5500     5500       B6         0
                text24                             5770     5770       80         0
                text23                             2DEC     2DEC      278         0
                text22                             544A     544A       B6         0
                text21                               12       12      54A         0
                text20                             3064     3064      26C         0
                text19                             3E08     3E08      1D0         0
                text18                             39C0     39C0      234         0
                text17                              E96      E96      444         0
                text16                             57F0     57F0       7E         0
                text15                             5A88     5A88       5A         0
                text14                             4366     4366      180         0
                text13                              A0C      A0C      48A         0
                text12                             1D24     1D24      324         0
                text11                             5F16     5F16       36         0
                text10                             5FD2     5FD2       26         0
                text9                              32D0     32D0      25C         0
                text8                              5658     5658       8E         0
                text7                              3FD8     3FD8      1CC         0
                text6                              5D54     5D54       46         0
                text5                              2B6E     2B6E      27E         0
                text4                              56E6     56E6       8A         0
                text3                              2610     2610      2B0         0
                text2                              5EA4     5EA4       3A         0
                text1                              352C     352C      25A         0
                text0                              55B6     55B6       A2         0
                cinit                              586E     586E       7A         0
                idataCOMRAM                        6140     6140        C         0

        CLASS   CONST          

        CLASS   SMALLCONST     

        CLASS   MEDIUMCONST    
                mediumconst                        7230     7230      DD0         0

        CLASS   COMRAM         
                temp                                 63       63        1         1
                cstackCOMRAM                         33       33       24         1
                dataCOMRAM                           57       57        C         1
                bssCOMRAM                             1        1       32         1

        CLASS   ABS1           

        CLASS   BIGRAM         

        CLASS   RAM            

        CLASS   BANK0          
                bssBANK0                             80       80       80         1

        CLASS   BANK1          
                cstackBANK1                         13E      13E       1C         1
                bssBANK1                            100      100       3E         1

        CLASS   BANK2          
                bssBANK2                            200      200      100         1

        CLASS   BANK3          
                bssBANK3                            300      300      100         1

        CLASS   BANK4          

        CLASS   BANK5          

        CLASS   SFR            

        CLASS   FARRAM         

        CLASS   CONFIG         
                config                           300000   300000        E         0

        CLASS   IDLOC          
                idloc                            200000   200000        8         0

        CLASS   EEDATA         



SEGMENTS        Name                           Load    Length   Top    Selector   Space  Class

                reset_vec                      000000  000004  000004         0       0  CODE    
                bssCOMRAM                      000001  000063  000064         1       1  COMRAM  
                intcode                        000008  006186  00618E         4       0  CODE    
                bssBANK0                       000080  000080  000100        80       1  BANK0   
                bssBANK1                       000100  00005A  00015A       100       1  BANK1   
                bssBANK2                       000200  000100  000300       200       1  BANK2   
                bssBANK3                       000300  000100  000400       300       1  BANK3   
                mediumconst                    007230  000DD0  008000      3918       0  MEDIUMCO
                idloc                          200000  000008  200008    200000       0  IDLOC   
                config                         300000  00000E  30000E    300000       0  CONFIG  


UNUSED ADDRESS RANGES

        Name                Unused          Largest block    Delta
        BANK1            00015A-0001FF               A6
        BANK4            000400-0004FF              100
        BANK5            000500-0005FF              100
        BIGRAM           000064-00007F               1C
                         00015A-0001FF               A6
                         000400-0005FF              200
        CODE             000004-000007                4
                         00618E-00722F             10A2
        COMRAM           000064-00007F               1C
        CONST            000004-000007                4
                         00618E-00722F             10A2
        EEDATA           F00000-F000FF              100
        MEDIUMCONST      00618E-00722F             10A2
        RAM              00015A-0001FF               A6
                         000400-0005FF              100
        SFR              000F80-000FFF               80
        SMALLCONST       00618E-00722F              100
        STACK            000400-0005FF              200

                                  Symbol Table

?___lwdiv                       cstackBANK1  00013E
?___lwmod                       cstackBANK1  000145
?___wmul                        cstackBANK1  00013E
?_get_AD_vaule                  cstackBANK1  00013E
?_printf                        cstackBANK1  00014A
?i2___lwdiv                     cstackCOMRAM 000033
?i2___lwmod                     cstackCOMRAM 00003A
?i2_get_AD_vaule                cstackCOMRAM 000033
?i2_printf                      cstackCOMRAM 00003F
HG_interface@kv                 cstackBANK1  000158
ISR@tcnt                        bssCOMRAM    00001B
ISR@tcnt_bat                    bssCOMRAM    000001
KEY_Scan@tm_cnt                 cstackBANK1  000156
_ADCON0bits                     (abs)        000FC2
_ADCON1                         (abs)        000FC1
_ADCON2bits                     (abs)        000FC0
_ADRESH                         (abs)        000FC4
_ADRESL                         (abs)        000FC3
_AD_init                        text62       0060F6
_BeepInit                       text61       006170
_GIE                            (abs)        007F97
_HG_device_init                 text43       005F4C
_HG_interface                   text15       005A88
_INTCON2bits                    (abs)        000FF1
_INTCON3bits                    (abs)        000FF0
_INTCONbits                     (abs)        000FF2
_ISR                            intcode      000008
_Initial_LY096BG30              text52       005BE0
_KEY_Init                       text51       00601E
_KEY_Scan                       text35       0052A2
_LATAbits                       (abs)        000F89
_LATCbits                       (abs)        000F8B
_LATDbits                       (abs)        000F8C
_LATEbits                       (abs)        000F8D
_LCD_Off                        text50       00617E
_LCD_On                         text91       006186
_LCD_backlight_init             text49       00617A
_MotorDriveInit                 text48       005F7A
_PIR1bits                       (abs)        000F9E
_PORTAbits                      (abs)        000F80
_PORTBbits                      (abs)        000F81
_PORTC                          (abs)        000F82
_PORTCbits                      (abs)        000F82
_PORTDbits                      (abs)        000F83
_PSA                            (abs)        007EAB
_RCSTAbits                      (abs)        000FAB
_SPBRG                          (abs)        000FAF
_T08BIT                         (abs)        007EAE
_T0CONbits                      (abs)        000FD5
_T0CS                           (abs)        007EAD
_T0IE                           (abs)        007F95
_T0IF                           (abs)        007F92
_T0PS0                          (abs)        007EA8
_T0PS1                          (abs)        007EA9
_T0PS2                          (abs)        007EAA
_T1CONbits                      (abs)        000FCD
_TMR0                           (abs)        000FD6
_TMR1                           (abs)        000FCE
_TRISAbits                      (abs)        000F92
_TRISBbits                      (abs)        000F93
_TRISCbits                      (abs)        000F94
_TRISDbits                      (abs)        000F95
_TRISEbits                      (abs)        000F96
_TXREG                          (abs)        000FAD
_TXSTAbits                      (abs)        000FAC
_Timer1Init                     text47       006124
_TimerInit                      text46       00605C
__CFG_BOREN$OFF                 (abs)        000000
__CFG_BORV$0                    (abs)        000000
__CFG_CCP2MX$PORTC              (abs)        000000
__CFG_CP0$OFF                   (abs)        000000
__CFG_CP1$OFF                   (abs)        000000
__CFG_CP2$OFF                   (abs)        000000
__CFG_CP3$OFF                   (abs)        000000
__CFG_CPB$OFF                   (abs)        000000
__CFG_CPD$OFF                   (abs)        000000
__CFG_EBTR0$OFF                 (abs)        000000
__CFG_EBTR1$OFF                 (abs)        000000
__CFG_EBTR2$OFF                 (abs)        000000
__CFG_EBTR3$OFF                 (abs)        000000
__CFG_EBTRB$OFF                 (abs)        000000
__CFG_FCMEN$OFF                 (abs)        000000
__CFG_IESO$OFF                  (abs)        000000
__CFG_LPT1OSC$OFF               (abs)        000000
__CFG_LVP$OFF                   (abs)        000000
__CFG_MCLRE$ON                  (abs)        000000
__CFG_OSC$HS                    (abs)        000000
__CFG_PBADEN$OFF                (abs)        000000
__CFG_PWRT$OFF                  (abs)        000000
__CFG_STVREN$OFF                (abs)        000000
__CFG_WDT$OFF                   (abs)        000000
__CFG_WDTPS$64                  (abs)        000000
__CFG_WRT0$OFF                  (abs)        000000
__CFG_WRT1$OFF                  (abs)        000000
__CFG_WRT2$OFF                  (abs)        000000
__CFG_WRT3$OFF                  (abs)        000000
__CFG_WRTB$OFF                  (abs)        000000
__CFG_WRTC$OFF                  (abs)        000000
__CFG_WRTD$OFF                  (abs)        000000
__CFG_XINST$OFF                 (abs)        000000
__HRAM                          (abs)        000000
__Habs1                         abs1         000000
__Hbank0                        bank0        000000
__Hbank1                        bank1        000000
__Hbank2                        bank2        000000
__Hbank3                        bank3        000000
__Hbank4                        bank4        000000
__Hbank5                        bank5        000000
__Hbigbss                       bigbss       000000
__Hbigdata                      bigdata      000000
__Hbigram                       bigram       000000
__Hbss                          bss          000000
__HbssBANK0                     bssBANK0     000000
__HbssBANK1                     bssBANK1     000000
__HbssBANK2                     bssBANK2     000000
__HbssBANK3                     bssBANK3     000000
__HbssCOMRAM                    bssCOMRAM    000000
__Hcinit                        cinit        000000
__Hclrtext                      clrtext      000000
__Hcomram                       comram       000000
__Hconfig                       config       30000E
__Hconst                        const        000000
__HcstackBANK0                  cstackBANK0  000000
__HcstackBANK1                  cstackBANK1  000000
__HcstackCOMRAM                 cstackCOMRAM 000000
__Hdata                         data         000000
__HdataCOMRAM                   dataCOMRAM   000000
__Heeprom_data                  eeprom_data  000000
__Hfarbss                       farbss       000000
__Hfardata                      fardata      000000
__Hibigdata                     ibigdata     000000
__Hidata                        idata        000000
__HidataCOMRAM                  idataCOMRAM  000000
__Hidloc                        idloc        200008
__Hifardata                     ifardata     000000
__Hinit                         init         000012
__Hintcode                      intcode      00000E
__Hintcode_body                 intcode_body 000000
__Hintcodelo                    intcodelo    00000E
__Hintentry                     intentry     000000
__Hintret                       intret       000000
__Hintsave_regs                 intsave_regs 000000
__Hirdata                       irdata       000000
__Hmediumconst                  mediumconst  008000
__HnvFARRAM                     nvFARRAM     000000
__Hnvbit                        nvbit        000000
__Hnvrram                       nvrram       000000
__Hparam                        rparam       000000
__Hpowerup                      powerup      00000E
__Hram                          ram          000000
__Hramtop                       ramtop       000600
__Hrbit                         rbit         000000
__Hrbss                         rbss         000000
__Hrdata                        rdata        000000
__Hreset_vec                    reset_vec    000004
__Hrparam                       rparam       000000
__Hsfr                          sfr          000000
__Hsmallconst                   smallconst   000000
__Hspace_0                      (abs)        30000E
__Hspace_1                      (abs)        000400
__Hspace_2                      (abs)        000000
__Hstack                        stack        000000
__Hstruct                       struct       000000
__Htemp                         temp         000064
__Htext                         text         000000
__Htext0                        text0        000000
__Htext1                        text1        000000
__Htext10                       text10       000000
__Htext11                       text11       000000
__Htext12                       text12       000000
__Htext13                       text13       000000
__Htext14                       text14       000000
__Htext15                       text15       000000
__Htext16                       text16       000000
__Htext17                       text17       000000
__Htext18                       text18       000000
__Htext19                       text19       000000
__Htext2                        text2        000000
__Htext20                       text20       000000
__Htext21                       text21       000000
__Htext22                       text22       000000
__Htext23                       text23       000000
__Htext24                       text24       000000
__Htext25                       text25       000000
__Htext26                       text26       000000
__Htext27                       text27       000000
__Htext28                       text28       000000
__Htext29                       text29       000000
__Htext3                        text3        000000
__Htext30                       text30       000000
__Htext31                       text31       000000
__Htext32                       text32       000000
__Htext33                       text33       000000
__Htext34                       text34       000000
__Htext35                       text35       000000
__Htext36                       text36       000000
__Htext37                       text37       000000
__Htext38                       text38       000000
__Htext39                       text39       000000
__Htext4                        text4        000000
__Htext40                       text40       000000
__Htext41                       text41       000000
__Htext42                       text42       000000
__Htext43                       text43       000000
__Htext44                       text44       000000
__Htext45                       text45       000000
__Htext46                       text46       000000
__Htext47                       text47       000000
__Htext48                       text48       000000
__Htext49                       text49       000000
__Htext5                        text5        000000
__Htext50                       text50       000000
__Htext51                       text51       000000
__Htext52                       text52       000000
__Htext53                       text53       000000
__Htext54                       text54       000000
__Htext55                       text55       000000
__Htext56                       text56       000000
__Htext57                       text57       000000
__Htext58                       text58       000000
__Htext59                       text59       000000
__Htext6                        text6        000000
__Htext60                       text60       000000
__Htext61                       text61       000000
__Htext62                       text62       000000
__Htext64                       text64       000000
__Htext65                       text65       000000
__Htext66                       text66       000000
__Htext67                       text67       000000
__Htext68                       text68       000000
__Htext69                       text69       000000
__Htext7                        text7        000000
__Htext70                       text70       000000
__Htext71                       text71       000000
__Htext72                       text72       000000
__Htext73                       text73       000000
__Htext74                       text74       000000
__Htext75                       text75       000000
__Htext76                       text76       000000
__Htext77                       text77       000000
__Htext78                       text78       000000
__Htext79                       text79       000000
__Htext8                        text8        000000
__Htext80                       text80       000000
__Htext81                       text81       000000
__Htext82                       text82       000000
__Htext83                       text83       000000
__Htext84                       text84       000000
__Htext85                       text85       000000
__Htext86                       text86       000000
__Htext87                       text87       000000
__Htext88                       text88       000000
__Htext89                       text89       000000
__Htext9                        text9        000000
__Htext90                       text90       000000
__Htext91                       text91       000000
__Htext92                       text92       000000
__LRAM                          (abs)        000001
__Labs1                         abs1         000000
__Lbank0                        bank0        000000
__Lbank1                        bank1        000000
__Lbank2                        bank2        000000
__Lbank3                        bank3        000000
__Lbank4                        bank4        000000
__Lbank5                        bank5        000000
__Lbigbss                       bigbss       000000
__Lbigdata                      bigdata      000000
__Lbigram                       bigram       000000
__Lbss                          bss          000000
__LbssBANK0                     bssBANK0     000000
__LbssBANK1                     bssBANK1     000000
__LbssBANK2                     bssBANK2     000000
__LbssBANK3                     bssBANK3     000000
__LbssCOMRAM                    bssCOMRAM    000000
__Lcinit                        cinit        000000
__Lclrtext                      clrtext      000000
__Lcomram                       comram       000000
__Lconfig                       config       300000
__Lconst                        const        000000
__LcstackBANK0                  cstackBANK0  000000
__LcstackBANK1                  cstackBANK1  000000
__LcstackCOMRAM                 cstackCOMRAM 000000
__Ldata                         data         000000
__LdataCOMRAM                   dataCOMRAM   000000
__Leeprom_data                  eeprom_data  000000
__Lfarbss                       farbss       000000
__Lfardata                      fardata      000000
__Libigdata                     ibigdata     000000
__Lidata                        idata        000000
__LidataCOMRAM                  idataCOMRAM  000000
__Lidloc                        idloc        200000
__Lifardata                     ifardata     000000
__Linit                         init         00000E
__Lintcode                      intcode      000008
__Lintcode_body                 intcode_body 000000
__Lintcodelo                    intcodelo    00000E
__Lintentry                     intentry     000000
__Lintret                       intret       000000
__Lintsave_regs                 intsave_regs 000000
__Lirdata                       irdata       000000
__Lmediumconst                  mediumconst  007230
__LnvFARRAM                     nvFARRAM     000000
__Lnvbit                        nvbit        000000
__Lnvrram                       nvrram       000000
__Lparam                        rparam       000000
__Lpowerup                      powerup      00000E
__Lram                          ram          000000
__Lramtop                       ramtop       000600
__Lrbit                         rbit         000000
__Lrbss                         rbss         000000
__Lrdata                        rdata        000000
__Lreset_vec                    reset_vec    000000
__Lrparam                       rparam       000000
__Lsfr                          sfr          000000
__Lsmallconst                   smallconst   000000
__Lspace_0                      (abs)        000000
__Lspace_1                      (abs)        000000
__Lspace_2                      (abs)        000000
__Lstack                        stack        000000
__Lstruct                       struct       000000
__Ltemp                         temp         000063
__Ltext                         text         000000
__Ltext0                        text0        000000
__Ltext1                        text1        000000
__Ltext10                       text10       000000
__Ltext11                       text11       000000
__Ltext12                       text12       000000
__Ltext13                       text13       000000
__Ltext14                       text14       000000
__Ltext15                       text15       000000
__Ltext16                       text16       000000
__Ltext17                       text17       000000
__Ltext18                       text18       000000
__Ltext19                       text19       000000
__Ltext2                        text2        000000
__Ltext20                       text20       000000
__Ltext21                       text21       000000
__Ltext22                       text22       000000
__Ltext23                       text23       000000
__Ltext24                       text24       000000
__Ltext25                       text25       000000
__Ltext26                       text26       000000
__Ltext27                       text27       000000
__Ltext28                       text28       000000
__Ltext29                       text29       000000
__Ltext3                        text3        000000
__Ltext30                       text30       000000
__Ltext31                       text31       000000
__Ltext32                       text32       000000
__Ltext33                       text33       000000
__Ltext34                       text34       000000
__Ltext35                       text35       000000
__Ltext36                       text36       000000
__Ltext37                       text37       000000
__Ltext38                       text38       000000
__Ltext39                       text39       000000
__Ltext4                        text4        000000
__Ltext40                       text40       000000
__Ltext41                       text41       000000
__Ltext42                       text42       000000
__Ltext43                       text43       000000
__Ltext44                       text44       000000
__Ltext45                       text45       000000
__Ltext46                       text46       000000
__Ltext47                       text47       000000
__Ltext48                       text48       000000
__Ltext49                       text49       000000
__Ltext5                        text5        000000
__Ltext50                       text50       000000
__Ltext51                       text51       000000
__Ltext52                       text52       000000
__Ltext53                       text53       000000
__Ltext54                       text54       000000
__Ltext55                       text55       000000
__Ltext56                       text56       000000
__Ltext57                       text57       000000
__Ltext58                       text58       000000
__Ltext59                       text59       000000
__Ltext6                        text6        000000
__Ltext60                       text60       000000
__Ltext61                       text61       000000
__Ltext62                       text62       000000
__Ltext64                       text64       000000
__Ltext65                       text65       000000
__Ltext66                       text66       000000
__Ltext67                       text67       000000
__Ltext68                       text68       000000
__Ltext69                       text69       000000
__Ltext7                        text7        000000
__Ltext70                       text70       000000
__Ltext71                       text71       000000
__Ltext72                       text72       000000
__Ltext73                       text73       000000
__Ltext74                       text74       000000
__Ltext75                       text75       000000
__Ltext76                       text76       000000
__Ltext77                       text77       000000
__Ltext78                       text78       000000
__Ltext79                       text79       000000
__Ltext8                        text8        000000
__Ltext80                       text80       000000
__Ltext81                       text81       000000
__Ltext82                       text82       000000
__Ltext83                       text83       000000
__Ltext84                       text84       000000
__Ltext85                       text85       000000
__Ltext86                       text86       000000
__Ltext87                       text87       000000
__Ltext88                       text88       000000
__Ltext89                       text89       000000
__Ltext9                        text9        000000
__Ltext90                       text90       000000
__Ltext91                       text91       000000
__Ltext92                       text92       000000
__S0                            (abs)        30000E
__S1                            (abs)        000400
__S2                            (abs)        000000
___inthi_sp                     stack        000000
___intlo_sp                     stack        000000
___lwdiv                        text39       0058E8
___lwdiv@counter                cstackBANK1  000142
___lwdiv@dividend               cstackBANK1  00013E
___lwdiv@divisor                cstackBANK1  000140
___lwdiv@quotient               cstackBANK1  000143
___lwmod                        text38       0059C4
___lwmod@counter                cstackBANK1  000149
___lwmod@dividend               cstackBANK1  000145
___lwmod@divisor                cstackBANK1  000147
___param_bank                   (abs)        000000
___rparam_used                  (abs)        000001
___sp                           stack        000000
___wmul                         text11       005F16
___wmul@multiplicand            cstackBANK1  000140
___wmul@multiplier              cstackBANK1  00013E
___wmul@product                 cstackBANK1  000142
__accesstop                     (abs)        000080
__activetblptr                  (abs)        000002
__end_of_AD_init                text62       006108
__end_of_BeepInit               text61       00617A
__end_of_HG_device_init         text43       005F7A
__end_of_HG_interface           text15       005AE2
__end_of_ISR                    intcode_body 002B6E
__end_of_Initial_LY096BG30      text52       005C2C
__end_of_KEY_Init               text51       00603E
__end_of_KEY_Scan               text35       005376
__end_of_LCD_Off                text50       006182
__end_of_LCD_On                 text91       00618A
__end_of_LCD_backlight_init     text49       00617E
__end_of_MotorDriveInit         text48       005FA8
__end_of_Timer1Init             text47       006132
__end_of_TimerInit              text46       00607A
__end_of___lwdiv                text39       005960
__end_of___lwmod                text38       005A26
__end_of___wmul                 text11       005F4C
__end_of__initialization        cinit        0058DA
__end_of_bat00_m                mediumconst  007EA4
__end_of_bat100_m               mediumconst  007DBE
__end_of_bat20_m                mediumconst  007E76
__end_of_bat40_m                mediumconst  007E48
__end_of_bat60_m                mediumconst  007E1A
__end_of_bat80_m                mediumconst  007DEC
__end_of_blank_m                mediumconst  0074A6
__end_of_blink_mode             text12       002048
__end_of_buzz                   text41       006096
__end_of_c_m                    mediumconst  007478
__end_of_c_routine              text9        00352C
__end_of_check_acting           text8        0056E6
__end_of_check_bat              text6        005D9A
__end_of_clear_screen           text82       005D54
__end_of_config_LCD             text84       00544A
__end_of_delay                  text60       005CC2
__end_of_delay_nms              text42       005B8E
__end_of_delay_pwm              text10       005FF8
__end_of_delaynus               text40       00605C
__end_of_display_bat            text23       003064
__end_of_display_bat_blank      text7        0041A4
__end_of_display_blank_mode_pa  text14       0044E6
__end_of_display_cmode          text33       004AE6
__end_of_display_drop           text32       004966
__end_of_display_drops          text31       0047E6
__end_of_display_frame_abc      text30       003E08
__end_of_display_frame_de       text21       00055C
__end_of_display_frame_fghi     text29       0019E0
__end_of_display_logo           text81       0059C4
__end_of_display_mem            text26       004666
__end_of_display_n_blank        text13       000E96
__end_of_display_num            text28       001694
__end_of_dpowers                mediumconst  0074B0
__end_of_drop_m                 mediumconst  00741C
__end_of_drops_m                mediumconst  00744A
__end_of_drops_routine          text5        002DEC
__end_of_ee_WriteBytes          text54       005C78
__end_of_enter_sleep            text4        005770
__end_of_get_AD_vaule           text24       0057F0
__end_of_hg_reset               text3        0028C0
__end_of_i2c_CfgGpio            text53       006140
__end_of_i2c_Delay              text59       00618C
__end_of_i2c_SendByte           text58       005DE0
__end_of_i2c_Start              text57       0060E0
__end_of_i2c_Stop               text56       006158
__end_of_i2c_WaitAck            text55       005FD2
__end_of_init_menu              text45       004C64
__end_of_initial_para_setting   text2        005EDE
__end_of_initial_ui_setting     text71       005184
__end_of_logo_eme               mediumconst  0077C0
__end_of_main                   text0        005658
__end_of_mem_m                  mediumconst  0073EE
__end_of_menu0_MsgHandlle       text27       002334
__end_of_menu1_MsgHandlle       text25       0055B6
__end_of_menu2_MsgHandlle       text22       005500
__end_of_menu3_MsgHandlle       text20       0032D0
__end_of_menu4_MsgHandlle       text19       003FD8
__end_of_menu5_MsgHandlle       text18       003BF4
__end_of_menu6_MsgHandlle       text17       0012DA
__end_of_n_0_m                  mediumconst  007D90
__end_of_n_100_m                mediumconst  007B1D
__end_of_n_10_m                 mediumconst  007B8F
__end_of_n_13_m                 mediumconst  007B56
__end_of_n_150_m                mediumconst  007AAB
__end_of_n_1P5_m                mediumconst  007D1E
__end_of_n_1_m                  mediumconst  007D57
__end_of_n_200_m                mediumconst  007AE4
__end_of_n_250_m                mediumconst  007A39
__end_of_n_2P5_m                mediumconst  007CE5
__end_of_n_2_m                  mediumconst  007CAC
__end_of_n_300_m                mediumconst  007A72
__end_of_n_3_m                  mediumconst  007C73
__end_of_n_4_m                  mediumconst  007C3A
__end_of_n_5_m                  mediumconst  007BC8
__end_of_n_6_m                  mediumconst  007C01
__end_of_n_blank_m              mediumconst  00738A
__end_of_printf                 text36       005064
__end_of_ptna_frame             mediumconst  0073C0
__end_of_ptnd_frame             mediumconst  007351
__end_of_ptne_frame             mediumconst  0072C1
__end_of_ptnf_frame             mediumconst  007A00
__end_of_ptng_frame             mediumconst  007970
__end_of_ptnh_frame             mediumconst  0078E0
__end_of_ptni_frame             mediumconst  007850
__end_of_putch                  text37       006116
__end_of_setYX_LCD              text34       005B3C
__end_of_test_routine           text1        003786
__end_of_uart_init              text44       006124
__end_of_update_focus           text16       00586E
__end_ofi2_LCD_Off              text70       006186
__end_ofi2___lwdiv              text67       005BE0
__end_ofi2___lwmod              text66       005E66
__end_ofi2_buzz                 text68       0060B0
__end_ofi2_delay_nms            text69       005EA4
__end_ofi2_delaynus             text80       0060CA
__end_ofi2_display_bat          text78       0039C0
__end_ofi2_display_cmode        text77       004F10
__end_ofi2_display_frame_abc    text76       004366
__end_ofi2_display_frame_de     text75       000A0C
__end_ofi2_display_frame_fghi   text74       002610
__end_ofi2_display_mem          text73       004DBA
__end_ofi2_display_num          text72       001D24
__end_ofi2_ee_WriteBytes        text85       005D0C
__end_ofi2_get_AD_vaule         text79       005A88
__end_ofi2_i2c_Delay            text90       00618E
__end_ofi2_i2c_SendByte         text89       005F16
__end_ofi2_i2c_Start            text88       0060F6
__end_ofi2_i2c_Stop             text87       006170
__end_ofi2_i2c_WaitAck          text86       00601E
__end_ofi2_printf               text64       0052A2
__end_ofi2_putch                text65       006164
__end_ofi2_setYX_LCD            text83       005E24
__initialization                cinit        00586E
__mediumconst                   mediumconst  007230
__pbssBANK0                     bssBANK0     000080
__pbssBANK1                     bssBANK1     000100
__pbssBANK2                     bssBANK2     000200
__pbssBANK3                     bssBANK3     000300
__pbssCOMRAM                    bssCOMRAM    000001
__pcinit                        cinit        00586E
__pcstackBANK0                  cstackBANK0  000000
__pcstackBANK1                  cstackBANK1  00013E
__pcstackCOMRAM                 cstackCOMRAM 000033
__pdataCOMRAM                   dataCOMRAM   000057
__pidataCOMRAM                  idataCOMRAM  006140
__pintcode                      intcode      000008
__pintcode_body                 intcode_body 0028C0
__pmediumconst                  mediumconst  007230
__ptext0                        text0        0055B6
__ptext1                        text1        00352C
__ptext10                       text10       005FD2
__ptext11                       text11       005F16
__ptext12                       text12       001D24
__ptext13                       text13       000A0C
__ptext14                       text14       004366
__ptext15                       text15       005A88
__ptext16                       text16       0057F0
__ptext17                       text17       000E96
__ptext18                       text18       0039C0
__ptext19                       text19       003E08
__ptext2                        text2        005EA4
__ptext20                       text20       003064
__ptext21                       text21       000012
__ptext22                       text22       00544A
__ptext23                       text23       002DEC
__ptext24                       text24       005770
__ptext25                       text25       005500
__ptext26                       text26       0044E6
__ptext27                       text27       002048
__ptext28                       text28       0012DA
__ptext29                       text29       001694
__ptext3                        text3        002610
__ptext30                       text30       003BF4
__ptext31                       text31       004666
__ptext32                       text32       0047E6
__ptext33                       text33       004966
__ptext34                       text34       005AE2
__ptext35                       text35       0052A2
__ptext36                       text36       004F10
__ptext37                       text37       006108
__ptext38                       text38       0059C4
__ptext39                       text39       0058E8
__ptext4                        text4        0056E6
__ptext40                       text40       00603E
__ptext41                       text41       00607A
__ptext42                       text42       005B3C
__ptext43                       text43       005F4C
__ptext44                       text44       006116
__ptext45                       text45       004AE6
__ptext46                       text46       00605C
__ptext47                       text47       006124
__ptext48                       text48       005F7A
__ptext49                       text49       00617A
__ptext5                        text5        002B6E
__ptext50                       text50       00617E
__ptext51                       text51       00601E
__ptext52                       text52       005BE0
__ptext53                       text53       006132
__ptext54                       text54       005C2C
__ptext55                       text55       005FA8
__ptext56                       text56       00614C
__ptext57                       text57       0060CA
__ptext58                       text58       005D9A
__ptext59                       text59       00618A
__ptext6                        text6        005D54
__ptext60                       text60       005C78
__ptext61                       text61       006170
__ptext62                       text62       0060F6
__ptext64                       text64       005184
__ptext65                       text65       006158
__ptext66                       text66       005E24
__ptext67                       text67       005B8E
__ptext68                       text68       006096
__ptext69                       text69       005E66
__ptext7                        text7        003FD8
__ptext70                       text70       006182
__ptext71                       text71       005064
__ptext72                       text72       0019E0
__ptext73                       text73       004C64
__ptext74                       text74       002334
__ptext75                       text75       00055C
__ptext76                       text76       0041A4
__ptext77                       text77       004DBA
__ptext78                       text78       003786
__ptext79                       text79       005A26
__ptext8                        text8        005658
__ptext80                       text80       0060B0
__ptext81                       text81       005960
__ptext82                       text82       005D0C
__ptext83                       text83       005DE0
__ptext84                       text84       005376
__ptext85                       text85       005CC2
__ptext86                       text86       005FF8
__ptext87                       text87       006164
__ptext88                       text88       0060E0
__ptext89                       text89       005EDE
__ptext9                        text9        0032D0
__ptext90                       text90       00618C
__ptext91                       text91       006186
__ptext92                       text92       000000
__ramtop                        ramtop       000600
__size_of_AD_init               (abs)        000000
__size_of_BeepInit              (abs)        000000
__size_of_HG_device_init        (abs)        000000
__size_of_HG_interface          (abs)        000000
__size_of_ISR                   (abs)        000000
__size_of_Initial_LY096BG30     (abs)        000000
__size_of_KEY_Init              (abs)        000000
__size_of_KEY_Scan              (abs)        000000
__size_of_LCD_Off               (abs)        000000
__size_of_LCD_On                (abs)        000000
__size_of_LCD_backlight_init    (abs)        000000
__size_of_MotorDriveInit        (abs)        000000
__size_of_Timer1Init            (abs)        000000
__size_of_TimerInit             (abs)        000000
__size_of___lwdiv               (abs)        000000
__size_of___lwmod               (abs)        000000
__size_of___wmul                (abs)        000000
__size_of_blink_mode            (abs)        000000
__size_of_buzz                  (abs)        000000
__size_of_c_routine             (abs)        000000
__size_of_check_acting          (abs)        000000
__size_of_check_bat             (abs)        000000
__size_of_clear_screen          (abs)        000000
__size_of_config_LCD            (abs)        000000
__size_of_delay                 (abs)        000000
__size_of_delay_nms             (abs)        000000
__size_of_delay_pwm             (abs)        000000
__size_of_delaynus              (abs)        000000
__size_of_display_bat           (abs)        000000
__size_of_display_bat_blank     (abs)        000000
__size_of_display_blank_mode_pa (abs)        000000
__size_of_display_cmode         (abs)        000000
__size_of_display_drop          (abs)        000000
__size_of_display_drops         (abs)        000000
__size_of_display_frame_abc     (abs)        000000
__size_of_display_frame_de      (abs)        000000
__size_of_display_frame_fghi    (abs)        000000
__size_of_display_logo          (abs)        000000
__size_of_display_mem           (abs)        000000
__size_of_display_n_blank       (abs)        000000
__size_of_display_num           (abs)        000000
__size_of_drops_routine         (abs)        000000
__size_of_ee_WriteBytes         (abs)        000000
__size_of_enter_sleep           (abs)        000000
__size_of_get_AD_vaule          (abs)        000000
__size_of_hg_reset              (abs)        000000
__size_of_i2c_CfgGpio           (abs)        000000
__size_of_i2c_Delay             (abs)        000000
__size_of_i2c_SendByte          (abs)        000000
__size_of_i2c_Start             (abs)        000000
__size_of_i2c_Stop              (abs)        000000
__size_of_i2c_WaitAck           (abs)        000000
__size_of_init_menu             (abs)        000000
__size_of_initial_para_setting  (abs)        000000
__size_of_initial_ui_setting    (abs)        000000
__size_of_main                  (abs)        000000
__size_of_menu0_MsgHandlle      (abs)        000000
__size_of_menu1_MsgHandlle      (abs)        000000
__size_of_menu2_MsgHandlle      (abs)        000000
__size_of_menu3_MsgHandlle      (abs)        000000
__size_of_menu4_MsgHandlle      (abs)        000000
__size_of_menu5_MsgHandlle      (abs)        000000
__size_of_menu6_MsgHandlle      (abs)        000000
__size_of_printf                (abs)        000000
__size_of_putch                 (abs)        000000
__size_of_setYX_LCD             (abs)        000000
__size_of_test_routine          (abs)        000000
__size_of_uart_init             (abs)        000000
__size_of_update_focus          (abs)        000000
__size_ofi2_LCD_Off             (abs)        000000
__size_ofi2___lwdiv             (abs)        000000
__size_ofi2___lwmod             (abs)        000000
__size_ofi2_buzz                (abs)        000000
__size_ofi2_delay_nms           (abs)        000000
__size_ofi2_delaynus            (abs)        000000
__size_ofi2_display_bat         (abs)        000000
__size_ofi2_display_cmode       (abs)        000000
__size_ofi2_display_frame_abc   (abs)        000000
__size_ofi2_display_frame_de    (abs)        000000
__size_ofi2_display_frame_fghi  (abs)        000000
__size_ofi2_display_mem         (abs)        000000
__size_ofi2_display_num         (abs)        000000
__size_ofi2_ee_WriteBytes       (abs)        000000
__size_ofi2_get_AD_vaule        (abs)        000000
__size_ofi2_i2c_Delay           (abs)        000000
__size_ofi2_i2c_SendByte        (abs)        000000
__size_ofi2_i2c_Start           (abs)        000000
__size_ofi2_i2c_Stop            (abs)        000000
__size_ofi2_i2c_WaitAck         (abs)        000000
__size_ofi2_printf              (abs)        000000
__size_ofi2_putch               (abs)        000000
__size_ofi2_setYX_LCD           (abs)        000000
__smallconst                    smallconst   000000
_action_btn_cnt                 bssCOMRAM    00000B
_ann                            bssCOMRAM    000011
_bat00_m                        mediumconst  007E76
_bat100_m                       mediumconst  007D90
_bat20_m                        mediumconst  007E48
_bat40_m                        mediumconst  007E1A
_bat60_m                        mediumconst  007DEC
_bat80_m                        mediumconst  007DBE
_bat_vol                        bssCOMRAM    000005
_bat_x_m                        bssCOMRAM    000007
_blank_m                        mediumconst  007478
_blink_mode                     text12       001D24
_buzz                           text41       00607A
_bv                             bssCOMRAM    00000F
_c_m                            mediumconst  00744A
_c_routine                      text9        0032D0
_check_acting                   text8        005658
_check_bat                      text6        005D54
_clear_screen                   text82       005D0C
_cnt_ma                         bssBANK1     000130
_cnt_mb                         bssBANK1     00012C
_cnt_mb_sa                      bssBANK1     000124
_cnt_mb_sb                      bssBANK1     000120
_cnta_mb                        bssCOMRAM    00000D
_cntb_mb                        bssBANK0     0000FE
_config_LCD                     text84       005376
_css                            bssCOMRAM    000022
_cur_edge                       bssCOMRAM    00002C
_cur_state_phb_ma               bssCOMRAM    000031
_cv                             dataCOMRAM   000059
_delay                          text60       005C78
_delay_nms                      text42       005B3C
_delay_pwm                      text10       005FD2
_delaynus                       text40       00603E
_display_bat                    text23       002DEC
_display_bat_blank              text7        003FD8
_display_blank_mode_pa          text14       004366
_display_cmode                  text33       004966
_display_drop                   text32       0047E6
_display_drops                  text31       004666
_display_frame_abc              text30       003BF4
_display_frame_de               text21       000012
_display_frame_fghi             text29       001694
_display_logo                   text81       005960
_display_mem                    text26       0044E6
_display_n_blank                text13       000A0C
_display_num                    text28       0012DA
_dpowers                        mediumconst  0074A6
_drop_m                         mediumconst  0073EE
_drops_m                        mediumconst  00741C
_drops_routine                  text5        002B6E
_dv                             dataCOMRAM   000057
_ee_WriteBytes                  text54       005C2C
_enter_sleep                    text4        0056E6
_flag                           bssCOMRAM    00001F
_flag_action                    bssCOMRAM    000026
_flag_action_button             bssCOMRAM    000025
_flag_blink                     bssCOMRAM    00002F
_flag_do_reset_in_drops_mode    bssCOMRAM    000024
_flag_go_to_sleep               dataCOMRAM   000061
_flag_inject                    bssCOMRAM    00002A
_flag_inject_sa                 bssCOMRAM    000029
_flag_inject_sb                 bssCOMRAM    000028
_flag_mreset                    dataCOMRAM   000062
_flag_mreset_hit_lp             bssCOMRAM    00002B
_flag_power_up                  bssCOMRAM    00002E
_flag_push                      bssCOMRAM    000027
_flag_test_mode_break           bssCOMRAM    000015
_flag_tv                        dataCOMRAM   00005D
_flag_wake_up                   dataCOMRAM   000060
_flip                           bssCOMRAM    000018
_focus                          bssCOMRAM    000019
_get_AD_vaule                   text24       005770
_hg_op                          bssBANK0     0000C0
_hg_reset                       text3        002610
_hs                             bssBANK0     0000FC
_i2c_CfgGpio                    text53       006132
_i2c_Delay                      text59       00618A
_i2c_SendByte                   text58       005D9A
_i2c_Start                      text57       0060CA
_i2c_Stop                       text56       00614C
_i2c_WaitAck                    text55       005FA8
_init_menu                      text45       004AE6
_initial_para_setting           text2        005EA4
_initial_ui_setting             text71       005064
_logo_eme                       mediumconst  0074B0
_ls                             bssBANK1     00013C
_main                           text0        0055B6
_mbcnt                          bssBANK1     000134
_mem_m                          mediumconst  0073C0
_menu                           bssBANK0     000080
_menu0_MsgHandlle               text27       002048
_menu1_MsgHandlle               text25       005500
_menu2_MsgHandlle               text22       00544A
_menu3_MsgHandlle               text20       003064
_menu4_MsgHandlle               text19       003E08
_menu5_MsgHandlle               text18       0039C0
_menu6_MsgHandlle               text17       000E96
_menu7_MsgHandlle               (abs)        000000
_ms                             dataCOMRAM   00005F
_msleep                         bssBANK1     000128
_n_0_m                          mediumconst  007D57
_n_100_m                        mediumconst  007AE4
_n_10_m                         mediumconst  007B56
_n_13_m                         mediumconst  007B1D
_n_150_m                        mediumconst  007A72
_n_1P5_m                        mediumconst  007CE5
_n_1_m                          mediumconst  007D1E
_n_200_m                        mediumconst  007AAB
_n_250_m                        mediumconst  007A00
_n_2P5_m                        mediumconst  007CAC
_n_2_m                          mediumconst  007C73
_n_300_m                        mediumconst  007A39
_n_3_m                          mediumconst  007C3A
_n_4_m                          mediumconst  007C01
_n_5_m                          mediumconst  007B8F
_n_6_m                          mediumconst  007BC8
_n_blank_m                      mediumconst  007351
_n_x_m                          bssCOMRAM    000009
_needle_len                     dataCOMRAM   00005B
_old_c                          bssCOMRAM    00001D
_page                           bssCOMRAM    000020
_prev_edge                      bssCOMRAM    00002D
_prev_state_phb_ma              bssCOMRAM    000030
_printf                         text36       004F10
_ptna_frame                     mediumconst  00738A
_ptnd_frame                     mediumconst  0072C1
_ptne_frame                     mediumconst  007231
_ptnf_frame                     mediumconst  007970
_ptng_frame                     mediumconst  0078E0
_ptnh_frame                     mediumconst  007850
_ptni_frame                     mediumconst  0077C0
_ptnx_frame                     bssCOMRAM    000003
_putch                          text37       006108
_rcnt                           bssCOMRAM    000021
_read_buf                       bssBANK3     000300
_setYX_LCD                      text34       005AE2
_ss                             bssCOMRAM    000023
_test_mode                      bssCOMRAM    000032
_test_routine                   text1        00352C
_tflag                          dataCOMRAM   00005C
_tmcnt                          bssBANK1     00011C
_ttte                           bssCOMRAM    00001C
_tv_cnt                         bssCOMRAM    00001E
_tv_s                           bssBANK1     000100
_tva                            bssBANK1     000138
_tvb                            bssBANK1     000136
_uart_init                      text44       006116
_update_focus                   text16       0057F0
_work_mode                      bssCOMRAM    000017
_work_mode_choice               bssCOMRAM    000016
_write_buf                      bssBANK2     000200
_xn                             bssCOMRAM    000013
_xtt                            bssBANK1     00013A
btemp                           temp         000063
c_routine@cnt_push              cstackBANK1  000156
check_bat@bat_flip              dataCOMRAM   00005E
clear_screen@col                cstackCOMRAM 00003F
clear_screen@page               cstackCOMRAM 000040
delay@i                         cstackBANK1  000140
delay@j                         cstackBANK1  000142
delay@x                         cstackBANK1  00013E
delay_nms@i                     cstackBANK1  000142
delay_nms@n                     cstackBANK1  00013E
delay_pwm@n                     cstackBANK1  000144
delaynus@n                      cstackBANK1  00013E
display_bat@mode                cstackBANK1  00014B
display_bat@temp                cstackBANK1  00014F
display_bat@tori                cstackBANK1  00014E
display_bat@x                   cstackBANK1  00014A
display_bat_blank@mode          cstackBANK1  00014B
display_bat_blank@temp          cstackBANK1  00014F
display_bat_blank@tori          cstackBANK1  00014E
display_bat_blank@x             cstackBANK1  00014A
display_blank_mode_pa@mode      cstackBANK1  00014B
display_blank_mode_pa@temp      cstackBANK1  00014D
display_blank_mode_pa@tori      cstackBANK1  00014C
display_blank_mode_pa@x         cstackBANK1  00014A
display_cmode@mode              cstackBANK1  00014B
display_cmode@temp              cstackBANK1  00014D
display_cmode@tori              cstackBANK1  00014C
display_cmode@x                 cstackBANK1  00014A
display_drop@mode               cstackBANK1  00014B
display_drop@temp               cstackBANK1  00014D
display_drop@tori               cstackBANK1  00014C
display_drop@x                  cstackBANK1  00014A
display_drops@mode              cstackBANK1  00014B
display_drops@temp              cstackBANK1  00014D
display_drops@tori              cstackBANK1  00014C
display_drops@x                 cstackBANK1  00014A
display_frame_abc@mode          cstackBANK1  00014B
display_frame_abc@temp          cstackBANK1  00014D
display_frame_abc@tori          cstackBANK1  00014C
display_frame_abc@x             cstackBANK1  00014A
display_frame_de@mode           cstackBANK1  00014B
display_frame_de@temp           cstackBANK1  00014E
display_frame_de@tori           cstackBANK1  00014C
display_frame_de@x              cstackBANK1  00014A
display_frame_de@y              cstackBANK1  00014D
display_frame_fghi@mode         cstackBANK1  00014B
display_frame_fghi@temp         cstackBANK1  000150
display_frame_fghi@tori         cstackBANK1  00014E
display_frame_fghi@x            cstackBANK1  00014A
display_frame_fghi@y            cstackBANK1  00014F
display_logo@col                cstackCOMRAM 000041
display_logo@page               cstackCOMRAM 000042
display_mem@mode                cstackBANK1  00014B
display_mem@temp                cstackBANK1  00014D
display_mem@tori                cstackBANK1  00014C
display_mem@x                   cstackBANK1  00014A
display_n_blank@mode            cstackBANK1  00014B
display_n_blank@temp            cstackBANK1  00014E
display_n_blank@tori            cstackBANK1  00014D
display_n_blank@x               cstackBANK1  00014A
display_n_blank@y               cstackBANK1  00014C
display_num@mode                cstackBANK1  00014B
display_num@temp                cstackBANK1  000150
display_num@tori                cstackBANK1  00014E
display_num@x                   cstackBANK1  00014A
display_num@y                   cstackBANK1  00014F
drops_routine@cnt_push          cstackBANK1  000158
ee_WriteBytes@_pWriteBuf        cstackBANK1  000140
ee_WriteBytes@_usAddress        cstackBANK1  000142
ee_WriteBytes@_usSize           cstackBANK1  000143
ee_WriteBytes@m                 cstackBANK1  000145
ee_WriteBytes@usAddr            cstackBANK1  000147
end_of_initialization           cinit        0058DA
enter_sleep@temp                cstackBANK1  000156
get_AD_vaule@hv                 cstackBANK1  000146
get_AD_vaule@lv                 cstackBANK1  000147
get_AD_vaule@rv                 cstackBANK1  000144
get_AD_vaule@ts                 cstackBANK1  000143
i2_LCD_Off                      text70       006182
i2___lwdiv                      text67       005B8E
i2___lwdiv@counter              cstackCOMRAM 000039
i2___lwdiv@dividend             cstackCOMRAM 000033
i2___lwdiv@divisor              cstackCOMRAM 000035
i2___lwdiv@quotient             cstackCOMRAM 000037
i2___lwmod                      text66       005E24
i2___lwmod@counter              cstackCOMRAM 00003E
i2___lwmod@dividend             cstackCOMRAM 00003A
i2___lwmod@divisor              cstackCOMRAM 00003C
i2_buzz                         text68       006096
i2_delay_nms                    text69       005E66
i2_delaynus                     text80       0060B0
i2_display_bat                  text78       003786
i2_display_cmode                text77       004DBA
i2_display_frame_abc            text76       0041A4
i2_display_frame_de             text75       00055C
i2_display_frame_fghi           text74       002334
i2_display_mem                  text73       004C64
i2_display_num                  text72       0019E0
i2_ee_WriteBytes                text85       005CC2
i2_get_AD_vaule                 text79       005A26
i2_i2c_Delay                    text90       00618C
i2_i2c_SendByte                 text89       005EDE
i2_i2c_Start                    text88       0060E0
i2_i2c_Stop                     text87       006164
i2_i2c_WaitAck                  text86       005FF8
i2_printf                       text64       005184
i2_putch                        text65       006158
i2_setYX_LCD                    text83       005DE0
i2c_SendByte@_ucByte            cstackBANK1  00013E
i2c_SendByte@i                  cstackBANK1  00013F
i2c_WaitAck@re                  cstackBANK1  00013E
i2delay_nms@i                   cstackCOMRAM 000037
i2delay_nms@n                   cstackCOMRAM 000033
i2delaynus@n                    cstackCOMRAM 000033
i2display_bat@mode              cstackCOMRAM 000040
i2display_bat@temp              cstackCOMRAM 000044
i2display_bat@tori              cstackCOMRAM 000043
i2display_bat@x                 cstackCOMRAM 00003F
i2display_cmode@mode            cstackCOMRAM 000040
i2display_cmode@temp            cstackCOMRAM 000042
i2display_cmode@tori            cstackCOMRAM 000041
i2display_cmode@x               cstackCOMRAM 00003F
i2display_frame_abc@mode        cstackCOMRAM 000040
i2display_frame_abc@temp        cstackCOMRAM 000042
i2display_frame_abc@tori        cstackCOMRAM 000041
i2display_frame_abc@x           cstackCOMRAM 00003F
i2display_frame_de@mode         cstackCOMRAM 000040
i2display_frame_de@temp         cstackCOMRAM 000043
i2display_frame_de@tori         cstackCOMRAM 000041
i2display_frame_de@x            cstackCOMRAM 00003F
i2display_frame_de@y            cstackCOMRAM 000042
i2display_frame_fghi@mode       cstackCOMRAM 000040
i2display_frame_fghi@temp       cstackCOMRAM 000045
i2display_frame_fghi@tori       cstackCOMRAM 000043
i2display_frame_fghi@x          cstackCOMRAM 00003F
i2display_frame_fghi@y          cstackCOMRAM 000044
i2display_mem@mode              cstackCOMRAM 000040
i2display_mem@temp              cstackCOMRAM 000042
i2display_mem@tori              cstackCOMRAM 000041
i2display_mem@x                 cstackCOMRAM 00003F
i2display_num@mode              cstackCOMRAM 000040
i2display_num@temp              cstackCOMRAM 000045
i2display_num@tori              cstackCOMRAM 000043
i2display_num@x                 cstackCOMRAM 00003F
i2display_num@y                 cstackCOMRAM 000044
i2ee_WriteBytes@_pWriteBuf      cstackCOMRAM 000035
i2ee_WriteBytes@_usAddress      cstackCOMRAM 000037
i2ee_WriteBytes@_usSize         cstackCOMRAM 000038
i2ee_WriteBytes@m               cstackCOMRAM 00003A
i2ee_WriteBytes@usAddr          cstackCOMRAM 00003C
i2get_AD_vaule@hv               cstackCOMRAM 00003B
i2get_AD_vaule@lv               cstackCOMRAM 00003C
i2get_AD_vaule@rv               cstackCOMRAM 000039
i2get_AD_vaule@ts               cstackCOMRAM 000038
i2i2c_SendByte@_ucByte          cstackCOMRAM 000033
i2i2c_SendByte@i                cstackCOMRAM 000034
i2i2c_WaitAck@re                cstackCOMRAM 000033
i2printf@ap                     cstackCOMRAM 000042
i2printf@c                      cstackCOMRAM 000048
[...]
		_initial_ui_setting
 This function uses a non-reentrant model


 *************** function _display_logo *****************
 Defined at:
		line 3154 in file "../Oled.c"
 Parameters:    Size  Location     Type
		None
 Auto vars:     Size  Location     Type
  page            1   15[COMRAM] unsigned char 
  col             1   14[COMRAM] unsigned char 
 Return value:  Size  Location     Type
                  1    wreg      void 
 Registers used:
		wreg, fsr0l, fsr0h, status,2, status,0, tblptrl, tblptrh, tblptru, prodl, prodh, cstack
 Tracked objects:
		On entry : 
		On exit  : 
		Unchanged: 
 Data sizes:     COMRAM   BANK0   BANK1   BANK2   BANK3   BANK4   BANK5
      Params:         0       0       0       0       0       0       0
      Locals:         2       0       0       0       0       0       0
      Temps:          2       0       0       0       0       0       0
      Totals:         4       0       0       0       0       0       0
Total ram usage:        4 bytes
 Hardware stack levels used:    1
 Hardware stack levels required when called:    4
 This function calls:
		i2_ee_WriteBytes
		i2_setYX_LCD
 This function is called by:
		_initial_ui_setting
 This function uses a non-reentrant model


 *************** function _clear_screen *****************
 Defined at:
		line 3176 in file "../Oled.c"
 Parameters:    Size  Location     Type
		None
 Auto vars:     Size  Location     Type
  page            1   13[COMRAM] unsigned char 
  col             1   12[COMRAM] unsigned char 
 Return value:  Size  Location     Type
                  1    wreg      unsigned char 
 Registers used:
		wreg, fsr0l, fsr0h, status,2, status,0, tblptrl, tblptrh, tblptru, cstack
 Tracked objects:
		On entry : 
		On exit  : 
		Unchanged: 
 Data sizes:     COMRAM   BANK0   BANK1   BANK2   BANK3   BANK4   BANK5
      Params:         0       0       0       0       0       0       0
      Locals:         2       0       0       0       0       0       0
      Temps:          0       0       0       0       0       0       0
      Totals:         2       0       0       0       0       0       0
Total ram usage:        2 bytes
 Hardware stack levels used:    1
 Hardware stack levels required when called:    4
 This function calls:
		i2_ee_WriteBytes
		i2_setYX_LCD
 This function is called by:
		_initial_ui_setting
 This function uses a non-reentrant model


 *************** function i2_setYX_LCD *****************
 Defined at:
		line 601 in file "../Oled.c"
 Parameters:    Size  Location     Type
  py              1    wreg     unsigned char 
  px              1   10[COMRAM] unsigned char 
 Auto vars:     Size  Location     Type
  py              1   11[COMRAM] unsigned char 
 Return value:  Size  Location     Type
                  1    wreg      unsigned char 
 Registers used:
		wreg, fsr0l, fsr0h, status,2, status,0, tblptrl, tblptrh, tblptru, cstack
 Tracked objects:
		On entry : 
		On exit  : 
		Unchanged: 
 Data sizes:     COMRAM   BANK0   BANK1   BANK2   BANK3   BANK4   BANK5
      Params:         1       0       0       0       0       0       0
      Locals:         1       0       0       0       0       0       0
      Temps:          0       0       0       0       0       0       0
      Totals:         2       0       0       0       0       0       0
Total ram usage:        2 bytes
 Hardware stack levels used:    1
 Hardware stack levels required when called:    3
 This function calls:
		i2_ee_WriteBytes
 This function is called by:
		_display_logo
		_clear_screen
		i2_display_num
		i2_display_bat
		i2_display_mem
		i2_display_cmode
		i2_display_frame_abc
		i2_display_frame_de
		i2_display_frame_fghi
 This function uses a non-reentrant model


 *************** function _config_LCD *****************
 Defined at:
		line 3282 in file "../Oled.c"
 Parameters:    Size  Location     Type
		None
 Auto vars:     Size  Location     Type
		None
 Return value:  Size  Location     Type
                  1    wreg      void 
 Registers used:
		wreg, fsr0l, fsr0h, status,2, status,0, tblptrl, tblptrh, tblptru, cstack
 Tracked objects:
		On entry : 
		On exit  : 
		Unchanged: 
 Data sizes:     COMRAM   BANK0   BANK1   BANK2   BANK3   BANK4   BANK5
      Params:         0       0       0       0       0       0       0
      Locals:         0       0       0       0       0       0       0
      Temps:          0       0       0       0       0       0       0
      Totals:         0       0       0       0       0       0       0
Total ram usage:        0 bytes
 Hardware stack levels used:    1
 Hardware stack levels required when called:    3
 This function calls:
		i2_ee_WriteBytes
 This function is called by:
		_ISR
 This function uses a non-reentrant model


 *************** function i2_ee_WriteBytes *****************
 Defined at:
		line 483 in file "../Oled.c"
 Parameters:    Size  Location     Type
  _pWriteBuf      2    2[COMRAM] PTR unsigned char 
		 -> logo_eme(784), display_frame_fghi@temp(1), display_frame_de@temp(1), display_frame_abc@temp(1), 
		 -> display_drop@temp(1), display_drops@temp(1), display_cmode@temp(1), display_blank_mode_pa@temp(1), 
		 -> display_mem@temp(1), display_bat@temp(1), display_bat_blank@temp(1), display_num@temp(1), 
		 -> display_n_blank@temp(1), write_buf(256), 
  _usAddress      1    4[COMRAM] unsigned char 
  _usSize         2    5[COMRAM] unsigned int 
 Auto vars:     Size  Location     Type
  ee_WriteByte    2    7[COMRAM] unsigned int 
  ee_WriteByte    2    0        unsigned int 
  ee_WriteByte    1    9[COMRAM] unsigned char 
 Return value:  Size  Location     Type
                  1    wreg      unsigned char 
 Registers used:
		wreg, fsr0l, fsr0h, status,2, status,0, tblptrl, tblptrh, tblptru, cstack
 Tracked objects:
		On entry : 
		On exit  : 
		Unchanged: 
 Data sizes:     COMRAM   BANK0   BANK1   BANK2   BANK3   BANK4   BANK5
      Params:         5       0       0       0       0       0       0
      Locals:         3       0       0       0       0       0       0
      Temps:          0       0       0       0       0       0       0
      Totals:         8       0       0       0       0       0       0
Total ram usage:        8 bytes
 Hardware stack levels used:    1
 Hardware stack levels required when called:    2
 This function calls:
		i2_i2c_SendByte
		i2_i2c_Start
		i2_i2c_Stop
		i2_i2c_WaitAck
 This function is called by:
		_display_logo
		_clear_screen
		_config_LCD
		_ISR
		i2_setYX_LCD
		i2_display_num
		i2_display_bat
		i2_display_mem
		i2_display_cmode
		i2_display_frame_abc
		i2_display_frame_de
		i2_display_frame_fghi
 This function uses a non-reentrant model


 *************** function i2_i2c_WaitAck *****************
 Defined at:
		line 155 in file "../Oled.c"
 Parameters:    Size  Location     Type
		None
 Auto vars:     Size  Location     Type
  i2c_WaitAck     1    0[COMRAM] unsigned char 
 Return value:  Size  Location     Type
                  1    wreg      unsigned char 
 Registers used:
		wreg, status,2, cstack
 Tracked objects:
		On entry : 
		On exit  : 
		Unchanged: 
 Data sizes:     COMRAM   BANK0   BANK1   BANK2   BANK3   BANK4   BANK5
      Params:         0       0       0       0       0       0       0
      Locals:         1       0       0       0       0       0       0
      Temps:          0       0       0       0       0       0       0
      Totals:         1       0       0       0       0       0       0
Total ram usage:        1 bytes
 Hardware stack levels used:    1
 Hardware stack levels required when called:    1
 This function calls:
		i2_i2c_Delay
 This function is called by:
		i2_ee_WriteBytes
 This function uses a non-reentrant model


 *************** function i2_i2c_Stop *****************
 Defined at:
		line 87 in file "../Oled.c"
 Parameters:    Size  Location     Type
		None
 Auto vars:     Size  Location     Type
		None
 Return value:  Size  Location     Type
                  1    wreg      void 
 Registers used:
		cstack
 Tracked objects:
		On entry : 
		On exit  : 
		Unchanged: 
 Data sizes:     COMRAM   BANK0   BANK1   BANK2   BANK3   BANK4   BANK5
      Params:         0       0       0       0       0       0       0
      Locals:         0       0       0       0       0       0       0
      Temps:          0       0       0       0       0       0       0
      Totals:         0       0       0       0       0       0       0
Total ram usage:        0 bytes
 Hardware stack levels used:    1
 Hardware stack levels required when called:    1
 This function calls:
		i2_i2c_Delay
 This function is called by:
		i2_ee_WriteBytes
 This function uses a non-reentrant model


 *************** function i2_i2c_Start *****************
 Defined at:
		line 74 in file "../Oled.c"
 Parameters:    Size  Location     Type
		None
 Auto vars:     Size  Location     Type
		None
 Return value:  Size  Location     Type
                  1    wreg      void 
 Registers used:
		cstack
 Tracked objects:
		On entry : 
		On exit  : 
		Unchanged: 
 Data sizes:     COMRAM   BANK0   BANK1   BANK2   BANK3   BANK4   BANK5
      Params:         0       0       0       0       0       0       0
      Locals:         0       0       0       0       0       0       0
      Temps:          0       0       0       0       0       0       0
      Totals:         0       0       0       0       0       0       0
Total ram usage:        0 bytes
 Hardware stack levels used:    1
 Hardware stack levels required when called:    1
 This function calls:
		i2_i2c_Delay
 This function is called by:
		i2_ee_WriteBytes
 This function uses a non-reentrant model


 *************** function i2_i2c_SendByte *****************
 Defined at:
		line 97 in file "../Oled.c"
 Parameters:    Size  Location     Type
  _ucByte         1    wreg     unsigned char 
 Auto vars:     Size  Location     Type
  _ucByte         1    0[COMRAM] unsigned char 
  i2c_SendByte    1    1[COMRAM] unsigned char 
 Return value:  Size  Location     Type
                  1    wreg      void 
 Registers used:
		wreg, status,2, status,0, cstack
 Tracked objects:
		On entry : 
		On exit  : 
		Unchanged: 
 Data sizes:     COMRAM   BANK0   BANK1   BANK2   BANK3   BANK4   BANK5
      Params:         0       0       0       0       0       0       0
      Locals:         2       0       0       0       0       0       0
      Temps:          0       0       0       0       0       0       0
      Totals:         2       0       0       0       0       0       0
Total ram usage:        2 bytes
 Hardware stack levels used:    1
 Hardware stack levels required when called:    1
 This function calls:
		i2_i2c_Delay
 This function is called by:
		i2_ee_WriteBytes
 This function uses a non-reentrant model


 *************** function i2_i2c_Delay *****************
 Defined at:
		line 62 in file "../Oled.c"
 Parameters:    Size  Location     Type
		None
 Auto vars:     Size  Location     Type
  i2c_Delay       4    0        unsigned long 
 Return value:  Size  Location     Type
                  1    wreg      void 
 Registers used:
		None
 Tracked objects:
		On entry : 
		On exit  : 
		Unchanged: 
 Data sizes:     COMRAM   BANK0   BANK1   BANK2   BANK3   BANK4   BANK5
      Params:         0       0       0       0       0       0       0
      Locals:         0       0       0       0       0       0       0
      Temps:          0       0       0       0       0       0       0
      Totals:         0       0       0       0       0       0       0
Total ram usage:        0 bytes
 Hardware stack levels used:    1
 This function calls:
		Nothing
 This function is called by:
		i2_i2c_Start
		i2_i2c_Stop
		i2_i2c_SendByte
		i2_i2c_WaitAck
 This function uses a non-reentrant model


 *************** function _LCD_On *****************
 Defined at:
		line 575 in file "../Oled.c"
 Parameters:    Size  Location     Type
		None
 Auto vars:     Size  Location     Type
		None
 Return value:  Size  Location     Type
                  1    wreg      void 
 Registers used:
		None
 Tracked objects:
		On entry : 
		On exit  : 
		Unchanged: 
 Data sizes:     COMRAM   BANK0   BANK1   BANK2   BANK3   BANK4   BANK5
      Params:         0       0       0       0       0       0       0
      Locals:         0       0       0       0       0       0       0
      Temps:          0       0       0       0       0       0       0
      Totals:         0       0       0       0       0       0       0
Total ram usage:        0 bytes
 Hardware stack levels used:    1
 This function calls:
		Nothing
 This function is called by:
		_ISR
 This function uses a non-reentrant model



MODULE INFORMATION

Module		Function		Class		Link	Load	Size
C:\Program Files (x86)\Microchip\xc8\v1.41\sources\common\lwdiv.c
		___lwdiv       		CODE           	58E8	0000	121

C:\Program Files (x86)\Microchip\xc8\v1.41\sources\common\lwdiv.c estimated size: 121

../Key.c
		_KEY_Scan      		CODE           	52A2	0000	213
		_KEY_Init      		CODE           	601E	0000	33

../Key.c estimated size: 246

C:\Program Files (x86)\Microchip\xc8\v1.41\sources\common\doprnt.c
		_printf        		CODE           	4F10	0000	341

C:\Program Files (x86)\Microchip\xc8\v1.41\sources\common\doprnt.c estimated size: 341

../gui.c
		_initial_para_setting		CODE           	5EA4	0000	59
		_menu5_MsgHandlle		CODE           	39C0	0000	565
		_menu0_MsgHandlle		CODE           	2048	0000	749
		_menu6_MsgHandlle		CODE           	0E96	0000	1093
		_init_menu     		CODE           	4AE6	0000	383
		_menu1_MsgHandlle		CODE           	5500	0000	183
		_update_focus  		CODE           	57F0	0000	127
		_blink_mode    		CODE           	1D24	0000	805
		_HG_device_init		CODE           	5F4C	0000	47
		_menu2_MsgHandlle		CODE           	544A	0000	183
		_enter_sleep   		CODE           	56E6	0000	139
		_menu3_MsgHandlle		CODE           	3064	0000	621
		_HG_interface  		CODE           	5A88	0000	91
		_menu4_MsgHandlle		CODE           	3E08	0000	465

../gui.c estimated size: 5510

C:\Program Files (x86)\Microchip\xc8\v1.41\sources\common\Umul16.c
		___wmul        		CODE           	5F16	0000	55

C:\Program Files (x86)\Microchip\xc8\v1.41\sources\common\Umul16.c estimated size: 55

../Timer.c
		_TimerInit     		CODE           	605C	0000	31
		_ISR           		CODE           	0008	0000	693
		_Timer1Init    		CODE           	6124	0000	15
		_delaynus      		CODE           	603E	0000	31

../Timer.c estimated size: 770

../Oled.c
		_delay         		CODE           	5C78	0000	75
		_AD_init       		CODE           	60F6	0000	19
		_display_mem   		CODE           	44E6	0000	385
		_display_bat   		CODE           	2DEC	0000	633
		_display_num   		CODE           	12DA	0000	955
		_i2c_CfgGpio   		CODE           	6132	0000	15
		_setYX_LCD     		CODE           	5AE2	0000	91
		_display_logo  		CODE           	5960	0000	101
		_display_drop  		CODE           	47E6	0000	385
		_display_frame_de		CODE           	0012	0000	1355
		_i2c_Stop      		CODE           	614C	0000	13
		_LCD_Off       		CODE           	617E	0000	5
		_display_frame_abc		CODE           	3BF4	0000	533
		_i2c_WaitAck   		CODE           	5FA8	0000	43
		_display_cmode 		CODE           	4966	0000	385
		_display_drops 		CODE           	4666	0000	385
		_initial_ui_setting		CODE           	5064	0000	289
		_display_bat_blank		CODE           	3FD8	0000	461
		_i2c_Delay     		CODE           	618A	0000	3
		_i2c_SendByte  		CODE           	5D9A	0000	71
		_delay_nms     		CODE           	5B3C	0000	83
		_get_AD_vaule  		CODE           	5770	0000	129
		_LCD_backlight_init		CODE           	617A	0000	5
		_ee_WriteBytes 		CODE           	5C2C	0000	77
		_Initial_LY096BG30		CODE           	5BE0	0000	77
		_clear_screen  		CODE           	5D0C	0000	73
		_i2c_Start     		CODE           	60CA	0000	23
		_display_frame_fghi		CODE           	1694	0000	845
		_display_n_blank		CODE           	0A0C	0000	1163
		_check_bat     		CODE           	5D54	0000	71
		_LCD_On        		CODE           	6186	0000	5
		_delay_pwm     		CODE           	5FD2	0000	39
		_config_LCD    		CODE           	5376	0000	213
		_display_blank_mode_pa		CODE           	4366	0000	385

../Oled.c estimated size: 9390

../Main.c
		_main          		CODE           	55B6	0000	163

../Main.c estimated size: 163

shared
		_mem_m         		MEDIUMCONST    	73C0	0000	47
		i2_ee_WriteBytes		CODE           	5CC2	0000	75
		i2_printf      		CODE           	5184	0000	287
		i2_i2c_Delay   		CODE           	618C	0000	3
		_ptne_frame    		MEDIUMCONST    	7231	0000	145
		_n_1P5_m       		MEDIUMCONST    	7CE5	0000	58
		_n_2P5_m       		MEDIUMCONST    	7CAC	0000	58
		i2_display_frame_abc		CODE           	41A4	0000	451
		i2_putch       		CODE           	6158	0000	13
		_ptnf_frame    		MEDIUMCONST    	7970	0000	145
		_blank_m       		MEDIUMCONST    	7478	0000	47
		i2_display_cmode		CODE           	4DBA	0000	343
		i2_i2c_WaitAck 		CODE           	5FF8	0000	39
		_ptng_frame    		MEDIUMCONST    	78E0	0000	145
		_bat00_m       		MEDIUMCONST    	7E76	0000	47
		_dpowers       		MEDIUMCONST    	74A6	0000	11
		i2___lwdiv     		CODE           	5B8E	0000	83
		_n_0_m         		MEDIUMCONST    	7D57	0000	58
		_ptnh_frame    		MEDIUMCONST    	7850	0000	145
		_n_1_m         		MEDIUMCONST    	7D1E	0000	58
		i2_i2c_Stop    		CODE           	6164	0000	13
		_n_2_m         		MEDIUMCONST    	7C73	0000	58
		i2_i2c_Start   		CODE           	60E0	0000	23
		_n_10_m        		MEDIUMCONST    	7B56	0000	58
		_ptni_frame    		MEDIUMCONST    	77C0	0000	145
		_n_3_m         		MEDIUMCONST    	7C3A	0000	58
		_bat20_m       		MEDIUMCONST    	7E48	0000	47
		i2_get_AD_vaule		CODE           	5A26	0000	99
		_n_4_m         		MEDIUMCONST    	7C01	0000	58
		_drops_m       		MEDIUMCONST    	741C	0000	47
		_n_100_m       		MEDIUMCONST    	7AE4	0000	58
		i2_LCD_Off     		CODE           	6182	0000	5
		i2___lwmod     		CODE           	5E24	0000	67
		i2_setYX_LCD   		CODE           	5DE0	0000	69
		_n_5_m         		MEDIUMCONST    	7B8F	0000	58
		_n_200_m       		MEDIUMCONST    	7AAB	0000	58
		__initialization		CODE           	586E	0000	109
		i2_display_frame_fghi		CODE           	2334	0000	733
		_n_6_m         		MEDIUMCONST    	7BC8	0000	58
		_bat100_m      		MEDIUMCONST    	7D90	0000	47
		_n_300_m       		MEDIUMCONST    	7A39	0000	58
		_bat40_m       		MEDIUMCONST    	7E1A	0000	47
		i2_i2c_SendByte		CODE           	5EDE	0000	57
		_n_13_m        		MEDIUMCONST    	7B1D	0000	58
		_logo_eme      		MEDIUMCONST    	74B0	0000	785
		_ptna_frame    		MEDIUMCONST    	738A	0000	55
		_bat60_m       		MEDIUMCONST    	7DEC	0000	47
		i2_display_mem 		CODE           	4C64	0000	343
		i2_display_bat 		CODE           	3786	0000	571
		i2_display_num 		CODE           	19E0	0000	837
		_drop_m        		MEDIUMCONST    	73EE	0000	47
		_c_m           		MEDIUMCONST    	744A	0000	47
		_n_150_m       		MEDIUMCONST    	7A72	0000	58
		i2_delaynus    		CODE           	60B0	0000	27
		i2_delay_nms   		CODE           	5E66	0000	63
		_n_250_m       		MEDIUMCONST    	7A00	0000	58
		i2_buzz        		CODE           	6096	0000	27
		_bat80_m       		MEDIUMCONST    	7DBE	0000	47
		_n_blank_m     		MEDIUMCONST    	7351	0000	58
		i2_display_frame_de		CODE           	055C	0000	1201
		_ptnd_frame    		MEDIUMCONST    	72C1	0000	145

shared estimated size: 8762

C:\Program Files (x86)\Microchip\xc8\v1.41\sources\common\lwmod.c
		___lwmod       		CODE           	59C4	0000	99

C:\Program Files (x86)\Microchip\xc8\v1.41\sources\common\lwmod.c estimated size: 99

../Beep.c
		_putch         		CODE           	6108	0000	15
		_buzz          		CODE           	607A	0000	29
		_uart_init     		CODE           	6116	0000	15
		_BeepInit      		CODE           	6170	0000	11

../Beep.c estimated size: 70

../MotorDrive.c
		_drops_routine 		CODE           	2B6E	0000	639
		_check_acting  		CODE           	5658	0000	143
		_test_routine  		CODE           	352C	0000	603
		_MotorDriveInit		CODE           	5F7A	0000	47
		_hg_reset      		CODE           	2610	0000	689
		_c_routine     		CODE           	32D0	0000	605

../MotorDrive.c estimated size: 2726

