Microchip MPLAB XC8 Compiler V1.41 ()

Linker command line:

-W-3 --edf=C:\Program Files (x86)\Microchip\xc8\v1.41\dat\en_msgs.txt -cs \
  -h+dist/default/production\hgun.X.production.sym \
  --cmf=dist/default/production\hgun.X.production.cmf -z -Q18F4520 \
  -oC:\Users\ADMINI~1\AppData\Local\Temp\si2g.2 \
  -Mdist/default/production/hgun.X.production.map -E1 -ver=XC8 \
  -ASTACK=031Ch-05ffh -pstack=STACK -ACODE=00h-07FFFh -ACONST=00h-07FFFh \
  -ASMALLCONST=0600h-06FFhx122 -AMEDIUMCONST=0600h-07FFFh -ACOMRAM=01h-07Fh \
  -AABS1=00h-05FFh -ABIGRAM=01h-05FFh -ARAM=080h-0FFh,0100h-01FFhx5 \
  -ABANK0=080h-0FFh -ABANK1=0100h-01FFh -ABANK2=0200h-02FFh \
  -ABANK3=0300h-03FFh -ABANK4=0400h-04FFh -ABANK5=0500h-05FFh \
  -ASFR=0F80h-0FFFh -preset_vec=00h,intcode=08h,intcodelo,powerup,init \
  -pramtop=0600h -psmallconst=SMALLCONST -pmediumconst=MEDIUMCONST \
  -pconst=CONST -AFARRAM=00h-00h -ACONFIG=0300000h-030000Dh -pconfig=CONFIG \
  -AIDLOC=0200000h-0200007h -pidloc=IDLOC -AEEDATA=0F00000h-0F000FFh \
  -peeprom_data=EEDATA \
  -prdata=COMRAM,nvrram=COMRAM,nvbit=COMRAM,rbss=COMRAM,rbit=COMRAM \
  -pfarbss=FARRAM,fardata=FARRAM,nvFARRAM=FARRAM \
  -pintsave_regs=BIGRAM,bigbss=BIGRAM,bigdata=BIGRAM -pbss=RAM \
  -pidata=CODE,irdata=CODE,ibigdata=CODE,ifardata=CODE -prparam=COMRAM \
  C:\Users\ADMINI~1\AppData\Local\Temp\si2g.obj \
  dist/default/production\hgun.X.production.obj 

Object code version is 3.11

Machine type is 18F4520

Call graph: (short form)




                Name                               Link     Load   Length Selector   Space Scale
C:\Users\ADMINI~1\AppData\Local\Temp\si2g.obj
                init                                  E        E        4        4       0
                reset_vec                             0        0        4        0       0
                idloc                            200000   200000        8   200000       0
                config                           300000   300000        E   300000       0
dist/default/production\hgun.X.production.obj
                intcode                               8        8        6        4       0
                temp                                 62       62        1        1       1
                mediumconst                        7310     7310      CF0     3988       0
                text85                             5D5A     5D5A        4        4       0
                text84                             5D60     5D60        2        4       0
                text83                             5A98     5A98       38        4       0
                text82                             5CB6     5CB6       16        4       0
                text81                             5D2E     5D2E        C        4       0
                text80                             5BB0     5BB0       26        4       0
                text79                             58FC     58FC       4A        4       0
                text78                             59D4     59D4       44        4       0
                text77                             4992     4992      156        4       0
                text76                             1B92     1B92      404        4       0
                text75                             5D56     5D56        4        4       0
                text74                             5A5A     5A5A       3E        4       0
                text73                             5C86     5C86       1A        4       0
                text72                             50CA     50CA       D4        4       0
                text71                             483C     483C      156        4       0
                text70                             46E6     46E6      156        4       0
                text69                             5946     5946       48        4       0
                text68                             5C6C     5C6C       1A        4       0
                text67                             4590     4590      156        4       0
                text66                             443A     443A      156        4       0
                text65                             3824     3824      1C2        4       0
                text64                             12A4     12A4      4B0        4       0
                text63                             2CCA     2CCA      2DC        4       0
                text62                             55E8     55E8       64        4       0
                text61                             42E4     42E4      156        4       0
                text60                             269C     269C      344        4       0
                text59                             4EAC     4EAC      112        4       0
                text58                             5814     5814       52        4       0
                text57                             5A18     5A18       42        4       0
                text56                             5D22     5D22        C        4       0
                text55                             4D8E     4D8E      11E        4       0
                intcode_body                        D60      D60      544        4       0
                text53                             5CCC     5CCC       12        4       0
                text52                             5D3A     5D3A        A        4       0
                text51                             5D5E     5D5E        2        4       0
                text50                             598E     598E       46        4       0
                text49                             5CA0     5CA0       16        4       0
                text48                             5D16     5D16        C        4       0
                text47                             5B60     5B60       2A        4       0
                text46                             5866     5866       4C        4       0
                text45                             4FBE     4FBE      10C        4       0
                text44                             58B2     58B2       4A        4       0
                text43                             5D08     5D08        E        4       0
                text42                             5768     5768       5A        4       0
                text41                             56AE     56AE       60        4       0
                text40                             5C32     5C32       1E        4       0
                text39                             3FE6     3FE6      180        4       0
                text38                             3E66     3E66      180        4       0
                text37                             3440     3440      214        4       0
                text36                              816      816      54A        4       0
                text35                             2350     2350      34C        4       0
                text34                             5466     5466       8C        4       0
                text33                             3CE6     3CE6      180        4       0
                text32                             1F96     1F96      3BA        4       0
                text31                             4C3C     4C3C      152        4       0
                text30                             5B06     5B06       2E        4       0
                text29                             5BD6     5BD6       20        4       0
                text28                             5D52     5D52        4        4       0
                text27                             5D4E     5D4E        4        4       0
                text26                             5C14     5C14       1E        4       0
                text25                             4166     4166      17E        4       0
                text24                             5BF6     5BF6       1E        4       0
                text23                             57C2     57C2       52        4       0
                text22                             5C50     5C50       1C        4       0
                text21                             5570     5570       78        4       0
                text20                             564C     564C       62        4       0
                text19                             5CFA     5CFA        E        4       0
                text18                             4AE8     4AE8      154        4       0
                text17                             519E     519E       CE        4       0
                text16                             3B66     3B66      180        4       0
                text15                             39E6     39E6      180        4       0
                text14                             29E0     29E0      2EA        4       0
                text13                             5322     5322       B6        4       0
                text12                             526C     526C       B6        4       0
                text11                             2FA6     2FA6      268        4       0
                text10                             3654     3654      1D0        4       0
                text9                              320E     320E      232        4       0
                text8                              1754     1754      43E        4       0
                text7                              54F2     54F2       7E        4       0
                text6                              570E     570E       5A        4       0
                text5                              5B34     5B34       2C        4       0
                text4                              5CEC     5CEC        E        4       0
                text3                              5AD0     5AD0       36        4       0
                text2                              5B8A     5B8A       26        4       0
                text1                              5CDE     5CDE        E        4       0
                text0                                12       12      804        4       0
                cstackCOMRAM                         3A       3A       24        1       1
                cstackBANK0                          FF       FF        1       80       1
                cstackBANK3                         300      300       1C      300       1
                bssBANK2                            200      200      100      200       1
                bssBANK1                            100      100      100      100       1
                dataBANK0                            F8       F8        6       80       1
                bssBANK0                             80       80       78       80       1
                dataCOMRAM                           5E       5E        4        1       1
                bssCOMRAM                             1        1       39        1       1
                cinit                              53D8     53D8       8E        4       0
                nvBANK0                              FE       FE        1       80       1
                idataBANK0                         5D44     5D44        6        4       0
                idataCOMRAM                        5D4A     5D4A        4        4       0

TOTAL           Name                               Link     Load   Length     Space
        CLASS   STACK          

        CLASS   CODE           
                intcode                               8        8        6         0
                init                                  E        E        4         0
                reset_vec                             0        0        4         0
                text85                             5D5A     5D5A        4         0
                text84                             5D60     5D60        2         0
                text83                             5A98     5A98       38         0
                text82                             5CB6     5CB6       16         0
                text81                             5D2E     5D2E        C         0
                text80                             5BB0     5BB0       26         0
                text79                             58FC     58FC       4A         0
                text78                             59D4     59D4       44         0
                text77                             4992     4992      156         0
                text76                             1B92     1B92      404         0
                text75                             5D56     5D56        4         0
                text74                             5A5A     5A5A       3E         0
                text73                             5C86     5C86       1A         0
                text72                             50CA     50CA       D4         0
                text71                             483C     483C      156         0
                text70                             46E6     46E6      156         0
                text69                             5946     5946       48         0
                text68                             5C6C     5C6C       1A         0
                text67                             4590     4590      156         0
                text66                             443A     443A      156         0
                text65                             3824     3824      1C2         0
                text64                             12A4     12A4      4B0         0
                text63                             2CCA     2CCA      2DC         0
                text62                             55E8     55E8       64         0
                text61                             42E4     42E4      156         0
                text60                             269C     269C      344         0
                text59                             4EAC     4EAC      112         0
                text58                             5814     5814       52         0
                text57                             5A18     5A18       42         0
                text56                             5D22     5D22        C         0
                text55                             4D8E     4D8E      11E         0
                intcode_body                        D60      D60      544         0
                text53                             5CCC     5CCC       12         0
                text52                             5D3A     5D3A        A         0
                text51                             5D5E     5D5E        2         0
                text50                             598E     598E       46         0
                text49                             5CA0     5CA0       16         0
                text48                             5D16     5D16        C         0
                text47                             5B60     5B60       2A         0
                text46                             5866     5866       4C         0
                text45                             4FBE     4FBE      10C         0
                text44                             58B2     58B2       4A         0
                text43                             5D08     5D08        E         0
                text42                             5768     5768       5A         0
                text41                             56AE     56AE       60         0
                text40                             5C32     5C32       1E         0
                text39                             3FE6     3FE6      180         0
                text38                             3E66     3E66      180         0
                text37                             3440     3440      214         0
                text36                              816      816      54A         0
                text35                             2350     2350      34C         0
                text34                             5466     5466       8C         0
                text33                             3CE6     3CE6      180         0
                text32                             1F96     1F96      3BA         0
                text31                             4C3C     4C3C      152         0
                text30                             5B06     5B06       2E         0
                text29                             5BD6     5BD6       20         0
                text28                             5D52     5D52        4         0
                text27                             5D4E     5D4E        4         0
                text26                             5C14     5C14       1E         0
                text25                             4166     4166      17E         0
                text24                             5BF6     5BF6       1E         0
                text23                             57C2     57C2       52         0
                text22                             5C50     5C50       1C         0
                text21                             5570     5570       78         0
                text20                             564C     564C       62         0
                text19                             5CFA     5CFA        E         0
                text18                             4AE8     4AE8      154         0
                text17                             519E     519E       CE         0
                text16                             3B66     3B66      180         0
                text15                             39E6     39E6      180         0
                text14                             29E0     29E0      2EA         0
                text13                             5322     5322       B6         0
                text12                             526C     526C       B6         0
                text11                             2FA6     2FA6      268         0
                text10                             3654     3654      1D0         0
                text9                              320E     320E      232         0
                text8                              1754     1754      43E         0
                text7                              54F2     54F2       7E         0
                text6                              570E     570E       5A         0
                text5                              5B34     5B34       2C         0
                text4                              5CEC     5CEC        E         0
                text3                              5AD0     5AD0       36         0
                text2                              5B8A     5B8A       26         0
                text1                              5CDE     5CDE        E         0
                text0                                12       12      804         0
                cinit                              53D8     53D8       8E         0
                idataBANK0                         5D44     5D44        6         0
                idataCOMRAM                        5D4A     5D4A        4         0

        CLASS   CONST          

        CLASS   SMALLCONST     

        CLASS   MEDIUMCONST    
                mediumconst                        7310     7310      CF0         0

        CLASS   COMRAM         
                temp                                 62       62        1         1
                cstackCOMRAM                         3A       3A       24         1
                dataCOMRAM                           5E       5E        4         1
                bssCOMRAM                             1        1       39         1

        CLASS   ABS1           

        CLASS   BIGRAM         

        CLASS   RAM            

        CLASS   BANK0          
                cstackBANK0                          FF       FF        1         1
                dataBANK0                            F8       F8        6         1
                bssBANK0                             80       80       78         1
                nvBANK0                              FE       FE        1         1

        CLASS   BANK1          
                bssBANK1                            100      100      100         1

        CLASS   BANK2          
                bssBANK2                            200      200      100         1

        CLASS   BANK3          
                cstackBANK3                         300      300       1C         1

        CLASS   BANK4          

        CLASS   BANK5          

        CLASS   SFR            

        CLASS   FARRAM         

        CLASS   CONFIG         
                config                           300000   300000        E         0

        CLASS   IDLOC          
                idloc                            200000   200000        8         0

        CLASS   EEDATA         



SEGMENTS        Name                           Load    Length   Top    Selector   Space  Class

                reset_vec                      000000  000004  000004         0       0  CODE    
                bssCOMRAM                      000001  000062  000063         1       1  COMRAM  
                intcode                        000008  005D5A  005D62         4       0  CODE    
                bssBANK0                       000080  000080  000100        80       1  BANK0   
                bssBANK1                       000100  000100  000200       100       1  BANK1   
                bssBANK2                       000200  000100  000300       200       1  BANK2   
                cstackBANK3                    000300  00001C  00031C       300       1  BANK3   
                mediumconst                    007310  000CF0  008000      3988       0  MEDIUMCO
                idloc                          200000  000008  200008    200000       0  IDLOC   
                config                         300000  00000E  30000E    300000       0  CONFIG  


UNUSED ADDRESS RANGES

        Name                Unused          Largest block    Delta
        BANK3            00031C-0003FF               E4
        BANK4            000400-0004FF              100
        BANK5            000500-0005FF              100
        BIGRAM           000063-00007F               1D
                         00031C-0005FF              2E4
        CODE             000004-000007                4
                         005D62-00730F             15AE
        COMRAM           000063-00007F               1D
        CONST            000004-000007                4
                         005D62-00730F             15AE
        EEDATA           F00000-F000FF              100
        MEDIUMCONST      005D62-00730F             15AE
        RAM              00031C-0005FF              100
        SFR              000F80-000FFF               80
        SMALLCONST       005D62-00730F              100
        STACK            00031C-0005FF              2E4

                                  Symbol Table

?___lwdiv                       cstackBANK3  000300
?___lwmod                       cstackBANK3  000307
?___wmul                        cstackBANK3  000300
?_printf                        cstackBANK3  00030B
?i2___lwdiv                     cstackCOMRAM 00003A
?i2___lwmod                     cstackCOMRAM 000041
?i2_printf                      cstackCOMRAM 000046
HG_interface@kv                 cstackBANK3  000319
ISR@tcnt                        bssBANK0     0000C0
KEY_Scan@tm_cnt                 cstackBANK3  000317
_ADCON0bits                     (abs)        000FC2
_ADCON1                         (abs)        000FC1
_ADCON2bits                     (abs)        000FC0
_ADRESH                         (abs)        000FC4
_ADRESL                         (abs)        000FC3
_AD_init                        text53       005CCC
_BeepInit                       text52       005D3A
_GIE                            (abs)        007F97
_HG_init                        text24       005BF6
_HG_interface                   text6        00570E
_INTCON2bits                    (abs)        000FF1
_INTCON3bits                    (abs)        000FF0
_INTCONbits                     (abs)        000FF2
_ISR                            intcode      000008
_Initial_LY096BG30              text30       005B06
_KEY_Init                       text29       005BD6
_KEY_Scan                       text17       00519E
_LATAbits                       (abs)        000F89
_LATCbits                       (abs)        000F8B
_LATDbits                       (abs)        000F8C
_LATEbits                       (abs)        000F8D
_LCD_Off                        text28       005D52
_LCD_On                         text85       005D5A
_LCD_backlight_init             text27       005D4E
_LastInjectionFeedback          bssBANK0     0000F4
_LastNeedleFeedback             bssBANK0     0000F5
_MotorDriveInit                 text5        005B34
_PIR1bits                       (abs)        000F9E
_PORTAbits                      (abs)        000F80
_PORTBbits                      (abs)        000F81
_PORTC                          (abs)        000F82
_PORTDbits                      (abs)        000F83
_PSA                            (abs)        007EAB
_RCSTAbits                      (abs)        000FAB
_SPBRG                          (abs)        000FAF
_T08BIT                         (abs)        007EAE
_T0CONbits                      (abs)        000FD5
_T0CS                           (abs)        007EAD
_T0IE                           (abs)        007F95
_T0IF                           (abs)        007F92
_T0PS0                          (abs)        007EA8
_T0PS1                          (abs)        007EA9
_T0PS2                          (abs)        007EAA
_T1CONbits                      (abs)        000FCD
_TMR0                           (abs)        000FD6
_TMR1                           (abs)        000FCE
_TRISAbits                      (abs)        000F92
_TRISBbits                      (abs)        000F93
_TRISCbits                      (abs)        000F94
_TRISDbits                      (abs)        000F95
_TRISEbits                      (abs)        000F96
_TXREG                          (abs)        000FAD
_TXSTAbits                      (abs)        000FAC
_Timer1Init                     text4        005CEC
_TimerInit                      text26       005C14
__CFG_BOREN$OFF                 (abs)        000000
__CFG_BORV$0                    (abs)        000000
__CFG_CCP2MX$PORTC              (abs)        000000
__CFG_CP0$OFF                   (abs)        000000
__CFG_CP1$OFF                   (abs)        000000
__CFG_CP2$OFF                   (abs)        000000
__CFG_CP3$OFF                   (abs)        000000
__CFG_CPB$OFF                   (abs)        000000
__CFG_CPD$OFF                   (abs)        000000
__CFG_EBTR0$OFF                 (abs)        000000
__CFG_EBTR1$OFF                 (abs)        000000
__CFG_EBTR2$OFF                 (abs)        000000
__CFG_EBTR3$OFF                 (abs)        000000
__CFG_EBTRB$OFF                 (abs)        000000
__CFG_FCMEN$OFF                 (abs)        000000
__CFG_IESO$OFF                  (abs)        000000
__CFG_LPT1OSC$OFF               (abs)        000000
__CFG_LVP$OFF                   (abs)        000000
__CFG_MCLRE$ON                  (abs)        000000
__CFG_OSC$HS                    (abs)        000000
__CFG_PBADEN$OFF                (abs)        000000
__CFG_PWRT$OFF                  (abs)        000000
__CFG_STVREN$OFF                (abs)        000000
__CFG_WDT$OFF                   (abs)        000000
__CFG_WDTPS$64                  (abs)        000000
__CFG_WRT0$OFF                  (abs)        000000
__CFG_WRT1$OFF                  (abs)        000000
__CFG_WRT2$OFF                  (abs)        000000
__CFG_WRT3$OFF                  (abs)        000000
__CFG_WRTB$OFF                  (abs)        000000
__CFG_WRTC$OFF                  (abs)        000000
__CFG_WRTD$OFF                  (abs)        000000
__CFG_XINST$OFF                 (abs)        000000
__HRAM                          (abs)        000000
__Habs1                         abs1         000000
__Hbank0                        bank0        000000
__Hbank1                        bank1        000000
__Hbank2                        bank2        000000
__Hbank3                        bank3        000000
__Hbank4                        bank4        000000
__Hbank5                        bank5        000000
__Hbigbss                       bigbss       000000
__Hbigdata                      bigdata      000000
__Hbigram                       bigram       000000
__Hbss                          bss          000000
__HbssBANK0                     bssBANK0     000000
__HbssBANK1                     bssBANK1     000000
__HbssBANK2                     bssBANK2     000000
__HbssCOMRAM                    bssCOMRAM    000000
__Hcinit                        cinit        000000
__Hclrtext                      clrtext      000000
__Hcomram                       comram       000000
__Hconfig                       config       30000E
__Hconst                        const        000000
__HcstackBANK0                  cstackBANK0  000000
__HcstackBANK3                  cstackBANK3  000000
__HcstackCOMRAM                 cstackCOMRAM 000000
__Hdata                         data         000000
__HdataBANK0                    dataBANK0    000000
__HdataCOMRAM                   dataCOMRAM   000000
__Heeprom_data                  eeprom_data  000000
__Hfarbss                       farbss       000000
__Hfardata                      fardata      000000
__Hibigdata                     ibigdata     000000
__Hidata                        idata        000000
__HidataBANK0                   idataBANK0   000000
__HidataCOMRAM                  idataCOMRAM  000000
__Hidloc                        idloc        200008
__Hifardata                     ifardata     000000
__Hinit                         init         000012
__Hintcode                      intcode      00000E
__Hintcode_body                 intcode_body 000000
__Hintcodelo                    intcodelo    00000E
__Hintentry                     intentry     000000
__Hintret                       intret       000000
__Hintsave_regs                 intsave_regs 000000
__Hirdata                       irdata       000000
__Hmediumconst                  mediumconst  008000
__HnvBANK0                      nvBANK0      000000
__HnvFARRAM                     nvFARRAM     000000
__Hnvbit                        nvbit        000000
__Hnvrram                       nvrram       000000
__Hparam                        rparam       000000
__Hpowerup                      powerup      00000E
__Hram                          ram          000000
__Hramtop                       ramtop       000600
__Hrbit                         rbit         000000
__Hrbss                         rbss         000000
__Hrdata                        rdata        000000
__Hreset_vec                    reset_vec    000004
__Hrparam                       rparam       000000
__Hsfr                          sfr          000000
__Hsmallconst                   smallconst   000000
__Hspace_0                      (abs)        30000E
__Hspace_1                      (abs)        00031C
__Hspace_2                      (abs)        000000
__Hstack                        stack        000000
__Hstruct                       struct       000000
__Htemp                         temp         000063
__Htext                         text         000000
__Htext0                        text0        000000
__Htext1                        text1        000000
__Htext10                       text10       000000
__Htext11                       text11       000000
__Htext12                       text12       000000
__Htext13                       text13       000000
__Htext14                       text14       000000
__Htext15                       text15       000000
__Htext16                       text16       000000
__Htext17                       text17       000000
__Htext18                       text18       000000
__Htext19                       text19       000000
__Htext2                        text2        000000
__Htext20                       text20       000000
__Htext21                       text21       000000
__Htext22                       text22       000000
__Htext23                       text23       000000
__Htext24                       text24       000000
__Htext25                       text25       000000
__Htext26                       text26       000000
__Htext27                       text27       000000
__Htext28                       text28       000000
__Htext29                       text29       000000
__Htext3                        text3        000000
__Htext30                       text30       000000
__Htext31                       text31       000000
__Htext32                       text32       000000
__Htext33                       text33       000000
__Htext34                       text34       000000
__Htext35                       text35       000000
__Htext36                       text36       000000
__Htext37                       text37       000000
__Htext38                       text38       000000
__Htext39                       text39       000000
__Htext4                        text4        000000
__Htext40                       text40       000000
__Htext41                       text41       000000
__Htext42                       text42       000000
__Htext43                       text43       000000
__Htext44                       text44       000000
__Htext45                       text45       000000
__Htext46                       text46       000000
__Htext47                       text47       000000
__Htext48                       text48       000000
__Htext49                       text49       000000
__Htext5                        text5        000000
__Htext50                       text50       000000
__Htext51                       text51       000000
__Htext52                       text52       000000
__Htext53                       text53       000000
__Htext55                       text55       000000
__Htext56                       text56       000000
__Htext57                       text57       000000
__Htext58                       text58       000000
__Htext59                       text59       000000
__Htext6                        text6        000000
__Htext60                       text60       000000
__Htext61                       text61       000000
__Htext62                       text62       000000
__Htext63                       text63       000000
__Htext64                       text64       000000
__Htext65                       text65       000000
__Htext66                       text66       000000
__Htext67                       text67       000000
__Htext68                       text68       000000
__Htext69                       text69       000000
__Htext7                        text7        000000
__Htext70                       text70       000000
__Htext71                       text71       000000
__Htext72                       text72       000000
__Htext73                       text73       000000
__Htext74                       text74       000000
__Htext75                       text75       000000
__Htext76                       text76       000000
__Htext77                       text77       000000
__Htext78                       text78       000000
__Htext79                       text79       000000
__Htext8                        text8        000000
__Htext80                       text80       000000
__Htext81                       text81       000000
__Htext82                       text82       000000
__Htext83                       text83       000000
__Htext84                       text84       000000
__Htext85                       text85       000000
__Htext86                       text86       000000
__Htext9                        text9        000000
__LRAM                          (abs)        000001
__Labs1                         abs1         000000
__Lbank0                        bank0        000000
__Lbank1                        bank1        000000
__Lbank2                        bank2        000000
__Lbank3                        bank3        000000
__Lbank4                        bank4        000000
__Lbank5                        bank5        000000
__Lbigbss                       bigbss       000000
__Lbigdata                      bigdata      000000
__Lbigram                       bigram       000000
__Lbss                          bss          000000
__LbssBANK0                     bssBANK0     000000
__LbssBANK1                     bssBANK1     000000
__LbssBANK2                     bssBANK2     000000
__LbssCOMRAM                    bssCOMRAM    000000
__Lcinit                        cinit        000000
__Lclrtext                      clrtext      000000
__Lcomram                       comram       000000
__Lconfig                       config       300000
__Lconst                        const        000000
__LcstackBANK0                  cstackBANK0  000000
__LcstackBANK3                  cstackBANK3  000000
__LcstackCOMRAM                 cstackCOMRAM 000000
__Ldata                         data         000000
__LdataBANK0                    dataBANK0    000000
__LdataCOMRAM                   dataCOMRAM   000000
__Leeprom_data                  eeprom_data  000000
__Lfarbss                       farbss       000000
__Lfardata                      fardata      000000
__Libigdata                     ibigdata     000000
__Lidata                        idata        000000
__LidataBANK0                   idataBANK0   000000
__LidataCOMRAM                  idataCOMRAM  000000
__Lidloc                        idloc        200000
__Lifardata                     ifardata     000000
__Linit                         init         00000E
__Lintcode                      intcode      000008
__Lintcode_body                 intcode_body 000000
__Lintcodelo                    intcodelo    00000E
__Lintentry                     intentry     000000
__Lintret                       intret       000000
__Lintsave_regs                 intsave_regs 000000
__Lirdata                       irdata       000000
__Lmediumconst                  mediumconst  007310
__LnvBANK0                      nvBANK0      000000
__LnvFARRAM                     nvFARRAM     000000
__Lnvbit                        nvbit        000000
__Lnvrram                       nvrram       000000
__Lparam                        rparam       000000
__Lpowerup                      powerup      00000E
__Lram                          ram          000000
__Lramtop                       ramtop       000600
__Lrbit                         rbit         000000
__Lrbss                         rbss         000000
__Lrdata                        rdata        000000
__Lreset_vec                    reset_vec    000000
__Lrparam                       rparam       000000
__Lsfr                          sfr          000000
__Lsmallconst                   smallconst   000000
__Lspace_0                      (abs)        000000
__Lspace_1                      (abs)        000000
__Lspace_2                      (abs)        000000
__Lstack                        stack        000000
__Lstruct                       struct       000000
__Ltemp                         temp         000062
__Ltext                         text         000000
__Ltext0                        text0        000000
__Ltext1                        text1        000000
__Ltext10                       text10       000000
__Ltext11                       text11       000000
__Ltext12                       text12       000000
__Ltext13                       text13       000000
__Ltext14                       text14       000000
__Ltext15                       text15       000000
__Ltext16                       text16       000000
__Ltext17                       text17       000000
__Ltext18                       text18       000000
__Ltext19                       text19       000000
__Ltext2                        text2        000000
__Ltext20                       text20       000000
__Ltext21                       text21       000000
__Ltext22                       text22       000000
__Ltext23                       text23       000000
__Ltext24                       text24       000000
__Ltext25                       text25       000000
__Ltext26                       text26       000000
__Ltext27                       text27       000000
__Ltext28                       text28       000000
__Ltext29                       text29       000000
__Ltext3                        text3        000000
__Ltext30                       text30       000000
__Ltext31                       text31       000000
__Ltext32                       text32       000000
__Ltext33                       text33       000000
__Ltext34                       text34       000000
__Ltext35                       text35       000000
__Ltext36                       text36       000000
__Ltext37                       text37       000000
__Ltext38                       text38       000000
__Ltext39                       text39       000000
__Ltext4                        text4        000000
__Ltext40                       text40       000000
__Ltext41                       text41       000000
__Ltext42                       text42       000000
__Ltext43                       text43       000000
__Ltext44                       text44       000000
__Ltext45                       text45       000000
__Ltext46                       text46       000000
__Ltext47                       text47       000000
__Ltext48                       text48       000000
__Ltext49                       text49       000000
__Ltext5                        text5        000000
__Ltext50                       text50       000000
__Ltext51                       text51       000000
__Ltext52                       text52       000000
__Ltext53                       text53       000000
__Ltext55                       text55       000000
__Ltext56                       text56       000000
__Ltext57                       text57       000000
__Ltext58                       text58       000000
__Ltext59                       text59       000000
__Ltext6                        text6        000000
__Ltext60                       text60       000000
__Ltext61                       text61       000000
__Ltext62                       text62       000000
__Ltext63                       text63       000000
__Ltext64                       text64       000000
__Ltext65                       text65       000000
__Ltext66                       text66       000000
__Ltext67                       text67       000000
__Ltext68                       text68       000000
__Ltext69                       text69       000000
__Ltext7                        text7        000000
__Ltext70                       text70       000000
__Ltext71                       text71       000000
__Ltext72                       text72       000000
__Ltext73                       text73       000000
__Ltext74                       text74       000000
__Ltext75                       text75       000000
__Ltext76                       text76       000000
__Ltext77                       text77       000000
__Ltext78                       text78       000000
__Ltext79                       text79       000000
__Ltext8                        text8        000000
__Ltext80                       text80       000000
__Ltext81                       text81       000000
__Ltext82                       text82       000000
__Ltext83                       text83       000000
__Ltext84                       text84       000000
__Ltext85                       text85       000000
__Ltext86                       text86       000000
__Ltext9                        text9        000000
__S0                            (abs)        30000E
__S1                            (abs)        00031C
__S2                            (abs)        000000
___inthi_sp                     stack        000000
___intlo_sp                     stack        000000
___lwdiv                        text21       005570
___lwdiv@counter                cstackBANK3  000304
___lwdiv@dividend               cstackBANK3  000300
___lwdiv@divisor                cstackBANK3  000302
___lwdiv@quotient               cstackBANK3  000305
___lwmod                        text20       00564C
___lwmod@counter                cstackBANK0  0000FF
___lwmod@dividend               cstackBANK3  000307
___lwmod@divisor                cstackBANK3  000309
___param_bank                   (abs)        000000
___rparam_used                  (abs)        000001
___sp                           stack        000000
___wmul                         text3        005AD0
___wmul@multiplicand            cstackBANK3  000302
___wmul@multiplier              cstackBANK3  000300
___wmul@product                 cstackBANK3  000304
__accesstop                     (abs)        000080
__activetblptr                  (abs)        000002
__end_of_AD_init                text53       005CDE
__end_of_BeepInit               text52       005D44
__end_of_HG_init                text24       005C14
__end_of_HG_interface           text6        005768
__end_of_ISR                    intcode_body 0012A4
__end_of_Initial_LY096BG30      text30       005B34
__end_of_KEY_Init               text29       005BF6
__end_of_KEY_Scan               text17       00526C
__end_of_LCD_Off                text28       005D56
__end_of_LCD_On                 text85       005D5E
__end_of_LCD_backlight_init     text27       005D52
__end_of_MotorDriveInit         text5        005B60
__end_of_Timer1Init             text4        005CFA
__end_of_TimerInit              text26       005C32
__end_of___lwdiv                text21       0055E8
__end_of___lwmod                text20       0056AE
__end_of___wmul                 text3        005B06
__end_of__initialization        cinit        005458
__end_of_bat_m                  mediumconst  0074CE
__end_of_blank_m                mediumconst  0075B4
__end_of_buzz                   text22       005C6C
__end_of_c_m                    mediumconst  007586
__end_of_clear_screen           text41       00570E
__end_of_config_LCD             text45       0050CA
__end_of_delay                  text44       0058FC
__end_of_delay_nms              text23       005814
__end_of_delay_pwm              text2        005BB0
__end_of_delaynus               text40       005C50
__end_of_display_bat            text39       004166
__end_of_display_blank_mode_pa  text77       004AE8
__end_of_display_cmode          text38       003FE6
__end_of_display_drop           text16       003CE6
__end_of_display_drops          text15       003B66
__end_of_display_frame_abc      text37       003654
__end_of_display_frame_de       text36       000D60
__end_of_display_frame_fghi     text35       00269C
__end_of_display_logo           text34       0054F2
__end_of_display_mem            text33       003E66
__end_of_display_n_blank        text76       001F96
__end_of_display_num            text32       002350
__end_of_dpowers                mediumconst  0075BE
__end_of_drop_m                 mediumconst  00752A
__end_of_drops_m                mediumconst  007558
__end_of_ee_WriteBytes          text46       0058B2
__end_of_i2c_CfgGpio            text43       005D16
__end_of_i2c_Delay              text51       005D60
__end_of_i2c_SendByte           text50       0059D4
__end_of_i2c_Start              text49       005CB6
__end_of_i2c_Stop               text48       005D22
__end_of_i2c_WaitAck            text47       005B8A
__end_of_init_menu              text25       0042E4
__end_of_initial_ui_setting     text31       004D8E
__end_of_logo_eme               mediumconst  0078CE
__end_of_main                   text0        000816
__end_of_mem_m                  mediumconst  0074FC
__end_of_menu0_MsgHandlle       text14       002CCA
__end_of_menu1_MsgHandlle       text13       0053D8
__end_of_menu2_MsgHandlle       text12       005322
__end_of_menu3_MsgHandlle       text11       00320E
__end_of_menu4_MsgHandlle       text10       003824
__end_of_menu5_MsgHandlle       text9        003440
__end_of_menu6_MsgHandlle       text8        001B92
__end_of_n_0_m                  mediumconst  007E9E
__end_of_n_100_m                mediumconst  007C2B
__end_of_n_10_m                 mediumconst  007C9D
__end_of_n_13_m                 mediumconst  007C64
__end_of_n_150_m                mediumconst  007BB9
__end_of_n_1P5_m                mediumconst  007E2C
__end_of_n_1_m                  mediumconst  007E65
__end_of_n_200_m                mediumconst  007BF2
__end_of_n_250_m                mediumconst  007B47
__end_of_n_2P5_m                mediumconst  007DF3
__end_of_n_2_m                  mediumconst  007DBA
__end_of_n_300_m                mediumconst  007B80
__end_of_n_3_m                  mediumconst  007D81
__end_of_n_4_m                  mediumconst  007D48
__end_of_n_5_m                  mediumconst  007CD6
__end_of_n_6_m                  mediumconst  007D0F
__end_of_n_blank_m              mediumconst  00746A
__end_of_printf                 text18       004C3C
__end_of_ptna_frame             mediumconst  0074A0
__end_of_ptnd_frame             mediumconst  007431
__end_of_ptne_frame             mediumconst  0073A1
__end_of_ptnf_frame             mediumconst  007B0E
__end_of_ptng_frame             mediumconst  007A7E
__end_of_ptnh_frame             mediumconst  0079EE
__end_of_ptni_frame             mediumconst  00795E
__end_of_putch                  text19       005D08
__end_of_setYX_LCD              text42       0057C2
__end_of_uart_init              text1        005CEC
__end_of_update_focus           text7        005570
__end_ofi2_LCD_Off              text75       005D5A
__end_ofi2___lwdiv              text58       005866
__end_ofi2___lwmod              text57       005A5A
__end_ofi2_buzz                 text73       005CA0
__end_ofi2_clear_screen         text69       00598E
__end_ofi2_config_LCD           text72       00519E
__end_ofi2_delay_nms            text74       005A98
__end_ofi2_delaynus             text68       005C86
__end_ofi2_display_bat          text67       0046E6
__end_ofi2_display_cmode        text66       004590
__end_ofi2_display_drop         text71       004992
__end_ofi2_display_drops        text70       00483C
__end_ofi2_display_frame_abc    text65       0039E6
__end_ofi2_display_frame_de     text64       001754
__end_ofi2_display_frame_fghi   text63       002FA6
__end_ofi2_display_logo         text62       00564C
__end_ofi2_display_mem          text61       00443A
__end_ofi2_display_num          text60       0029E0
__end_ofi2_ee_WriteBytes        text79       005946
__end_ofi2_i2c_Delay            text84       005D62
__end_ofi2_i2c_SendByte         text83       005AD0
__end_ofi2_i2c_Start            text82       005CCC
__end_ofi2_i2c_Stop             text81       005D3A
__end_ofi2_i2c_WaitAck          text80       005BD6
__end_ofi2_initial_ui_setting   text59       004FBE
__end_ofi2_printf               text55       004EAC
__end_ofi2_putch                text56       005D2E
__end_ofi2_setYX_LCD            text78       005A18
__initialization                cinit        0053D8
__mediumconst                   mediumconst  007310
__pbssBANK0                     bssBANK0     000080
__pbssBANK1                     bssBANK1     000100
__pbssBANK2                     bssBANK2     000200
__pbssCOMRAM                    bssCOMRAM    000001
__pcinit                        cinit        0053D8
__pcstackBANK0                  cstackBANK0  0000FF
__pcstackBANK3                  cstackBANK3  000300
__pcstackCOMRAM                 cstackCOMRAM 00003A
__pdataBANK0                    dataBANK0    0000F8
__pdataCOMRAM                   dataCOMRAM   00005E
__pidataBANK0                   idataBANK0   005D44
__pidataCOMRAM                  idataCOMRAM  005D4A
__pintcode                      intcode      000008
__pintcode_body                 intcode_body 000D60
__pmediumconst                  mediumconst  007310
__pnvBANK0                      nvBANK0      0000FE
__ptext0                        text0        000012
__ptext1                        text1        005CDE
__ptext10                       text10       003654
__ptext11                       text11       002FA6
__ptext12                       text12       00526C
__ptext13                       text13       005322
__ptext14                       text14       0029E0
__ptext15                       text15       0039E6
__ptext16                       text16       003B66
__ptext17                       text17       00519E
__ptext18                       text18       004AE8
__ptext19                       text19       005CFA
__ptext2                        text2        005B8A
__ptext20                       text20       00564C
__ptext21                       text21       005570
__ptext22                       text22       005C50
__ptext23                       text23       0057C2
__ptext24                       text24       005BF6
__ptext25                       text25       004166
__ptext26                       text26       005C14
__ptext27                       text27       005D4E
__ptext28                       text28       005D52
__ptext29                       text29       005BD6
__ptext3                        text3        005AD0
__ptext30                       text30       005B06
__ptext31                       text31       004C3C
__ptext32                       text32       001F96
__ptext33                       text33       003CE6
__ptext34                       text34       005466
__ptext35                       text35       002350
__ptext36                       text36       000816
__ptext37                       text37       003440
__ptext38                       text38       003E66
__ptext39                       text39       003FE6
__ptext4                        text4        005CEC
__ptext40                       text40       005C32
__ptext41                       text41       0056AE
__ptext42                       text42       005768
__ptext43                       text43       005D08
__ptext44                       text44       0058B2
__ptext45                       text45       004FBE
__ptext46                       text46       005866
__ptext47                       text47       005B60
__ptext48                       text48       005D16
__ptext49                       text49       005CA0
__ptext5                        text5        005B34
__ptext50                       text50       00598E
__ptext51                       text51       005D5E
__ptext52                       text52       005D3A
__ptext53                       text53       005CCC
__ptext55                       text55       004D8E
__ptext56                       text56       005D22
__ptext57                       text57       005A18
__ptext58                       text58       005814
__ptext59                       text59       004EAC
__ptext6                        text6        00570E
__ptext60                       text60       00269C
__ptext61                       text61       0042E4
__ptext62                       text62       0055E8
__ptext63                       text63       002CCA
__ptext64                       text64       0012A4
__ptext65                       text65       003824
__ptext66                       text66       00443A
__ptext67                       text67       004590
__ptext68                       text68       005C6C
__ptext69                       text69       005946
__ptext7                        text7        0054F2
__ptext70                       text70       0046E6
__ptext71                       text71       00483C
__ptext72                       text72       0050CA
__ptext73                       text73       005C86
__ptext74                       text74       005A5A
__ptext75                       text75       005D56
__ptext76                       text76       001B92
__ptext77                       text77       004992
__ptext78                       text78       0059D4
__ptext79                       text79       0058FC
__ptext8                        text8        001754
__ptext80                       text80       005BB0
__ptext81                       text81       005D2E
__ptext82                       text82       005CB6
__ptext83                       text83       005A98
__ptext84                       text84       005D60
__ptext85                       text85       005D5A
__ptext86                       text86       000000
__ptext9                        text9        00320E
__ramtop                        ramtop       000600
__size_of_AD_init               (abs)        000000
__size_of_BeepInit              (abs)        000000
__size_of_HG_init               (abs)        000000
__size_of_HG_interface          (abs)        000000
__size_of_ISR                   (abs)        000000
__size_of_Initial_LY096BG30     (abs)        000000
__size_of_KEY_Init              (abs)        000000
__size_of_KEY_Scan              (abs)        000000
__size_of_LCD_Off               (abs)        000000
__size_of_LCD_On                (abs)        000000
__size_of_LCD_backlight_init    (abs)        000000
__size_of_MotorDriveInit        (abs)        000000
__size_of_Timer1Init            (abs)        000000
__size_of_TimerInit             (abs)        000000
__size_of___lwdiv               (abs)        000000
__size_of___lwmod               (abs)        000000
__size_of___wmul                (abs)        000000
__size_of_buzz                  (abs)        000000
__size_of_clear_screen          (abs)        000000
__size_of_config_LCD            (abs)        000000
__size_of_delay                 (abs)        000000
__size_of_delay_nms             (abs)        000000
__size_of_delay_pwm             (abs)        000000
__size_of_delaynus              (abs)        000000
__size_of_display_bat           (abs)        000000
__size_of_display_blank_mode_pa (abs)        000000
__size_of_display_cmode         (abs)        000000
__size_of_display_drop          (abs)        000000
__size_of_display_drops         (abs)        000000
__size_of_display_frame_abc     (abs)        000000
__size_of_display_frame_de      (abs)        000000
__size_of_display_frame_fghi    (abs)        000000
__size_of_display_logo          (abs)        000000
__size_of_display_mem           (abs)        000000
__size_of_display_n_blank       (abs)        000000
__size_of_display_num           (abs)        000000
__size_of_ee_WriteBytes         (abs)        000000
__size_of_i2c_CfgGpio           (abs)        000000
__size_of_i2c_Delay             (abs)        000000
__size_of_i2c_SendByte          (abs)        000000
__size_of_i2c_Start             (abs)        000000
__size_of_i2c_Stop              (abs)        000000
__size_of_i2c_WaitAck           (abs)        000000
__size_of_init_menu             (abs)        000000
__size_of_initial_ui_setting    (abs)        000000
__size_of_main                  (abs)        000000
__size_of_menu0_MsgHandlle      (abs)        000000
__size_of_menu1_MsgHandlle      (abs)        000000
__size_of_menu2_MsgHandlle      (abs)        000000
__size_of_menu3_MsgHandlle      (abs)        000000
__size_of_menu4_MsgHandlle      (abs)        000000
__size_of_menu5_MsgHandlle      (abs)        000000
__size_of_menu6_MsgHandlle      (abs)        000000
__size_of_printf                (abs)        000000
__size_of_putch                 (abs)        000000
__size_of_setYX_LCD             (abs)        000000
__size_of_uart_init             (abs)        000000
__size_of_update_focus          (abs)        000000
__size_ofi2_LCD_Off             (abs)        000000
__size_ofi2___lwdiv             (abs)        000000
__size_ofi2___lwmod             (abs)        000000
__size_ofi2_buzz                (abs)        000000
__size_ofi2_clear_screen        (abs)        000000
__size_ofi2_config_LCD          (abs)        000000
__size_ofi2_delay_nms           (abs)        000000
__size_ofi2_delaynus            (abs)        000000
__size_ofi2_display_bat         (abs)        000000
__size_ofi2_display_cmode       (abs)        000000
__size_ofi2_display_drop        (abs)        000000
__size_ofi2_display_drops       (abs)        000000
__size_ofi2_display_frame_abc   (abs)        000000
__size_ofi2_display_frame_de    (abs)        000000
__size_ofi2_display_frame_fghi  (abs)        000000
__size_ofi2_display_logo        (abs)        000000
__size_ofi2_display_mem         (abs)        000000
__size_ofi2_display_num         (abs)        000000
__size_ofi2_ee_WriteBytes       (abs)        000000
__size_ofi2_i2c_Delay           (abs)        000000
__size_ofi2_i2c_SendByte        (abs)        000000
__size_ofi2_i2c_Start           (abs)        000000
__size_ofi2_i2c_Stop            (abs)        000000
__size_ofi2_i2c_WaitAck         (abs)        000000
__size_ofi2_initial_ui_setting  (abs)        000000
__size_ofi2_printf              (abs)        000000
__size_ofi2_putch               (abs)        000000
__size_ofi2_setYX_LCD           (abs)        000000
__smallconst                    smallconst   000000
_action_btn_cnt                 bssBANK0     0000EE
_ann                            bssBANK0     0000EA
_bat_m                          mediumconst  0074A0
_blank_m                        mediumconst  007586
_buzz                           text22       005C50
_bv                             bssBANK0     0000E8
_c_m                            mediumconst  007558
_clear_screen                   text41       0056AE
_cnt_ma                         bssBANK0     0000E0
_cnt_mb                         bssBANK0     0000DC
_cnt_mb_sa                      bssBANK0     0000D4
_cnt_mb_sb                      bssBANK0     0000D0
_cnt_push                       bssCOMRAM    000026
_config_LCD                     text45       004FBE
_css                            bssCOMRAM    00002B
_cur_edge                       bssCOMRAM    000035
_cur_state_phb_ma               bssCOMRAM    000038
_cv                             dataBANK0    0000FA
_delay                          text44       0058B2
_delay_nms                      text23       0057C2
_delay_pwm                      text2        005B8A
_delaynus                       text40       005C32
_display_bat                    text39       003FE6
_display_blank_mode_pa          text77       004992
_display_cmode                  text38       003E66
_display_drop                   text16       003B66
_display_drops                  text15       0039E6
_display_frame_abc              text37       003440
_display_frame_de               text36       000816
_display_frame_fghi             text35       002350
_display_logo                   text34       005466
_display_mem                    text33       003CE6
_display_n_blank                text76       001B92
_display_num                    text32       001F96
_dpowers                        mediumconst  0075B4
_drop_m                         mediumconst  0074FC
_drops_m                        mediumconst  00752A
_dv                             dataBANK0    0000F8
_ee_WriteBytes                  text46       005866
_flag                           bssBANK0     0000F3
_flag_action                    bssCOMRAM    00002F
_flag_action_button             bssCOMRAM    00002E
_flag_do_reset_in_drops_mode    bssCOMRAM    00002D
_flag_go_to_sleep               dataCOMRAM   000060
_flag_inject                    bssCOMRAM    000033
_flag_inject_sa                 bssCOMRAM    000032
_flag_inject_sb                 bssCOMRAM    000031
_flag_mreset                    dataCOMRAM   000061
_flag_mreset_hit_lp             bssCOMRAM    000034
_flag_power_up                  nvBANK0      0000FE
_flag_push                      bssCOMRAM    000030
_flag_test_mode_break           bssBANK0     0000F0
_flag_wake_up                   dataCOMRAM   00005F
_flip                           bssCOMRAM    00002A
_focus                          bssCOMRAM    000028
_hg_op                          bssCOMRAM    000001
_i2c_CfgGpio                    text43       005D08
_i2c_Delay                      text51       005D5E
_i2c_SendByte                   text50       00598E
_i2c_Start                      text49       005CA0
_i2c_Stop                       text48       005D16
_i2c_WaitAck                    text47       005B60
_init_menu                      text25       004166
_initial_ui_setting             text31       004C3C
_logo_eme                       mediumconst  0075BE
_main                           text0        000012
_mbcnt                          bssBANK0     0000E4
_mem_m                          mediumconst  0074CE
_menu                           bssBANK0     000080
_menu0_MsgHandlle               text14       0029E0
_menu1_MsgHandlle               text13       005322
_menu2_MsgHandlle               text12       00526C
_menu3_MsgHandlle               text11       002FA6
_menu4_MsgHandlle               text10       003654
_menu5_MsgHandlle               text9        00320E
_menu6_MsgHandlle               text8        001754
_menu7_MsgHandlle               (abs)        000000
_ms                             dataCOMRAM   00005E
_msleep                         bssBANK0     0000D8
_n_0_m                          mediumconst  007E65
_n_100_m                        mediumconst  007BF2
_n_10_m                         mediumconst  007C64
_n_13_m                         mediumconst  007C2B
_n_150_m                        mediumconst  007B80
_n_1P5_m                        mediumconst  007DF3
_n_1_m                          mediumconst  007E2C
_n_200_m                        mediumconst  007BB9
_n_250_m                        mediumconst  007B0E
_n_2P5_m                        mediumconst  007DBA
_n_2_m                          mediumconst  007D81
_n_300_m                        mediumconst  007B47
_n_3_m                          mediumconst  007D48
_n_4_m                          mediumconst  007D0F
_n_5_m                          mediumconst  007C9D
_n_6_m                          mediumconst  007CD6
_n_blank_m                      mediumconst  007431
_n_x_m                          bssCOMRAM    000024
_needle_len                     dataBANK0    0000FC
_page                           bssBANK0     0000F6
_prev_edge                      bssCOMRAM    000036
_prev_state_phb_ma              bssCOMRAM    000037
_printf                         text18       004AE8
_ptna_frame                     mediumconst  00746A
_ptnd_frame                     mediumconst  0073A1
_ptne_frame                     mediumconst  007311
_ptnf_frame                     mediumconst  007A7E
_ptng_frame                     mediumconst  0079EE
_ptnh_frame                     mediumconst  00795E
_ptni_frame                     mediumconst  0078CE
_ptnx_frame                     bssCOMRAM    000022
_putch                          text19       005CFA
_rcnt                           bssBANK0     0000F7
_read_buf                       bssBANK2     000200
_setYX_LCD                      text42       005768
_ss                             bssCOMRAM    00002C
_test_mode                      bssCOMRAM    000039
_tflag                          dataBANK0    0000FD
_tmcnt                          bssBANK0     0000CC
_ttte                           bssBANK0     0000F2
_uart_init                      text1        005CDE
_update_focus                   text7        0054F2
_work_mode                      bssCOMRAM    000029
_work_mode_choice               bssBANK0     0000F1
_write_buf                      bssBANK1     000100
_xn                             bssBANK0     0000EC
_xtt                            bssBANK0     0000E6
btemp                           temp         000062
clear_screen@col                cstackBANK3  00030C
clear_screen@page               cstackBANK3  00030D
delay@i                         cstackBANK3  000302
delay@j                         cstackBANK3  000304
delay@x                         cstackBANK3  000300
delay_nms@i                     cstackBANK3  000304
delay_nms@n                     cstackBANK3  000300
delay_pwm@n                     cstackBANK3  000306
delaynus@n                      cstackBANK3  000300
display_bat@mode                cstackBANK3  00030D
display_bat@temp                cstackBANK3  00030F
display_bat@tori                cstackBANK3  00030E
display_bat@x                   cstackBANK3  00030C
display_blank_mode_pa@mode      cstackCOMRAM 000047
display_blank_mode_pa@temp      cstackCOMRAM 000049
display_blank_mode_pa@tori      cstackCOMRAM 000048
display_blank_mode_pa@x         cstackCOMRAM 000046
display_cmode@mode              cstackBANK3  00030D
display_cmode@temp              cstackBANK3  00030F
display_cmode@tori              cstackBANK3  00030E
display_cmode@x                 cstackBANK3  00030C
display_drop@mode               cstackBANK3  00030D
display_drop@temp               cstackBANK3  00030F
display_drop@tori               cstackBANK3  00030E
display_drop@x                  cstackBANK3  00030C
display_drops@mode              cstackBANK3  00030D
display_drops@temp              cstackBANK3  00030F
display_drops@tori              cstackBANK3  00030E
display_drops@x                 cstackBANK3  00030C
display_frame_abc@mode          cstackBANK3  00030D
display_frame_abc@temp          cstackBANK3  00030F
display_frame_abc@tori          cstackBANK3  00030E
display_frame_abc@x             cstackBANK3  00030C
display_frame_de@mode           cstackBANK3  00030D
display_frame_de@temp           cstackBANK3  000310
display_frame_de@tori           cstackBANK3  00030E
display_frame_de@x              cstackBANK3  00030C
display_frame_de@y              cstackBANK3  00030F
display_frame_fghi@mode         cstackBANK3  00030D
display_frame_fghi@temp         cstackBANK3  000312
display_frame_fghi@tori         cstackBANK3  000310
display_frame_fghi@x            cstackBANK3  00030C
display_frame_fghi@y            cstackBANK3  000311
display_logo@col                cstackBANK3  00030E
display_logo@page               cstackBANK3  00030F
display_mem@mode                cstackBANK3  00030D
display_mem@temp                cstackBANK3  00030F
display_mem@tori                cstackBANK3  00030E
display_mem@x                   cstackBANK3  00030C
display_n_blank@mode            cstackCOMRAM 000047
display_n_blank@temp            cstackCOMRAM 00004A
display_n_blank@tori            cstackCOMRAM 000049
display_n_blank@x               cstackCOMRAM 000046
display_n_blank@y               cstackCOMRAM 000048
display_num@mode                cstackBANK3  00030D
display_num@temp                cstackBANK3  000312
display_num@tori                cstackBANK3  000310
display_num@x                   cstackBANK3  00030C
display_num@y                   cstackBANK3  000311
ee_WriteBytes@_pWriteBuf        cstackBANK3  000302
ee_WriteBytes@_usAddress        cstackBANK3  000304
ee_WriteBytes@_usSize           cstackBANK3  000305
ee_WriteBytes@m                 cstackBANK3  000307
ee_WriteBytes@usAddr            cstackBANK3  000309
end_of_initialization           cinit        005458
i2_LCD_Off                      text75       005D56
i2___lwdiv                      text58       005814
i2___lwdiv@counter              cstackCOMRAM 000040
i2___lwdiv@dividend             cstackCOMRAM 00003A
i2___lwdiv@divisor              cstackCOMRAM 00003C
i2___lwdiv@quotient             cstackCOMRAM 00003E
i2___lwmod                      text57       005A18
i2___lwmod@counter              cstackCOMRAM 000045
i2___lwmod@dividend             cstackCOMRAM 000041
i2___lwmod@divisor              cstackCOMRAM 000043
i2_buzz                         text73       005C86
i2_clear_screen                 text69       005946
i2_config_LCD                   text72       0050CA
i2_delay_nms                    text74       005A5A
i2_delaynus                     text68       005C6C
i2_display_bat                  text67       004590
i2_display_cmode                text66       00443A
i2_display_drop                 text71       00483C
i2_display_drops                text70       0046E6
i2_display_frame_abc            text65       003824
i2_display_frame_de             text64       0012A4
i2_display_frame_fghi           text63       002CCA
i2_display_logo                 text62       0055E8
i2_display_mem                  text61       0042E4
i2_display_num                  text60       00269C
i2_ee_WriteBytes                text79       0058FC
i2_i2c_Delay                    text84       005D60
i2_i2c_SendByte                 text83       005A98
i2_i2c_Start                    text82       005CB6
i2_i2c_Stop                     text81       005D2E
i2_i2c_WaitAck                  text80       005BB0
i2_initial_ui_setting           text59       004EAC
i2_printf                       text55       004D8E
i2_putch                        text56       005D22
i2_setYX_LCD                    text78       0059D4
i2c_SendByte@_ucByte            cstackBANK3  000300
i2c_SendByte@i                  cstackBANK3  000301
i2c_WaitAck@re                  cstackBANK0  0000FF
i2clear_screen@col              cstackCOMRAM 000046
i2clear_screen@page             cstackCOMRAM 000047
i2delay_nms@i                   cstackCOMRAM 00003E
i2delay_nms@n                   cstackCOMRAM 00003A
i2delaynus@n                    cstackCOMRAM 00003A
i2display_bat@mode              cstackCOMRAM 000047
i2display_bat@temp              cstackCOMRAM 000049
i2display_bat@tori              cstackCOMRAM 000048
i2display_bat@x                 cstackCOMRAM 000046
i2display_cmode@mode            cstackCOMRAM 000047
i2display_cmode@temp            cstackCOMRAM 000049
i2display_cmode@tori            cstackCOMRAM 000048
i2display_cmode@x               cstackCOMRAM 000046
i2display_drop@mode             cstackCOMRAM 000047
i2display_drop@temp             cstackCOMRAM 000049
i2display_drop@tori             cstackCOMRAM 000048
i2display_drop@x                cstackCOMRAM 000046
i2display_drops@mode            cstackCOMRAM 000047
i2display_drops@temp            cstackCOMRAM 000049
i2display_drops@tori            cstackCOMRAM 000048
i2display_drops@x               cstackCOMRAM 000046
i2display_frame_abc@mode        cstackCOMRAM 000047
i2display_frame_abc@temp        cstackCOMRAM 000049
i2display_frame_abc@tori        cstackCOMRAM 000048
i2display_frame_abc@x           cstackCOMRAM 000046
i2display_frame_de@mode         cstackCOMRAM 000047
i2display_frame_de@temp         cstackCOMRAM 00004A
i2display_frame_de@tori         cstackCOMRAM 000048
i2display_frame_de@x            cstackCOMRAM 000046
i2display_frame_de@y            cstackCOMRAM 000049
i2display_frame_fghi@mode       cstackCOMRAM 000047
i2display_frame_fghi@temp       cstackCOMRAM 00004C
i2display_frame_fghi@tori       cstackCOMRAM 00004A
i2display_frame_fghi@x          cstackCOMRAM 000046
i2display_frame_fghi@y          cstackCOMRAM 00004B
i2display_logo@col              cstackCOMRAM 000048
i2display_logo@page             cstackCOMRAM 000049
i2display_mem@mode              cstackCOMRAM 000047
i2display_mem@temp              cstackCOMRAM 000049
i2display_mem@tori              cstackCOMRAM 000048
i2display_mem@x                 cstackCOMRAM 000046
i2display_num@mode              cstackCOMRAM 000047
i2display_num@temp              cstackCOMRAM 00004C
i2display_num@tori              cstackCOMRAM 00004B
i2display_num@x                 cstackCOMRAM 000046
i2display_num@y                 cstackCOMRAM 00004A
i2ee_WriteBytes@_pWriteBuf      cstackCOMRAM 00003C
i2ee_WriteBytes@_usAddress      cstackCOMRAM 00003E
i2ee_WriteBytes@_usSize         cstackCOMRAM 00003F
i2ee_WriteBytes@m               cstackCOMRAM 000041
i2ee_WriteBytes@usAddr          cstackCOMRAM 000043
i2i2c_SendByte@_ucByte          cstackCOMRAM 00003A
i2i2c_SendByte@i                cstackCOMRAM 00003B
i2i2c_WaitAck@re                cstackCOMRAM 00003A
i2initial_ui_setting@i          cstackCOMRAM 00004D
i2printf@ap                     cstackCOMRAM 000049
i2printf@c                      cstackCOMRAM 00004F
i2printf@f                      cstackCOMRAM 000046
i2printf@flag                   cstackCOMRAM 00004B
i2printf@prec                   cstackCOMRAM 00004C
i2printf@val                    cstackCOMRAM 00004D
i2putch@c                       cstackCOMRAM 00003A
i2setYX_LCD@px                  cstackCOMRAM 000044
i2setYX_LCD@py                  cstackCOMRAM 000045
initial_ui_setting@i            cstackBANK3  000313
int$flags                       temp         000062
int_func                        intcode_body 000D60
intlevel0                       text         000000
intlevel1                       text         000000
intlevel2                       text         000000
intlevel3                       text         000000
menu0_MsgHandlle@key            cstackBANK3  000313
menu1_MsgHandlle@key            cstackBANK3  000310
menu2_MsgHandlle@key            cstackBANK3  000310
menu3_MsgHandlle@key            cstackBANK3  000313
menu4_MsgHandlle@key            cstackBANK3  000313
menu5_MsgHandlle@key            cstackBANK3  000313
menu6_MsgHandlle@key            cstackBANK3  000313
printf@ap                       cstackBANK3  000310
printf@c                        cstackBANK3  000316
printf@f                        cstackBANK3  00030B
printf@flag                     cstackBANK3  000312
printf@prec                     cstackBANK3  000313
printf@val                      cstackBANK3  000314
putch@c                         cstackBANK0  0000FF
setYX_LCD@px                    cstackBANK3  00030A
setYX_LCD@py                    cstackBANK3  00030B
stackhi                         (abs)        0005FF
stacklo                         (abs)        00031C
start                           init         00000E
start_initialization            cinit        0053D8
update_focus@i                  cstackBANK3  000301
update_focus@key                cstackBANK3  000300


FUNCTION INFORMATION:

 *************** function _main *****************
 Defined at:
		line 83 in file "../Main.c"
 Parameters:    Size  Location     Type
		None
 Auto vars:     Size  Location     Type
		None
 Return value:  Size  Location     Type
                  1    wreg      void 
 Registers used:
		wreg, fsr0l, fsr0h, fsr2l, fsr2h, status,2, status,0, tblptrl, tblptrh, tblptru, prodl, prodh, cstack
 Tracked objects:
		On entry : 
		On exit  : 
		Unchanged: 
 Data sizes:     COMRAM   BANK0   BANK1   BANK2   BANK3   BANK4   BANK5
      Params:         0       0       0       0       0       0       0
      Locals:         0       0       0       0       0       0       0
      Temps:          0       0       0       0       2       0       0
      Totals:         0       0       0       0       2       0       0
Total ram usage:        2 bytes
 Hardware stack levels required when called:   15
 This function calls:
		_AD_init
		_HG_init
		_HG_interface
		_MotorDriveInit
		_Timer1Init
		___wmul
		_delay_pwm
		_delaynus
		_printf
		_uart_init
 This function is called by:
		Startup code after reset
 This function uses a non-reentrant model


 *************** function _uart_init *****************
 Defined at:
		line 9 in file "../Beep.c"
 Parameters:    Size  Location     Type
		None
 Auto vars:     Size  Location     Type
		None
 Return value:  Size  Location     Type
                  1    wreg      void 
 Registers used:
		wreg, status,2
 Tracked objects:
		On entry : 
		On exit  : 
		Unchanged: 
 Data sizes:     COMRAM   BANK0   BANK1   BANK2   BANK3   BANK4   BANK5
      Params:         0       0       0       0       0       0       0
      Locals:         0       0       0       0       0       0       0
[...]
Total ram usage:        6 bytes
 Hardware stack levels used:    1
 This function calls:
		Nothing
 This function is called by:
		_ISR
		i2_buzz
 This function uses a non-reentrant model


 *************** function i2_LCD_Off *****************
 Defined at:
		line 608 in file "../Oled.c"
 Parameters:    Size  Location     Type
		None
 Auto vars:     Size  Location     Type
		None
 Return value:  Size  Location     Type
                  1    wreg      void 
 Registers used:
		None
 Tracked objects:
		On entry : 
		On exit  : 
		Unchanged: 
 Data sizes:     COMRAM   BANK0   BANK1   BANK2   BANK3   BANK4   BANK5
      Params:         0       0       0       0       0       0       0
      Locals:         0       0       0       0       0       0       0
      Temps:          0       0       0       0       0       0       0
      Totals:         0       0       0       0       0       0       0
Total ram usage:        0 bytes
 Hardware stack levels used:    1
 This function calls:
		Nothing
 This function is called by:
		_ISR
 This function uses a non-reentrant model


 *************** function _display_n_blank *****************
 Defined at:
		line 1168 in file "../Oled.c"
 Parameters:    Size  Location     Type
  y               1    wreg     unsigned char 
  x               1   12[COMRAM] unsigned char 
  mode            1   13[COMRAM] unsigned char 
 Auto vars:     Size  Location     Type
  y               1   14[COMRAM] unsigned char 
  temp            1   16[COMRAM] unsigned char 
  tori            1   15[COMRAM] unsigned char 
 Return value:  Size  Location     Type
                  1    wreg      unsigned char 
 Registers used:
		wreg, fsr0l, fsr0h, status,2, status,0, tblptrl, tblptrh, tblptru, prodl, prodh, cstack
 Tracked objects:
		On entry : 
		On exit  : 
		Unchanged: 
 Data sizes:     COMRAM   BANK0   BANK1   BANK2   BANK3   BANK4   BANK5
      Params:         2       0       0       0       0       0       0
      Locals:         3       0       0       0       0       0       0
      Temps:          0       0       0       0       0       0       0
      Totals:         5       0       0       0       0       0       0
Total ram usage:        5 bytes
 Hardware stack levels used:    1
 Hardware stack levels required when called:    4
 This function calls:
		i2_ee_WriteBytes
		i2_setYX_LCD
 This function is called by:
		_ISR
 This function uses a non-reentrant model


 *************** function _display_blank_mode_pa *****************
 Defined at:
		line 1631 in file "../Oled.c"
 Parameters:    Size  Location     Type
  y               1    wreg     unsigned char 
  x               1   12[COMRAM] unsigned char 
  mode            1   13[COMRAM] unsigned char 
 Auto vars:     Size  Location     Type
  y               1    0[COMRAM] unsigned char 
  temp            1   15[COMRAM] unsigned char 
  tori            1   14[COMRAM] unsigned char 
 Return value:  Size  Location     Type
                  1    wreg      void 
 Registers used:
		wreg, fsr0l, fsr0h, status,2, status,0, tblptrl, tblptrh, tblptru, prodl, prodh, cstack
 Tracked objects:
		On entry : 
		On exit  : 
		Unchanged: 
 Data sizes:     COMRAM   BANK0   BANK1   BANK2   BANK3   BANK4   BANK5
      Params:         2       0       0       0       0       0       0
      Locals:         2       0       0       0       0       0       0
      Temps:          0       0       0       0       0       0       0
      Totals:         4       0       0       0       0       0       0
Total ram usage:        4 bytes
 Hardware stack levels used:    1
 Hardware stack levels required when called:    4
 This function calls:
		i2_ee_WriteBytes
		i2_setYX_LCD
 This function is called by:
		_ISR
 This function uses a non-reentrant model


 *************** function i2_setYX_LCD *****************
 Defined at:
		line 625 in file "../Oled.c"
 Parameters:    Size  Location     Type
  py              1    wreg     unsigned char 
  px              1   10[COMRAM] unsigned char 
 Auto vars:     Size  Location     Type
  py              1   11[COMRAM] unsigned char 
 Return value:  Size  Location     Type
                  1    wreg      unsigned char 
 Registers used:
		wreg, fsr0l, fsr0h, status,2, status,0, tblptrl, tblptrh, tblptru, cstack
 Tracked objects:
		On entry : 
		On exit  : 
		Unchanged: 
 Data sizes:     COMRAM   BANK0   BANK1   BANK2   BANK3   BANK4   BANK5
      Params:         1       0       0       0       0       0       0
      Locals:         1       0       0       0       0       0       0
      Temps:          0       0       0       0       0       0       0
      Totals:         2       0       0       0       0       0       0
Total ram usage:        2 bytes
 Hardware stack levels used:    1
 Hardware stack levels required when called:    3
 This function calls:
		i2_ee_WriteBytes
 This function is called by:
		_display_n_blank
		_display_blank_mode_pa
		i2_display_num
		i2_display_bat
		i2_display_mem
		i2_display_cmode
		i2_display_drops
		i2_display_drop
		i2_display_frame_abc
		i2_display_frame_de
		i2_display_frame_fghi
		i2_display_logo
		i2_clear_screen
 This function uses a non-reentrant model


 *************** function i2_ee_WriteBytes *****************
 Defined at:
		line 507 in file "../Oled.c"
 Parameters:    Size  Location     Type
  _pWriteBuf      2    2[COMRAM] PTR unsigned char 
		 -> logo_eme(784), display_frame_fghi@temp(1), display_frame_de@temp(1), display_frame_abc@temp(1), 
		 -> display_drop@temp(1), display_drops@temp(1), display_cmode@temp(1), display_blank_mode_pa@temp(1), 
		 -> display_mem@temp(1), display_bat@temp(1), display_num@temp(1), display_n_blank@temp(1), 
		 -> write_buf(256), 
  _usAddress      1    4[COMRAM] unsigned char 
  _usSize         2    5[COMRAM] unsigned int 
 Auto vars:     Size  Location     Type
  ee_WriteByte    2    7[COMRAM] unsigned int 
  ee_WriteByte    2    0        unsigned int 
  ee_WriteByte    1    9[COMRAM] unsigned char 
 Return value:  Size  Location     Type
                  1    wreg      unsigned char 
 Registers used:
		wreg, fsr0l, fsr0h, status,2, status,0, tblptrl, tblptrh, tblptru, cstack
 Tracked objects:
		On entry : 
		On exit  : 
		Unchanged: 
 Data sizes:     COMRAM   BANK0   BANK1   BANK2   BANK3   BANK4   BANK5
      Params:         5       0       0       0       0       0       0
      Locals:         3       0       0       0       0       0       0
      Temps:          0       0       0       0       0       0       0
      Totals:         8       0       0       0       0       0       0
Total ram usage:        8 bytes
 Hardware stack levels used:    1
 Hardware stack levels required when called:    2
 This function calls:
		i2_i2c_SendByte
		i2_i2c_Start
		i2_i2c_Stop
		i2_i2c_WaitAck
 This function is called by:
		_display_n_blank
		_display_blank_mode_pa
		_ISR
		i2_setYX_LCD
		i2_display_num
		i2_display_bat
		i2_display_mem
		i2_display_cmode
		i2_display_drops
		i2_display_drop
		i2_display_frame_abc
		i2_display_frame_de
		i2_display_frame_fghi
		i2_display_logo
		i2_clear_screen
		i2_config_LCD
 This function uses a non-reentrant model


 *************** function i2_i2c_WaitAck *****************
 Defined at:
		line 159 in file "../Oled.c"
 Parameters:    Size  Location     Type
		None
 Auto vars:     Size  Location     Type
  i2c_WaitAck     1    0[COMRAM] unsigned char 
 Return value:  Size  Location     Type
                  1    wreg      unsigned char 
 Registers used:
		wreg, status,2, cstack
 Tracked objects:
		On entry : 
		On exit  : 
		Unchanged: 
 Data sizes:     COMRAM   BANK0   BANK1   BANK2   BANK3   BANK4   BANK5
      Params:         0       0       0       0       0       0       0
      Locals:         1       0       0       0       0       0       0
      Temps:          0       0       0       0       0       0       0
      Totals:         1       0       0       0       0       0       0
Total ram usage:        1 bytes
 Hardware stack levels used:    1
 Hardware stack levels required when called:    1
 This function calls:
		i2_i2c_Delay
 This function is called by:
		i2_ee_WriteBytes
 This function uses a non-reentrant model


 *************** function i2_i2c_Stop *****************
 Defined at:
		line 91 in file "../Oled.c"
 Parameters:    Size  Location     Type
		None
 Auto vars:     Size  Location     Type
		None
 Return value:  Size  Location     Type
                  1    wreg      void 
 Registers used:
		cstack
 Tracked objects:
		On entry : 
		On exit  : 
		Unchanged: 
 Data sizes:     COMRAM   BANK0   BANK1   BANK2   BANK3   BANK4   BANK5
      Params:         0       0       0       0       0       0       0
      Locals:         0       0       0       0       0       0       0
      Temps:          0       0       0       0       0       0       0
      Totals:         0       0       0       0       0       0       0
Total ram usage:        0 bytes
 Hardware stack levels used:    1
 Hardware stack levels required when called:    1
 This function calls:
		i2_i2c_Delay
 This function is called by:
		i2_ee_WriteBytes
 This function uses a non-reentrant model


 *************** function i2_i2c_Start *****************
 Defined at:
		line 78 in file "../Oled.c"
 Parameters:    Size  Location     Type
		None
 Auto vars:     Size  Location     Type
		None
 Return value:  Size  Location     Type
                  1    wreg      void 
 Registers used:
		cstack
 Tracked objects:
		On entry : 
		On exit  : 
		Unchanged: 
 Data sizes:     COMRAM   BANK0   BANK1   BANK2   BANK3   BANK4   BANK5
      Params:         0       0       0       0       0       0       0
      Locals:         0       0       0       0       0       0       0
      Temps:          0       0       0       0       0       0       0
      Totals:         0       0       0       0       0       0       0
Total ram usage:        0 bytes
 Hardware stack levels used:    1
 Hardware stack levels required when called:    1
 This function calls:
		i2_i2c_Delay
 This function is called by:
		i2_ee_WriteBytes
 This function uses a non-reentrant model


 *************** function i2_i2c_SendByte *****************
 Defined at:
		line 101 in file "../Oled.c"
 Parameters:    Size  Location     Type
  _ucByte         1    wreg     unsigned char 
 Auto vars:     Size  Location     Type
  _ucByte         1    0[COMRAM] unsigned char 
  i2c_SendByte    1    1[COMRAM] unsigned char 
 Return value:  Size  Location     Type
                  1    wreg      void 
 Registers used:
		wreg, status,2, status,0, cstack
 Tracked objects:
		On entry : 
		On exit  : 
		Unchanged: 
 Data sizes:     COMRAM   BANK0   BANK1   BANK2   BANK3   BANK4   BANK5
      Params:         0       0       0       0       0       0       0
      Locals:         2       0       0       0       0       0       0
      Temps:          0       0       0       0       0       0       0
      Totals:         2       0       0       0       0       0       0
Total ram usage:        2 bytes
 Hardware stack levels used:    1
 Hardware stack levels required when called:    1
 This function calls:
		i2_i2c_Delay
 This function is called by:
		i2_ee_WriteBytes
 This function uses a non-reentrant model


 *************** function i2_i2c_Delay *****************
 Defined at:
		line 62 in file "../Oled.c"
 Parameters:    Size  Location     Type
		None
 Auto vars:     Size  Location     Type
  i2c_Delay       4    0        unsigned long 
 Return value:  Size  Location     Type
                  1    wreg      void 
 Registers used:
		None
 Tracked objects:
		On entry : 
		On exit  : 
		Unchanged: 
 Data sizes:     COMRAM   BANK0   BANK1   BANK2   BANK3   BANK4   BANK5
      Params:         0       0       0       0       0       0       0
      Locals:         0       0       0       0       0       0       0
      Temps:          0       0       0       0       0       0       0
      Totals:         0       0       0       0       0       0       0
Total ram usage:        0 bytes
 Hardware stack levels used:    1
 This function calls:
		Nothing
 This function is called by:
		i2_i2c_Start
		i2_i2c_Stop
		i2_i2c_SendByte
		i2_i2c_WaitAck
 This function uses a non-reentrant model


 *************** function _LCD_On *****************
 Defined at:
		line 599 in file "../Oled.c"
 Parameters:    Size  Location     Type
		None
 Auto vars:     Size  Location     Type
		None
 Return value:  Size  Location     Type
                  1    wreg      void 
 Registers used:
		None
 Tracked objects:
		On entry : 
		On exit  : 
		Unchanged: 
 Data sizes:     COMRAM   BANK0   BANK1   BANK2   BANK3   BANK4   BANK5
      Params:         0       0       0       0       0       0       0
      Locals:         0       0       0       0       0       0       0
      Temps:          0       0       0       0       0       0       0
      Totals:         0       0       0       0       0       0       0
Total ram usage:        0 bytes
 Hardware stack levels used:    1
 This function calls:
		Nothing
 This function is called by:
		_ISR
 This function uses a non-reentrant model



MODULE INFORMATION

Module		Function		Class		Link	Load	Size
C:\Program Files (x86)\Microchip\xc8\v1.41\sources\common\lwdiv.c
		___lwdiv       		CODE           	5570	0000	121

C:\Program Files (x86)\Microchip\xc8\v1.41\sources\common\lwdiv.c estimated size: 121

../Key.c
		_KEY_Scan      		CODE           	519E	0000	207
		_KEY_Init      		CODE           	5BD6	0000	33

../Key.c estimated size: 240

C:\Program Files (x86)\Microchip\xc8\v1.41\sources\common\doprnt.c
		_printf        		CODE           	4AE8	0000	341

C:\Program Files (x86)\Microchip\xc8\v1.41\sources\common\doprnt.c estimated size: 341

../gui.c
		_menu5_MsgHandlle		CODE           	320E	0000	563
		_menu0_MsgHandlle		CODE           	29E0	0000	747
		_menu6_MsgHandlle		CODE           	1754	0000	1087
		_HG_init       		CODE           	5BF6	0000	31
		_init_menu     		CODE           	4166	0000	383
		_menu1_MsgHandlle		CODE           	5322	0000	183
		_update_focus  		CODE           	54F2	0000	127
		_menu2_MsgHandlle		CODE           	526C	0000	183
		_menu3_MsgHandlle		CODE           	2FA6	0000	617
		_HG_interface  		CODE           	570E	0000	91
		_menu4_MsgHandlle		CODE           	3654	0000	465

../gui.c estimated size: 4477

C:\Program Files (x86)\Microchip\xc8\v1.41\sources\common\Umul16.c
		___wmul        		CODE           	5AD0	0000	55

C:\Program Files (x86)\Microchip\xc8\v1.41\sources\common\Umul16.c estimated size: 55

../Timer.c
		_TimerInit     		CODE           	5C14	0000	31
		_ISR           		CODE           	0008	0000	1355
		_Timer1Init    		CODE           	5CEC	0000	15
		_delaynus      		CODE           	5C32	0000	31

../Timer.c estimated size: 1432

../Oled.c
		_delay         		CODE           	58B2	0000	75
		_AD_init       		CODE           	5CCC	0000	19
		_display_mem   		CODE           	3CE6	0000	385
		_display_bat   		CODE           	3FE6	0000	385
		_display_num   		CODE           	1F96	0000	955
		_i2c_CfgGpio   		CODE           	5D08	0000	15
		_setYX_LCD     		CODE           	5768	0000	91
		_display_logo  		CODE           	5466	0000	141
		_display_drop  		CODE           	3B66	0000	385
		_display_frame_de		CODE           	0816	0000	1355
		_i2c_Stop      		CODE           	5D16	0000	13
		_LCD_Off       		CODE           	5D52	0000	5
		_display_frame_abc		CODE           	3440	0000	533
		_i2c_WaitAck   		CODE           	5B60	0000	43
		_display_cmode 		CODE           	3E66	0000	385
		_display_drops 		CODE           	39E6	0000	385
		_initial_ui_setting		CODE           	4C3C	0000	339
		_i2c_Delay     		CODE           	5D5E	0000	3
		_i2c_SendByte  		CODE           	598E	0000	71
		_delay_nms     		CODE           	57C2	0000	83
		_LCD_backlight_init		CODE           	5D4E	0000	5
		_ee_WriteBytes 		CODE           	5866	0000	77
		_Initial_LY096BG30		CODE           	5B06	0000	47
		_clear_screen  		CODE           	56AE	0000	97
		_i2c_Start     		CODE           	5CA0	0000	23
		_display_frame_fghi		CODE           	2350	0000	845
		_display_n_blank		CODE           	1B92	0000	1029
		_LCD_On        		CODE           	5D5A	0000	5
		_delay_pwm     		CODE           	5B8A	0000	39
		_config_LCD    		CODE           	4FBE	0000	269
		_display_blank_mode_pa		CODE           	4992	0000	343

../Oled.c estimated size: 8445

../Main.c
		_main          		CODE           	0012	0000	2053

../Main.c estimated size: 2053

shared
		_mem_m         		MEDIUMCONST    	74CE	0000	47
		i2_ee_WriteBytes		CODE           	58FC	0000	75
		i2_printf      		CODE           	4D8E	0000	287
		i2_i2c_Delay   		CODE           	5D60	0000	3
		_ptne_frame    		MEDIUMCONST    	7311	0000	145
		_n_1P5_m       		MEDIUMCONST    	7DF3	0000	58
		_n_2P5_m       		MEDIUMCONST    	7DBA	0000	58
		i2_display_frame_abc		CODE           	3824	0000	451
		_bat_m         		MEDIUMCONST    	74A0	0000	47
		i2_putch       		CODE           	5D22	0000	13
		_ptnf_frame    		MEDIUMCONST    	7A7E	0000	145
		_blank_m       		MEDIUMCONST    	7586	0000	47
		i2_initial_ui_setting		CODE           	4EAC	0000	275
		i2_display_cmode		CODE           	443A	0000	343
		i2_i2c_WaitAck 		CODE           	5BB0	0000	39
		_ptng_frame    		MEDIUMCONST    	79EE	0000	145
		i2_display_drops		CODE           	46E6	0000	343
		_dpowers       		MEDIUMCONST    	75B4	0000	11
		i2___lwdiv     		CODE           	5814	0000	83
		_n_0_m         		MEDIUMCONST    	7E65	0000	58
		_ptnh_frame    		MEDIUMCONST    	795E	0000	145
		_n_1_m         		MEDIUMCONST    	7E2C	0000	58
		i2_i2c_Stop    		CODE           	5D2E	0000	13
		_n_2_m         		MEDIUMCONST    	7D81	0000	58
		i2_i2c_Start   		CODE           	5CB6	0000	23
		_n_10_m        		MEDIUMCONST    	7C64	0000	58
		_ptni_frame    		MEDIUMCONST    	78CE	0000	145
		_n_3_m         		MEDIUMCONST    	7D48	0000	58
		_n_4_m         		MEDIUMCONST    	7D0F	0000	58
		_drops_m       		MEDIUMCONST    	752A	0000	47
		_n_100_m       		MEDIUMCONST    	7BF2	0000	58
		i2_LCD_Off     		CODE           	5D56	0000	5
		i2___lwmod     		CODE           	5A18	0000	67
		i2_setYX_LCD   		CODE           	59D4	0000	69
		_n_5_m         		MEDIUMCONST    	7C9D	0000	58
		_n_200_m       		MEDIUMCONST    	7BB9	0000	58
		__initialization		CODE           	53D8	0000	129
		i2_display_frame_fghi		CODE           	2CCA	0000	733
		_n_6_m         		MEDIUMCONST    	7CD6	0000	58
		_n_300_m       		MEDIUMCONST    	7B47	0000	58
		i2_i2c_SendByte		CODE           	5A98	0000	57
		_n_13_m        		MEDIUMCONST    	7C2B	0000	58
		_logo_eme      		MEDIUMCONST    	75BE	0000	785
		i2_clear_screen		CODE           	5946	0000	73
		_ptna_frame    		MEDIUMCONST    	746A	0000	55
		i2_display_mem 		CODE           	42E4	0000	343
		i2_display_bat 		CODE           	4590	0000	343
		i2_display_num 		CODE           	269C	0000	837
		i2_config_LCD  		CODE           	50CA	0000	213
		_drop_m        		MEDIUMCONST    	74FC	0000	47
		_c_m           		MEDIUMCONST    	7558	0000	47
		_n_150_m       		MEDIUMCONST    	7B80	0000	58
		i2_delaynus    		CODE           	5C6C	0000	27
		i2_delay_nms   		CODE           	5A5A	0000	63
		_n_250_m       		MEDIUMCONST    	7B0E	0000	58
		i2_buzz        		CODE           	5C86	0000	27
		i2_display_logo		CODE           	55E8	0000	101
		i2_display_drop		CODE           	483C	0000	343
		_n_blank_m     		MEDIUMCONST    	7431	0000	58
		i2_display_frame_de		CODE           	12A4	0000	1201
		_ptnd_frame    		MEDIUMCONST    	73A1	0000	145

shared estimated size: 9568

C:\Program Files (x86)\Microchip\xc8\v1.41\sources\common\lwmod.c
		___lwmod       		CODE           	564C	0000	99

C:\Program Files (x86)\Microchip\xc8\v1.41\sources\common\lwmod.c estimated size: 99

../Beep.c
		_putch         		CODE           	5CFA	0000	15
		_buzz          		CODE           	5C50	0000	29
		_uart_init     		CODE           	5CDE	0000	15
		_BeepInit      		CODE           	5D3A	0000	11

../Beep.c estimated size: 70

../MotorDrive.c
		_MotorDriveInit		CODE           	5B34	0000	45

../MotorDrive.c estimated size: 45

