Microchip MPLAB XC8 Compiler V1.41 ()

Linker command line:

-W-3 --edf=C:\Program Files (x86)\Microchip\xc8\v1.41\dat\en_msgs.txt -cs \
  -h+dist/default/production\hgun.X.production.sym \
  --cmf=dist/default/production\hgun.X.production.cmf -z -Q18F4520 \
  -oC:\Users\ADMINI~1\AppData\Local\Temp\smmo.2 \
  -Mdist/default/production/hgun.X.production.map -E1 -ver=XC8 \
  -ASTACK=0400h-05ffh -pstack=STACK -ACODE=00h-07FFFh -ACONST=00h-07FFFh \
  -ASMALLCONST=0600h-06FFhx122 -AMEDIUMCONST=0600h-07FFFh -ACOMRAM=01h-07Fh \
  -AABS1=00h-05FFh -ABIGRAM=01h-05FFh -ARAM=080h-0FFh,0100h-01FFhx5 \
  -ABANK0=080h-0FFh -ABANK1=0100h-01FFh -ABANK2=0200h-02FFh \
  -ABANK3=0300h-03FFh -ABANK4=0400h-04FFh -ABANK5=0500h-05FFh \
  -ASFR=0F80h-0FFFh -preset_vec=00h,intcode=08h,intcodelo,powerup,init \
  -pramtop=0600h -psmallconst=SMALLCONST -pmediumconst=MEDIUMCONST \
  -pconst=CONST -AFARRAM=00h-00h -ACONFIG=0300000h-030000Dh -pconfig=CONFIG \
  -AIDLOC=0200000h-0200007h -pidloc=IDLOC -AEEDATA=0F00000h-0F000FFh \
  -peeprom_data=EEDATA \
  -prdata=COMRAM,nvrram=COMRAM,nvbit=COMRAM,rbss=COMRAM,rbit=COMRAM \
  -pfarbss=FARRAM,fardata=FARRAM,nvFARRAM=FARRAM \
  -pintsave_regs=BIGRAM,bigbss=BIGRAM,bigdata=BIGRAM -pbss=RAM \
  -pidata=CODE,irdata=CODE,ibigdata=CODE,ifardata=CODE -prparam=COMRAM \
  C:\Users\ADMINI~1\AppData\Local\Temp\smmo.obj \
  dist/default/production\hgun.X.production.obj 

Object code version is 3.11

Machine type is 18F4520

Call graph: (short form)




                Name                               Link     Load   Length Selector   Space Scale
C:\Users\ADMINI~1\AppData\Local\Temp\smmo.obj
                init                                  E        E        4        4       0
                reset_vec                             0        0        4        0       0
                idloc                            200000   200000        8   200000       0
                config                           300000   300000        E   300000       0
dist/default/production\hgun.X.production.obj
                intcode                               8        8        6        4       0
                temp                                 6A       6A        1        1       1
                mediumconst                        7384     7384      C7C     39C2       0
                text73                             4864     4864       5E        4       0
                intcode_body                       2864     2864      22C        4       0
                text71                             4E2E     4E2E       12        4       0
                text70                             4E9E     4E9E        A        4       0
                text69                             4BA6     4BA6       4A        4       0
                text68                             4EB6     4EB6        2        4       0
                text67                             4C36     4C36       46        4       0
                text66                             4E18     4E18       16        4       0
                text65                             4E88     4E88        C        4       0
                text64                             4D76     4D76       2A        4       0
                text63                             4B10     4B10       4C        4       0
                text62                             4E7A     4E7A        E        4       0
                text61                             4AC4     4AC4       4C        4       0
                text60                             4DA0     4DA0       20        4       0
                text59                             4EB0     4EB0        4        4       0
                text58                             4EAC     4EAC        4        4       0
                text57                             4D18     4D18       30        4       0
                text56                             4E6C     4E6C        E        4       0
                text55                             4DDE     4DDE       1E        4       0
                text54                             3FAA     3FAA      10E        4       0
                text53                             4E5E     4E5E        E        4       0
                text52                             4D48     4D48       2E        4       0
                text51                             4A72     4A72       52        4       0
                text50                             4DFC     4DFC       1C        4       0
                text49                             4DC0     4DC0       1E        4       0
                text48                             41C4     41C4       C6        4       0
                text47                             491C     491C       5A        4       0
                text46                             3E2A     3E2A      180        4       0
                text45                             3CAA     3CAA      180        4       0
                text44                             3B2A     3B2A      180        4       0
                text43                             2CBA     2CBA      214        4       0
                text42                             119A     119A      34C        4       0
                text41                              DE0      DE0      3BA        4       0
                text40                             1E58     1E58      2FC        4       0
                text39                             4A20     4A20       52        4       0
                text38                             49CE     49CE       52        4       0
                text37                               12       12      54A        4       0
                text36                             2A90     2A90      22A        4       0
                text35                             2626     2626      23E        4       0
                text34                             30CA     30CA      1F4        4       0
                text33                              9E6      9E6      3FA        4       0
                text32                             462E     462E       7E        4       0
                text31                             48C2     48C2       5A        4       0
                text30                             4C7C     4C7C       36        4       0
                text29                             4CE6     4CE6       32        4       0
                text28                             2ECE     2ECE      1FC        4       0
                text27                             4798     4798       6C        4       0
                text26                             45AE     45AE       80        4       0
                text25                             2154     2154      278        4       0
                text24                             34AE     34AE      1CC        4       0
                text23                             4BF0     4BF0       46        4       0
                text22                             4B5C     4B5C       4A        4       0
                text21                             4722     4722       76        4       0
                text20                             46AC     46AC       76        4       0
                text19                             39AA     39AA      180        4       0
                text18                              55C      55C      48A        4       0
                text17                             181E     181E      320        4       0
                text16                             4E40     4E40       10        4       0
                text15                             1B3E     1B3E      31A        4       0
                text14                             14E6     14E6      338        4       0
                text13                             4EA8     4EA8        4        4       0
                text12                             40B8     40B8      10C        4       0
                text11                             4804     4804       60        4       0
                text10                             4522     4522       8C        4       0
                text9                              382A     382A      180        4       0
                text8                              367A     367A      1B0        4       0
                text7                              428A     428A       BC        4       0
                text6                              43FA     43FA       96        4       0
                text5                              32BE     32BE      1F0        4       0
                text4                              4976     4976       58        4       0
                text3                              4E50     4E50        E        4       0
                text2                              4CB2     4CB2       34        4       0
                text1                              23CC     23CC      25A        4       0
                text0                              4346     4346       B4        4       0
                cstackCOMRAM                         51       51       17        1       1
                cstackBANK0                          FD       FD        3       80       1
                cstackBANK1                         128      128       12      100       1
                bssBANK3                            300      300      100      300       1
                bssBANK2                            200      200      100      200       1
                bssBANK1                            100      100       28      100       1
                dataBANK0                            F3       F3        A       80       1
                bssBANK0                             80       80       73       80       1
                dataCOMRAM                           68       68        2        1       1
                bssCOMRAM                             1        1       50        1       1
                cinit                              4490     4490       92        4       0
                idataBANK0                         4E94     4E94        A        4       0
                idataCOMRAM                        4EB4     4EB4        2        4       0

TOTAL           Name                               Link     Load   Length     Space
        CLASS   STACK          

        CLASS   CODE           
                intcode                               8        8        6         0
                init                                  E        E        4         0
                reset_vec                             0        0        4         0
                text73                             4864     4864       5E         0
                intcode_body                       2864     2864      22C         0
                text71                             4E2E     4E2E       12         0
                text70                             4E9E     4E9E        A         0
                text69                             4BA6     4BA6       4A         0
                text68                             4EB6     4EB6        2         0
                text67                             4C36     4C36       46         0
                text66                             4E18     4E18       16         0
                text65                             4E88     4E88        C         0
                text64                             4D76     4D76       2A         0
                text63                             4B10     4B10       4C         0
                text62                             4E7A     4E7A        E         0
                text61                             4AC4     4AC4       4C         0
                text60                             4DA0     4DA0       20         0
                text59                             4EB0     4EB0        4         0
                text58                             4EAC     4EAC        4         0
                text57                             4D18     4D18       30         0
                text56                             4E6C     4E6C        E         0
                text55                             4DDE     4DDE       1E         0
                text54                             3FAA     3FAA      10E         0
                text53                             4E5E     4E5E        E         0
                text52                             4D48     4D48       2E         0
                text51                             4A72     4A72       52         0
                text50                             4DFC     4DFC       1C         0
                text49                             4DC0     4DC0       1E         0
                text48                             41C4     41C4       C6         0
                text47                             491C     491C       5A         0
                text46                             3E2A     3E2A      180         0
                text45                             3CAA     3CAA      180         0
                text44                             3B2A     3B2A      180         0
                text43                             2CBA     2CBA      214         0
                text42                             119A     119A      34C         0
                text41                              DE0      DE0      3BA         0
                text40                             1E58     1E58      2FC         0
                text39                             4A20     4A20       52         0
                text38                             49CE     49CE       52         0
                text37                               12       12      54A         0
                text36                             2A90     2A90      22A         0
                text35                             2626     2626      23E         0
                text34                             30CA     30CA      1F4         0
                text33                              9E6      9E6      3FA         0
                text32                             462E     462E       7E         0
                text31                             48C2     48C2       5A         0
                text30                             4C7C     4C7C       36         0
                text29                             4CE6     4CE6       32         0
                text28                             2ECE     2ECE      1FC         0
                text27                             4798     4798       6C         0
                text26                             45AE     45AE       80         0
                text25                             2154     2154      278         0
                text24                             34AE     34AE      1CC         0
                text23                             4BF0     4BF0       46         0
                text22                             4B5C     4B5C       4A         0
                text21                             4722     4722       76         0
                text20                             46AC     46AC       76         0
                text19                             39AA     39AA      180         0
                text18                              55C      55C      48A         0
                text17                             181E     181E      320         0
                text16                             4E40     4E40       10         0
                text15                             1B3E     1B3E      31A         0
                text14                             14E6     14E6      338         0
                text13                             4EA8     4EA8        4         0
                text12                             40B8     40B8      10C         0
                text11                             4804     4804       60         0
                text10                             4522     4522       8C         0
                text9                              382A     382A      180         0
                text8                              367A     367A      1B0         0
                text7                              428A     428A       BC         0
                text6                              43FA     43FA       96         0
                text5                              32BE     32BE      1F0         0
                text4                              4976     4976       58         0
                text3                              4E50     4E50        E         0
                text2                              4CB2     4CB2       34         0
                text1                              23CC     23CC      25A         0
                text0                              4346     4346       B4         0
                cinit                              4490     4490       92         0
                idataBANK0                         4E94     4E94        A         0
                idataCOMRAM                        4EB4     4EB4        2         0

        CLASS   CONST          

        CLASS   SMALLCONST     

        CLASS   MEDIUMCONST    
                mediumconst                        7384     7384      C7C         0

        CLASS   COMRAM         
                temp                                 6A       6A        1         1
                cstackCOMRAM                         51       51       17         1
                dataCOMRAM                           68       68        2         1
                bssCOMRAM                             1        1       50         1

        CLASS   ABS1           

        CLASS   BIGRAM         

        CLASS   RAM            

        CLASS   BANK0          
                cstackBANK0                          FD       FD        3         1
                dataBANK0                            F3       F3        A         1
                bssBANK0                             80       80       73         1

        CLASS   BANK1          
                cstackBANK1                         128      128       12         1
                bssBANK1                            100      100       28         1

        CLASS   BANK2          
                bssBANK2                            200      200      100         1

        CLASS   BANK3          
                bssBANK3                            300      300      100         1

        CLASS   BANK4          

        CLASS   BANK5          

        CLASS   SFR            

        CLASS   FARRAM         

        CLASS   CONFIG         
                config                           300000   300000        E         0

        CLASS   IDLOC          
                idloc                            200000   200000        8         0

        CLASS   EEDATA         



SEGMENTS        Name                           Load    Length   Top    Selector   Space  Class

                reset_vec                      000000  000004  000004         0       0  CODE    
                bssCOMRAM                      000001  00006A  00006B         1       1  COMRAM  
                intcode                        000008  004EB0  004EB8         4       0  CODE    
                bssBANK0                       000080  000080  000100        80       1  BANK0   
                bssBANK1                       000100  00003A  00013A       100       1  BANK1   
                bssBANK2                       000200  000100  000300       200       1  BANK2   
                bssBANK3                       000300  000100  000400       300       1  BANK3   
                mediumconst                    007384  000C7C  008000      39C2       0  MEDIUMCO
                idloc                          200000  000008  200008    200000       0  IDLOC   
                config                         300000  00000E  30000E    300000       0  CONFIG  


UNUSED ADDRESS RANGES

        Name                Unused          Largest block    Delta
        BANK1            00013A-0001FF               C6
        BANK4            000400-0004FF              100
        BANK5            000500-0005FF              100
        BIGRAM           00006B-00007F               15
                         00013A-0001FF               C6
                         000400-0005FF              200
        CODE             000004-000007                4
                         004EB8-007383             24CC
        COMRAM           00006B-00007F               15
        CONST            000004-000007                4
                         004EB8-007383             24CC
        EEDATA           F00000-F000FF              100
        MEDIUMCONST      004EB8-007383             24CC
        RAM              00013A-0001FF               C6
                         000400-0005FF              100
        SFR              000F80-000FFF               80
        SMALLCONST       004EB8-007383              100
        STACK            000400-0005FF              200

                                  Symbol Table

?___wmul                        cstackBANK1  000128
?_get_AD_vaule                  cstackBANK0  0000FD
?_get_SenseA_AD_vaule           cstackCOMRAM 000051
?_printf                        cstackBANK0  0000FE
HG_interface@kv                 cstackBANK1  000139
ISR@tcnt                        bssBANK0     0000DC
ISR@tcnt_bat                    bssBANK0     0000C7
KEY_Scan@tm_cnt                 cstackBANK1  00012C
_ADCON0bits                     (abs)        000FC2
_ADCON1                         (abs)        000FC1
_ADCON2bits                     (abs)        000FC0
_ADRESH                         (abs)        000FC4
_ADRESL                         (abs)        000FC3
_AD_init                        text71       004E2E
_BeepInit                       text70       004E9E
_GIE                            (abs)        007F97
_HG_device_init                 text52       004D48
_HG_interface                   text31       0048C2
_INTCON2bits                    (abs)        000FF1
_INTCON3bits                    (abs)        000FF0
_INTCONbits                     (abs)        000FF2
_ISR                            intcode      000008
_Initial_LY096BG30              text61       004AC4
_KEY_Init                       text60       004DA0
_KEY_Scan                       text48       0041C4
_LATAbits                       (abs)        000F89
_LATCbits                       (abs)        000F8B
_LATDbits                       (abs)        000F8C
_LATEbits                       (abs)        000F8D
_LCD_Off                        text59       004EB0
_LCD_On                         text13       004EA8
_LCD_backlight_init             text58       004EAC
_MotorDriveInit                 text57       004D18
_PIR1bits                       (abs)        000F9E
_PORTAbits                      (abs)        000F80
_PORTBbits                      (abs)        000F81
_PORTC                          (abs)        000F82
_PORTCbits                      (abs)        000F82
_PORTDbits                      (abs)        000F83
_PSA                            (abs)        007EAB
_RCSTAbits                      (abs)        000FAB
_SPBRG                          (abs)        000FAF
_T08BIT                         (abs)        007EAE
_T0CONbits                      (abs)        000FD5
_T0CS                           (abs)        007EAD
_T0IE                           (abs)        007F95
_T0IF                           (abs)        007F92
_T0PS0                          (abs)        007EA8
_T0PS1                          (abs)        007EA9
_T0PS2                          (abs)        007EAA
_T1CONbits                      (abs)        000FCD
_TMR0                           (abs)        000FD6
_TMR1                           (abs)        000FCE
_TRISAbits                      (abs)        000F92
_TRISBbits                      (abs)        000F93
_TRISCbits                      (abs)        000F94
_TRISDbits                      (abs)        000F95
_TRISEbits                      (abs)        000F96
_TXREG                          (abs)        000FAD
_TXSTAbits                      (abs)        000FAC
_Timer1Init                     text56       004E6C
_TimerInit                      text55       004DDE
__CFG_BOREN$OFF                 (abs)        000000
__CFG_BORV$0                    (abs)        000000
__CFG_CCP2MX$PORTC              (abs)        000000
__CFG_CP0$OFF                   (abs)        000000
__CFG_CP1$OFF                   (abs)        000000
__CFG_CP2$OFF                   (abs)        000000
__CFG_CP3$OFF                   (abs)        000000
__CFG_CPB$OFF                   (abs)        000000
__CFG_CPD$OFF                   (abs)        000000
__CFG_EBTR0$OFF                 (abs)        000000
__CFG_EBTR1$OFF                 (abs)        000000
__CFG_EBTR2$OFF                 (abs)        000000
__CFG_EBTR3$OFF                 (abs)        000000
__CFG_EBTRB$OFF                 (abs)        000000
__CFG_FCMEN$OFF                 (abs)        000000
__CFG_IESO$OFF                  (abs)        000000
__CFG_LPT1OSC$OFF               (abs)        000000
__CFG_LVP$OFF                   (abs)        000000
__CFG_MCLRE$ON                  (abs)        000000
__CFG_OSC$HS                    (abs)        000000
__CFG_PBADEN$OFF                (abs)        000000
__CFG_PWRT$OFF                  (abs)        000000
__CFG_STVREN$OFF                (abs)        000000
__CFG_WDT$OFF                   (abs)        000000
__CFG_WDTPS$64                  (abs)        000000
__CFG_WRT0$OFF                  (abs)        000000
__CFG_WRT1$OFF                  (abs)        000000
__CFG_WRT2$OFF                  (abs)        000000
__CFG_WRT3$OFF                  (abs)        000000
__CFG_WRTB$OFF                  (abs)        000000
__CFG_WRTC$OFF                  (abs)        000000
__CFG_WRTD$OFF                  (abs)        000000
__CFG_XINST$OFF                 (abs)        000000
__HRAM                          (abs)        000000
__Habs1                         abs1         000000
__Hbank0                        bank0        000000
__Hbank1                        bank1        000000
__Hbank2                        bank2        000000
__Hbank3                        bank3        000000
__Hbank4                        bank4        000000
__Hbank5                        bank5        000000
__Hbigbss                       bigbss       000000
__Hbigdata                      bigdata      000000
__Hbigram                       bigram       000000
__Hbss                          bss          000000
__HbssBANK0                     bssBANK0     000000
__HbssBANK1                     bssBANK1     000000
__HbssBANK2                     bssBANK2     000000
__HbssBANK3                     bssBANK3     000000
__HbssCOMRAM                    bssCOMRAM    000000
__Hcinit                        cinit        000000
__Hclrtext                      clrtext      000000
__Hcomram                       comram       000000
__Hconfig                       config       30000E
__Hconst                        const        000000
__HcstackBANK0                  cstackBANK0  000000
__HcstackBANK1                  cstackBANK1  000000
__HcstackCOMRAM                 cstackCOMRAM 000000
__Hdata                         data         000000
__HdataBANK0                    dataBANK0    000000
__HdataCOMRAM                   dataCOMRAM   000000
__Heeprom_data                  eeprom_data  000000
__Hfarbss                       farbss       000000
__Hfardata                      fardata      000000
__Hibigdata                     ibigdata     000000
__Hidata                        idata        000000
__HidataBANK0                   idataBANK0   000000
__HidataCOMRAM                  idataCOMRAM  000000
__Hidloc                        idloc        200008
__Hifardata                     ifardata     000000
__Hinit                         init         000012
__Hintcode                      intcode      00000E
__Hintcode_body                 intcode_body 000000
__Hintcodelo                    intcodelo    00000E
__Hintentry                     intentry     000000
__Hintret                       intret       000000
__Hintsave_regs                 intsave_regs 000000
__Hirdata                       irdata       000000
__Hmediumconst                  mediumconst  008000
__HnvFARRAM                     nvFARRAM     000000
__Hnvbit                        nvbit        000000
__Hnvrram                       nvrram       000000
__Hparam                        rparam       000000
__Hpowerup                      powerup      00000E
__Hram                          ram          000000
__Hramtop                       ramtop       000600
__Hrbit                         rbit         000000
__Hrbss                         rbss         000000
__Hrdata                        rdata        000000
__Hreset_vec                    reset_vec    000004
__Hrparam                       rparam       000000
__Hsfr                          sfr          000000
__Hsmallconst                   smallconst   000000
__Hspace_0                      (abs)        30000E
__Hspace_1                      (abs)        000400
__Hspace_2                      (abs)        000000
__Hstack                        stack        000000
__Hstruct                       struct       000000
__Htemp                         temp         00006B
__Htext                         text         000000
__Htext0                        text0        000000
__Htext1                        text1        000000
__Htext10                       text10       000000
__Htext11                       text11       000000
__Htext12                       text12       000000
__Htext13                       text13       000000
__Htext14                       text14       000000
__Htext15                       text15       000000
__Htext16                       text16       000000
__Htext17                       text17       000000
__Htext18                       text18       000000
__Htext19                       text19       000000
__Htext2                        text2        000000
__Htext20                       text20       000000
__Htext21                       text21       000000
__Htext22                       text22       000000
__Htext23                       text23       000000
__Htext24                       text24       000000
__Htext25                       text25       000000
__Htext26                       text26       000000
__Htext27                       text27       000000
__Htext28                       text28       000000
__Htext29                       text29       000000
__Htext3                        text3        000000
__Htext30                       text30       000000
__Htext31                       text31       000000
__Htext32                       text32       000000
__Htext33                       text33       000000
__Htext34                       text34       000000
__Htext35                       text35       000000
__Htext36                       text36       000000
__Htext37                       text37       000000
__Htext38                       text38       000000
__Htext39                       text39       000000
__Htext4                        text4        000000
__Htext40                       text40       000000
__Htext41                       text41       000000
__Htext42                       text42       000000
__Htext43                       text43       000000
__Htext44                       text44       000000
__Htext45                       text45       000000
__Htext46                       text46       000000
__Htext47                       text47       000000
__Htext48                       text48       000000
__Htext49                       text49       000000
__Htext5                        text5        000000
__Htext50                       text50       000000
__Htext51                       text51       000000
__Htext52                       text52       000000
__Htext53                       text53       000000
__Htext54                       text54       000000
__Htext55                       text55       000000
__Htext56                       text56       000000
__Htext57                       text57       000000
__Htext58                       text58       000000
__Htext59                       text59       000000
__Htext6                        text6        000000
__Htext60                       text60       000000
__Htext61                       text61       000000
__Htext62                       text62       000000
__Htext63                       text63       000000
__Htext64                       text64       000000
__Htext65                       text65       000000
__Htext66                       text66       000000
__Htext67                       text67       000000
__Htext68                       text68       000000
__Htext69                       text69       000000
__Htext7                        text7        000000
__Htext70                       text70       000000
__Htext71                       text71       000000
__Htext73                       text73       000000
__Htext74                       text74       000000
__Htext8                        text8        000000
__Htext9                        text9        000000
__LRAM                          (abs)        000001
__Labs1                         abs1         000000
__Lbank0                        bank0        000000
__Lbank1                        bank1        000000
__Lbank2                        bank2        000000
__Lbank3                        bank3        000000
__Lbank4                        bank4        000000
__Lbank5                        bank5        000000
__Lbigbss                       bigbss       000000
__Lbigdata                      bigdata      000000
__Lbigram                       bigram       000000
__Lbss                          bss          000000
__LbssBANK0                     bssBANK0     000000
__LbssBANK1                     bssBANK1     000000
__LbssBANK2                     bssBANK2     000000
__LbssBANK3                     bssBANK3     000000
__LbssCOMRAM                    bssCOMRAM    000000
__Lcinit                        cinit        000000
__Lclrtext                      clrtext      000000
__Lcomram                       comram       000000
__Lconfig                       config       300000
__Lconst                        const        000000
__LcstackBANK0                  cstackBANK0  000000
__LcstackBANK1                  cstackBANK1  000000
__LcstackCOMRAM                 cstackCOMRAM 000000
__Ldata                         data         000000
__LdataBANK0                    dataBANK0    000000
__LdataCOMRAM                   dataCOMRAM   000000
__Leeprom_data                  eeprom_data  000000
__Lfarbss                       farbss       000000
__Lfardata                      fardata      000000
__Libigdata                     ibigdata     000000
__Lidata                        idata        000000
__LidataBANK0                   idataBANK0   000000
__LidataCOMRAM                  idataCOMRAM  000000
__Lidloc                        idloc        200000
__Lifardata                     ifardata     000000
__Linit                         init         00000E
__Lintcode                      intcode      000008
__Lintcode_body                 intcode_body 000000
__Lintcodelo                    intcodelo    00000E
__Lintentry                     intentry     000000
__Lintret                       intret       000000
__Lintsave_regs                 intsave_regs 000000
__Lirdata                       irdata       000000
__Lmediumconst                  mediumconst  007384
__LnvFARRAM                     nvFARRAM     000000
__Lnvbit                        nvbit        000000
__Lnvrram                       nvrram       000000
__Lparam                        rparam       000000
__Lpowerup                      powerup      00000E
__Lram                          ram          000000
__Lramtop                       ramtop       000600
__Lrbit                         rbit         000000
__Lrbss                         rbss         000000
__Lrdata                        rdata        000000
__Lreset_vec                    reset_vec    000000
__Lrparam                       rparam       000000
__Lsfr                          sfr          000000
__Lsmallconst                   smallconst   000000
__Lspace_0                      (abs)        000000
__Lspace_1                      (abs)        000000
__Lspace_2                      (abs)        000000
__Lstack                        stack        000000
__Lstruct                       struct       000000
__Ltemp                         temp         00006A
__Ltext                         text         000000
__Ltext0                        text0        000000
__Ltext1                        text1        000000
__Ltext10                       text10       000000
__Ltext11                       text11       000000
__Ltext12                       text12       000000
__Ltext13                       text13       000000
__Ltext14                       text14       000000
__Ltext15                       text15       000000
__Ltext16                       text16       000000
__Ltext17                       text17       000000
__Ltext18                       text18       000000
__Ltext19                       text19       000000
__Ltext2                        text2        000000
__Ltext20                       text20       000000
__Ltext21                       text21       000000
__Ltext22                       text22       000000
__Ltext23                       text23       000000
__Ltext24                       text24       000000
__Ltext25                       text25       000000
__Ltext26                       text26       000000
__Ltext27                       text27       000000
__Ltext28                       text28       000000
__Ltext29                       text29       000000
__Ltext3                        text3        000000
__Ltext30                       text30       000000
__Ltext31                       text31       000000
__Ltext32                       text32       000000
__Ltext33                       text33       000000
__Ltext34                       text34       000000
__Ltext35                       text35       000000
__Ltext36                       text36       000000
__Ltext37                       text37       000000
__Ltext38                       text38       000000
__Ltext39                       text39       000000
__Ltext4                        text4        000000
__Ltext40                       text40       000000
__Ltext41                       text41       000000
__Ltext42                       text42       000000
__Ltext43                       text43       000000
__Ltext44                       text44       000000
__Ltext45                       text45       000000
__Ltext46                       text46       000000
__Ltext47                       text47       000000
__Ltext48                       text48       000000
__Ltext49                       text49       000000
__Ltext5                        text5        000000
__Ltext50                       text50       000000
__Ltext51                       text51       000000
__Ltext52                       text52       000000
__Ltext53                       text53       000000
__Ltext54                       text54       000000
__Ltext55                       text55       000000
__Ltext56                       text56       000000
__Ltext57                       text57       000000
__Ltext58                       text58       000000
__Ltext59                       text59       000000
__Ltext6                        text6        000000
__Ltext60                       text60       000000
__Ltext61                       text61       000000
__Ltext62                       text62       000000
__Ltext63                       text63       000000
__Ltext64                       text64       000000
__Ltext65                       text65       000000
__Ltext66                       text66       000000
__Ltext67                       text67       000000
__Ltext68                       text68       000000
__Ltext69                       text69       000000
__Ltext7                        text7        000000
__Ltext70                       text70       000000
__Ltext71                       text71       000000
__Ltext73                       text73       000000
__Ltext74                       text74       000000
__Ltext8                        text8        000000
__Ltext9                        text9        000000
__S0                            (abs)        30000E
__S1                            (abs)        000400
__S2                            (abs)        000000
___inthi_sp                     stack        000000
___intlo_sp                     stack        000000
___param_bank                   (abs)        000000
___rparam_used                  (abs)        000001
___sp                           stack        000000
___wmul                         text30       004C7C
___wmul@multiplicand            cstackBANK1  00012A
___wmul@multiplier              cstackBANK1  000128
___wmul@product                 cstackBANK0  0000FD
__accesstop                     (abs)        000080
__activetblptr                  (abs)        000002
__end_of_AD_init                text71       004E40
__end_of_BeepInit               text70       004EA8
__end_of_HG_device_init         text52       004D76
__end_of_HG_interface           text31       00491C
__end_of_ISR                    intcode_body 002A90
__end_of_Initial_LY096BG30      text61       004B10
__end_of_KEY_Init               text60       004DC0
__end_of_KEY_Scan               text48       00428A
__end_of_LCD_Off                text59       004EB4
__end_of_LCD_On                 text13       004EAC
__end_of_LCD_backlight_init     text58       004EB0
__end_of_MotorDriveInit         text57       004D48
__end_of_Timer1Init             text56       004E7A
__end_of_TimerInit              text55       004DFC
__end_of___wmul                 text30       004CB2
__end_of__initialization        cinit        004514
__end_of_bat00_m                mediumconst  007FF0
__end_of_bat100_m               mediumconst  007F0A
__end_of_bat20_m                mediumconst  007FC2
__end_of_bat40_m                mediumconst  007F94
__end_of_bat60_m                mediumconst  007F66
__end_of_bat80_m                mediumconst  007F38
__end_of_blank_m                mediumconst  0075FA
__end_of_blink_mode             text17       001B3E
__end_of_buzz                   text50       004E18
__end_of_c_m                    mediumconst  0075CC
__end_of_c_routine              text28       0030CA
__end_of_check_acting           text27       004804
__end_of_check_bat              text23       004C36
__end_of_check_device_idle      text21       004798
__end_of_check_shut_device      text20       004722
__end_of_check_ui_blink         text16       004E50
__end_of_check_ui_status        text15       001E58
__end_of_check_wake_button      text7        004346
__end_of_clear_screen           text11       004864
__end_of_config_LCD             text12       0041C4
__end_of_delay                  text69       004BF0
__end_of_delay_nms              text51       004AC4
__end_of_delay_pwm              text29       004D18
__end_of_delaynus               text49       004DDE
__end_of_display_bat            text25       0023CC
__end_of_display_bat_blank      text24       00367A
__end_of_display_blank_mode_pa  text19       003B2A
__end_of_display_cmode          text46       003FAA
__end_of_display_drop           text45       003E2A
__end_of_display_drops          text44       003CAA
__end_of_display_frame_abc      text43       002ECE
__end_of_display_frame_de       text37       00055C
__end_of_display_frame_fghi     text42       0014E6
__end_of_display_logo           text10       0045AE
__end_of_display_mem            text9        0039AA
__end_of_display_n_blank        text18       0009E6
__end_of_display_num            text41       00119A
__end_of_drop_m                 mediumconst  007570
__end_of_drops_m                mediumconst  00759E
__end_of_drops_routine          text14       00181E
__end_of_ee_WriteBytes          text63       004B5C
__end_of_enter_sleep            text6        004490
__end_of_get_AD_vaule           text26       00462E
__end_of_get_SenseA_AD_vaule    text73       0048C2
__end_of_hg_reset               text5        0034AE
__end_of_i2c_CfgGpio            text62       004E88
__end_of_i2c_Delay              text68       004EB8
__end_of_i2c_SendByte           text67       004C7C
__end_of_i2c_Start              text66       004E2E
__end_of_i2c_Stop               text65       004E94
__end_of_i2c_WaitAck            text64       004DA0
__end_of_init_menu              text54       0040B8
__end_of_initial_para_setting   text4        0049CE
__end_of_initial_ui_setting     text8        00382A
__end_of_logo_eme               mediumconst  00790C
__end_of_main                   text0        0043FA
__end_of_mem_m                  mediumconst  007542
__end_of_menu0_MsgHandlle       text40       002154
__end_of_menu1_MsgHandlle       text39       004A72
__end_of_menu2_MsgHandlle       text38       004A20
__end_of_menu3_MsgHandlle       text36       002CBA
__end_of_menu4_MsgHandlle       text35       002864
__end_of_menu5_MsgHandlle       text34       0032BE
__end_of_menu6_MsgHandlle       text33       000DE0
__end_of_n_0_m                  mediumconst  007EDC
__end_of_n_100_m                mediumconst  007C69
__end_of_n_10_m                 mediumconst  007CDB
__end_of_n_13_m                 mediumconst  007CA2
__end_of_n_150_m                mediumconst  007BF7
__end_of_n_1P5_m                mediumconst  007E6A
__end_of_n_1_m                  mediumconst  007EA3
__end_of_n_200_m                mediumconst  007C30
__end_of_n_250_m                mediumconst  007B85
__end_of_n_2P5_m                mediumconst  007E31
__end_of_n_2_m                  mediumconst  007DF8
__end_of_n_300_m                mediumconst  007BBE
__end_of_n_3_m                  mediumconst  007DBF
__end_of_n_4_m                  mediumconst  007D86
__end_of_n_5_m                  mediumconst  007D14
__end_of_n_6_m                  mediumconst  007D4D
__end_of_n_blank_m              mediumconst  0074DE
__end_of_printf                 text2        004CE6
__end_of_ptna_frame             mediumconst  007514
__end_of_ptnd_frame             mediumconst  0074A5
__end_of_ptne_frame             mediumconst  007415
__end_of_ptnf_frame             mediumconst  007B4C
__end_of_ptng_frame             mediumconst  007ABC
__end_of_ptnh_frame             mediumconst  007A2C
__end_of_ptni_frame             mediumconst  00799C
__end_of_putch                  text3        004E5E
__end_of_setYX_LCD              text47       004976
__end_of_shut_device            text22       004BA6
__end_of_test_routine           text1        002626
__end_of_tss                    mediumconst  0075FC
__end_of_uart_init              text53       004E6C
__end_of_update_focus           text32       0046AC
__initialization                cinit        004490
__mediumconst                   mediumconst  007384
__pbssBANK0                     bssBANK0     000080
__pbssBANK1                     bssBANK1     000100
__pbssBANK2                     bssBANK2     000200
__pbssBANK3                     bssBANK3     000300
__pbssCOMRAM                    bssCOMRAM    000001
__pcinit                        cinit        004490
__pcstackBANK0                  cstackBANK0  0000FD
__pcstackBANK1                  cstackBANK1  000128
__pcstackCOMRAM                 cstackCOMRAM 000051
__pdataBANK0                    dataBANK0    0000F3
__pdataCOMRAM                   dataCOMRAM   000068
__pidataBANK0                   idataBANK0   004E94
__pidataCOMRAM                  idataCOMRAM  004EB4
__pintcode                      intcode      000008
__pintcode_body                 intcode_body 002864
__pmediumconst                  mediumconst  007384
__ptext0                        text0        004346
__ptext1                        text1        0023CC
__ptext10                       text10       004522
__ptext11                       text11       004804
__ptext12                       text12       0040B8
__ptext13                       text13       004EA8
__ptext14                       text14       0014E6
__ptext15                       text15       001B3E
__ptext16                       text16       004E40
__ptext17                       text17       00181E
__ptext18                       text18       00055C
__ptext19                       text19       0039AA
__ptext2                        text2        004CB2
__ptext20                       text20       0046AC
__ptext21                       text21       004722
__ptext22                       text22       004B5C
__ptext23                       text23       004BF0
__ptext24                       text24       0034AE
__ptext25                       text25       002154
__ptext26                       text26       0045AE
__ptext27                       text27       004798
__ptext28                       text28       002ECE
__ptext29                       text29       004CE6
__ptext3                        text3        004E50
__ptext30                       text30       004C7C
__ptext31                       text31       0048C2
__ptext32                       text32       00462E
__ptext33                       text33       0009E6
__ptext34                       text34       0030CA
__ptext35                       text35       002626
__ptext36                       text36       002A90
__ptext37                       text37       000012
__ptext38                       text38       0049CE
__ptext39                       text39       004A20
__ptext4                        text4        004976
__ptext40                       text40       001E58
__ptext41                       text41       000DE0
__ptext42                       text42       00119A
__ptext43                       text43       002CBA
__ptext44                       text44       003B2A
__ptext45                       text45       003CAA
__ptext46                       text46       003E2A
__ptext47                       text47       00491C
__ptext48                       text48       0041C4
__ptext49                       text49       004DC0
__ptext5                        text5        0032BE
__ptext50                       text50       004DFC
__ptext51                       text51       004A72
__ptext52                       text52       004D48
__ptext53                       text53       004E5E
__ptext54                       text54       003FAA
__ptext55                       text55       004DDE
__ptext56                       text56       004E6C
__ptext57                       text57       004D18
__ptext58                       text58       004EAC
__ptext59                       text59       004EB0
__ptext6                        text6        0043FA
__ptext60                       text60       004DA0
__ptext61                       text61       004AC4
__ptext62                       text62       004E7A
__ptext63                       text63       004B10
__ptext64                       text64       004D76
__ptext65                       text65       004E88
__ptext66                       text66       004E18
__ptext67                       text67       004C36
__ptext68                       text68       004EB6
__ptext69                       text69       004BA6
__ptext7                        text7        00428A
__ptext70                       text70       004E9E
__ptext71                       text71       004E2E
__ptext73                       text73       004864
__ptext74                       text74       000000
__ptext8                        text8        00367A
__ptext9                        text9        00382A
__ramtop                        ramtop       000600
__size_of_AD_init               (abs)        000000
__size_of_BeepInit              (abs)        000000
__size_of_HG_device_init        (abs)        000000
__size_of_HG_interface          (abs)        000000
__size_of_ISR                   (abs)        000000
__size_of_Initial_LY096BG30     (abs)        000000
__size_of_KEY_Init              (abs)        000000
__size_of_KEY_Scan              (abs)        000000
__size_of_LCD_Off               (abs)        000000
__size_of_LCD_On                (abs)        000000
__size_of_LCD_backlight_init    (abs)        000000
__size_of_MotorDriveInit        (abs)        000000
__size_of_Timer1Init            (abs)        000000
__size_of_TimerInit             (abs)        000000
__size_of___wmul                (abs)        000000
__size_of_blink_mode            (abs)        000000
__size_of_buzz                  (abs)        000000
__size_of_c_routine             (abs)        000000
__size_of_check_acting          (abs)        000000
__size_of_check_bat             (abs)        000000
__size_of_check_device_idle     (abs)        000000
__size_of_check_shut_device     (abs)        000000
__size_of_check_ui_blink        (abs)        000000
__size_of_check_ui_status       (abs)        000000
__size_of_check_wake_button     (abs)        000000
__size_of_clear_screen          (abs)        000000
__size_of_config_LCD            (abs)        000000
__size_of_delay                 (abs)        000000
__size_of_delay_nms             (abs)        000000
__size_of_delay_pwm             (abs)        000000
__size_of_delaynus              (abs)        000000
__size_of_display_bat           (abs)        000000
__size_of_display_bat_blank     (abs)        000000
__size_of_display_blank_mode_pa (abs)        000000
__size_of_display_cmode         (abs)        000000
__size_of_display_drop          (abs)        000000
__size_of_display_drops         (abs)        000000
__size_of_display_frame_abc     (abs)        000000
__size_of_display_frame_de      (abs)        000000
__size_of_display_frame_fghi    (abs)        000000
__size_of_display_logo          (abs)        000000
__size_of_display_mem           (abs)        000000
__size_of_display_n_blank       (abs)        000000
__size_of_display_num           (abs)        000000
__size_of_drops_routine         (abs)        000000
__size_of_ee_WriteBytes         (abs)        000000
__size_of_enter_sleep           (abs)        000000
__size_of_get_AD_vaule          (abs)        000000
__size_of_get_SenseA_AD_vaule   (abs)        000000
__size_of_hg_reset              (abs)        000000
__size_of_i2c_CfgGpio           (abs)        000000
__size_of_i2c_Delay             (abs)        000000
__size_of_i2c_SendByte          (abs)        000000
__size_of_i2c_Start             (abs)        000000
__size_of_i2c_Stop              (abs)        000000
__size_of_i2c_WaitAck           (abs)        000000
__size_of_init_menu             (abs)        000000
__size_of_initial_para_setting  (abs)        000000
__size_of_initial_ui_setting    (abs)        000000
__size_of_main                  (abs)        000000
__size_of_menu0_MsgHandlle      (abs)        000000
__size_of_menu1_MsgHandlle      (abs)        000000
__size_of_menu2_MsgHandlle      (abs)        000000
__size_of_menu3_MsgHandlle      (abs)        000000
__size_of_menu4_MsgHandlle      (abs)        000000
__size_of_menu5_MsgHandlle      (abs)        000000
__size_of_menu6_MsgHandlle      (abs)        000000
__size_of_printf                (abs)        000000
__size_of_putch                 (abs)        000000
__size_of_setYX_LCD             (abs)        000000
__size_of_shut_device           (abs)        000000
__size_of_test_routine          (abs)        000000
__size_of_uart_init             (abs)        000000
__size_of_update_focus          (abs)        000000
__smallconst                    smallconst   000000
_action_btn_cnt                 bssBANK0     0000D1
_bat00_m                        mediumconst  007FC2
_bat100_m                       mediumconst  007EDC
_bat20_m                        mediumconst  007F94
_bat40_m                        mediumconst  007F66
_bat60_m                        mediumconst  007F38
_bat80_m                        mediumconst  007F0A
_bat_vol                        bssCOMRAM    000047
_bat_x_m                        bssCOMRAM    000049
_blank_m                        mediumconst  0075CC
_blink_mode                     text17       00181E
_buzz                           text50       004DFC
_bv                             bssBANK0     0000D7
_c_m                            mediumconst  00759E
_c_routine                      text28       002ECE
_check_acting                   text27       004798
_check_bat                      text23       004BF0
_check_device_idle              text21       004722
_check_shut_device              text20       0046AC
_check_ui_blink                 text16       004E40
_check_ui_status                text15       001B3E
_check_wake_button              text7        00428A
_clear_screen                   text11       004804
_cnt_ma                         bssBANK0     0000C1
_cnt_mb                         bssBANK0     0000BD
_cnt_mb_sa                      bssBANK1     000124
_cnt_mb_sb                      bssBANK1     000120
_cnta_mb                        bssBANK0     0000D5
_cntb_mb                        bssBANK0     0000D3
_config_LCD                     text12       0040B8
_css                            bssBANK0     0000E3
_cur_edge                       bssBANK0     0000ED
_cur_state_phb_ma               bssBANK0     0000F1
_cv                             dataBANK0    0000F5
_delay                          text69       004BA6
_delay_nms                      text51       004A72
_delay_pwm                      text29       004CE6
_delaynus                       text49       004DC0
_display_bat                    text25       002154
_display_bat_blank              text24       0034AE
_display_blank_mode_pa          text19       0039AA
_display_cmode                  text46       003E2A
_display_drop                   text45       003CAA
_display_drops                  text44       003B2A
_display_frame_abc              text43       002CBA
_display_frame_de               text37       000012
_display_frame_fghi             text42       00119A
_display_logo                   text10       004522
_display_mem                    text9        00382A
_display_n_blank                text18       00055C
_display_num                    text41       000DE0
_drop_m                         mediumconst  007542
_drops_m                        mediumconst  007570
_drops_routine                  text14       0014E6
_dv                             dataBANK0    0000F3
_ee_WriteBytes                  text63       004B10
_enter_sleep                    text6        0043FA
_flag                           bssBANK0     0000E0
_flag_action                    bssBANK0     0000E7
_flag_action_button             bssBANK0     0000E6
_flag_blink                     bssCOMRAM    000050
_flag_do_reset_in_drops_mode    bssBANK0     0000E5
_flag_go_to_sleep               dataBANK0    0000FB
_flag_inject                    bssBANK0     0000EB
_flag_inject_sa                 bssBANK0     0000EA
_flag_inject_sb                 bssBANK0     0000E9
_flag_mreset                    dataBANK0    0000FC
_flag_mreset_hit_lp             bssBANK0     0000EC
_flag_power_up                  bssBANK0     0000EF
_flag_push                      bssBANK0     0000E8
_flag_test_mode_break           bssBANK0     0000D9
_flag_tv                        dataBANK0    0000F9
_flag_wake_up                   dataBANK0    0000FA
_flip                           bssCOMRAM    00004E
_focus                          bssCOMRAM    00004F
_get_AD_vaule                   text26       0045AE
_get_SenseA_AD_vaule            text73       004864
_hg_op                          bssBANK0     000080
_hg_reset                       text5        0032BE
_i2c_CfgGpio                    text62       004E7A
_i2c_Delay                      text68       004EB6
_i2c_SendByte                   text67       004C36
_i2c_Start                      text66       004E18
_i2c_Stop                       text65       004E88
_i2c_WaitAck                    text64       004D76
_init_menu                      text54       003FAA
_initial_para_setting           text4        004976
_initial_ui_setting             text8        00367A
_logo_eme                       mediumconst  0075FC
_main                           text0        004346
_mbcnt                          bssBANK0     0000C9
_mem_m                          mediumconst  007514
_menu                           bssCOMRAM    000001
_menu0_MsgHandlle               text40       001E58
_menu1_MsgHandlle               text39       004A20
_menu2_MsgHandlle               text38       0049CE
_menu3_MsgHandlle               text36       002A90
_menu4_MsgHandlle               text35       002626
_menu5_MsgHandlle               text34       0030CA
_menu6_MsgHandlle               text33       0009E6
_menu7_MsgHandlle               (abs)        000000
_ms                             dataCOMRAM   000069
_msleep                         bssBANK0     0000B9
_n_0_m                          mediumconst  007EA3
_n_100_m                        mediumconst  007C30
_n_10_m                         mediumconst  007CA2
_n_13_m                         mediumconst  007C69
_n_150_m                        mediumconst  007BBE
_n_1P5_m                        mediumconst  007E31
_n_1_m                          mediumconst  007E6A
_n_200_m                        mediumconst  007BF7
_n_250_m                        mediumconst  007B4C
_n_2P5_m                        mediumconst  007DF8
_n_2_m                          mediumconst  007DBF
_n_300_m                        mediumconst  007B85
_n_3_m                          mediumconst  007D86
_n_4_m                          mediumconst  007D4D
_n_5_m                          mediumconst  007CDB
_n_6_m                          mediumconst  007D14
_n_blank_m                      mediumconst  0074A5
_n_x_m                          bssCOMRAM    00004B
_needle_len                     dataBANK0    0000F7
_old_c                          bssBANK0     0000DE
_page                           bssBANK0     0000E1
_prev_edge                      bssBANK0     0000EE
_prev_state_phb_ma              bssBANK0     0000F0
_printf                         text2        004CB2
_ptna_frame                     mediumconst  0074DE
_ptnd_frame                     mediumconst  007415
_ptne_frame                     mediumconst  007385
_ptnf_frame                     mediumconst  007ABC
_ptng_frame                     mediumconst  007A2C
_ptnh_frame                     mediumconst  00799C
_ptni_frame                     mediumconst  00790C
_ptnx_frame                     bssCOMRAM    000045
_putch                          text3        004E50
_rcnt                           bssBANK0     0000E2
_read_buf                       bssBANK3     000300
_setYX_LCD                      text47       00491C
_shut_device                    text22       004B5C
_ss                             bssBANK0     0000E4
_test_mode                      bssBANK0     0000F2
_test_routine                   text1        0023CC
_tflag                          dataBANK0    0000F8
_tmcnt                          bssBANK1     00011C
_tss                            mediumconst  0075FA
_ttte                           bssBANK0     0000DD
_tv_cnt                         bssBANK0     0000DF
_tv_s                           bssBANK1     000100
_tva                            bssBANK0     0000CD
_tvb                            bssBANK0     0000CB
_uart_init                      text53       004E5E
_update_focus                   text32       00462E
_work_mode                      bssCOMRAM    00004D
_work_mode_choice               bssBANK0     0000DA
_write_buf                      bssBANK2     000200
_xtt                            bssBANK0     0000CF
btemp                           temp         00006A
c_routine@cnt_push              cstackBANK1  000130
check_bat@bat_flip              dataCOMRAM   000068
check_ui_status@cnt_ui_check    bssCOMRAM    000041
clear_screen@col                cstackBANK1  000131
clear_screen@page               cstackBANK1  000132
delay@i                         cstackBANK1  000128
delay@j                         cstackBANK1  00012A
delay@x                         cstackBANK0  0000FD
delay_nms@i                     cstackBANK0  0000FD
delay_nms@n                     cstackBANK1  000128
delay_pwm@n                     cstackBANK1  00012C
delaynus@n                      cstackBANK0  0000FD
display_bat@mode                cstackBANK1  000132
display_bat@temp                cstackBANK1  000136
display_bat@tori                cstackBANK1  000135
display_bat@x                   cstackBANK1  000131
display_bat_blank@mode          cstackBANK1  000132
display_bat_blank@temp          cstackBANK1  000136
display_bat_blank@tori          cstackBANK1  000135
display_bat_blank@x             cstackBANK1  000131
display_blank_mode_pa@mode      cstackBANK1  000132
display_blank_mode_pa@temp      cstackBANK1  000134
display_blank_mode_pa@tori      cstackBANK1  000133
display_blank_mode_pa@x         cstackBANK1  000131
display_cmode@mode              cstackBANK1  000132
display_cmode@temp              cstackBANK1  000134
display_cmode@tori              cstackBANK1  000133
display_cmode@x                 cstackBANK1  000131
display_drop@mode               cstackBANK1  000132
display_drop@temp               cstackBANK1  000134
display_drop@tori               cstackBANK1  000133
display_drop@x                  cstackBANK1  000131
display_drops@mode              cstackBANK1  000132
display_drops@temp              cstackBANK1  000134
display_drops@tori              cstackBANK1  000133
display_drops@x                 cstackBANK1  000131
display_frame_abc@mode          cstackBANK1  000132
display_frame_abc@temp          cstackBANK1  000134
display_frame_abc@tori          cstackBANK1  000133
display_frame_abc@x             cstackBANK1  000131
display_frame_de@mode           cstackBANK1  000132
display_frame_de@temp           cstackBANK1  000135
display_frame_de@tori           cstackBANK1  000133
display_frame_de@x              cstackBANK1  000131
display_frame_de@y              cstackBANK1  000134
display_frame_fghi@mode         cstackBANK1  000132
display_frame_fghi@temp         cstackBANK1  000137
display_frame_fghi@tori         cstackBANK1  000135
display_frame_fghi@x            cstackBANK1  000131
display_frame_fghi@y            cstackBANK1  000136
display_logo@col                cstackBANK1  000133
display_logo@page               cstackBANK1  000134
display_mem@mode                cstackBANK1  000132
display_mem@temp                cstackBANK1  000134
display_mem@tori                cstackBANK1  000133
display_mem@x                   cstackBANK1  000131
display_n_blank@mode            cstackBANK1  000132
display_n_blank@temp            cstackBANK1  000135
display_n_blank@tori            cstackBANK1  000134
display_n_blank@x               cstackBANK1  000131
display_n_blank@y               cstackBANK1  000133
display_num@mode                cstackBANK1  000132
display_num@temp                cstackBANK1  000137
display_num@tori                cstackBANK1  000135
display_num@x                   cstackBANK1  000131
display_num@y                   cstackBANK1  000136
drops_routine@cnt_push          cstackBANK1  00012E
ee_WriteBytes@_pWriteBuf        cstackBANK1  000128
ee_WriteBytes@_usAddress        cstackBANK1  00012A
ee_WriteBytes@_usSize           cstackBANK1  00012B
ee_WriteBytes@m                 cstackBANK1  00012D
ee_WriteBytes@usAddr            cstackBANK1  00012F
end_of_initialization           cinit        004514
enter_sleep@temp                cstackBANK1  000139
get_AD_vaule@hv                 cstackBANK1  00012E
get_AD_vaule@lv                 cstackBANK1  00012F
get_AD_vaule@rv                 cstackBANK1  00012C
get_AD_vaule@ts                 cstackBANK1  00012B
get_SenseA_AD_vaule@hv          cstackCOMRAM 000058
get_SenseA_AD_vaule@lv          cstackCOMRAM 000059
get_SenseA_AD_vaule@rv          cstackCOMRAM 000056
i2c_SendByte@_ucByte            cstackBANK0  0000FD
i2c_SendByte@i                  cstackBANK0  0000FE
i2c_WaitAck@re                  cstackBANK0  0000FD
initial_ui_setting@i            cstackBANK1  000138
int$flags                       temp         00006A
int_func                        intcode_body 002864
intlevel0                       text         000000
intlevel1                       text         000000
intlevel2                       text         000000
intlevel3                       text         000000
menu0_MsgHandlle@key            cstackBANK1  000138
menu1_MsgHandlle@key            cstackBANK0  0000FD
menu2_MsgHandlle@key            cstackBANK0  0000FD
menu3_MsgHandlle@key            cstackBANK1  000138
menu4_MsgHandlle@key            cstackBANK1  000138
menu5_MsgHandlle@key            cstackBANK1  000138
menu6_MsgHandlle@key            cstackBANK1  000138
printf@ap                       cstackBANK1  000128
printf@c                        cstackBANK1  00012A
printf@f                        cstackBANK0  0000FE
putch@c                         cstackBANK0  0000FD
setYX_LCD@px                    cstackBANK0  0000FF
setYX_LCD@py                    cstackBANK1  000130
stackhi                         (abs)        0005FF
stacklo                         (abs)        000400
start                           init         00000E
start_initialization            cinit        004490
test_routine@cnt_push           cstackBANK1  000132
update_focus@i                  cstackBANK0  0000FF
update_focus@key                cstackBANK0  0000FE


FUNCTION INFORMATION:

 *************** function _main *****************
 Defined at:
		line 91 in file "../Main.c"
 Parameters:    Size  Location     Type
		None
 Auto vars:     Size  Location     Type
		None
 Return value:  Size  Location     Type
                  1    wreg      void 
 Registers used:
		wreg, fsr0l, fsr0h, fsr2l, fsr2h, status,2, status,0, tblptrl, tblptrh, tblptru, prodl, prodh, cstack
 Tracked objects:
		On entry : 
		On exit  : 
		Unchanged: 
 Data sizes:     COMRAM   BANK0   BANK1   BANK2   BANK3   BANK4   BANK5
      Params:         0       0       0       0       0       0       0
      Locals:         0       0       0       0       0       0       0
      Temps:          0       0       0       0       0       0       0
      Totals:         0       0       0       0       0       0       0
Total ram usage:        0 bytes
 Hardware stack levels required when called:   10
 This function calls:
		_HG_device_init
		_HG_interface
		_c_routine
		_check_acting
		_check_bat
		_check_device_idle
		_check_shut_device
		_check_ui_blink
		_check_ui_status
		_drops_routine
		_enter_sleep
		_hg_reset
		_initial_para_setting
		_test_routine
 This function is called by:
		Startup code after reset
 This function uses a non-reentrant model


 *************** function _test_routine *****************
 Defined at:
		line 689 in file "../MotorDrive.c"
 Parameters:    Size  Location     Type
		None
 Auto vars:     Size  Location     Type
  cnt_push        2   10[BANK1 ] unsigned int 
 Return value:  Size  Location     Type
                  1    wreg      void 
 Registers used:
		wreg, status,2, status,0, tblptrl, tblptrh, tblptru, prodl, prodh, cstack
 Tracked objects:
		On entry : 
		On exit  : 
		Unchanged: 
 Data sizes:     COMRAM   BANK0   BANK1   BANK2   BANK3   BANK4   BANK5
      Params:         0       0       0       0       0       0       0
      Locals:         0       0       2       0       0       0       0
      Temps:          0       0       2       0       0       0       0
      Totals:         0       0       4       0       0       0       0
Total ram usage:        4 bytes
 Hardware stack levels used:    1
 Hardware stack levels required when called:    4
 This function calls:
		___wmul
		_delay_pwm
		_printf
 This function is called by:
		_main
 This function uses a non-reentrant model


 *************** function _printf *****************
 Defined at:
		line 464 in file "C:\Program Files (x86)\Microchip\xc8\v1.41\sources\common\doprnt.c"
 Parameters:    Size  Location     Type
  f               2    1[BANK0 ] PTR const unsigned char 
		 -> STR_1(15), 
 Auto vars:     Size  Location     Type
  tmpval          4    0        struct .
  cp              3    0        PTR const unsigned char 
  ap              2    0[BANK1 ] PTR void [1]
		 -> ?_printf(2), 
  len             2    0        unsigned int 
  val             2    0        unsigned int 
  c               1    2[BANK1 ] char 
  flag            1    0        unsigned char 
  prec            1    0        char 
 Return value:  Size  Location     Type
                  2    1[BANK0 ] int 
 Registers used:
		wreg, status,2, status,0, tblptrl, tblptrh, tblptru, cstack
 Tracked objects:
		On entry : 
		On exit  : 
		Unchanged: 
 Data sizes:     COMRAM   BANK0   BANK1   BANK2   BANK3   BANK4   BANK5
      Params:         0       2       0       0       0       0       0
      Locals:         0       0       3       0       0       0       0
      Temps:          0       0       0       0       0       0       0
      Totals:         0       2       3       0       0       0       0
Total ram usage:        5 bytes
 Hardware stack levels used:    1
 Hardware stack levels required when called:    3
 This function calls:
		_putch
 This function is called by:
		_test_routine
 This function uses a non-reentrant model


 *************** function _putch *****************
 Defined at:
		line 56 in file "../Beep.c"
 Parameters:    Size  Location     Type
  c               1    wreg     unsigned char 
 Auto vars:     Size  Location     Type
  c               1    0[BANK0 ] unsigned char 
 Return value:  Size  Location     Type
                  1    wreg      void 
 Registers used:
		wreg
 Tracked objects:
		On entry : 
		On exit  : 
		Unchanged: 
 Data sizes:     COMRAM   BANK0   BANK1   BANK2   BANK3   BANK4   BANK5
      Params:         0       0       0       0       0       0       0
      Locals:         0       1       0       0       0       0       0
      Temps:          0       0       0       0       0       0       0
      Totals:         0       1       0       0       0       0       0
Total ram usage:        1 bytes
 Hardware stack levels used:    1
 Hardware stack levels required when called:    2
 This function calls:
		Nothing
 This function is called by:
		_printf
 This function uses a non-reentrant model


 *************** function _initial_para_setting *****************
 Defined at:
		line 1607 in file "../gui.c"
 Parameters:    Size  Location     Type
		None
 Auto vars:     Size  Location     Type
		None
 Return value:  Size  Location     Type
                  1    wreg      void 
 Registers used:
		wreg, status,2
 Tracked objects:
		On entry : 
		On exit  : 
		Unchanged: 
 Data sizes:     COMRAM   BANK0   BANK1   BANK2   BANK3   BANK4   BANK5
      Params:         0       0       0       0       0       0       0
      Locals:         0       0       0       0       0       0       0
      Temps:          0       0       0       0       0       0       0
      Totals:         0       0       0       0       0       0       0
Total ram usage:        0 bytes
 Hardware stack levels used:    1
 Hardware stack levels required when called:    2
 This function calls:
		Nothing
 This function is called by:
		_main
 This function uses a non-reentrant model


 *************** function _hg_reset *****************
 Defined at:
		line 158 in file "../MotorDrive.c"
 Parameters:    Size  Location     Type
		None
 Auto vars:     Size  Location     Type
		None
 Return value:  Size  Location     Type
                  1    wreg      void 
 Registers used:
		wreg, status,2, status,0, cstack
 Tracked objects:
		On entry : 
		On exit  : 
		Unchanged: 
 Data sizes:     COMRAM   BANK0   BANK1   BANK2   BANK3   BANK4   BANK5
      Params:         0       0       0       0       0       0       0
      Locals:         0       0       0       0       0       0       0
      Temps:          0       0       0       0       0       0       0
      Totals:         0       0       0       0       0       0       0
Total ram usage:        0 bytes
 Hardware stack levels used:    1
 Hardware stack levels required when called:    3
 This function calls:
		_delaynus
 This function is called by:
		_main
 This function uses a non-reentrant model


 *************** function _enter_sleep *****************
 Defined at:
		line 1522 in file "../gui.c"
 Parameters:    Size  Location     Type
		None
 Auto vars:     Size  Location     Type
  temp            1   17[BANK1 ] unsigned char 
 Return value:  Size  Location     Type
                  1    wreg      void 
 Registers used:
		wreg, fsr0l, fsr0h, status,2, status,0, tblptrl, tblptrh, tblptru, prodl, prodh, cstack
 Tracked objects:
		On entry : 
		On exit  : 
		Unchanged: 
 Data sizes:     COMRAM   BANK0   BANK1   BANK2   BANK3   BANK4   BANK5
      Params:         0       0       0       0       0       0       0
      Locals:         0       0       1       0       0       0       0
      Temps:          0       0       0       0       0       0       0
      Totals:         0       0       1       0       0       0       0
Total ram usage:        1 bytes
 Hardware stack levels used:    1
 Hardware stack levels required when called:    9
 This function calls:
		_check_wake_button
		_delaynus
 This function is called by:
		_main
 This function uses a non-reentrant model


 *************** function _check_wake_button *****************
 Defined at:
		line 1931 in file "../gui.c"
 Parameters:    Size  Location     Type
		None
 Auto vars:     Size  Location     Type
		None
 Return value:  Size  Location     Type
                  1    wreg      void 
 Registers used:
		wreg, fsr0l, fsr0h, status,2, status,0, tblptrl, tblptrh, tblptru, prodl, prodh, cstack
 Tracked objects:
		On entry : 
		On exit  : 
		Unchanged: 
 Data sizes:     COMRAM   BANK0   BANK1   BANK2   BANK3   BANK4   BANK5
      Params:         0       0       0       0       0       0       0
      Locals:         0       0       0       0       0       0       0
      Temps:          0       0       0       0       0       0       0
      Totals:         0       0       0       0       0       0       0
Total ram usage:        0 bytes
 Hardware stack levels used:    1
 Hardware stack levels required when called:    8
 This function calls:
		_LCD_On
		_buzz
		_config_LCD
		_delay_nms
		_initial_ui_setting
 This function is called by:
		_enter_sleep
 This function uses a non-reentrant model


 *************** function _initial_ui_setting *****************
 Defined at:
		line 3194 in file "../Oled.c"
 Parameters:    Size  Location     Type
		None
 Auto vars:     Size  Location     Type
  i               1   16[BANK1 ] unsigned char 
 Return value:  Size  Location     Type
                  1    wreg      void 
 Registers used:
		wreg, fsr0l, fsr0h, status,2, status,0, tblptrl, tblptrh, tblptru, prodl, prodh, cstack
 Tracked objects:
		On entry : 
		On exit  : 
		Unchanged: 
 Data sizes:     COMRAM   BANK0   BANK1   BANK2   BANK3   BANK4   BANK5
      Params:         0       0       0       0       0       0       0
      Locals:         0       0       1       0       0       0       0
      Temps:          0       0       0       0       0       0       0
      Totals:         0       0       1       0       0       0       0
Total ram usage:        1 bytes
 Hardware stack levels used:    1
 Hardware stack levels required when called:    7
 This function calls:
[...]
      Locals:         0       0       0       0       0       0       0
      Temps:          0       0       0       0       0       0       0
      Totals:         0       0       0       0       0       0       0
Total ram usage:        0 bytes
 Hardware stack levels used:    1
 Hardware stack levels required when called:    5
 This function calls:
		_delay
		_ee_WriteBytes
		_i2c_CfgGpio
 This function is called by:
		_HG_device_init
 This function uses a non-reentrant model


 *************** function _i2c_CfgGpio *****************
 Defined at:
		line 222 in file "../Oled.c"
 Parameters:    Size  Location     Type
		None
 Auto vars:     Size  Location     Type
		None
 Return value:  Size  Location     Type
                  1    wreg      void 
 Registers used:
		None
 Tracked objects:
		On entry : 
		On exit  : 
		Unchanged: 
 Data sizes:     COMRAM   BANK0   BANK1   BANK2   BANK3   BANK4   BANK5
      Params:         0       0       0       0       0       0       0
      Locals:         0       0       0       0       0       0       0
      Temps:          0       0       0       0       0       0       0
      Totals:         0       0       0       0       0       0       0
Total ram usage:        0 bytes
 Hardware stack levels used:    1
 Hardware stack levels required when called:    2
 This function calls:
		Nothing
 This function is called by:
		_Initial_LY096BG30
 This function uses a non-reentrant model


 *************** function _ee_WriteBytes *****************
 Defined at:
		line 481 in file "../Oled.c"
 Parameters:    Size  Location     Type
  _pWriteBuf      2    0[BANK1 ] PTR unsigned char 
		 -> logo_eme(784), display_frame_fghi@temp(1), display_frame_de@temp(1), display_frame_abc@temp(1), 
		 -> display_drop@temp(1), display_drops@temp(1), display_cmode@temp(1), display_blank_mode_pa@temp(1), 
		 -> display_mem@temp(1), display_bat@temp(1), display_bat_blank@temp(1), display_num@temp(1), 
		 -> display_n_blank@temp(1), write_buf(256), 
  _usAddress      1    2[BANK1 ] unsigned char 
  _usSize         2    3[BANK1 ] unsigned int 
 Auto vars:     Size  Location     Type
  m               2    5[BANK1 ] unsigned int 
  i               2    0        unsigned int 
  usAddr          1    7[BANK1 ] unsigned char 
 Return value:  Size  Location     Type
                  1    wreg      unsigned char 
 Registers used:
		wreg, fsr0l, fsr0h, status,2, status,0, tblptrl, tblptrh, tblptru, cstack
 Tracked objects:
		On entry : 
		On exit  : 
		Unchanged: 
 Data sizes:     COMRAM   BANK0   BANK1   BANK2   BANK3   BANK4   BANK5
      Params:         0       0       5       0       0       0       0
      Locals:         0       0       3       0       0       0       0
      Temps:          0       0       0       0       0       0       0
      Totals:         0       0       8       0       0       0       0
Total ram usage:        8 bytes
 Hardware stack levels used:    1
 Hardware stack levels required when called:    4
 This function calls:
		_i2c_SendByte
		_i2c_Start
		_i2c_Stop
		_i2c_WaitAck
 This function is called by:
		_setYX_LCD
		_display_n_blank
		_display_num
		_display_bat_blank
		_display_bat
		_display_mem
		_display_blank_mode_pa
		_display_cmode
		_display_drops
		_display_drop
		_display_frame_abc
		_display_frame_de
		_display_frame_fghi
		_display_logo
		_clear_screen
		_config_LCD
		_Initial_LY096BG30
		_shut_device
 This function uses a non-reentrant model


 *************** function _i2c_WaitAck *****************
 Defined at:
		line 155 in file "../Oled.c"
 Parameters:    Size  Location     Type
		None
 Auto vars:     Size  Location     Type
  re              1    0[BANK0 ] unsigned char 
 Return value:  Size  Location     Type
                  1    wreg      unsigned char 
 Registers used:
		wreg, status,2, cstack
 Tracked objects:
		On entry : 
		On exit  : 
		Unchanged: 
 Data sizes:     COMRAM   BANK0   BANK1   BANK2   BANK3   BANK4   BANK5
      Params:         0       0       0       0       0       0       0
      Locals:         0       1       0       0       0       0       0
      Temps:          0       0       0       0       0       0       0
      Totals:         0       1       0       0       0       0       0
Total ram usage:        1 bytes
 Hardware stack levels used:    1
 Hardware stack levels required when called:    3
 This function calls:
		_i2c_Delay
 This function is called by:
		_ee_WriteBytes
		_ee_CheckDevice
 This function uses a non-reentrant model


 *************** function _i2c_Stop *****************
 Defined at:
		line 87 in file "../Oled.c"
 Parameters:    Size  Location     Type
		None
 Auto vars:     Size  Location     Type
		None
 Return value:  Size  Location     Type
                  1    wreg      void 
 Registers used:
		cstack
 Tracked objects:
		On entry : 
		On exit  : 
		Unchanged: 
 Data sizes:     COMRAM   BANK0   BANK1   BANK2   BANK3   BANK4   BANK5
      Params:         0       0       0       0       0       0       0
      Locals:         0       0       0       0       0       0       0
      Temps:          0       0       0       0       0       0       0
      Totals:         0       0       0       0       0       0       0
Total ram usage:        0 bytes
 Hardware stack levels used:    1
 Hardware stack levels required when called:    3
 This function calls:
		_i2c_Delay
 This function is called by:
		_ee_WriteBytes
		_ee_CheckDevice
 This function uses a non-reentrant model


 *************** function _i2c_Start *****************
 Defined at:
		line 74 in file "../Oled.c"
 Parameters:    Size  Location     Type
		None
 Auto vars:     Size  Location     Type
		None
 Return value:  Size  Location     Type
                  1    wreg      void 
 Registers used:
		cstack
 Tracked objects:
		On entry : 
		On exit  : 
		Unchanged: 
 Data sizes:     COMRAM   BANK0   BANK1   BANK2   BANK3   BANK4   BANK5
      Params:         0       0       0       0       0       0       0
      Locals:         0       0       0       0       0       0       0
      Temps:          0       0       0       0       0       0       0
      Totals:         0       0       0       0       0       0       0
Total ram usage:        0 bytes
 Hardware stack levels used:    1
 Hardware stack levels required when called:    3
 This function calls:
		_i2c_Delay
 This function is called by:
		_ee_WriteBytes
		_ee_CheckDevice
 This function uses a non-reentrant model


 *************** function _i2c_SendByte *****************
 Defined at:
		line 97 in file "../Oled.c"
 Parameters:    Size  Location     Type
  _ucByte         1    wreg     unsigned char 
 Auto vars:     Size  Location     Type
  _ucByte         1    0[BANK0 ] unsigned char 
  i               1    1[BANK0 ] unsigned char 
 Return value:  Size  Location     Type
                  1    wreg      void 
 Registers used:
		wreg, status,2, status,0, cstack
 Tracked objects:
		On entry : 
		On exit  : 
		Unchanged: 
 Data sizes:     COMRAM   BANK0   BANK1   BANK2   BANK3   BANK4   BANK5
      Params:         0       0       0       0       0       0       0
      Locals:         0       2       0       0       0       0       0
      Temps:          0       0       0       0       0       0       0
      Totals:         0       2       0       0       0       0       0
Total ram usage:        2 bytes
 Hardware stack levels used:    1
 Hardware stack levels required when called:    3
 This function calls:
		_i2c_Delay
 This function is called by:
		_ee_WriteBytes
		_ee_CheckDevice
 This function uses a non-reentrant model


 *************** function _i2c_Delay *****************
 Defined at:
		line 62 in file "../Oled.c"
 Parameters:    Size  Location     Type
		None
 Auto vars:     Size  Location     Type
  i               4    0        unsigned long 
 Return value:  Size  Location     Type
                  1    wreg      void 
 Registers used:
		None
 Tracked objects:
		On entry : 
		On exit  : 
		Unchanged: 
 Data sizes:     COMRAM   BANK0   BANK1   BANK2   BANK3   BANK4   BANK5
      Params:         0       0       0       0       0       0       0
      Locals:         0       0       0       0       0       0       0
      Temps:          0       0       0       0       0       0       0
      Totals:         0       0       0       0       0       0       0
Total ram usage:        0 bytes
 Hardware stack levels used:    1
 Hardware stack levels required when called:    2
 This function calls:
		Nothing
 This function is called by:
		_i2c_Start
		_i2c_Stop
		_i2c_SendByte
		_i2c_WaitAck
		_i2c_Ack
		_i2c_NAck
 This function uses a non-reentrant model


 *************** function _delay *****************
 Defined at:
		line 55 in file "../Oled.c"
 Parameters:    Size  Location     Type
  x               2    0[BANK0 ] unsigned int 
 Auto vars:     Size  Location     Type
  j               2    2[BANK1 ] unsigned int 
  i               2    0[BANK1 ] unsigned int 
 Return value:  Size  Location     Type
                  1    wreg      void 
 Registers used:
		wreg, status,2, status,0
 Tracked objects:
		On entry : 
		On exit  : 
		Unchanged: 
 Data sizes:     COMRAM   BANK0   BANK1   BANK2   BANK3   BANK4   BANK5
      Params:         0       2       0       0       0       0       0
      Locals:         0       0       4       0       0       0       0
      Temps:          0       0       0       0       0       0       0
      Totals:         0       2       4       0       0       0       0
Total ram usage:        6 bytes
 Hardware stack levels used:    1
 Hardware stack levels required when called:    2
 This function calls:
		Nothing
 This function is called by:
		_Initial_LY096BG30
		_LCD_Blink
 This function uses a non-reentrant model


 *************** function _BeepInit *****************
 Defined at:
		line 78 in file "../Beep.c"
 Parameters:    Size  Location     Type
		None
 Auto vars:     Size  Location     Type
		None
 Return value:  Size  Location     Type
                  1    wreg      void 
 Registers used:
		None
 Tracked objects:
		On entry : 
		On exit  : 
		Unchanged: 
 Data sizes:     COMRAM   BANK0   BANK1   BANK2   BANK3   BANK4   BANK5
      Params:         0       0       0       0       0       0       0
      Locals:         0       0       0       0       0       0       0
      Temps:          0       0       0       0       0       0       0
      Totals:         0       0       0       0       0       0       0
Total ram usage:        0 bytes
 Hardware stack levels used:    1
 Hardware stack levels required when called:    2
 This function calls:
		Nothing
 This function is called by:
		_HG_device_init
 This function uses a non-reentrant model


 *************** function _AD_init *****************
 Defined at:
		line 272 in file "../Oled.c"
 Parameters:    Size  Location     Type
		None
 Auto vars:     Size  Location     Type
		None
 Return value:  Size  Location     Type
                  1    wreg      unsigned char 
 Registers used:
		wreg, status,2
 Tracked objects:
		On entry : 
		On exit  : 
		Unchanged: 
 Data sizes:     COMRAM   BANK0   BANK1   BANK2   BANK3   BANK4   BANK5
      Params:         0       0       0       0       0       0       0
      Locals:         0       0       0       0       0       0       0
      Temps:          0       0       0       0       0       0       0
      Totals:         0       0       0       0       0       0       0
Total ram usage:        0 bytes
 Hardware stack levels used:    1
 Hardware stack levels required when called:    2
 This function calls:
		Nothing
 This function is called by:
		_HG_device_init
 This function uses a non-reentrant model


 *************** function _ISR *****************
 Defined at:
		line 46 in file "../Timer.c"
 Parameters:    Size  Location     Type
		None
 Auto vars:     Size  Location     Type
  temp            1    0        unsigned char 
 Return value:  Size  Location     Type
                  1    wreg      void 
 Registers used:
		wreg, status,2, status,0, cstack
 Tracked objects:
		On entry : 
		On exit  : 
		Unchanged: 
 Data sizes:     COMRAM   BANK0   BANK1   BANK2   BANK3   BANK4   BANK5
      Params:         0       0       0       0       0       0       0
      Locals:         0       0       0       0       0       0       0
      Temps:         14       0       0       0       0       0       0
      Totals:        14       0       0       0       0       0       0
Total ram usage:       14 bytes
 Hardware stack levels used:    1
 Hardware stack levels required when called:    1
 This function calls:
		_get_SenseA_AD_vaule
 This function is called by:
		Interrupt level 2
 This function uses a non-reentrant model


 *************** function _get_SenseA_AD_vaule *****************
 Defined at:
		line 322 in file "../Oled.c"
 Parameters:    Size  Location     Type
		None
 Auto vars:     Size  Location     Type
  rv              2    5[COMRAM] unsigned int 
  lv              1    8[COMRAM] unsigned char 
  hv              1    7[COMRAM] unsigned char 
 Return value:  Size  Location     Type
                  2    0[COMRAM] unsigned int 
 Registers used:
		wreg, status,2, status,0
 Tracked objects:
		On entry : 
		On exit  : 
		Unchanged: 
 Data sizes:     COMRAM   BANK0   BANK1   BANK2   BANK3   BANK4   BANK5
      Params:         2       0       0       0       0       0       0
      Locals:         4       0       0       0       0       0       0
      Temps:          3       0       0       0       0       0       0
      Totals:         9       0       0       0       0       0       0
Total ram usage:        9 bytes
 Hardware stack levels used:    1
 This function calls:
		Nothing
 This function is called by:
		_ISR
 This function uses a non-reentrant model



MODULE INFORMATION

Module		Function		Class		Link	Load	Size
../Key.c
		_KEY_Scan      		CODE           	41C4	0000	199
		_KEY_Init      		CODE           	4DA0	0000	33

../Key.c estimated size: 232

C:\Program Files (x86)\Microchip\xc8\v1.41\sources\common\doprnt.c
		_printf        		CODE           	4CB2	0000	53

C:\Program Files (x86)\Microchip\xc8\v1.41\sources\common\doprnt.c estimated size: 53

../gui.c
		_initial_para_setting		CODE           	4976	0000	89
		_menu5_MsgHandlle		CODE           	30CA	0000	501
		_check_ui_blink		CODE           	4E40	0000	17
		_menu0_MsgHandlle		CODE           	1E58	0000	765
		_menu6_MsgHandlle		CODE           	09E6	0000	1019
		_check_device_idle		CODE           	4722	0000	119
		_init_menu     		CODE           	3FAA	0000	271
		_menu1_MsgHandlle		CODE           	4A20	0000	83
		_check_ui_status		CODE           	1B3E	0000	795
		_update_focus  		CODE           	462E	0000	127
		_blink_mode    		CODE           	181E	0000	801
		_HG_device_init		CODE           	4D48	0000	47
		_check_wake_button		CODE           	428A	0000	189
		_menu2_MsgHandlle		CODE           	49CE	0000	83
		_check_shut_device		CODE           	46AC	0000	119
		_enter_sleep   		CODE           	43FA	0000	151
		_menu3_MsgHandlle		CODE           	2A90	0000	555
		_shut_device   		CODE           	4B5C	0000	75
		_HG_interface  		CODE           	48C2	0000	91
		_menu4_MsgHandlle		CODE           	2626	0000	575

../gui.c estimated size: 6472

C:\Program Files (x86)\Microchip\xc8\v1.41\sources\common\Umul16.c
		___wmul        		CODE           	4C7C	0000	55

C:\Program Files (x86)\Microchip\xc8\v1.41\sources\common\Umul16.c estimated size: 55

../Timer.c
		_TimerInit     		CODE           	4DDE	0000	31
		_ISR           		CODE           	0008	0000	563
		_Timer1Init    		CODE           	4E6C	0000	15
		_delaynus      		CODE           	4DC0	0000	31

../Timer.c estimated size: 640

../Oled.c
		_delay         		CODE           	4BA6	0000	75
		_get_SenseA_AD_vaule		CODE           	4864	0000	95
		_AD_init       		CODE           	4E2E	0000	19
		_display_mem   		CODE           	382A	0000	385
		_display_bat   		CODE           	2154	0000	633
		_display_num   		CODE           	0DE0	0000	955
		_i2c_CfgGpio   		CODE           	4E7A	0000	15
		_setYX_LCD     		CODE           	491C	0000	91
		_display_logo  		CODE           	4522	0000	141
		_display_drop  		CODE           	3CAA	0000	385
		_display_frame_de		CODE           	0012	0000	1355
		_i2c_Stop      		CODE           	4E88	0000	13
		_LCD_Off       		CODE           	4EB0	0000	5
		_display_frame_abc		CODE           	2CBA	0000	533
		_i2c_WaitAck   		CODE           	4D76	0000	43
		_display_cmode 		CODE           	3E2A	0000	385
		_display_drops 		CODE           	3B2A	0000	385
		_initial_ui_setting		CODE           	367A	0000	433
		_display_bat_blank		CODE           	34AE	0000	461
		_i2c_Delay     		CODE           	4EB6	0000	3
		_i2c_SendByte  		CODE           	4C36	0000	71
		_delay_nms     		CODE           	4A72	0000	83
		_get_AD_vaule  		CODE           	45AE	0000	129
		_LCD_backlight_init		CODE           	4EAC	0000	5
		_ee_WriteBytes 		CODE           	4B10	0000	77
		_Initial_LY096BG30		CODE           	4AC4	0000	77
		_clear_screen  		CODE           	4804	0000	97
		_i2c_Start     		CODE           	4E18	0000	23
		_display_frame_fghi		CODE           	119A	0000	845
		_display_n_blank		CODE           	055C	0000	1163
		_check_bat     		CODE           	4BF0	0000	71
		_LCD_On        		CODE           	4EA8	0000	5
		_delay_pwm     		CODE           	4CE6	0000	51
		_config_LCD    		CODE           	40B8	0000	269
		_display_blank_mode_pa		CODE           	39AA	0000	385

../Oled.c estimated size: 9761

../Main.c
		_main          		CODE           	4346	0000	181

../Main.c estimated size: 181

shared
		_mem_m         		MEDIUMCONST    	7514	0000	47
		_ptne_frame    		MEDIUMCONST    	7385	0000	145
		_n_1P5_m       		MEDIUMCONST    	7E31	0000	58
		_n_2P5_m       		MEDIUMCONST    	7DF8	0000	58
		_ptnf_frame    		MEDIUMCONST    	7ABC	0000	145
		_blank_m       		MEDIUMCONST    	75CC	0000	47
		_ptng_frame    		MEDIUMCONST    	7A2C	0000	145
		_bat00_m       		MEDIUMCONST    	7FC2	0000	47
		_n_0_m         		MEDIUMCONST    	7EA3	0000	58
		_ptnh_frame    		MEDIUMCONST    	799C	0000	145
		_n_1_m         		MEDIUMCONST    	7E6A	0000	58
		_n_2_m         		MEDIUMCONST    	7DBF	0000	58
		_n_10_m        		MEDIUMCONST    	7CA2	0000	58
		_ptni_frame    		MEDIUMCONST    	790C	0000	145
		_n_3_m         		MEDIUMCONST    	7D86	0000	58
		_bat20_m       		MEDIUMCONST    	7F94	0000	47
		_n_4_m         		MEDIUMCONST    	7D4D	0000	58
		_drops_m       		MEDIUMCONST    	7570	0000	47
		_n_100_m       		MEDIUMCONST    	7C30	0000	58
		_n_5_m         		MEDIUMCONST    	7CDB	0000	58
		_n_200_m       		MEDIUMCONST    	7BF7	0000	58
		__initialization		CODE           	4490	0000	133
		_n_6_m         		MEDIUMCONST    	7D14	0000	58
		_bat100_m      		MEDIUMCONST    	7EDC	0000	47
		_n_300_m       		MEDIUMCONST    	7B85	0000	58
		_bat40_m       		MEDIUMCONST    	7F66	0000	47
		_n_13_m        		MEDIUMCONST    	7C69	0000	58
		_logo_eme      		MEDIUMCONST    	75FC	0000	785
		_ptna_frame    		MEDIUMCONST    	74DE	0000	55
		_tss           		MEDIUMCONST    	75FA	0000	3
		_bat60_m       		MEDIUMCONST    	7F38	0000	47
		_drop_m        		MEDIUMCONST    	7542	0000	47
		_c_m           		MEDIUMCONST    	759E	0000	47
		_n_150_m       		MEDIUMCONST    	7BBE	0000	58
		_n_250_m       		MEDIUMCONST    	7B4C	0000	58
		_bat80_m       		MEDIUMCONST    	7F0A	0000	47
		_n_blank_m     		MEDIUMCONST    	74A5	0000	58
		_ptnd_frame    		MEDIUMCONST    	7415	0000	145

shared estimated size: 3349

../Beep.c
		_putch         		CODE           	4E50	0000	15
		_buzz          		CODE           	4DFC	0000	29
		_uart_init     		CODE           	4E5E	0000	15
		_BeepInit      		CODE           	4E9E	0000	11

../Beep.c estimated size: 70

../MotorDrive.c
		_drops_routine 		CODE           	14E6	0000	825
		_check_acting  		CODE           	4798	0000	109
		_test_routine  		CODE           	23CC	0000	603
		_MotorDriveInit		CODE           	4D18	0000	49
		_hg_reset      		CODE           	32BE	0000	497
		_c_routine     		CODE           	2ECE	0000	509

../MotorDrive.c estimated size: 2592

