Microchip MPLAB XC8 Compiler V1.41 ()

Linker command line:

-W-3 --edf=C:\Program Files (x86)\Microchip\xc8\v1.41\dat\en_msgs.txt -cs \
  -h+dist/default/production\hgun.X.production.sym \
  --cmf=dist/default/production\hgun.X.production.cmf -z -Q18F4520 \
  -oC:\Users\ADMINI~1\AppData\Local\Temp\s16tk.2 \
  -Mdist/default/production/hgun.X.production.map -E1 -ver=XC8 \
  -ASTACK=0400h-05ffh -pstack=STACK -ACODE=00h-07FFFh -ACONST=00h-07FFFh \
  -ASMALLCONST=0600h-06FFhx122 -AMEDIUMCONST=0600h-07FFFh -ACOMRAM=01h-07Fh \
  -AABS1=00h-05FFh -ABIGRAM=01h-05FFh -ARAM=080h-0FFh,0100h-01FFhx5 \
  -ABANK0=080h-0FFh -ABANK1=0100h-01FFh -ABANK2=0200h-02FFh \
  -ABANK3=0300h-03FFh -ABANK4=0400h-04FFh -ABANK5=0500h-05FFh \
  -ASFR=0F80h-0FFFh -preset_vec=00h,intcode=08h,intcodelo,powerup,init \
  -pramtop=0600h -psmallconst=SMALLCONST -pmediumconst=MEDIUMCONST \
  -pconst=CONST -AFARRAM=00h-00h -ACONFIG=0300000h-030000Dh -pconfig=CONFIG \
  -AIDLOC=0200000h-0200007h -pidloc=IDLOC -AEEDATA=0F00000h-0F000FFh \
  -peeprom_data=EEDATA \
  -prdata=COMRAM,nvrram=COMRAM,nvbit=COMRAM,rbss=COMRAM,rbit=COMRAM \
  -pfarbss=FARRAM,fardata=FARRAM,nvFARRAM=FARRAM \
  -pintsave_regs=BIGRAM,bigbss=BIGRAM,bigdata=BIGRAM -pbss=RAM \
  -pidata=CODE,irdata=CODE,ibigdata=CODE,ifardata=CODE -prparam=COMRAM \
  C:\Users\ADMINI~1\AppData\Local\Temp\s16tk.obj \
  dist/default/production\hgun.X.production.obj 

Object code version is 3.11

Machine type is 18F4520

Call graph: (short form)




                Name                               Link     Load   Length Selector   Space Scale
C:\Users\ADMINI~1\AppData\Local\Temp\s16tk.obj
                init                                  E        E        4        4       0
                reset_vec                             0        0        4        0       0
                idloc                            200000   200000        8   200000       0
                config                           300000   300000        E   300000       0
dist/default/production\hgun.X.production.obj
                intcode                               8        8        6        4       0
                temp                                 62       62        1        1       1
                mediumconst                        732A     732A      CD6     3995       0
                text81                             5BE0     5BE0        4     2DE5       0
                text80                             5BE6     5BE6        2     2DE5       0
                text79                             5948     5948       38        4       0
                text78                             5B3A     5B3A       16        4       0
                text77                             5BB2     5BB2        C        4       0
                text76                             5A34     5A34       26        4       0
                text75                             57AC     57AC       4A        4       0
                text74                             50FC     50FC       D4        4       0
                text73                             5884     5884       44        4       0
                text72                             4B40     4B40      156        4       0
                text71                             1D38     1D38      404        4       0
                text70                             57F6     57F6       48        4       0
                text69                             54AC     54AC       64        4       0
                text68                             5B0A     5B0A       1A        4       0
                text67                             49EA     49EA      156        4       0
                text66                             4894     4894      156        4       0
                text65                             39D2     39D2      1C2        4       0
                text64                             1444     1444      4B0        4       0
                text63                             2E72     2E72      2DC        4       0
                text62                             473E     473E      156        4       0
                text61                             2842     2842      344        4       0
                text60                             4DEA     4DEA      120        4       0
                text59                             5BDC     5BDC        4     2DE5       0
                text58                             590A     590A       3E        4       0
                text57                             5AF0     5AF0       1A        4       0
                text56                             45E8     45E8      156        4       0
                text55                             4492     4492      156        4       0
                text54                             5678     5678       52        4       0
                text53                             58C8     58C8       42        4       0
                text52                             5BA6     5BA6        C        4       0
                text51                             4F0A     4F0A      11E        4       0
                intcode_body                        F06      F06      53E        4       0
                text49                             5B50     5B50       12        4       0
                text48                             5BCA     5BCA        A     2DE5       0
                text47                             5762     5762       4A        4       0
                text46                             5BE4     5BE4        2     2DE5       0
                text45                             583E     583E       46        4       0
                text44                             5B24     5B24       16        4       0
                text43                             5B9A     5B9A        C        4       0
                text42                             59E4     59E4       2A        4       0
                text41                             5716     5716       4C        4       0
                text40                             5B8C     5B8C        E        4       0
                text39                             56CA     56CA       4C        4       0
                text38                             5A5A     5A5A       20        4       0
                text37                             5BD8     5BD8        4     2DE5       0
                text36                             5BD4     5BD4        4     2DE5       0
                text35                             5AB6     5AB6       1E        4       0
                text34                             4314     4314      17E        4       0
                text33                             5A98     5A98       1E        4       0
                text32                             5626     5626       52        4       0
                text31                             5AD4     5AD4       1C        4       0
                text30                             5A7A     5A7A       1E        4       0
                text29                             5434     5434       78        4       0
                text28                             5510     5510       62        4       0
                text27                             5B7E     5B7E        E        4       0
                text26                             4C96     4C96      154        4       0
                text25                             5028     5028       D4        4       0
                text24                             55CC     55CC       5A        4       0
                text23                             4194     4194      180        4       0
                text22                             4014     4014      180        4       0
                text21                             3E94     3E94      180        4       0
                text20                             35EE     35EE      214        4       0
                text19                             24F6     24F6      34C        4       0
                text18                             213C     213C      3BA        4       0
                text17                             2B86     2B86      2EC        4       0
                text16                             3D14     3D14      180        4       0
                text15                             5286     5286       B6        4       0
                text14                             3B94     3B94      180        4       0
                text13                             51D0     51D0       B6        4       0
                text12                              9BC      9BC      54A        4       0
                text11                             314E     314E      26C        4       0
                text10                             3802     3802      1D0        4       0
                text9                              33BA     33BA      234        4       0
                text8                              18F4     18F4      444        4       0
                text7                              533C     533C       7E        4       0
                text6                              5572     5572       5A        4       0
                text5                              59B6     59B6       2E        4       0
                text4                              5B70     5B70        E        4       0
                text3                              5980     5980       36        4       0
                text2                              5A0E     5A0E       26        4       0
                text1                              5B62     5B62        E        4       0
                text0                                12       12      9AA        4       0
                cstackCOMRAM                         32       32       24        1       1
                cstackBANK0                          FE       FE        2       80       1
                cstackBANK1                         174      174       1B      100       1
                bssBANK3                            300      300      100      300       1
                bssBANK2                            200      200      100      200       1
                bssBANK1                            100      100       74      100       1
                bssBANK0                             80       80       7E       80       1
                dataCOMRAM                           56       56        B        1       1
                bssCOMRAM                             1        1       31        1       1
                cinit                              53BA     53BA       7A        4       0
                nvCOMRAM                             61       61        1        1       1
                idataCOMRAM                        5BBE     5BBE        B        4       0

TOTAL           Name                               Link     Load   Length     Space
        CLASS   STACK          

        CLASS   CODE           
                intcode                               8        8        6         0
                init                                  E        E        4         0
                reset_vec                             0        0        4         0
                text81                             5BE0     5BE0        4         0
                text80                             5BE6     5BE6        2         0
                text79                             5948     5948       38         0
                text78                             5B3A     5B3A       16         0
                text77                             5BB2     5BB2        C         0
                text76                             5A34     5A34       26         0
                text75                             57AC     57AC       4A         0
                text74                             50FC     50FC       D4         0
                text73                             5884     5884       44         0
                text72                             4B40     4B40      156         0
                text71                             1D38     1D38      404         0
                text70                             57F6     57F6       48         0
                text69                             54AC     54AC       64         0
                text68                             5B0A     5B0A       1A         0
                text67                             49EA     49EA      156         0
                text66                             4894     4894      156         0
                text65                             39D2     39D2      1C2         0
                text64                             1444     1444      4B0         0
                text63                             2E72     2E72      2DC         0
                text62                             473E     473E      156         0
                text61                             2842     2842      344         0
                text60                             4DEA     4DEA      120         0
                text59                             5BDC     5BDC        4         0
                text58                             590A     590A       3E         0
                text57                             5AF0     5AF0       1A         0
                text56                             45E8     45E8      156         0
                text55                             4492     4492      156         0
                text54                             5678     5678       52         0
                text53                             58C8     58C8       42         0
                text52                             5BA6     5BA6        C         0
                text51                             4F0A     4F0A      11E         0
                intcode_body                        F06      F06      53E         0
                text49                             5B50     5B50       12         0
                text48                             5BCA     5BCA        A         0
                text47                             5762     5762       4A         0
                text46                             5BE4     5BE4        2         0
                text45                             583E     583E       46         0
                text44                             5B24     5B24       16         0
                text43                             5B9A     5B9A        C         0
                text42                             59E4     59E4       2A         0
                text41                             5716     5716       4C         0
                text40                             5B8C     5B8C        E         0
                text39                             56CA     56CA       4C         0
                text38                             5A5A     5A5A       20         0
                text37                             5BD8     5BD8        4         0
                text36                             5BD4     5BD4        4         0
                text35                             5AB6     5AB6       1E         0
                text34                             4314     4314      17E         0
                text33                             5A98     5A98       1E         0
                text32                             5626     5626       52         0
                text31                             5AD4     5AD4       1C         0
                text30                             5A7A     5A7A       1E         0
                text29                             5434     5434       78         0
                text28                             5510     5510       62         0
                text27                             5B7E     5B7E        E         0
                text26                             4C96     4C96      154         0
                text25                             5028     5028       D4         0
                text24                             55CC     55CC       5A         0
                text23                             4194     4194      180         0
                text22                             4014     4014      180         0
                text21                             3E94     3E94      180         0
                text20                             35EE     35EE      214         0
                text19                             24F6     24F6      34C         0
                text18                             213C     213C      3BA         0
                text17                             2B86     2B86      2EC         0
                text16                             3D14     3D14      180         0
                text15                             5286     5286       B6         0
                text14                             3B94     3B94      180         0
                text13                             51D0     51D0       B6         0
                text12                              9BC      9BC      54A         0
                text11                             314E     314E      26C         0
                text10                             3802     3802      1D0         0
                text9                              33BA     33BA      234         0
                text8                              18F4     18F4      444         0
                text7                              533C     533C       7E         0
                text6                              5572     5572       5A         0
                text5                              59B6     59B6       2E         0
                text4                              5B70     5B70        E         0
                text3                              5980     5980       36         0
                text2                              5A0E     5A0E       26         0
                text1                              5B62     5B62        E         0
                text0                                12       12      9AA         0
                cinit                              53BA     53BA       7A         0
                idataCOMRAM                        5BBE     5BBE        B         0

        CLASS   CONST          

        CLASS   SMALLCONST     

        CLASS   MEDIUMCONST    
                mediumconst                        732A     732A      CD6         0

        CLASS   COMRAM         
                temp                                 62       62        1         1
                cstackCOMRAM                         32       32       24         1
                dataCOMRAM                           56       56        B         1
                bssCOMRAM                             1        1       31         1
                nvCOMRAM                             61       61        1         1

        CLASS   ABS1           

        CLASS   BIGRAM         

        CLASS   RAM            

        CLASS   BANK0          
                cstackBANK0                          FE       FE        2         1
                bssBANK0                             80       80       7E         1

        CLASS   BANK1          
                cstackBANK1                         174      174       1B         1
                bssBANK1                            100      100       74         1

        CLASS   BANK2          
                bssBANK2                            200      200      100         1

        CLASS   BANK3          
                bssBANK3                            300      300      100         1

        CLASS   BANK4          

        CLASS   BANK5          

        CLASS   SFR            

        CLASS   FARRAM         

        CLASS   CONFIG         
                config                           300000   300000        E         0

        CLASS   IDLOC          
                idloc                            200000   200000        8         0

        CLASS   EEDATA         



SEGMENTS        Name                           Load    Length   Top    Selector   Space  Class

                reset_vec                      000000  000004  000004         0       0  CODE    
                bssCOMRAM                      000001  000062  000063         1       1  COMRAM  
                intcode                        000008  005BC1  005BC9         4       0  CODE    
                bssBANK0                       000080  000080  000100        80       1  BANK0   
                bssBANK1                       000100  00008F  00018F       100       1  BANK1   
                bssBANK2                       000200  000100  000300       200       1  BANK2   
                bssBANK3                       000300  000100  000400       300       1  BANK3   
                text48                         005BCA  00001E  005BE8      2DE5       0  CODE    
                mediumconst                    00732A  000CD6  008000      3995       0  MEDIUMCO
                idloc                          200000  000008  200008    200000       0  IDLOC   
                config                         300000  00000E  30000E    300000       0  CONFIG  


UNUSED ADDRESS RANGES

        Name                Unused          Largest block    Delta
        BANK1            00018F-0001FF               71
        BANK4            000400-0004FF              100
        BANK5            000500-0005FF              100
        BIGRAM           000063-00007F               1D
                         00018F-0001FF               71
                         000400-0005FF              200
        CODE             000004-000007                4
                         005BC9-005BC9                1
                         005BE8-007329             1742
        COMRAM           000063-00007F               1D
        CONST            000004-000007                4
                         005BC9-005BC9                1
                         005BE8-007329             1742
        EEDATA           F00000-F000FF              100
        MEDIUMCONST      005BC9-005BC9                1
                         005BE8-007329             1742
        RAM              00018F-0001FF               71
                         000400-0005FF              100
        SFR              000F80-000FFF               80
        SMALLCONST       005BC9-005BC9                1
                         005BE8-007329              100
        STACK            000400-0005FF              200

                                  Symbol Table

?___lwdiv                       cstackBANK1  000174
?___lwmod                       cstackBANK1  00017B
?___wmul                        cstackBANK1  000174
?_printf                        cstackBANK1  00017F
?i2___lwdiv                     cstackCOMRAM 000032
?i2___lwmod                     cstackCOMRAM 000039
?i2_printf                      cstackCOMRAM 00003E
HG_interface@kv                 cstackBANK1  00018C
ISR@tcnt                        bssBANK1     000150
KEY_Scan@tm_cnt                 cstackBANK1  00018A
_ADCON0bits                     (abs)        000FC2
_ADCON1                         (abs)        000FC1
_ADCON2bits                     (abs)        000FC0
_ADRESH                         (abs)        000FC4
_ADRESL                         (abs)        000FC3
_AD_init                        text49       005B50
_BeepInit                       text48       005BCA
_GIE                            (abs)        007F97
_HG_init                        text33       005A98
_HG_interface                   text6        005572
_INTCON2bits                    (abs)        000FF1
_INTCON3bits                    (abs)        000FF0
_INTCONbits                     (abs)        000FF2
_ISR                            intcode      000008
_Initial_LY096BG30              text39       0056CA
_KEY_Init                       text38       005A5A
_KEY_Scan                       text25       005028
_LATAbits                       (abs)        000F89
_LATCbits                       (abs)        000F8B
_LATDbits                       (abs)        000F8C
_LATEbits                       (abs)        000F8D
_LCD_Off                        text37       005BD8
_LCD_On                         text81       005BE0
_LCD_backlight_init             text36       005BD4
_MotorDriveInit                 text5        0059B6
_PIR1bits                       (abs)        000F9E
_PORTAbits                      (abs)        000F80
_PORTBbits                      (abs)        000F81
_PORTC                          (abs)        000F82
_PORTCbits                      (abs)        000F82
_PORTDbits                      (abs)        000F83
_PSA                            (abs)        007EAB
_RCSTAbits                      (abs)        000FAB
_SPBRG                          (abs)        000FAF
_T08BIT                         (abs)        007EAE
_T0CONbits                      (abs)        000FD5
_T0CS                           (abs)        007EAD
_T0IE                           (abs)        007F95
_T0IF                           (abs)        007F92
_T0PS0                          (abs)        007EA8
_T0PS1                          (abs)        007EA9
_T0PS2                          (abs)        007EAA
_T1CONbits                      (abs)        000FCD
_TMR0                           (abs)        000FD6
_TMR1                           (abs)        000FCE
_TRISAbits                      (abs)        000F92
_TRISBbits                      (abs)        000F93
_TRISCbits                      (abs)        000F94
_TRISDbits                      (abs)        000F95
_TRISEbits                      (abs)        000F96
_TXREG                          (abs)        000FAD
_TXSTAbits                      (abs)        000FAC
_Timer1Init                     text4        005B70
_TimerInit                      text35       005AB6
__CFG_BOREN$OFF                 (abs)        000000
__CFG_BORV$0                    (abs)        000000
__CFG_CCP2MX$PORTC              (abs)        000000
__CFG_CP0$OFF                   (abs)        000000
__CFG_CP1$OFF                   (abs)        000000
__CFG_CP2$OFF                   (abs)        000000
__CFG_CP3$OFF                   (abs)        000000
__CFG_CPB$OFF                   (abs)        000000
__CFG_CPD$OFF                   (abs)        000000
__CFG_EBTR0$OFF                 (abs)        000000
__CFG_EBTR1$OFF                 (abs)        000000
__CFG_EBTR2$OFF                 (abs)        000000
__CFG_EBTR3$OFF                 (abs)        000000
__CFG_EBTRB$OFF                 (abs)        000000
__CFG_FCMEN$OFF                 (abs)        000000
__CFG_IESO$OFF                  (abs)        000000
__CFG_LPT1OSC$OFF               (abs)        000000
__CFG_LVP$OFF                   (abs)        000000
__CFG_MCLRE$ON                  (abs)        000000
__CFG_OSC$HS                    (abs)        000000
__CFG_PBADEN$OFF                (abs)        000000
__CFG_PWRT$OFF                  (abs)        000000
__CFG_STVREN$OFF                (abs)        000000
__CFG_WDT$OFF                   (abs)        000000
__CFG_WDTPS$64                  (abs)        000000
__CFG_WRT0$OFF                  (abs)        000000
__CFG_WRT1$OFF                  (abs)        000000
__CFG_WRT2$OFF                  (abs)        000000
__CFG_WRT3$OFF                  (abs)        000000
__CFG_WRTB$OFF                  (abs)        000000
__CFG_WRTC$OFF                  (abs)        000000
__CFG_WRTD$OFF                  (abs)        000000
__CFG_XINST$OFF                 (abs)        000000
__HRAM                          (abs)        000000
__Habs1                         abs1         000000
__Hbank0                        bank0        000000
__Hbank1                        bank1        000000
__Hbank2                        bank2        000000
__Hbank3                        bank3        000000
__Hbank4                        bank4        000000
__Hbank5                        bank5        000000
__Hbigbss                       bigbss       000000
__Hbigdata                      bigdata      000000
__Hbigram                       bigram       000000
__Hbss                          bss          000000
__HbssBANK0                     bssBANK0     000000
__HbssBANK1                     bssBANK1     000000
__HbssBANK2                     bssBANK2     000000
__HbssBANK3                     bssBANK3     000000
__HbssCOMRAM                    bssCOMRAM    000000
__Hcinit                        cinit        000000
__Hclrtext                      clrtext      000000
__Hcomram                       comram       000000
__Hconfig                       config       30000E
__Hconst                        const        000000
__HcstackBANK0                  cstackBANK0  000000
__HcstackBANK1                  cstackBANK1  000000
__HcstackCOMRAM                 cstackCOMRAM 000000
__Hdata                         data         000000
__HdataCOMRAM                   dataCOMRAM   000000
__Heeprom_data                  eeprom_data  000000
__Hfarbss                       farbss       000000
__Hfardata                      fardata      000000
__Hibigdata                     ibigdata     000000
__Hidata                        idata        000000
__HidataCOMRAM                  idataCOMRAM  000000
__Hidloc                        idloc        200008
__Hifardata                     ifardata     000000
__Hinit                         init         000012
__Hintcode                      intcode      00000E
__Hintcode_body                 intcode_body 000000
__Hintcodelo                    intcodelo    00000E
__Hintentry                     intentry     000000
__Hintret                       intret       000000
__Hintsave_regs                 intsave_regs 000000
__Hirdata                       irdata       000000
__Hmediumconst                  mediumconst  008000
__HnvCOMRAM                     nvCOMRAM     000000
__HnvFARRAM                     nvFARRAM     000000
__Hnvbit                        nvbit        000000
__Hnvrram                       nvrram       000000
__Hparam                        rparam       000000
__Hpowerup                      powerup      00000E
__Hram                          ram          000000
__Hramtop                       ramtop       000600
__Hrbit                         rbit         000000
__Hrbss                         rbss         000000
__Hrdata                        rdata        000000
__Hreset_vec                    reset_vec    000004
__Hrparam                       rparam       000000
__Hsfr                          sfr          000000
__Hsmallconst                   smallconst   000000
__Hspace_0                      (abs)        30000E
__Hspace_1                      (abs)        000400
__Hspace_2                      (abs)        000000
__Hstack                        stack        000000
__Hstruct                       struct       000000
__Htemp                         temp         000063
__Htext                         text         000000
__Htext0                        text0        000000
__Htext1                        text1        000000
__Htext10                       text10       000000
__Htext11                       text11       000000
__Htext12                       text12       000000
__Htext13                       text13       000000
__Htext14                       text14       000000
__Htext15                       text15       000000
__Htext16                       text16       000000
__Htext17                       text17       000000
__Htext18                       text18       000000
__Htext19                       text19       000000
__Htext2                        text2        000000
__Htext20                       text20       000000
__Htext21                       text21       000000
__Htext22                       text22       000000
__Htext23                       text23       000000
__Htext24                       text24       000000
__Htext25                       text25       000000
__Htext26                       text26       000000
__Htext27                       text27       000000
__Htext28                       text28       000000
__Htext29                       text29       000000
__Htext3                        text3        000000
__Htext30                       text30       000000
__Htext31                       text31       000000
__Htext32                       text32       000000
__Htext33                       text33       000000
__Htext34                       text34       000000
__Htext35                       text35       000000
__Htext36                       text36       000000
__Htext37                       text37       000000
__Htext38                       text38       000000
__Htext39                       text39       000000
__Htext4                        text4        000000
__Htext40                       text40       000000
__Htext41                       text41       000000
__Htext42                       text42       000000
__Htext43                       text43       000000
__Htext44                       text44       000000
__Htext45                       text45       000000
__Htext46                       text46       000000
__Htext47                       text47       000000
__Htext48                       text48       000000
__Htext49                       text49       000000
__Htext5                        text5        000000
__Htext51                       text51       000000
__Htext52                       text52       000000
__Htext53                       text53       000000
__Htext54                       text54       000000
__Htext55                       text55       000000
__Htext56                       text56       000000
__Htext57                       text57       000000
__Htext58                       text58       000000
__Htext59                       text59       000000
__Htext6                        text6        000000
__Htext60                       text60       000000
__Htext61                       text61       000000
__Htext62                       text62       000000
__Htext63                       text63       000000
__Htext64                       text64       000000
__Htext65                       text65       000000
__Htext66                       text66       000000
__Htext67                       text67       000000
__Htext68                       text68       000000
__Htext69                       text69       000000
__Htext7                        text7        000000
__Htext70                       text70       000000
__Htext71                       text71       000000
__Htext72                       text72       000000
__Htext73                       text73       000000
__Htext74                       text74       000000
__Htext75                       text75       000000
__Htext76                       text76       000000
__Htext77                       text77       000000
__Htext78                       text78       000000
__Htext79                       text79       000000
__Htext8                        text8        000000
__Htext80                       text80       000000
__Htext81                       text81       000000
__Htext82                       text82       000000
__Htext9                        text9        000000
__LRAM                          (abs)        000001
__Labs1                         abs1         000000
__Lbank0                        bank0        000000
__Lbank1                        bank1        000000
__Lbank2                        bank2        000000
__Lbank3                        bank3        000000
__Lbank4                        bank4        000000
__Lbank5                        bank5        000000
__Lbigbss                       bigbss       000000
__Lbigdata                      bigdata      000000
__Lbigram                       bigram       000000
__Lbss                          bss          000000
__LbssBANK0                     bssBANK0     000000
__LbssBANK1                     bssBANK1     000000
__LbssBANK2                     bssBANK2     000000
__LbssBANK3                     bssBANK3     000000
__LbssCOMRAM                    bssCOMRAM    000000
__Lcinit                        cinit        000000
__Lclrtext                      clrtext      000000
__Lcomram                       comram       000000
__Lconfig                       config       300000
__Lconst                        const        000000
__LcstackBANK0                  cstackBANK0  000000
__LcstackBANK1                  cstackBANK1  000000
__LcstackCOMRAM                 cstackCOMRAM 000000
__Ldata                         data         000000
__LdataCOMRAM                   dataCOMRAM   000000
__Leeprom_data                  eeprom_data  000000
__Lfarbss                       farbss       000000
__Lfardata                      fardata      000000
__Libigdata                     ibigdata     000000
__Lidata                        idata        000000
__LidataCOMRAM                  idataCOMRAM  000000
__Lidloc                        idloc        200000
__Lifardata                     ifardata     000000
__Linit                         init         00000E
__Lintcode                      intcode      000008
__Lintcode_body                 intcode_body 000000
__Lintcodelo                    intcodelo    00000E
__Lintentry                     intentry     000000
__Lintret                       intret       000000
__Lintsave_regs                 intsave_regs 000000
__Lirdata                       irdata       000000
__Lmediumconst                  mediumconst  00732A
__LnvCOMRAM                     nvCOMRAM     000000
__LnvFARRAM                     nvFARRAM     000000
__Lnvbit                        nvbit        000000
__Lnvrram                       nvrram       000000
__Lparam                        rparam       000000
__Lpowerup                      powerup      00000E
__Lram                          ram          000000
__Lramtop                       ramtop       000600
__Lrbit                         rbit         000000
__Lrbss                         rbss         000000
__Lrdata                        rdata        000000
__Lreset_vec                    reset_vec    000000
__Lrparam                       rparam       000000
__Lsfr                          sfr          000000
__Lsmallconst                   smallconst   000000
__Lspace_0                      (abs)        000000
__Lspace_1                      (abs)        000000
__Lspace_2                      (abs)        000000
__Lstack                        stack        000000
__Lstruct                       struct       000000
__Ltemp                         temp         000062
__Ltext                         text         000000
__Ltext0                        text0        000000
__Ltext1                        text1        000000
__Ltext10                       text10       000000
__Ltext11                       text11       000000
__Ltext12                       text12       000000
__Ltext13                       text13       000000
__Ltext14                       text14       000000
__Ltext15                       text15       000000
__Ltext16                       text16       000000
__Ltext17                       text17       000000
__Ltext18                       text18       000000
__Ltext19                       text19       000000
__Ltext2                        text2        000000
__Ltext20                       text20       000000
__Ltext21                       text21       000000
__Ltext22                       text22       000000
__Ltext23                       text23       000000
__Ltext24                       text24       000000
__Ltext25                       text25       000000
__Ltext26                       text26       000000
__Ltext27                       text27       000000
__Ltext28                       text28       000000
__Ltext29                       text29       000000
__Ltext3                        text3        000000
__Ltext30                       text30       000000
__Ltext31                       text31       000000
__Ltext32                       text32       000000
__Ltext33                       text33       000000
__Ltext34                       text34       000000
__Ltext35                       text35       000000
__Ltext36                       text36       000000
__Ltext37                       text37       000000
__Ltext38                       text38       000000
__Ltext39                       text39       000000
__Ltext4                        text4        000000
__Ltext40                       text40       000000
__Ltext41                       text41       000000
__Ltext42                       text42       000000
__Ltext43                       text43       000000
__Ltext44                       text44       000000
__Ltext45                       text45       000000
__Ltext46                       text46       000000
__Ltext47                       text47       000000
__Ltext48                       text48       000000
__Ltext49                       text49       000000
__Ltext5                        text5        000000
__Ltext51                       text51       000000
__Ltext52                       text52       000000
__Ltext53                       text53       000000
__Ltext54                       text54       000000
__Ltext55                       text55       000000
__Ltext56                       text56       000000
__Ltext57                       text57       000000
__Ltext58                       text58       000000
__Ltext59                       text59       000000
__Ltext6                        text6        000000
__Ltext60                       text60       000000
__Ltext61                       text61       000000
__Ltext62                       text62       000000
__Ltext63                       text63       000000
__Ltext64                       text64       000000
__Ltext65                       text65       000000
__Ltext66                       text66       000000
__Ltext67                       text67       000000
__Ltext68                       text68       000000
__Ltext69                       text69       000000
__Ltext7                        text7        000000
__Ltext70                       text70       000000
__Ltext71                       text71       000000
__Ltext72                       text72       000000
__Ltext73                       text73       000000
__Ltext74                       text74       000000
__Ltext75                       text75       000000
__Ltext76                       text76       000000
__Ltext77                       text77       000000
__Ltext78                       text78       000000
__Ltext79                       text79       000000
__Ltext8                        text8        000000
__Ltext80                       text80       000000
__Ltext81                       text81       000000
__Ltext82                       text82       000000
__Ltext9                        text9        000000
__S0                            (abs)        30000E
__S1                            (abs)        000400
__S2                            (abs)        000000
___inthi_sp                     stack        000000
___intlo_sp                     stack        000000
___lwdiv                        text29       005434
___lwdiv@counter                cstackBANK1  000178
___lwdiv@dividend               cstackBANK1  000174
___lwdiv@divisor                cstackBANK1  000176
___lwdiv@quotient               cstackBANK1  000179
___lwmod                        text28       005510
___lwmod@counter                cstackBANK0  0000FE
___lwmod@dividend               cstackBANK1  00017B
___lwmod@divisor                cstackBANK1  00017D
___param_bank                   (abs)        000000
___rparam_used                  (abs)        000001
___sp                           stack        000000
___wmul                         text3        005980
___wmul@multiplicand            cstackBANK1  000176
___wmul@multiplier              cstackBANK1  000174
___wmul@product                 cstackBANK0  0000FE
__accesstop                     (abs)        000080
__activetblptr                  (abs)        000002
__end_of_AD_init                text49       005B62
__end_of_BeepInit               text48       005BD4
__end_of_HG_init                text33       005AB6
__end_of_HG_interface           text6        0055CC
__end_of_ISR                    intcode_body 001444
__end_of_Initial_LY096BG30      text39       005716
__end_of_KEY_Init               text38       005A7A
__end_of_KEY_Scan               text25       0050FC
__end_of_LCD_Off                text37       005BDC
__end_of_LCD_On                 text81       005BE4
__end_of_LCD_backlight_init     text36       005BD8
__end_of_MotorDriveInit         text5        0059E4
__end_of_Timer1Init             text4        005B7E
__end_of_TimerInit              text35       005AD4
__end_of___lwdiv                text29       0054AC
__end_of___lwmod                text28       005572
__end_of___wmul                 text3        0059B6
__end_of__initialization        cinit        005426
__end_of_bat_m                  mediumconst  0074E8
__end_of_blank_m                mediumconst  0075CE
__end_of_buzz                   text31       005AF0
__end_of_c_m                    mediumconst  0075A0
__end_of_clear_screen           text70       00583E
__end_of_config_LCD             text74       0051D0
__end_of_delay                  text47       0057AC
__end_of_delay_nms              text32       005678
__end_of_delay_pwm              text2        005A34
__end_of_delaynus               text30       005A98
__end_of_display_bat            text14       003D14
__end_of_display_blank_mode_pa  text72       004C96
__end_of_display_cmode          text23       004314
__end_of_display_drop           text22       004194
__end_of_display_drops          text21       004014
__end_of_display_frame_abc      text20       003802
__end_of_display_frame_de       text12       000F06
__end_of_display_frame_fghi     text19       002842
__end_of_display_logo           text69       005510
__end_of_display_mem            text16       003E94
__end_of_display_n_blank        text71       00213C
__end_of_display_num            text18       0024F6
__end_of_dpowers                mediumconst  0075D8
__end_of_drop_m                 mediumconst  007544
__end_of_drops_m                mediumconst  007572
__end_of_ee_WriteBytes          text41       005762
__end_of_i2c_CfgGpio            text40       005B9A
__end_of_i2c_Delay              text46       005BE6
__end_of_i2c_SendByte           text45       005884
__end_of_i2c_Start              text44       005B3A
__end_of_i2c_Stop               text43       005BA6
__end_of_i2c_WaitAck            text42       005A0E
__end_of_init_menu              text34       004492
__end_of_initial_ui_setting     text60       004F0A
__end_of_logo_eme               mediumconst  0078E8
__end_of_main                   text0        0009BC
__end_of_mem_m                  mediumconst  007516
__end_of_menu0_MsgHandlle       text17       002E72
__end_of_menu1_MsgHandlle       text15       00533C
__end_of_menu2_MsgHandlle       text13       005286
__end_of_menu3_MsgHandlle       text11       0033BA
__end_of_menu4_MsgHandlle       text10       0039D2
__end_of_menu5_MsgHandlle       text9        0035EE
__end_of_menu6_MsgHandlle       text8        001D38
__end_of_n_0_m                  mediumconst  007EB8
__end_of_n_100_m                mediumconst  007C45
__end_of_n_10_m                 mediumconst  007CB7
__end_of_n_13_m                 mediumconst  007C7E
__end_of_n_150_m                mediumconst  007BD3
__end_of_n_1P5_m                mediumconst  007E46
__end_of_n_1_m                  mediumconst  007E7F
__end_of_n_200_m                mediumconst  007C0C
__end_of_n_250_m                mediumconst  007B61
__end_of_n_2P5_m                mediumconst  007E0D
__end_of_n_2_m                  mediumconst  007DD4
__end_of_n_300_m                mediumconst  007B9A
__end_of_n_3_m                  mediumconst  007D9B
__end_of_n_4_m                  mediumconst  007D62
__end_of_n_5_m                  mediumconst  007CF0
__end_of_n_6_m                  mediumconst  007D29
__end_of_n_blank_m              mediumconst  007484
__end_of_printf                 text26       004DEA
__end_of_ptna_frame             mediumconst  0074BA
__end_of_ptnd_frame             mediumconst  00744B
__end_of_ptne_frame             mediumconst  0073BB
__end_of_ptnf_frame             mediumconst  007B28
__end_of_ptng_frame             mediumconst  007A98
__end_of_ptnh_frame             mediumconst  007A08
__end_of_ptni_frame             mediumconst  007978
__end_of_putch                  text27       005B8C
__end_of_setYX_LCD              text24       005626
__end_of_uart_init              text1        005B70
__end_of_update_focus           text7        0053BA
__end_ofi2_LCD_Off              text59       005BE0
__end_ofi2___lwdiv              text54       0056CA
__end_ofi2___lwmod              text53       00590A
__end_ofi2_buzz                 text57       005B0A
__end_ofi2_delay_nms            text58       005948
__end_ofi2_delaynus             text68       005B24
__end_ofi2_display_bat          text67       004B40
__end_ofi2_display_cmode        text66       0049EA
__end_ofi2_display_drop         text56       00473E
__end_ofi2_display_drops        text55       0045E8
__end_ofi2_display_frame_abc    text65       003B94
__end_ofi2_display_frame_de     text64       0018F4
__end_ofi2_display_frame_fghi   text63       00314E
__end_ofi2_display_mem          text62       004894
__end_ofi2_display_num          text61       002B86
__end_ofi2_ee_WriteBytes        text75       0057F6
__end_ofi2_i2c_Delay            text80       005BE8
__end_ofi2_i2c_SendByte         text79       005980
__end_ofi2_i2c_Start            text78       005B50
__end_ofi2_i2c_Stop             text77       005BBE
__end_ofi2_i2c_WaitAck          text76       005A5A
__end_ofi2_printf               text51       005028
__end_ofi2_putch                text52       005BB2
__end_ofi2_setYX_LCD            text73       0058C8
__initialization                cinit        0053BA
__mediumconst                   mediumconst  00732A
__pbssBANK0                     bssBANK0     000080
__pbssBANK1                     bssBANK1     000100
__pbssBANK2                     bssBANK2     000200
__pbssBANK3                     bssBANK3     000300
__pbssCOMRAM                    bssCOMRAM    000001
__pcinit                        cinit        0053BA
__pcstackBANK0                  cstackBANK0  0000FE
__pcstackBANK1                  cstackBANK1  000174
__pcstackCOMRAM                 cstackCOMRAM 000032
__pdataCOMRAM                   dataCOMRAM   000056
__pidataCOMRAM                  idataCOMRAM  005BBE
__pintcode                      intcode      000008
__pintcode_body                 intcode_body 000F06
__pmediumconst                  mediumconst  00732A
__pnvCOMRAM                     nvCOMRAM     000061
__ptext0                        text0        000012
__ptext1                        text1        005B62
__ptext10                       text10       003802
__ptext11                       text11       00314E
__ptext12                       text12       0009BC
__ptext13                       text13       0051D0
__ptext14                       text14       003B94
__ptext15                       text15       005286
__ptext16                       text16       003D14
__ptext17                       text17       002B86
__ptext18                       text18       00213C
__ptext19                       text19       0024F6
__ptext2                        text2        005A0E
__ptext20                       text20       0035EE
__ptext21                       text21       003E94
__ptext22                       text22       004014
__ptext23                       text23       004194
__ptext24                       text24       0055CC
__ptext25                       text25       005028
__ptext26                       text26       004C96
__ptext27                       text27       005B7E
__ptext28                       text28       005510
__ptext29                       text29       005434
__ptext3                        text3        005980
__ptext30                       text30       005A7A
__ptext31                       text31       005AD4
__ptext32                       text32       005626
__ptext33                       text33       005A98
__ptext34                       text34       004314
__ptext35                       text35       005AB6
__ptext36                       text36       005BD4
__ptext37                       text37       005BD8
__ptext38                       text38       005A5A
__ptext39                       text39       0056CA
__ptext4                        text4        005B70
__ptext40                       text40       005B8C
__ptext41                       text41       005716
__ptext42                       text42       0059E4
__ptext43                       text43       005B9A
__ptext44                       text44       005B24
__ptext45                       text45       00583E
__ptext46                       text46       005BE4
__ptext47                       text47       005762
__ptext48                       text48       005BCA
__ptext49                       text49       005B50
__ptext5                        text5        0059B6
__ptext51                       text51       004F0A
__ptext52                       text52       005BA6
__ptext53                       text53       0058C8
__ptext54                       text54       005678
__ptext55                       text55       004492
__ptext56                       text56       0045E8
__ptext57                       text57       005AF0
__ptext58                       text58       00590A
__ptext59                       text59       005BDC
__ptext6                        text6        005572
__ptext60                       text60       004DEA
__ptext61                       text61       002842
__ptext62                       text62       00473E
__ptext63                       text63       002E72
__ptext64                       text64       001444
__ptext65                       text65       0039D2
__ptext66                       text66       004894
__ptext67                       text67       0049EA
__ptext68                       text68       005B0A
__ptext69                       text69       0054AC
__ptext7                        text7        00533C
__ptext70                       text70       0057F6
__ptext71                       text71       001D38
__ptext72                       text72       004B40
__ptext73                       text73       005884
__ptext74                       text74       0050FC
__ptext75                       text75       0057AC
__ptext76                       text76       005A34
__ptext77                       text77       005BB2
__ptext78                       text78       005B3A
__ptext79                       text79       005948
__ptext8                        text8        0018F4
__ptext80                       text80       005BE6
__ptext81                       text81       005BE0
__ptext82                       text82       000000
__ptext9                        text9        0033BA
__ramtop                        ramtop       000600
__size_of_AD_init               (abs)        000000
__size_of_BeepInit              (abs)        000000
__size_of_HG_init               (abs)        000000
__size_of_HG_interface          (abs)        000000
__size_of_ISR                   (abs)        000000
__size_of_Initial_LY096BG30     (abs)        000000
__size_of_KEY_Init              (abs)        000000
__size_of_KEY_Scan              (abs)        000000
__size_of_LCD_Off               (abs)        000000
__size_of_LCD_On                (abs)        000000
__size_of_LCD_backlight_init    (abs)        000000
__size_of_MotorDriveInit        (abs)        000000
__size_of_Timer1Init            (abs)        000000
__size_of_TimerInit             (abs)        000000
__size_of___lwdiv               (abs)        000000
__size_of___lwmod               (abs)        000000
__size_of___wmul                (abs)        000000
__size_of_buzz                  (abs)        000000
__size_of_clear_screen          (abs)        000000
__size_of_config_LCD            (abs)        000000
__size_of_delay                 (abs)        000000
__size_of_delay_nms             (abs)        000000
__size_of_delay_pwm             (abs)        000000
__size_of_delaynus              (abs)        000000
__size_of_display_bat           (abs)        000000
__size_of_display_blank_mode_pa (abs)        000000
__size_of_display_cmode         (abs)        000000
__size_of_display_drop          (abs)        000000
__size_of_display_drops         (abs)        000000
__size_of_display_frame_abc     (abs)        000000
__size_of_display_frame_de      (abs)        000000
__size_of_display_frame_fghi    (abs)        000000
__size_of_display_logo          (abs)        000000
__size_of_display_mem           (abs)        000000
__size_of_display_n_blank       (abs)        000000
__size_of_display_num           (abs)        000000
__size_of_ee_WriteBytes         (abs)        000000
__size_of_i2c_CfgGpio           (abs)        000000
__size_of_i2c_Delay             (abs)        000000
__size_of_i2c_SendByte          (abs)        000000
__size_of_i2c_Start             (abs)        000000
__size_of_i2c_Stop              (abs)        000000
__size_of_i2c_WaitAck           (abs)        000000
__size_of_init_menu             (abs)        000000
__size_of_initial_ui_setting    (abs)        000000
__size_of_main                  (abs)        000000
__size_of_menu0_MsgHandlle      (abs)        000000
__size_of_menu1_MsgHandlle      (abs)        000000
__size_of_menu2_MsgHandlle      (abs)        000000
__size_of_menu3_MsgHandlle      (abs)        000000
__size_of_menu4_MsgHandlle      (abs)        000000
__size_of_menu5_MsgHandlle      (abs)        000000
__size_of_menu6_MsgHandlle      (abs)        000000
__size_of_printf                (abs)        000000
__size_of_putch                 (abs)        000000
__size_of_setYX_LCD             (abs)        000000
__size_of_uart_init             (abs)        000000
__size_of_update_focus          (abs)        000000
__size_ofi2_LCD_Off             (abs)        000000
__size_ofi2___lwdiv             (abs)        000000
__size_ofi2___lwmod             (abs)        000000
__size_ofi2_buzz                (abs)        000000
__size_ofi2_delay_nms           (abs)        000000
__size_ofi2_delaynus            (abs)        000000
__size_ofi2_display_bat         (abs)        000000
__size_ofi2_display_cmode       (abs)        000000
__size_ofi2_display_drop        (abs)        000000
__size_ofi2_display_drops       (abs)        000000
__size_ofi2_display_frame_abc   (abs)        000000
__size_ofi2_display_frame_de    (abs)        000000
__size_ofi2_display_frame_fghi  (abs)        000000
__size_ofi2_display_mem         (abs)        000000
__size_ofi2_display_num         (abs)        000000
__size_ofi2_ee_WriteBytes       (abs)        000000
__size_ofi2_i2c_Delay           (abs)        000000
__size_ofi2_i2c_SendByte        (abs)        000000
__size_ofi2_i2c_Start           (abs)        000000
__size_ofi2_i2c_Stop            (abs)        000000
__size_ofi2_i2c_WaitAck         (abs)        000000
__size_ofi2_printf              (abs)        000000
__size_ofi2_putch               (abs)        000000
__size_ofi2_setYX_LCD           (abs)        000000
__smallconst                    smallconst   000000
_action_btn_cnt                 bssCOMRAM    000015
_ann                            bssCOMRAM    000011
_bat_m                          mediumconst  0074BA
_blank_m                        mediumconst  0075A0
_buzz                           text31       005AD4
_bv                             bssCOMRAM    00000D
_c_m                            mediumconst  007572
_clear_screen                   text70       0057F6
_cnt_ma                         bssBANK1     000170
_cnt_mb                         bssBANK1     00016C
_cnt_mb_sa                      bssBANK1     000164
_cnt_mb_sb                      bssBANK1     000160
_cnt_push                       bssCOMRAM    00000F
_cnta_mb                        bssCOMRAM    00000B
_cntb_mb                        bssCOMRAM    000009
_config_LCD                     text74       0050FC
_css                            bssCOMRAM    000023
_cur_edge                       bssCOMRAM    00002D
_cur_state_phb_ma               bssCOMRAM    000030
_cv                             dataCOMRAM   000058
_delay                          text47       005762
_delay_nms                      text32       005626
_delay_pwm                      text2        005A0E
_delaynus                       text30       005A7A
_display_bat                    text14       003B94
_display_blank_mode_pa          text72       004B40
_display_cmode                  text23       004194
_display_drop                   text22       004014
_display_drops                  text21       003E94
_display_frame_abc              text20       0035EE
_display_frame_de               text12       0009BC
_display_frame_fghi             text19       0024F6
_display_logo                   text69       0054AC
_display_mem                    text16       003D14
_display_n_blank                text71       001D38
_display_num                    text18       00213C
_dpowers                        mediumconst  0075CE
_drop_m                         mediumconst  007516
_drops_m                        mediumconst  007544
_dv                             dataCOMRAM   000056
_ee_WriteBytes                  text41       005716
_f_motor                        bssBANK1     00011E
_flag                           bssCOMRAM    00001E
_flag_action                    bssCOMRAM    000027
_flag_action_button             bssCOMRAM    000026
_flag_do_reset_in_drops_mode    bssCOMRAM    000025
_flag_go_to_sleep               dataCOMRAM   00005F
_flag_inject                    bssCOMRAM    00002B
_flag_inject_sa                 bssCOMRAM    00002A
_flag_inject_sb                 bssCOMRAM    000029
_flag_mreset                    dataCOMRAM   000060
_flag_mreset_hit_lp             bssCOMRAM    00002C
_flag_power_up                  nvCOMRAM     000061
_flag_push                      bssCOMRAM    000028
_flag_test_mode_break           bssCOMRAM    000017
_flag_tv                        dataCOMRAM   00005C
_flag_wake_up                   dataCOMRAM   00005E
_flip                           bssCOMRAM    000020
_focus                          bssCOMRAM    000019
_hg_op                          bssBANK0     0000C0
_i2c_CfgGpio                    text40       005B8C
_i2c_Delay                      text46       005BE4
_i2c_SendByte                   text45       00583E
_i2c_Start                      text44       005B24
_i2c_Stop                       text43       005B9A
_i2c_WaitAck                    text42       0059E4
_init_menu                      text34       004314
_initial_ui_setting             text60       004DEA
_logo_eme                       mediumconst  0075D8
_main                           text0        000012
_mbcnt                          bssBANK0     0000FA
_mem_m                          mediumconst  0074E8
_menu                           bssBANK0     000080
_menu0_MsgHandlle               text17       002B86
_menu1_MsgHandlle               text15       005286
_menu2_MsgHandlle               text13       0051D0
_menu3_MsgHandlle               text11       00314E
_menu4_MsgHandlle               text10       003802
_menu5_MsgHandlle               text9        0033BA
_menu6_MsgHandlle               text8        0018F4
_menu7_MsgHandlle               (abs)        000000
_ms                             dataCOMRAM   00005D
_msleep                         bssBANK1     000168
_n_0_m                          mediumconst  007E7F
_n_100_m                        mediumconst  007C0C
_n_10_m                         mediumconst  007C7E
_n_13_m                         mediumconst  007C45
_n_150_m                        mediumconst  007B9A
_n_1P5_m                        mediumconst  007E0D
_n_1_m                          mediumconst  007E46
_n_200_m                        mediumconst  007BD3
_n_250_m                        mediumconst  007B28
_n_2P5_m                        mediumconst  007DD4
_n_2_m                          mediumconst  007D9B
_n_300_m                        mediumconst  007B61
_n_3_m                          mediumconst  007D62
_n_4_m                          mediumconst  007D29
_n_5_m                          mediumconst  007CB7
_n_6_m                          mediumconst  007CF0
_n_blank_m                      mediumconst  00744B
_n_x_m                          bssCOMRAM    000005
_needle_len                     dataCOMRAM   00005A
_old_c                          bssCOMRAM    00001C
_page                           bssCOMRAM    000021
_prev_edge                      bssCOMRAM    00002E
_prev_state_phb_ma              bssCOMRAM    00002F
_printf                         text26       004C96
_ptna_frame                     mediumconst  007484
_ptnd_frame                     mediumconst  0073BB
_ptne_frame                     mediumconst  00732B
_ptnf_frame                     mediumconst  007A98
_ptng_frame                     mediumconst  007A08
_ptnh_frame                     mediumconst  007978
_ptni_frame                     mediumconst  0078E8
_ptnx_frame                     bssCOMRAM    000003
_putch                          text27       005B7E
_r_motor                        bssBANK1     000100
_rcnt                           bssCOMRAM    000022
_read_buf                       bssBANK3     000300
_setYX_LCD                      text24       0055CC
_ss                             bssCOMRAM    000024
_test_mode                      bssCOMRAM    000031
_tflag                          dataCOMRAM   00005B
_tmcnt                          bssBANK1     00015C
_ttte                           bssCOMRAM    00001B
_tv_cnt                         bssCOMRAM    00001D
_tv_s                           bssBANK1     00013C
_tva                            bssCOMRAM    000001
_tvb                            bssBANK0     0000FC
_uart_init                      text1        005B62
_update_focus                   text7        00533C
_work_mode                      bssCOMRAM    00001F
_work_mode_choice               bssCOMRAM    000018
_write_buf                      bssBANK2     000200
_xn                             bssCOMRAM    000013
_xtt                            bssCOMRAM    000007
btemp                           temp         000062
clear_screen@col                cstackCOMRAM 00003E
clear_screen@page               cstackCOMRAM 00003F
delay@i                         cstackBANK1  000174
delay@j                         cstackBANK1  000176
delay@x                         cstackBANK0  0000FE
delay_nms@i                     cstackBANK0  0000FE
delay_nms@n                     cstackBANK1  000174
delay_pwm@n                     cstackBANK1  000178
delaynus@n                      cstackBANK0  0000FE
display_bat@mode                cstackBANK1  00017F
display_bat@temp                cstackBANK1  000181
display_bat@tori                cstackBANK1  000180
display_bat@x                   cstackBANK1  00017E
display_blank_mode_pa@mode      cstackCOMRAM 00003F
display_blank_mode_pa@temp      cstackCOMRAM 000041
display_blank_mode_pa@tori      cstackCOMRAM 000040
display_blank_mode_pa@x         cstackCOMRAM 00003E
display_cmode@mode              cstackBANK1  00017F
display_cmode@temp              cstackBANK1  000181
display_cmode@tori              cstackBANK1  000180
display_cmode@x                 cstackBANK1  00017E
display_drop@mode               cstackBANK1  00017F
display_drop@temp               cstackBANK1  000181
display_drop@tori               cstackBANK1  000180
display_drop@x                  cstackBANK1  00017E
display_drops@mode              cstackBANK1  00017F
display_drops@temp              cstackBANK1  000181
display_drops@tori              cstackBANK1  000180
display_drops@x                 cstackBANK1  00017E
display_frame_abc@mode          cstackBANK1  00017F
display_frame_abc@temp          cstackBANK1  000181
display_frame_abc@tori          cstackBANK1  000180
display_frame_abc@x             cstackBANK1  00017E
display_frame_de@mode           cstackBANK1  00017F
display_frame_de@temp           cstackBANK1  000182
display_frame_de@tori           cstackBANK1  000180
display_frame_de@x              cstackBANK1  00017E
display_frame_de@y              cstackBANK1  000181
display_frame_fghi@mode         cstackBANK1  00017F
display_frame_fghi@temp         cstackBANK1  000184
display_frame_fghi@tori         cstackBANK1  000182
display_frame_fghi@x            cstackBANK1  00017E
display_frame_fghi@y            cstackBANK1  000183
display_logo@col                cstackCOMRAM 000040
display_logo@page               cstackCOMRAM 000041
display_mem@mode                cstackBANK1  00017F
display_mem@temp                cstackBANK1  000181
display_mem@tori                cstackBANK1  000180
display_mem@x                   cstackBANK1  00017E
display_n_blank@mode            cstackCOMRAM 00003F
display_n_blank@temp            cstackCOMRAM 000042
display_n_blank@tori            cstackCOMRAM 000041
display_n_blank@x               cstackCOMRAM 00003E
display_n_blank@y               cstackCOMRAM 000040
display_num@mode                cstackBANK1  00017F
display_num@temp                cstackBANK1  000184
display_num@tori                cstackBANK1  000182
display_num@x                   cstackBANK1  00017E
display_num@y                   cstackBANK1  000183
ee_WriteBytes@_pWriteBuf        cstackBANK1  000174
ee_WriteBytes@_usAddress        cstackBANK1  000176
ee_WriteBytes@_usSize           cstackBANK1  000177
ee_WriteBytes@m                 cstackBANK1  000179
ee_WriteBytes@usAddr            cstackBANK1  00017B
end_of_initialization           cinit        005426
i2_LCD_Off                      text59       005BDC
i2___lwdiv                      text54       005678
i2___lwdiv@counter              cstackCOMRAM 000038
i2___lwdiv@dividend             cstackCOMRAM 000032
i2___lwdiv@divisor              cstackCOMRAM 000034
i2___lwdiv@quotient             cstackCOMRAM 000036
i2___lwmod                      text53       0058C8
i2___lwmod@counter              cstackCOMRAM 00003D
i2___lwmod@dividend             cstackCOMRAM 000039
i2___lwmod@divisor              cstackCOMRAM 00003B
i2_buzz                         text57       005AF0
i2_delay_nms                    text58       00590A
i2_delaynus                     text68       005B0A
i2_display_bat                  text67       0049EA
i2_display_cmode                text66       004894
i2_display_drop                 text56       0045E8
i2_display_drops                text55       004492
i2_display_frame_abc            text65       0039D2
i2_display_frame_de             text64       001444
i2_display_frame_fghi           text63       002E72
i2_display_mem                  text62       00473E
i2_display_num                  text61       002842
i2_ee_WriteBytes                text75       0057AC
i2_i2c_Delay                    text80       005BE6
i2_i2c_SendByte                 text79       005948
i2_i2c_Start                    text78       005B3A
i2_i2c_Stop                     text77       005BB2
i2_i2c_WaitAck                  text76       005A34
i2_printf                       text51       004F0A
i2_putch                        text52       005BA6
i2_setYX_LCD                    text73       005884
i2c_SendByte@_ucByte            cstackBANK0  0000FE
i2c_SendByte@i                  cstackBANK0  0000FF
i2c_WaitAck@re                  cstackBANK0  0000FE
i2delay_nms@i                   cstackCOMRAM 000036
i2delay_nms@n                   cstackCOMRAM 000032
i2delaynus@n                    cstackCOMRAM 000032
i2display_bat@mode              cstackCOMRAM 00003F
i2display_bat@temp              cstackCOMRAM 000041
i2display_bat@tori              cstackCOMRAM 000040
i2display_bat@x                 cstackCOMRAM 00003E
i2display_cmode@mode            cstackCOMRAM 00003F
i2display_cmode@temp            cstackCOMRAM 000041
i2display_cmode@tori            cstackCOMRAM 000040
i2display_cmode@x               cstackCOMRAM 00003E
i2display_drop@mode             cstackCOMRAM 00003F
i2display_drop@temp             cstackCOMRAM 000041
i2display_drop@tori             cstackCOMRAM 000040
i2display_drop@x                cstackCOMRAM 00003E
i2display_drops@mode            cstackCOMRAM 00003F
i2display_drops@temp            cstackCOMRAM 000041
i2display_drops@tori            cstackCOMRAM 000040
i2display_drops@x               cstackCOMRAM 00003E
i2display_frame_abc@mode        cstackCOMRAM 00003F
i2display_frame_abc@temp        cstackCOMRAM 000041
i2display_frame_abc@tori        cstackCOMRAM 000040
i2display_frame_abc@x           cstackCOMRAM 00003E
i2display_frame_de@mode         cstackCOMRAM 00003F
i2display_frame_de@temp         cstackCOMRAM 000042
i2display_frame_de@tori         cstackCOMRAM 000040
i2display_frame_de@x            cstackCOMRAM 00003E
i2display_frame_de@y            cstackCOMRAM 000041
i2display_frame_fghi@mode       cstackCOMRAM 00003F
i2display_frame_fghi@temp       cstackCOMRAM 000044
i2display_frame_fghi@tori       cstackCOMRAM 000042
i2display_frame_fghi@x          cstackCOMRAM 00003E
i2display_frame_fghi@y          cstackCOMRAM 000043
i2display_mem@mode              cstackCOMRAM 00003F
i2display_mem@temp              cstackCOMRAM 000041
i2display_mem@tori              cstackCOMRAM 000040
i2display_mem@x                 cstackCOMRAM 00003E
i2display_num@mode              cstackCOMRAM 00003F
i2display_num@temp              cstackCOMRAM 000044
i2display_num@tori              cstackCOMRAM 000043
i2display_num@x                 cstackCOMRAM 00003E
i2display_num@y                 cstackCOMRAM 000042
i2ee_WriteBytes@_pWriteBuf      cstackCOMRAM 000034
i2ee_WriteBytes@_usAddress      cstackCOMRAM 000036
i2ee_WriteBytes@_usSize         cstackCOMRAM 000037
i2ee_WriteBytes@m               cstackCOMRAM 000039
i2ee_WriteBytes@usAddr          cstackCOMRAM 00003B
i2i2c_SendByte@_ucByte          cstackCOMRAM 000032
i2i2c_SendByte@i                cstackCOMRAM 000033
i2i2c_WaitAck@re                cstackCOMRAM 000032
i2printf@ap                     cstackCOMRAM 000041
i2printf@c                      cstackCOMRAM 000047
i2printf@f                      cstackCOMRAM 00003E
i2printf@flag                   cstackCOMRAM 000043
i2printf@prec                   cstackCOMRAM 000044
i2printf@val                    cstackCOMRAM 000045
i2putch@c                       cstackCOMRAM 000032
i2setYX_LCD@px                  cstackCOMRAM 00003C
i2setYX_LCD@py                  cstackCOMRAM 00003D
initial_ui_setting@i            cstackCOMRAM 000045
int$flags                       temp         000062
int_func                        intcode_body 000F06
intlevel0                       text         000000
intlevel1                       text         000000
intlevel2                       text         000000
intlevel3                       text         000000
menu0_MsgHandlle@key            cstackBANK1  000185
menu1_MsgHandlle@key            cstackBANK1  000182
menu2_MsgHandlle@key            cstackBANK1  000182
menu3_MsgHandlle@key            cstackBANK1  000185
menu4_MsgHandlle@key            cstackBANK1  000185
menu5_MsgHandlle@key            cstackBANK1  000185
menu6_MsgHandlle@key            cstackBANK1  000185
printf@ap                       cstackBANK1  000183
printf@c                        cstackBANK1  000189
printf@f                        cstackBANK1  00017F
printf@flag                     cstackBANK1  000185
printf@prec                     cstackBANK1  000186
printf@val                      cstackBANK1  000187
putch@c                         cstackBANK0  0000FE
setYX_LCD@px                    cstackBANK1  00017C
setYX_LCD@py                    cstackBANK1  00017D
stackhi                         (abs)        0005FF
stacklo                         (abs)        000400
start                           init         00000E
start_initialization            cinit        0053BA
update_focus@i                  cstackBANK1  000175
update_focus@key                cstackBANK1  000174


FUNCTION INFORMATION:

 *************** function _main *****************
 Defined at:
		line 90 in file "../Main.c"
 Parameters:    Size  Location     Type
		None
 Auto vars:     Size  Location     Type
		None
 Return value:  Size  Location     Type
                  1    wreg      void 
 Registers used:
		wreg, fsr0l, fsr0h, fsr2l, fsr2h, status,2, status,0, tblptrl, tblptrh, tblptru, prodl, prodh, cstack
 Tracked objects:
		On entry : 
		On exit  : 
		Unchanged: 
 Data sizes:     COMRAM   BANK0   BANK1   BANK2   BANK3   BANK4   BANK5
      Params:         0       0       0       0       0       0       0
      Locals:         0       0       0       0       0       0       0
      Temps:          0       0       2       0       0       0       0
      Totals:         0       0       2       0       0       0       0
Total ram usage:        2 bytes
 Hardware stack levels required when called:   14
 This function calls:
		_AD_init
		_HG_init
		_HG_interface
		_MotorDriveInit
		_Timer1Init
		___wmul
		_buzz
		_delay_pwm
		_delaynus
		_printf
		_uart_init
 This function is called by:
		Startup code after reset
 This function uses a non-reentrant model


 *************** function _uart_init *****************
 Defined at:
		line 9 in file "../Beep.c"
 Parameters:    Size  Location     Type
		None
 Auto vars:     Size  Location     Type
		None
 Return value:  Size  Location     Type
                  1    wreg      void 
 Registers used:
		wreg, status,2
 Tracked objects:
		On entry : 
		On exit  : 
		Unchanged: 
 Data sizes:     COMRAM   BANK0   BANK1   BANK2   BANK3   BANK4   BANK5
      Params:         0       0       0       0       0       0       0
      Locals:         0       0       0       0       0       0       0
      Temps:          0       0       0       0       0       0       0
      Totals:         0       0       0       0       0       0       0
Total ram usage:        0 bytes
 Hardware stack levels used:    1
 Hardware stack levels required when called:    7
 This function calls:
		Nothing
 This function is called by:
		_main
 This function uses a non-reentrant model


 *************** function _delay_pwm *****************
 Defined at:
		line 45 in file "../Oled.c"
 Parameters:    Size  Location     Type
  n               4    4[BANK1 ] unsigned long 
 Auto vars:     Size  Location     Type
		None
 Return value:  Size  Location     Type
                  1    wreg      void 
 Registers used:
		wreg, status,2, status,0
 Tracked objects:
		On entry : 
		On exit  : 
		Unchanged: 
 Data sizes:     COMRAM   BANK0   BANK1   BANK2   BANK3   BANK4   BANK5
      Params:         0       0       4       0       0       0       0
      Locals:         0       0       0       0       0       0       0
      Temps:          0       0       0       0       0       0       0
      Totals:         0       0       4       0       0       0       0
Total ram usage:        4 bytes
 Hardware stack levels used:    1
 Hardware stack levels required when called:    7
 This function calls:
		Nothing
 This function is called by:
		_main
 This function uses a non-reentrant model


 *************** function ___wmul *****************
 Defined at:
		line 15 in file "C:\Program Files (x86)\Microchip\xc8\v1.41\sources\common\Umul16.c"
 Parameters:    Size  Location     Type
  multiplier      2    0[BANK1 ] unsigned int 
[...]
Total ram usage:        2 bytes
 Hardware stack levels used:    1
 Hardware stack levels required when called:    4
 This function calls:
		i2_ee_WriteBytes
		i2_setYX_LCD
 This function is called by:
		_initial_ui_setting
 This function uses a non-reentrant model


 *************** function _display_n_blank *****************
 Defined at:
		line 1157 in file "../Oled.c"
 Parameters:    Size  Location     Type
  y               1    wreg     unsigned char 
  x               1   12[COMRAM] unsigned char 
  mode            1   13[COMRAM] unsigned char 
 Auto vars:     Size  Location     Type
  y               1   14[COMRAM] unsigned char 
  temp            1   16[COMRAM] unsigned char 
  tori            1   15[COMRAM] unsigned char 
 Return value:  Size  Location     Type
                  1    wreg      unsigned char 
 Registers used:
		wreg, fsr0l, fsr0h, status,2, status,0, tblptrl, tblptrh, tblptru, prodl, prodh, cstack
 Tracked objects:
		On entry : 
		On exit  : 
		Unchanged: 
 Data sizes:     COMRAM   BANK0   BANK1   BANK2   BANK3   BANK4   BANK5
      Params:         2       0       0       0       0       0       0
      Locals:         3       0       0       0       0       0       0
      Temps:          0       0       0       0       0       0       0
      Totals:         5       0       0       0       0       0       0
Total ram usage:        5 bytes
 Hardware stack levels used:    1
 Hardware stack levels required when called:    4
 This function calls:
		i2_ee_WriteBytes
		i2_setYX_LCD
 This function is called by:
		_ISR
 This function uses a non-reentrant model


 *************** function _display_blank_mode_pa *****************
 Defined at:
		line 1620 in file "../Oled.c"
 Parameters:    Size  Location     Type
  y               1    wreg     unsigned char 
  x               1   12[COMRAM] unsigned char 
  mode            1   13[COMRAM] unsigned char 
 Auto vars:     Size  Location     Type
  y               1    0[COMRAM] unsigned char 
  temp            1   15[COMRAM] unsigned char 
  tori            1   14[COMRAM] unsigned char 
 Return value:  Size  Location     Type
                  1    wreg      void 
 Registers used:
		wreg, fsr0l, fsr0h, status,2, status,0, tblptrl, tblptrh, tblptru, prodl, prodh, cstack
 Tracked objects:
		On entry : 
		On exit  : 
		Unchanged: 
 Data sizes:     COMRAM   BANK0   BANK1   BANK2   BANK3   BANK4   BANK5
      Params:         2       0       0       0       0       0       0
      Locals:         2       0       0       0       0       0       0
      Temps:          0       0       0       0       0       0       0
      Totals:         4       0       0       0       0       0       0
Total ram usage:        4 bytes
 Hardware stack levels used:    1
 Hardware stack levels required when called:    4
 This function calls:
		i2_ee_WriteBytes
		i2_setYX_LCD
 This function is called by:
		_ISR
 This function uses a non-reentrant model


 *************** function i2_setYX_LCD *****************
 Defined at:
		line 614 in file "../Oled.c"
 Parameters:    Size  Location     Type
  py              1    wreg     unsigned char 
  px              1   10[COMRAM] unsigned char 
 Auto vars:     Size  Location     Type
  py              1   11[COMRAM] unsigned char 
 Return value:  Size  Location     Type
                  1    wreg      unsigned char 
 Registers used:
		wreg, fsr0l, fsr0h, status,2, status,0, tblptrl, tblptrh, tblptru, cstack
 Tracked objects:
		On entry : 
		On exit  : 
		Unchanged: 
 Data sizes:     COMRAM   BANK0   BANK1   BANK2   BANK3   BANK4   BANK5
      Params:         1       0       0       0       0       0       0
      Locals:         1       0       0       0       0       0       0
      Temps:          0       0       0       0       0       0       0
      Totals:         2       0       0       0       0       0       0
Total ram usage:        2 bytes
 Hardware stack levels used:    1
 Hardware stack levels required when called:    3
 This function calls:
		i2_ee_WriteBytes
 This function is called by:
		_display_n_blank
		_display_blank_mode_pa
		_display_logo
		_clear_screen
		i2_display_num
		i2_display_bat
		i2_display_mem
		i2_display_cmode
		i2_display_drops
		i2_display_drop
		i2_display_frame_abc
		i2_display_frame_de
		i2_display_frame_fghi
 This function uses a non-reentrant model


 *************** function _config_LCD *****************
 Defined at:
		line 2934 in file "../Oled.c"
 Parameters:    Size  Location     Type
		None
 Auto vars:     Size  Location     Type
		None
 Return value:  Size  Location     Type
                  1    wreg      void 
 Registers used:
		wreg, fsr0l, fsr0h, status,2, status,0, tblptrl, tblptrh, tblptru, cstack
 Tracked objects:
		On entry : 
		On exit  : 
		Unchanged: 
 Data sizes:     COMRAM   BANK0   BANK1   BANK2   BANK3   BANK4   BANK5
      Params:         0       0       0       0       0       0       0
      Locals:         0       0       0       0       0       0       0
      Temps:          0       0       0       0       0       0       0
      Totals:         0       0       0       0       0       0       0
Total ram usage:        0 bytes
 Hardware stack levels used:    1
 Hardware stack levels required when called:    3
 This function calls:
		i2_ee_WriteBytes
 This function is called by:
		_ISR
 This function uses a non-reentrant model


 *************** function i2_ee_WriteBytes *****************
 Defined at:
		line 496 in file "../Oled.c"
 Parameters:    Size  Location     Type
  _pWriteBuf      2    2[COMRAM] PTR unsigned char 
		 -> logo_eme(784), display_frame_fghi@temp(1), display_frame_de@temp(1), display_frame_abc@temp(1), 
		 -> display_drop@temp(1), display_drops@temp(1), display_cmode@temp(1), display_blank_mode_pa@temp(1), 
		 -> display_mem@temp(1), display_bat@temp(1), display_num@temp(1), display_n_blank@temp(1), 
		 -> write_buf(256), 
  _usAddress      1    4[COMRAM] unsigned char 
  _usSize         2    5[COMRAM] unsigned int 
 Auto vars:     Size  Location     Type
  ee_WriteByte    2    7[COMRAM] unsigned int 
  ee_WriteByte    2    0        unsigned int 
  ee_WriteByte    1    9[COMRAM] unsigned char 
 Return value:  Size  Location     Type
                  1    wreg      unsigned char 
 Registers used:
		wreg, fsr0l, fsr0h, status,2, status,0, tblptrl, tblptrh, tblptru, cstack
 Tracked objects:
		On entry : 
		On exit  : 
		Unchanged: 
 Data sizes:     COMRAM   BANK0   BANK1   BANK2   BANK3   BANK4   BANK5
      Params:         5       0       0       0       0       0       0
      Locals:         3       0       0       0       0       0       0
      Temps:          0       0       0       0       0       0       0
      Totals:         8       0       0       0       0       0       0
Total ram usage:        8 bytes
 Hardware stack levels used:    1
 Hardware stack levels required when called:    2
 This function calls:
		i2_i2c_SendByte
		i2_i2c_Start
		i2_i2c_Stop
		i2_i2c_WaitAck
 This function is called by:
		_display_n_blank
		_display_blank_mode_pa
		_display_logo
		_clear_screen
		_config_LCD
		_ISR
		i2_setYX_LCD
		i2_display_num
		i2_display_bat
		i2_display_mem
		i2_display_cmode
		i2_display_drops
		i2_display_drop
		i2_display_frame_abc
		i2_display_frame_de
		i2_display_frame_fghi
 This function uses a non-reentrant model


 *************** function i2_i2c_WaitAck *****************
 Defined at:
		line 159 in file "../Oled.c"
 Parameters:    Size  Location     Type
		None
 Auto vars:     Size  Location     Type
  i2c_WaitAck     1    0[COMRAM] unsigned char 
 Return value:  Size  Location     Type
                  1    wreg      unsigned char 
 Registers used:
		wreg, status,2, cstack
 Tracked objects:
		On entry : 
		On exit  : 
		Unchanged: 
 Data sizes:     COMRAM   BANK0   BANK1   BANK2   BANK3   BANK4   BANK5
      Params:         0       0       0       0       0       0       0
      Locals:         1       0       0       0       0       0       0
      Temps:          0       0       0       0       0       0       0
      Totals:         1       0       0       0       0       0       0
Total ram usage:        1 bytes
 Hardware stack levels used:    1
 Hardware stack levels required when called:    1
 This function calls:
		i2_i2c_Delay
 This function is called by:
		i2_ee_WriteBytes
 This function uses a non-reentrant model


 *************** function i2_i2c_Stop *****************
 Defined at:
		line 91 in file "../Oled.c"
 Parameters:    Size  Location     Type
		None
 Auto vars:     Size  Location     Type
		None
 Return value:  Size  Location     Type
                  1    wreg      void 
 Registers used:
		cstack
 Tracked objects:
		On entry : 
		On exit  : 
		Unchanged: 
 Data sizes:     COMRAM   BANK0   BANK1   BANK2   BANK3   BANK4   BANK5
      Params:         0       0       0       0       0       0       0
      Locals:         0       0       0       0       0       0       0
      Temps:          0       0       0       0       0       0       0
      Totals:         0       0       0       0       0       0       0
Total ram usage:        0 bytes
 Hardware stack levels used:    1
 Hardware stack levels required when called:    1
 This function calls:
		i2_i2c_Delay
 This function is called by:
		i2_ee_WriteBytes
 This function uses a non-reentrant model


 *************** function i2_i2c_Start *****************
 Defined at:
		line 78 in file "../Oled.c"
 Parameters:    Size  Location     Type
		None
 Auto vars:     Size  Location     Type
		None
 Return value:  Size  Location     Type
                  1    wreg      void 
 Registers used:
		cstack
 Tracked objects:
		On entry : 
		On exit  : 
		Unchanged: 
 Data sizes:     COMRAM   BANK0   BANK1   BANK2   BANK3   BANK4   BANK5
      Params:         0       0       0       0       0       0       0
      Locals:         0       0       0       0       0       0       0
      Temps:          0       0       0       0       0       0       0
      Totals:         0       0       0       0       0       0       0
Total ram usage:        0 bytes
 Hardware stack levels used:    1
 Hardware stack levels required when called:    1
 This function calls:
		i2_i2c_Delay
 This function is called by:
		i2_ee_WriteBytes
 This function uses a non-reentrant model


 *************** function i2_i2c_SendByte *****************
 Defined at:
		line 101 in file "../Oled.c"
 Parameters:    Size  Location     Type
  _ucByte         1    wreg     unsigned char 
 Auto vars:     Size  Location     Type
  _ucByte         1    0[COMRAM] unsigned char 
  i2c_SendByte    1    1[COMRAM] unsigned char 
 Return value:  Size  Location     Type
                  1    wreg      void 
 Registers used:
		wreg, status,2, status,0, cstack
 Tracked objects:
		On entry : 
		On exit  : 
		Unchanged: 
 Data sizes:     COMRAM   BANK0   BANK1   BANK2   BANK3   BANK4   BANK5
      Params:         0       0       0       0       0       0       0
      Locals:         2       0       0       0       0       0       0
      Temps:          0       0       0       0       0       0       0
      Totals:         2       0       0       0       0       0       0
Total ram usage:        2 bytes
 Hardware stack levels used:    1
 Hardware stack levels required when called:    1
 This function calls:
		i2_i2c_Delay
 This function is called by:
		i2_ee_WriteBytes
 This function uses a non-reentrant model


 *************** function i2_i2c_Delay *****************
 Defined at:
		line 62 in file "../Oled.c"
 Parameters:    Size  Location     Type
		None
 Auto vars:     Size  Location     Type
  i2c_Delay       4    0        unsigned long 
 Return value:  Size  Location     Type
                  1    wreg      void 
 Registers used:
		None
 Tracked objects:
		On entry : 
		On exit  : 
		Unchanged: 
 Data sizes:     COMRAM   BANK0   BANK1   BANK2   BANK3   BANK4   BANK5
      Params:         0       0       0       0       0       0       0
      Locals:         0       0       0       0       0       0       0
      Temps:          0       0       0       0       0       0       0
      Totals:         0       0       0       0       0       0       0
Total ram usage:        0 bytes
 Hardware stack levels used:    1
 This function calls:
		Nothing
 This function is called by:
		i2_i2c_Start
		i2_i2c_Stop
		i2_i2c_SendByte
		i2_i2c_WaitAck
 This function uses a non-reentrant model


 *************** function _LCD_On *****************
 Defined at:
		line 588 in file "../Oled.c"
 Parameters:    Size  Location     Type
		None
 Auto vars:     Size  Location     Type
		None
 Return value:  Size  Location     Type
                  1    wreg      void 
 Registers used:
		None
 Tracked objects:
		On entry : 
		On exit  : 
		Unchanged: 
 Data sizes:     COMRAM   BANK0   BANK1   BANK2   BANK3   BANK4   BANK5
      Params:         0       0       0       0       0       0       0
      Locals:         0       0       0       0       0       0       0
      Temps:          0       0       0       0       0       0       0
      Totals:         0       0       0       0       0       0       0
Total ram usage:        0 bytes
 Hardware stack levels used:    1
 This function calls:
		Nothing
 This function is called by:
		_ISR
 This function uses a non-reentrant model



MODULE INFORMATION

Module		Function		Class		Link	Load	Size
C:\Program Files (x86)\Microchip\xc8\v1.41\sources\common\lwdiv.c
		___lwdiv       		CODE           	5434	0000	121

C:\Program Files (x86)\Microchip\xc8\v1.41\sources\common\lwdiv.c estimated size: 121

../Key.c
		_KEY_Scan      		CODE           	5028	0000	213
		_KEY_Init      		CODE           	5A5A	0000	33

../Key.c estimated size: 246

C:\Program Files (x86)\Microchip\xc8\v1.41\sources\common\doprnt.c
		_printf        		CODE           	4C96	0000	341

C:\Program Files (x86)\Microchip\xc8\v1.41\sources\common\doprnt.c estimated size: 341

../gui.c
		_menu5_MsgHandlle		CODE           	33BA	0000	565
		_menu0_MsgHandlle		CODE           	2B86	0000	749
		_menu6_MsgHandlle		CODE           	18F4	0000	1093
		_HG_init       		CODE           	5A98	0000	31
		_init_menu     		CODE           	4314	0000	383
		_menu1_MsgHandlle		CODE           	5286	0000	183
		_update_focus  		CODE           	533C	0000	127
		_menu2_MsgHandlle		CODE           	51D0	0000	183
		_menu3_MsgHandlle		CODE           	314E	0000	621
		_HG_interface  		CODE           	5572	0000	91
		_menu4_MsgHandlle		CODE           	3802	0000	465

../gui.c estimated size: 4491

C:\Program Files (x86)\Microchip\xc8\v1.41\sources\common\Umul16.c
		___wmul        		CODE           	5980	0000	55

C:\Program Files (x86)\Microchip\xc8\v1.41\sources\common\Umul16.c estimated size: 55

../Timer.c
		_TimerInit     		CODE           	5AB6	0000	31
		_ISR           		CODE           	0008	0000	1349
		_Timer1Init    		CODE           	5B70	0000	15
		_delaynus      		CODE           	5A7A	0000	31

../Timer.c estimated size: 1426

../Oled.c
		_delay         		CODE           	5762	0000	75
		_AD_init       		CODE           	5B50	0000	19
		_display_mem   		CODE           	3D14	0000	385
		_display_bat   		CODE           	3B94	0000	385
		_display_num   		CODE           	213C	0000	955
		_i2c_CfgGpio   		CODE           	5B8C	0000	15
		_setYX_LCD     		CODE           	55CC	0000	91
		_display_logo  		CODE           	54AC	0000	101
		_display_drop  		CODE           	4014	0000	385
		_display_frame_de		CODE           	09BC	0000	1355
		_i2c_Stop      		CODE           	5B9A	0000	13
		_LCD_Off       		CODE           	5BD8	0000	5
		_display_frame_abc		CODE           	35EE	0000	533
		_i2c_WaitAck   		CODE           	59E4	0000	43
		_display_cmode 		CODE           	4194	0000	385
		_display_drops 		CODE           	3E94	0000	385
		_initial_ui_setting		CODE           	4DEA	0000	289
		_i2c_Delay     		CODE           	5BE4	0000	3
		_i2c_SendByte  		CODE           	583E	0000	71
		_delay_nms     		CODE           	5626	0000	83
		_LCD_backlight_init		CODE           	5BD4	0000	5
		_ee_WriteBytes 		CODE           	5716	0000	77
		_Initial_LY096BG30		CODE           	56CA	0000	77
		_clear_screen  		CODE           	57F6	0000	73
		_i2c_Start     		CODE           	5B24	0000	23
		_display_frame_fghi		CODE           	24F6	0000	845
		_display_n_blank		CODE           	1D38	0000	1029
		_LCD_On        		CODE           	5BE0	0000	5
		_delay_pwm     		CODE           	5A0E	0000	39
		_config_LCD    		CODE           	50FC	0000	213
		_display_blank_mode_pa		CODE           	4B40	0000	343

../Oled.c estimated size: 8305

../Main.c
		_main          		CODE           	0012	0000	2475

../Main.c estimated size: 2475

shared
		_mem_m         		MEDIUMCONST    	74E8	0000	47
		i2_ee_WriteBytes		CODE           	57AC	0000	75
		i2_printf      		CODE           	4F0A	0000	287
		i2_i2c_Delay   		CODE           	5BE6	0000	3
		_ptne_frame    		MEDIUMCONST    	732B	0000	145
		_n_1P5_m       		MEDIUMCONST    	7E0D	0000	58
		_n_2P5_m       		MEDIUMCONST    	7DD4	0000	58
		i2_display_frame_abc		CODE           	39D2	0000	451
		_bat_m         		MEDIUMCONST    	74BA	0000	47
		i2_putch       		CODE           	5BA6	0000	13
		_ptnf_frame    		MEDIUMCONST    	7A98	0000	145
		_blank_m       		MEDIUMCONST    	75A0	0000	47
		i2_display_cmode		CODE           	4894	0000	343
		i2_i2c_WaitAck 		CODE           	5A34	0000	39
		_ptng_frame    		MEDIUMCONST    	7A08	0000	145
		i2_display_drops		CODE           	4492	0000	343
		_dpowers       		MEDIUMCONST    	75CE	0000	11
		i2___lwdiv     		CODE           	5678	0000	83
		_n_0_m         		MEDIUMCONST    	7E7F	0000	58
		_ptnh_frame    		MEDIUMCONST    	7978	0000	145
		_n_1_m         		MEDIUMCONST    	7E46	0000	58
		i2_i2c_Stop    		CODE           	5BB2	0000	13
		_n_2_m         		MEDIUMCONST    	7D9B	0000	58
		i2_i2c_Start   		CODE           	5B3A	0000	23
		_n_10_m        		MEDIUMCONST    	7C7E	0000	58
		_ptni_frame    		MEDIUMCONST    	78E8	0000	145
		_n_3_m         		MEDIUMCONST    	7D62	0000	58
		_n_4_m         		MEDIUMCONST    	7D29	0000	58
		_drops_m       		MEDIUMCONST    	7544	0000	47
		_n_100_m       		MEDIUMCONST    	7C0C	0000	58
		i2_LCD_Off     		CODE           	5BDC	0000	5
		i2___lwmod     		CODE           	58C8	0000	67
		i2_setYX_LCD   		CODE           	5884	0000	69
		_n_5_m         		MEDIUMCONST    	7CB7	0000	58
		_n_200_m       		MEDIUMCONST    	7BD3	0000	58
		__initialization		CODE           	53BA	0000	109
		i2_display_frame_fghi		CODE           	2E72	0000	733
		_n_6_m         		MEDIUMCONST    	7CF0	0000	58
		_n_300_m       		MEDIUMCONST    	7B61	0000	58
		i2_i2c_SendByte		CODE           	5948	0000	57
		_n_13_m        		MEDIUMCONST    	7C45	0000	58
		_logo_eme      		MEDIUMCONST    	75D8	0000	785
		_ptna_frame    		MEDIUMCONST    	7484	0000	55
		i2_display_mem 		CODE           	473E	0000	343
		i2_display_bat 		CODE           	49EA	0000	343
		i2_display_num 		CODE           	2842	0000	837
		_drop_m        		MEDIUMCONST    	7516	0000	47
		_c_m           		MEDIUMCONST    	7572	0000	47
		_n_150_m       		MEDIUMCONST    	7B9A	0000	58
		i2_delaynus    		CODE           	5B0A	0000	27
		i2_delay_nms   		CODE           	590A	0000	63
		_n_250_m       		MEDIUMCONST    	7B28	0000	58
		i2_buzz        		CODE           	5AF0	0000	27
		i2_display_drop		CODE           	45E8	0000	343
		_n_blank_m     		MEDIUMCONST    	744B	0000	58
		i2_display_frame_de		CODE           	1444	0000	1201
		_ptnd_frame    		MEDIUMCONST    	73BB	0000	145

shared estimated size: 8886

C:\Program Files (x86)\Microchip\xc8\v1.41\sources\common\lwmod.c
		___lwmod       		CODE           	5510	0000	99

C:\Program Files (x86)\Microchip\xc8\v1.41\sources\common\lwmod.c estimated size: 99

../Beep.c
		_putch         		CODE           	5B7E	0000	15
		_buzz          		CODE           	5AD4	0000	29
		_uart_init     		CODE           	5B62	0000	15
		_BeepInit      		CODE           	5BCA	0000	11

../Beep.c estimated size: 70

../MotorDrive.c
		_MotorDriveInit		CODE           	59B6	0000	47

../MotorDrive.c estimated size: 47

