net.c:343:1:coap_get_context_server_hint	8	static
net.c:327:1:coap_get_context_server_psk	8	static
net.c:300:1:coap_get_session_client_psk	24	static
address.h:116:1:coap_address_copy	16	static
net.c:1849:1:no_response	40	static
net.c:157:1:coap_adjust_basetime	36	static
net.c:194:1:coap_insert_node	28	static
net.c:231:1:coap_delete_node	8	static
net.c:1074:1:coap_write_session.isra.0	32	static
net.c:251:1:coap_delete_all	8	static
net.c:260:1:coap_new_node	8	static
net.c:276:1:coap_peek_next	0	static
net.c:284:1:coap_pop_next	12	static
net.c:355:5:coap_context_set_psk	32	static
net.c:398:5:coap_context_set_pki	16	static
net.c:413:5:coap_context_set_pki_root_cas	16	static
net.c:423:6:coap_context_set_keepalive	0	static
net.c:509:1:coap_set_app_data	8	static
net.c:515:1:coap_get_app_data	8	static
net.c:521:1:coap_free_context	16	static
net.c:564:1:coap_option_check_critical	48	static
net.c:630:1:coap_session_send_pdu	16	static
net.c:801:1:coap_calc_timeout	12	static
net.c:827:1:coap_wait_ack	40	static
net.c:1385:1:coap_remove_from_queue	24	static
net.c:1435:1:coap_cancel_session_messages	40	static
net.c:1472:1:coap_cancel_all_messages	32	static
net.c:1513:1:coap_find_transaction	0	static
net.c:1521:1:coap_new_error_response	72	static
net.c:1637:1:coap_wellknown_response	88	static
net.c:2328:1:coap_handle_event	16	static
net.c:658:1:coap_send_pdu	40	static
net.c:879:1:coap_send	16	static
net.c:616:1:coap_send_ack	8	static
net.c:757:1:coap_send_error	8	static
net.c:775:1:coap_send_message_type	8	static
net.c:2173:1:coap_dispatch	152	static
net.c:1357:1:coap_handle_dgram	24	static
net.c:1027:1:coap_handle_dgram_for_proto	24	static
net.c:1249:1:coap_read_endpoint	1576	static
net.c:1117:1:coap_read_session	1608	static
net.c:934:1:coap_retransmit	40	static
net.c:1307:1:coap_read	40	static
net.c:2339:1:coap_can_exit	0	static
net.c:2361:6:coap_startup	8	static
net.c:428:1:coap_new_context	16	static
net.c:2381:6:coap_cleanup	0	static
net.c:2389:1:coap_join_mcast_group	104	static
