option.c:474:1:coap_option_filter_op	24	static
option.c:46:1:coap_opt_parse	16	static
option.c:121:1:coap_option_iterator_init	16	static
option.c:220:1:coap_opt_delta	8	static
option.c:249:1:coap_opt_length	8	static
option.c:286:1:coap_opt_value	8	static
option.c:321:1:coap_opt_size	24	static
option.c:329:1:coap_opt_setheader	16	static
option.c:388:1:coap_opt_encode_size	0	static
option.c:409:1:coap_opt_encode	24	static
option.c:534:1:coap_option_filter_set	0	static
option.c:539:1:coap_option_filter_unset	0	static
option.c:544:1:coap_option_filter_get	0	static
option.c:157:1:coap_option_next	32	static
option.c:207:1:coap_check_option	32	static
option.c:551:1:coap_new_optlist	32	static
option.c:584:1:coap_add_optlist_pdu	32	static
option.c:600:1:coap_insert_optlist	8	static
option.c:621:1:coap_delete_optlist	8	static
