pdu.c:46:1:coap_pdu_clear	8	static
pdu.c:91:1:coap_pdu_init	32	static
pdu.c:131:1:coap_new_pdu	8	static
pdu.c:141:1:coap_delete_pdu	8	static
pdu.c:154:1:coap_pdu_resize	24	static
pdu.c:188:1:coap_pdu_check_resize	8	static
pdu.c:205:1:coap_add_token	16	static
pdu.c:229:1:coap_add_option	40	static
pdu.c:266:1:coap_add_option_later	32	static
pdu.c:314:1:coap_add_data_after	16	static
pdu.c:302:1:coap_add_data	16	static
pdu.c:332:1:coap_get_data	8	static
pdu.c:384:1:coap_response_phrase	0	static
pdu.c:419:1:coap_pdu_parse_header_size	8	static
pdu.c:442:1:coap_pdu_parse_size	16	static
pdu.c:474:1:coap_pdu_parse_header	16	static
pdu.c:506:1:coap_pdu_parse_opt	40	static
pdu.c:557:1:coap_pdu_parse	32	static
pdu.c:582:1:coap_pdu_encode_header	16	static
