resource.c:105:1:match	40	static
resource.c:300:1:coap_resource_init	16	static
resource.c:352:1:coap_add_attr	24	static
resource.c:389:1:coap_find_attr	16	static
resource.c:406:1:coap_delete_attr	8	static
resource.c:423:1:coap_free_resource	16	static
resource.c:474:1:coap_delete_resource	16	static
resource.c:494:1:coap_delete_all_resources	32	static
resource.c:515:1:coap_get_resource_from_uri_path	24	static
resource.c:452:1:coap_add_resource	56	static
resource.c:524:1:coap_print_link	32	static
resource.c:169:1:coap_print_wellknown	88	static
resource.c:577:1:coap_register_handler	8	static
resource.c:334:1:coap_resource_unknown_init	16	static
resource.c:587:1:coap_find_observer	16	static
resource.c:690:1:coap_touch_observer	16	static
resource.c:703:1:coap_delete_observer	56	static
resource.c:623:1:coap_add_observer	32	static
resource.c:729:1:coap_delete_observers	24	static
resource.c:837:1:coap_resource_notify_observers	24	static
resource.c:832:1:coap_resource_set_dirty	0	static
resource.c:869:1:coap_check_notify	72	static
resource.c:930:1:coap_handle_failed_notify	104	static
