address.h:104:1:coap_address_init	16	static
address.h:116:1:coap_address_copy	16	static
coap_session.c:100:1:coap_make_session	32	static
coap_session.c:56:1:coap_session_get_max_transmit	0	static
coap_session.c:61:1:coap_session_get_ack_timeout	8	static
coap_session.c:66:1:coap_session_get_ack_random_factor	8	static
coap_session.c:71:1:coap_session_reference	0	static
coap_session.c:88:1:coap_session_set_app_data	8	static
coap_session.c:94:1:coap_session_get_app_data	8	static
coap_session.c:147:6:coap_session_mfree	32	static
coap_session.c:189:8:coap_session_max_pdu_size	0	static
coap_session.c:206:6:coap_session_set_mtu	8	static
coap_session.c:316:12:coap_session_send_ping	8	static
coap_session.c:933:6:coap_endpoint_set_default_mtu	0	static
coap_session.c:961:1:coap_session_get_by_peer	24	static
coap_session.c:979:13:coap_session_str	16	static
coap_session.c:26:1:coap_session_set_max_retransmit	8	static
coap_session.c:35:1:coap_session_set_ack_timeout	24	static
coap_session.c:45:1:coap_session_set_ack_random_factor	24	static
coap_session.c:170:6:coap_session_free	8	static
coap_session.c:77:1:coap_session_release	8	static
coap_session.c:595:1:coap_session_create_client	40	static
coap_session.c:578:1:coap_session_new_dtls_session	16	static
coap_session.c:938:1:coap_free_endpoint	16	static
coap_session.c:855:1:coap_new_endpoint	80	static
coap_session.c:218:9:coap_session_send	16	static
coap_session.c:239:9:coap_session_write	16	static
coap_session.c:253:1:coap_session_delay_pdu	24	static
coap_session.c:326:6:coap_session_connected	32	static
coap_session.c:383:6:coap_session_disconnected	40	static
coap_session.c:290:6:coap_session_send_csm	24	static
coap_session.c:639:1:coap_session_connect	24	static
coap_session.c:450:1:coap_endpoint_get_session	96	static
coap_session.c:710:17:coap_new_client_session	8	static
coap_session.c:725:17:coap_new_client_session_psk	32	static
coap_session.c:785:17:coap_new_client_session_pki	32	static
coap_session.c:825:17:coap_new_server_session	40	static
coap_session.c:1016:13:coap_endpoint_str	16	static
