sockets.c:501:1:alloc_socket	40	static
sockets.c:1771:1:lwip_link_select_cb	8	static
sockets.c:1795:1:lwip_unlink_select_cb	16	static
sockets.c:1835:1:lwip_selscan	80	static
sockets.c:2193:1:lwip_pollscan	56	static
sockets.c:920:1:lwip_recv_tcp	56	static
sockets.c:2859:1:lwip_sockopt_to_ipopt	8	static
sockets.c:306:1:sockaddr_to_ipaddr_port	16	static
sockets.c:1023:1:lwip_sock_make_addr.isra.0	56	static
sockets.c:594:1:free_socket	24	static
sockets.c:1088:1:lwip_recvfrom_udp_raw.isra.0	56	static
sockets.c:479:1:get_socket	0	static
sockets.c:3281:1:lwip_setsockopt_callback	56	static
sockets.c:2700:1:lwip_getaddrname	80	static
sockets.c:2477:1:event_callback	56	static
sockets.c:2840:1:lwip_getsockopt_callback	24	static
sockets.c:320:1:lwip_socket_thread_init	0	static
sockets.c:327:1:lwip_socket_thread_cleanup	0	static
sockets.c:422:1:lwip_socket_dbg_get_socket	0	static
sockets.c:620:1:lwip_accept	88	static
sockets.c:718:1:lwip_bind	48	static
sockets.c:772:1:lwip_close	56	static
sockets.c:813:1:lwip_connect	48	static
sockets.c:881:1:lwip_listen	8	static
sockets.c:1199:1:lwip_recvfrom	72	static
sockets.c:1252:1:lwip_read	16	static
sockets.c:1275:1:lwip_recv	16	static
sockets.c:1281:1:lwip_recvmsg	40	static
sockets.c:1258:1:lwip_readv	40	static
sockets.c:1422:1:lwip_sendmsg	72	static
sockets.c:1585:1:lwip_sendto	72	static
sockets.c:1382:1:lwip_send	40	static
sockets.c:1685:1:lwip_socket	16	static
sockets.c:1746:1:lwip_write	0	static
sockets.c:1752:1:lwip_writev	40	static
sockets.c:1964:1:lwip_select	136	static
sockets.c:2319:1:lwip_poll	64	static
sockets.c:2655:1:lwip_shutdown	8	static
sockets.c:2747:1:lwip_getpeername	0	static
sockets.c:2753:1:lwip_getsockname	0	static
sockets.c:2759:1:lwip_getsockopt	56	static
sockets.c:3205:1:lwip_setsockopt	48	static
sockets.c:3743:1:lwip_ioctl	8	static
sockets.c:3836:1:lwip_fcntl	16	static
sockets.c:3919:1:lwip_inet_ntop	8	static
sockets.c:3952:1:lwip_inet_pton	40	static
