address.h:116:1:coap_address_copy	16	static
coap_io.c:182:3:coap_malloc_endpoint	0	static
coap_io.c:187:1:coap_mfree_endpoint	0	static
coap_io.c:626:6:coap_socket_close	8	static
coap_io.c:918:1:coap_packet_get_memmapped	0	static
coap_io.c:1160:1:coap_write	160	static
coap_io.c:1450:13:coap_socket_strerror	8	static
coap_io.c:192:1:coap_socket_bind_udp	40	static
coap_io.c:268:1:coap_socket_connect_tcp1	80	static
coap_io.c:373:1:coap_socket_connect_tcp2	40	static
coap_io.c:413:1:coap_socket_bind_tcp	40	static
coap_io.c:490:1:coap_socket_accept_tcp	24	static
coap_io.c:527:1:coap_socket_connect_udp	88	static
coap_io.c:635:1:coap_socket_write	16	static
coap_io.c:665:1:coap_socket_read	16	static
coap_io.c:758:1:coap_network_send	104	static
coap_io.c:924:1:coap_network_read	96	static
coap_io.c:1328:1:coap_run_once	376	static
coap_io.c:1456:1:coap_socket_send	4	static
